Archive member included because of file (symbol)

/home/acer-b/Mrogram/atinom/TOOLCHAIN/bin/../lib/gcc/arm-elf/4.1.0/../../../../arm-elf/lib/thumb/interwork/libc.a(memcpy.o)
                              ../FreeRTOS_Source/queue.o (memcpy)
/home/acer-b/Mrogram/atinom/TOOLCHAIN/bin/../lib/gcc/arm-elf/4.1.0/../../../../arm-elf/lib/thumb/interwork/libc.a(memset.o)
                              ../FreeRTOS_Source/tasks.o (memset)
/home/acer-b/Mrogram/atinom/TOOLCHAIN/bin/../lib/gcc/arm-elf/4.1.0/../../../../arm-elf/lib/thumb/interwork/libc.a(snprintf.o)
                              ../webserver/httpd-cgi.o (snprintf)
/home/acer-b/Mrogram/atinom/TOOLCHAIN/bin/../lib/gcc/arm-elf/4.1.0/../../../../arm-elf/lib/thumb/interwork/libc.a(sprintf.o)
                              ../monita/monita_uip.o (sprintf)
/home/acer-b/Mrogram/atinom/TOOLCHAIN/bin/../lib/gcc/arm-elf/4.1.0/../../../../arm-elf/lib/thumb/interwork/libc.a(strcat.o)
                              ../webserver/httpd.o (strcat)
/home/acer-b/Mrogram/atinom/TOOLCHAIN/bin/../lib/gcc/arm-elf/4.1.0/../../../../arm-elf/lib/thumb/interwork/libc.a(strchr.o)
                              ../webserver/httpd.o (strchr)
/home/acer-b/Mrogram/atinom/TOOLCHAIN/bin/../lib/gcc/arm-elf/4.1.0/../../../../arm-elf/lib/thumb/interwork/libc.a(strcmp.o)
                              ../tinysh/shell.o (strcmp)
/home/acer-b/Mrogram/atinom/TOOLCHAIN/bin/../lib/gcc/arm-elf/4.1.0/../../../../arm-elf/lib/thumb/interwork/libc.a(strcpy.o)
                              ../tinysh/shell.o (strcpy)
/home/acer-b/Mrogram/atinom/TOOLCHAIN/bin/../lib/gcc/arm-elf/4.1.0/../../../../arm-elf/lib/thumb/interwork/libc.a(strlen.o)
                              ../tinysh/shell.o (strlen)
/home/acer-b/Mrogram/atinom/TOOLCHAIN/bin/../lib/gcc/arm-elf/4.1.0/../../../../arm-elf/lib/thumb/interwork/libc.a(strncmp.o)
                              ../monita/monita_uip.o (strncmp)
/home/acer-b/Mrogram/atinom/TOOLCHAIN/bin/../lib/gcc/arm-elf/4.1.0/../../../../arm-elf/lib/thumb/interwork/libc.a(strncpy.o)
                              ../FreeRTOS_Source/tasks.o (strncpy)
/home/acer-b/Mrogram/atinom/TOOLCHAIN/bin/../lib/gcc/arm-elf/4.1.0/../../../../arm-elf/lib/thumb/interwork/libc.a(strrchr.o)
                              ../webserver/httpd.o (strrchr)
/home/acer-b/Mrogram/atinom/TOOLCHAIN/bin/../lib/gcc/arm-elf/4.1.0/../../../../arm-elf/lib/thumb/interwork/libc.a(vfprintf.o)
                              /home/acer-b/Mrogram/atinom/TOOLCHAIN/bin/../lib/gcc/arm-elf/4.1.0/../../../../arm-elf/lib/thumb/interwork/libc.a(snprintf.o) (_vfprintf_r)
/home/acer-b/Mrogram/atinom/TOOLCHAIN/bin/../lib/gcc/arm-elf/4.1.0/../../../../arm-elf/lib/thumb/interwork/libc.a(vsprintf.o)
                              ../serial/serial.o (vsprintf)
/home/acer-b/Mrogram/atinom/TOOLCHAIN/bin/../lib/gcc/arm-elf/4.1.0/../../../../arm-elf/lib/thumb/interwork/libc.a(wcrtomb.o)
                              /home/acer-b/Mrogram/atinom/TOOLCHAIN/bin/../lib/gcc/arm-elf/4.1.0/../../../../arm-elf/lib/thumb/interwork/libc.a(vfprintf.o) (_wcrtomb_r)
/home/acer-b/Mrogram/atinom/TOOLCHAIN/bin/../lib/gcc/arm-elf/4.1.0/../../../../arm-elf/lib/thumb/interwork/libc.a(wcsrtombs.o)
                              /home/acer-b/Mrogram/atinom/TOOLCHAIN/bin/../lib/gcc/arm-elf/4.1.0/../../../../arm-elf/lib/thumb/interwork/libc.a(vfprintf.o) (_wcsrtombs_r)
/home/acer-b/Mrogram/atinom/TOOLCHAIN/bin/../lib/gcc/arm-elf/4.1.0/../../../../arm-elf/lib/thumb/interwork/libc.a(wctomb_r.o)
                              /home/acer-b/Mrogram/atinom/TOOLCHAIN/bin/../lib/gcc/arm-elf/4.1.0/../../../../arm-elf/lib/thumb/interwork/libc.a(wcrtomb.o) (_wctomb_r)
/home/acer-b/Mrogram/atinom/TOOLCHAIN/bin/../lib/gcc/arm-elf/4.1.0/../../../../arm-elf/lib/thumb/interwork/libc.a(wsetup.o)
                              /home/acer-b/Mrogram/atinom/TOOLCHAIN/bin/../lib/gcc/arm-elf/4.1.0/../../../../arm-elf/lib/thumb/interwork/libc.a(vfprintf.o) (__swsetup)
/home/acer-b/Mrogram/atinom/TOOLCHAIN/bin/../lib/gcc/arm-elf/4.1.0/../../../../arm-elf/lib/thumb/interwork/libc.a(dtoa.o)
                              /home/acer-b/Mrogram/atinom/TOOLCHAIN/bin/../lib/gcc/arm-elf/4.1.0/../../../../arm-elf/lib/thumb/interwork/libc.a(vfprintf.o) (_dtoa_r)
/home/acer-b/Mrogram/atinom/TOOLCHAIN/bin/../lib/gcc/arm-elf/4.1.0/../../../../arm-elf/lib/thumb/interwork/libc.a(fflush.o)
                              /home/acer-b/Mrogram/atinom/TOOLCHAIN/bin/../lib/gcc/arm-elf/4.1.0/../../../../arm-elf/lib/thumb/interwork/libc.a(vfprintf.o) (fflush)
/home/acer-b/Mrogram/atinom/TOOLCHAIN/bin/../lib/gcc/arm-elf/4.1.0/../../../../arm-elf/lib/thumb/interwork/libc.a(findfp.o)
                              /home/acer-b/Mrogram/atinom/TOOLCHAIN/bin/../lib/gcc/arm-elf/4.1.0/../../../../arm-elf/lib/thumb/interwork/libc.a(vfprintf.o) (__sinit)
/home/acer-b/Mrogram/atinom/TOOLCHAIN/bin/../lib/gcc/arm-elf/4.1.0/../../../../arm-elf/lib/thumb/interwork/libc.a(freer.o)
[...]
Memory Configuration

Name             Origin             Length             Attributes
flash            0x00000000         0x0007d000
ram              0x40000000         0x00007fe0
usbram           0x7fd00400         0x00001c1c
ethram_0         0x7fe00000         0x00000800
ethram           0x7fe00000         0x00004000
*default*        0x00000000         0xffffffff

Linker script and memory map

LOAD ../FreeRTOS_Source/portable/GCC/ARM7_LPC23xx/portISR.o
LOAD ../serial/serialISR.o
LOAD ../GPIO/gpio_ISR.o
LOAD main.o
LOAD ../system/setup_cpu.o
LOAD ../system/syscall.o
LOAD ../system/reset_cpu.o
LOAD ../serial/serial.o
LOAD ../FreeRTOS_Source/queue.o
LOAD ../FreeRTOS_Source/tasks.o
LOAD ../FreeRTOS_Source/portable/GCC/ARM7_LPC23xx/port.o
LOAD ../FreeRTOS_Source/list.o
LOAD ../FreeRTOS_Source/portable/MemMang/heap_2.o
LOAD ../tinysh/tinysh.o
LOAD ../tinysh/shell.o
LOAD ../tinysh/enviro.o
LOAD ../GPIO/gpio.o
LOAD ../spi/spi.o
LOAD ../uip/hardware/enc28j60.o
LOAD ../uip/clock.o
LOAD ../uip/lib/memb.o
LOAD ../uip/uip/uip.o
LOAD ../uip/uip/uip_arch.o
LOAD ../uip/uip/uip_arp.o
LOAD ../uip/uip/uip_timer.o
LOAD ../uip/uip/uip-fw.o
LOAD ../uip/uip/psock.o
LOAD ../uip/uip/uiplib.o
LOAD ../uip/uip_task.o
LOAD ../monita/monita_uip.o
LOAD ../webserver/httpd.o
LOAD ../webserver/httpd-fs.o
LOAD ../webserver/http-strings.o
LOAD ../webserver/httpd-cgi.o
LOAD ../system/idle_hook.o
LOAD ../adc/ad7708.o
LOAD /home/acer-b/Mrogram/atinom/TOOLCHAIN/bin/../lib/gcc/arm-elf/4.1.0/../../../../arm-elf/lib/thumb/interwork/libc.a
LOAD /home/acer-b/Mrogram/atinom/TOOLCHAIN/bin/../lib/gcc/arm-elf/4.1.0/thumb/interwork/libgcc.a
LOAD /home/acer-b/Mrogram/atinom/TOOLCHAIN/bin/../lib/gcc/arm-elf/4.1.0/../../../../arm-elf/lib/thumb/interwork/libm.a
LOAD /tmp/cc5nJ5zj.o
START GROUP
LOAD /home/acer-b/Mrogram/atinom/TOOLCHAIN/bin/../lib/gcc/arm-elf/4.1.0/thumb/interwork/libgcc.a
LOAD /home/acer-b/Mrogram/atinom/TOOLCHAIN/bin/../lib/gcc/arm-elf/4.1.0/../../../../arm-elf/lib/thumb/interwork/libc.a
END GROUP
                0x40007ffc                __stack_end__ = 0x40007ffc
                0x00000000                . = 0x0

startup         0x00000000       0x44
 *(.startup)
 .startup       0x00000000       0x44 /tmp/cc5nJ5zj.o

prog            0x00000044    0x10adc
 *(.text)
 .text          0x00000044      0x254 ../FreeRTOS_Source/portable/GCC/ARM7_LPC23xx/portISR.o
                0x000000ec                vPortExitCritical
                0x000001ec                vPortYieldProcessor
                0x00000090                vPortDisableInterruptsFromThumb
                0x00000130                vNonPreemptiveTick
                0x00000044                vPortISRStartFirstTask
                0x000000a8                vPortEnableInterruptsFromThumb
                0x000000c0                vPortEnterCritical
 .text          0x00000298      0x210 ../serial/serialISR.o
                0x00000434                vSerialISRCreateQueues
                0x00000298                vUART_ISR_Handler
                0x00000394                vUART_ISR_Wrapper
 .text          0x000004a8      0x2ec ../GPIO/gpio_ISR.o
                0x000005f0                gpio_ISR_Handler
                0x000006ec                gpio_ISR_Wrapper
                0x000004a8                timer1_ISR_Handler
                0x0000057c                set_konter
                0x000004dc                timer1_ISR_Wrapper
 .text          0x00000794      0x150 main.o
                0x000007dc                togle_led_utama
                0x000007ac                init_led_utama
                0x00000860                main
                0x00000794                dele
 .text          0x000008e4      0x134 ../system/setup_cpu.o
                0x000008e4                sysInit
 .text          0x00000a18       0x9c ../system/syscall.o
                0x00000a20                _lseek_r
                0x00000a24                _fstat_r
                0x00000a34                _sbrk_r
                0x00000a54                _read_r
                0x00000a30                _isatty
                0x00000a1c                _close_r
                0x00000a18                _write_r
 .text          0x00000ab4       0x34 ../system/reset_cpu.o
                0x00000ab4                reset_cpu
 .text          0x00000ae8      0x1b0 ../serial/serial.o
                0x00000c6c                printf2
                0x00000ae8                vSerialClose
                0x00000b88                vSerialPutString
                0x00000b0c                xSerialPutChar
                0x00000aec                xSerialGetChar
                0x00000bb4                xSerialPortInitMinimal
 .text          0x00000c98      0x4c8 ../FreeRTOS_Source/queue.o
                0x00000f70                xQueueGenericSendFromISR
                0x000010f4                xQueueCreate
                0x00000cb8                vQueueDelete
                0x00000fbc                xQueueGenericSend
                0x00000d14                xQueueReceiveFromISR
                0x00000ca8                xQueueIsQueueFullFromISR
                0x00000cd0                uxQueueMessagesWaiting
                0x00000de4                xQueueGenericReceive
                0x00000c98                uxQueueMessagesWaitingFromISR
                0x00000c9c                xQueueIsQueueEmptyFromISR
                0x000010ac                xQueueCreateMutex
 .text          0x00001160      0x734 ../FreeRTOS_Source/tasks.o
                0x000016b0                vTaskEndScheduler
                0x000015f4                vTaskPlaceOnEventList
                0x00001224                uxTaskGetStackHighWaterMark
                0x000014dc                xTaskGetTickCount
                0x000012f8                xTaskRemoveFromEventList
                0x0000146c                xTaskCheckForTimeOut
                0x000015d8                vTaskSuspendAll
                0x0000123c                vTaskPriorityDisinherit
                0x00001288                vTaskPriorityInherit
                0x00001160                vTaskSwitchContext
                0x000014c0                uxTaskGetNumberOfTasks
                0x00001374                vTaskIncrementTick
                0x00001450                xTaskGetCurrentTaskHandle
                0x00001204                usTaskCheckFreeStackSpace
                0x000014f8                xTaskResumeAll
                0x00001850                vTaskStartScheduler
                0x000011f8                vTaskMissedYield
                0x000016d4                xTaskCreate
                0x0000164c                vTaskDelay
                0x000011e0                vTaskSetTimeOutState
 .text          0x00001894      0x114 ../FreeRTOS_Source/portable/GCC/ARM7_LPC23xx/port.o
                0x0000193c                xPortStartScheduler
                0x00001938                vPortEndScheduler
                0x00001894                pxPortInitialiseStack
 .text          0x000019a8       0x9c ../FreeRTOS_Source/list.o
                0x000019c8                vListInsertEnd
                0x00001a24                vListRemove
                0x000019c0                vListInitialiseItem
                0x000019a8                vListInitialise
                0x000019e4                vListInsert
 .text          0x00001a44      0x124 ../FreeRTOS_Source/portable/MemMang/heap_2.o
                0x00001a44                pvPortMallocKU
                0x00001a84                vPortFree
                0x00001ab4                pvPortMalloc
 .text          0x00001b68      0x928 ../tinysh/tinysh.o
                0x00001e0c                tinysh_char_in
                0x00001c6c                tinysh_add_command
                0x00002414                tinysh_set_prompt
                0x00001ca4                tinysh_get_arg
                0x00001cb0                tinysh_atoxi
                0x00001b80                strstart
 .text          0x00002490      0x824 ../tinysh/shell.o
                0x00002b74                hapus_flash
                0x0000254c                cek_versi
                0x00002670                garis_bawah
                0x00002594                status_adc
                0x00002680                shell
                0x00002b18                cek_stack
                0x00002490                char_to_bin
                0x00002bbc                prepare_flash
                0x0000249c                dec_to_bin
                0x00002bfc                tulis_flash
                0x00002604                baca_ip
                0x000029e8                uptime
                0x00002524                display_args
                0x000024f4                init_shell
                0x000024a8                baca_kanal
 .text          0x00002cb4      0x414 ../tinysh/enviro.o
                0x00002cb4                tulis_env_flash
                0x000030a0                save_env
                0x00002dac                baca_env
                0x00002cb8                set_default_ip
                0x00002d88                getdef_env
                0x00002f58                tulis_env
                0x00002f4c                print_env
 .text          0x000030c8       0xfc ../GPIO/gpio.o
                0x000030cc                init_gpio_adc
                0x000030fc                init_gpio
                0x000030c8                init_gpio_keypad
 .text          0x000031c4       0x74 ../spi/spi.o
                0x00003214                spiPut
                0x000031c4                spiInit
 .text          0x00003238      0x640 ../uip/hardware/enc28j60.o
                0x00003508                enc28j60Init
                0x00003470                enc28j60Send
                0x00003238                enc28j60Deinit
                0x00003248                enc28j60WaitForData
                0x00003748                enc28j60Receive
                0x0000324c                cek_paket
 .text          0x00003878        0xc ../uip/clock.o
                0x00003878                clock_time
 .text          0x00003884       0xb4 ../uip/lib/memb.o
                0x00003884                memb_alloc
                0x000038c8                memb_free
                0x00003914                memb_init
 .text          0x00003938     0x10b4 ../uip/uip/uip.o
                0x000039ac                uip_unlisten
                0x00003bf4                uip_process
                0x00004920                uip_udp_new
                0x000039f0                uip_listen
                0x00003a44                uip_connect
                0x00003b50                htonl
                0x00003a34                htons
                0x00003944                uip_init
                0x00003938                uip_setipid
                0x00003b70                uip_iszeroaddr
                0x00003b90                uip_send
 .text          0x000049ec      0x27c ../uip/uip/uip_arch.o
                0x000049ec                uip_add32
                0x00004c54                uip_ipchksum
                0x00004b70                uip_tcpchksum
                0x00004afc                uip_chksum
                0x00004ab0                uip_udpchksum
 .text          0x00004c68      0x4cc ../uip/uip/uip_arp.o
                0x00004f08                uip_arp_out
                0x00004d94                uip_arp_arpin
                0x00005090                uip_arp_timer
                0x000050f8                uip_arp_init
                0x00004eb0                uip_arp_ipin
 .text          0x00005134       0x50 ../uip/uip/uip_timer.o
                0x00005140                timer_expired
                0x00005170                timer_set
                0x00005160                timer_restart
                0x00005134                timer_reset
 .text          0x00005184      0x274 ../uip/uip/uip-fw.o
                0x000051b0                uip_fw_output
                0x00005184                uip_fw_init
                0x00005294                uip_fw_periodic
                0x00005288                uip_fw_default
                0x00005278                uip_fw_register
                0x000052b4                uip_fw_forward
 .text          0x000053f8      0x3b0 ../uip/uip/psock.o
                0x000056cc                psock_generator_send
                0x0000545c                psock_newdata
                0x0000544c                psock_datalen
                0x00005748                psock_send
                0x00005588                psock_readbuf
                0x00005564                psock_init
                0x00005484                psock_readto
 .text          0x000057a8       0x6c ../uip/uip/uiplib.o
                0x000057a8                uiplib_ipaddrconv
 .text          0x00005814      0x240 ../uip/uip_task.o
                0x00005848                start_ether
                0x00005814                dispatch_udp_appcall
                0x00005818                dispatch_tcp_appcall
 .text          0x00005a54      0x228 ../monita/monita_uip.o
                0x00005a54                monita_appcall
                0x00005c60                monita_init
 .text          0x00005c7c      0xa04 ../webserver/httpd.o
                0x0000637c                buat_file_index
                0x00005c7c                httpd_init
                0x000062ac                httpd_appcall
 .text          0x00006680       0x94 ../webserver/httpd-fs.o
                0x00006688                httpd_fs_init
                0x00006680                httpd_fs_open
                0x000066a0                httpd_fs_count
 .text          0x00006714      0x2e4 ../webserver/httpd-cgi.o
                0x00006724                httpd_cgi
 .text          0x000069f8       0x10 ../system/idle_hook.o
                0x000069f8                vApplicationIdleHook
 .text          0x00006a08      0x6b8 ../adc/ad7708.o
                0x00006eb0                kalibrasi_adc1
                0x00006a2c                set_calibrated
                0x00006cd4                cek_adccon
                0x00006c90                cek_mode
                0x00006d7c                cek_iocon
                0x00006b0c                cek_status
                0x00006a48                uncs_ad7708
                0x00006aac                baca_data
                0x00006e44                reset_adc
                0x00006d18                start_adc_1
                0x00006b74                set_mode
                0x00006b50                cek_adc_rdy
                0x00006e00                cek_adc_id
                0x00007004                proses_data_adc
                0x00006bc4                set_adccon
                0x00006dc0                stop_ad7708
                0x00006a68                set_iocon
                0x00006a08                spi_rx
                0x00006c08                set_filter
                0x00006bb8                stop_adc
                0x00006c4c                cek_filter
                0x00006a0c                cs_ad7708
 .text          0x000070c0       0x64 /home/acer-b/Mrogram/atinom/TOOLCHAIN/bin/../lib/gcc/arm-elf/4.1.0/../../../../arm-elf/lib/thumb/interwork/libc.a(memcpy.o)
                0x000070c0                memcpy
 .text          0x00007124       0x64 /home/acer-b/Mrogram/atinom/TOOLCHAIN/bin/../lib/gcc/arm-elf/4.1.0/../../../../arm-elf/lib/thumb/interwork/libc.a(memset.o)
                0x00007124                memset
 .text          0x00007188       0xbc /home/acer-b/Mrogram/atinom/TOOLCHAIN/bin/../lib/gcc/arm-elf/4.1.0/../../../../arm-elf/lib/thumb/interwork/libc.a(snprintf.o)
                0x00007188                snprintf
                0x000071ec                _snprintf_r
 .text          0x00007244       0x84 /home/acer-b/Mrogram/atinom/TOOLCHAIN/bin/../lib/gcc/arm-elf/4.1.0/../../../../arm-elf/lib/thumb/interwork/libc.a(sprintf.o)
                0x00007288                _sprintf_r
                0x00007244                sprintf
 .text          0x000072c8       0x58 /home/acer-b/Mrogram/atinom/TOOLCHAIN/bin/../lib/gcc/arm-elf/4.1.0/../../../../arm-elf/lib/thumb/interwork/libc.a(strcat.o)
                0x000072c8                strcat
 .text          0x00007320       0x7c /home/acer-b/Mrogram/atinom/TOOLCHAIN/bin/../lib/gcc/arm-elf/4.1.0/../../../../arm-elf/lib/thumb/interwork/libc.a(strchr.o)
                0x00007320                strchr
 .text          0x0000739c       0x68 /home/acer-b/Mrogram/atinom/TOOLCHAIN/bin/../lib/gcc/arm-elf/4.1.0/../../../../arm-elf/lib/thumb/interwork/libc.a(strcmp.o)
                0x0000739c                strcmp
 .text          0x00007404       0x50 /home/acer-b/Mrogram/atinom/TOOLCHAIN/bin/../lib/gcc/arm-elf/4.1.0/../../../../arm-elf/lib/thumb/interwork/libc.a(strcpy.o)
                0x00007404                strcpy
 .text          0x00007454       0x50 /home/acer-b/Mrogram/atinom/TOOLCHAIN/bin/../lib/gcc/arm-elf/4.1.0/../../../../arm-elf/lib/thumb/interwork/libc.a(strlen.o)
                0x00007454                strlen
 .text          0x000074a4       0xb4 /home/acer-b/Mrogram/atinom/TOOLCHAIN/bin/../lib/gcc/arm-elf/4.1.0/../../../../arm-elf/lib/thumb/interwork/libc.a(strncmp.o)
                0x000074a4                strncmp
 .text          0x00007558       0x88 /home/acer-b/Mrogram/atinom/TOOLCHAIN/bin/../lib/gcc/arm-elf/4.1.0/../../../../arm-elf/lib/thumb/interwork/libc.a(strncpy.o)
                0x00007558                strncpy
 .text          0x000075e0       0x30 /home/acer-b/Mrogram/atinom/TOOLCHAIN/bin/../lib/gcc/arm-elf/4.1.0/../../../../arm-elf/lib/thumb/interwork/libc.a(strrchr.o)
                0x000075e0                strrchr
 .text          0x00007610     0x1a60 /home/acer-b/Mrogram/atinom/TOOLCHAIN/bin/../lib/gcc/arm-elf/4.1.0/../../../../arm-elf/lib/thumb/interwork/libc.a(vfprintf.o)
                0x00007630                _vfprintf_r
                0x00009050                vfprintf
 .text          0x00009070       0x74 /home/acer-b/Mrogram/atinom/TOOLCHAIN/bin/../lib/gcc/arm-elf/4.1.0/../../../../arm-elf/lib/thumb/interwork/libc.a(vsprintf.o)
                0x000090a4                vsprintf
                0x00009070                _vsprintf_r
 .text          0x000090e4       0x54 /home/acer-b/Mrogram/atinom/TOOLCHAIN/bin/../lib/gcc/arm-elf/4.1.0/../../../../arm-elf/lib/thumb/interwork/libc.a(wcrtomb.o)
                0x000090e4                _wcrtomb_r
                0x00009118                wcrtomb
 .text          0x00009138      0x10c /home/acer-b/Mrogram/atinom/TOOLCHAIN/bin/../lib/gcc/arm-elf/4.1.0/../../../../arm-elf/lib/thumb/interwork/libc.a(wcsrtombs.o)
                0x00009138                _wcsrtombs_r
                0x0000921c                wcsrtombs
 .text          0x00009244      0x2b8 /home/acer-b/Mrogram/atinom/TOOLCHAIN/bin/../lib/gcc/arm-elf/4.1.0/../../../../arm-elf/lib/thumb/interwork/libc.a(wctomb_r.o)
                0x00009244                _wctomb_r
 .text          0x000094fc       0xa0 /home/acer-b/Mrogram/atinom/TOOLCHAIN/bin/../lib/gcc/arm-elf/4.1.0/../../../../arm-elf/lib/thumb/interwork/libc.a(wsetup.o)
                0x000094fc                __swsetup
 .text          0x0000959c      0xf28 /home/acer-b/Mrogram/atinom/TOOLCHAIN/bin/../lib/gcc/arm-elf/4.1.0/../../../../arm-elf/lib/thumb/interwork/libc.a(dtoa.o)
                0x000096ec                _dtoa_r
 .text          0x0000a4c4       0x90 /home/acer-b/Mrogram/atinom/TOOLCHAIN/bin/../lib/gcc/arm-elf/4.1.0/../../../../arm-elf/lib/thumb/interwork/libc.a(fflush.o)
                0x0000a4c4                fflush
 .text          0x0000a554      0x1c4 /home/acer-b/Mrogram/atinom/TOOLCHAIN/bin/../lib/gcc/arm-elf/4.1.0/../../../../arm-elf/lib/thumb/interwork/libc.a(findfp.o)
                0x0000a59c                __sinit
                0x0000a654                __sfmoreglue
                0x0000a640                _cleanup
                0x0000a630                _cleanup_r
                0x0000a618                __fp_lock_all
                0x0000a58c                __sfp_lock_acquire
                0x0000a68c                __sfp
                0x0000a598                __sinit_lock_release
                0x0000a600                __fp_unlock_all
                0x0000a590                __sfp_lock_release
                0x0000a594                __sinit_lock_acquire
 .text          0x0000a718      0x268 /home/acer-b/Mrogram/atinom/TOOLCHAIN/bin/../lib/gcc/arm-elf/4.1.0/../../../../arm-elf/lib/thumb/interwork/libc.a(freer.o)
                0x0000a7b8                _free_r
                0x0000a718                _malloc_trim_r
 .text          0x0000a980      0x298 /home/acer-b/Mrogram/atinom/TOOLCHAIN/bin/../lib/gcc/arm-elf/4.1.0/../../../../arm-elf/lib/thumb/interwork/libc.a(fvwrite.o)
                0x0000a980                __sfvwrite
 .text          0x0000ac18       0xf0 /home/acer-b/Mrogram/atinom/TOOLCHAIN/bin/../lib/gcc/arm-elf/4.1.0/../../../../arm-elf/lib/thumb/interwork/libc.a(fwalk.o)
                0x0000ac90                _fwalk
                0x0000ac18                _fwalk_reent
 .text          0x0000ad08       0x88 /home/acer-b/Mrogram/atinom/TOOLCHAIN/bin/../lib/gcc/arm-elf/4.1.0/../../../../arm-elf/lib/thumb/interwork/libc.a(locale.o)
                0x0000ad30                _setlocale_r
                0x0000ad08                __locale_charset
                0x0000ad14                _localeconv_r
                0x0000ad74                setlocale
                0x0000ad1c                localeconv
 .text          0x0000ad90       0xdc /home/acer-b/Mrogram/atinom/TOOLCHAIN/bin/../lib/gcc/arm-elf/4.1.0/../../../../arm-elf/lib/thumb/interwork/libc.a(makebuf.o)
                0x0000ad90                __smakebuf
 .text          0x0000ae6c      0x538 /home/acer-b/Mrogram/atinom/TOOLCHAIN/bin/../lib/gcc/arm-elf/4.1.0/../../../../arm-elf/lib/thumb/interwork/libc.a(mallocr.o)
                0x0000ae6c                _malloc_r
 .text          0x0000b3a4       0xbc /home/acer-b/Mrogram/atinom/TOOLCHAIN/bin/../lib/gcc/arm-elf/4.1.0/../../../../arm-elf/lib/thumb/interwork/libc.a(memchr.o)
                0x0000b3a4                memchr
 .text          0x0000b460       0x8c /home/acer-b/Mrogram/atinom/TOOLCHAIN/bin/../lib/gcc/arm-elf/4.1.0/../../../../arm-elf/lib/thumb/interwork/libc.a(memmove.o)
                0x0000b460                memmove
 .text          0x0000b4ec        0x8 /home/acer-b/Mrogram/atinom/TOOLCHAIN/bin/../lib/gcc/arm-elf/4.1.0/../../../../arm-elf/lib/thumb/interwork/libc.a(mlock.o)
                0x0000b4f0                __malloc_unlock
                0x0000b4ec                __malloc_lock
 .text          0x0000b4f4      0x8c0 /home/acer-b/Mrogram/atinom/TOOLCHAIN/bin/../lib/gcc/arm-elf/4.1.0/../../../../arm-elf/lib/thumb/interwork/libc.a(mprec.o)
                0x0000b76c                _mprec_log10
                0x0000b50c                _hi0bits
                0x0000b7ac                _Balloc
                0x0000b808                _d2b
                0x0000ba84                _multiply
                0x0000b718                _ratio
                0x0000bd24                _s2b
                0x0000bbd4                _i2b
                0x0000b554                _lo0bits
                0x0000b5c0                __mcmp
                0x0000bc88                _pow5mult
                0x0000b600                _ulp
                0x0000b650                _b2d
                0x0000bbec                _multadd
                0x0000b8f0                __mdiff
                0x0000b9d8                _lshift
                0x0000b4f4                _Bfree
 .text          0x0000bdb4      0x3d8 /home/acer-b/Mrogram/atinom/TOOLCHAIN/bin/../lib/gcc/arm-elf/4.1.0/../../../../arm-elf/lib/thumb/interwork/libc.a(reallocr.o)
                0x0000bdb4                _realloc_r
 .text          0x0000c18c       0x24 /home/acer-b/Mrogram/atinom/TOOLCHAIN/bin/../lib/gcc/arm-elf/4.1.0/../../../../arm-elf/lib/thumb/interwork/libc.a(s_isinf.o)
                0x0000c18c                isinf
 .text          0x0000c1b0       0x1c /home/acer-b/Mrogram/atinom/TOOLCHAIN/bin/../lib/gcc/arm-elf/4.1.0/../../../../arm-elf/lib/thumb/interwork/libc.a(s_isnan.o)
                0x0000c1b0                isnan
 .text          0x0000c1cc       0xd8 /home/acer-b/Mrogram/atinom/TOOLCHAIN/bin/../lib/gcc/arm-elf/4.1.0/../../../../arm-elf/lib/thumb/interwork/libc.a(stdio.o)
                0x0000c1e4                __sseek
                0x0000c26c                __sread
                0x0000c1cc                __sclose
                0x0000c224                __swrite
 .text          0x0000c2a4      0x504 /home/acer-b/Mrogram/atinom/TOOLCHAIN/bin/../lib/gcc/arm-elf/4.1.0/../../../../arm-elf/lib/thumb/interwork/libc.a(syscalls.o)
                0x0000c2c0                _getpid
                0x0000c3b4                initialise_monitor_handles
                0x0000c2d8                isatty
                0x0000c340                _fstat
                0x0000c6d4                _open
                0x0000c308                _sbrk
                0x0000c2d4                _raise
                0x0000c43c                _times
                0x0000c6e8                _stat
                0x0000c724                _lseek
                0x0000c2c4                _link
                0x0000c4f8                _swiwrite
                0x0000c2dc                _rename
                0x0000c520                _swilseek
                0x0000c4c0                _swiclose
                0x0000c5d4                _swiopen
                0x0000c2cc                _unlink
                0x0000c660                _write
                0x0000c48c                _kill
                0x0000c460                _gettimeofday
                0x0000c75c                _read
                0x0000c4a8                _exit
                0x0000c2f0                _system
                0x0000c734                _swiread
                0x0000c6c4                _close
 .text          0x0000c7a8       0x60 /home/acer-b/Mrogram/atinom/TOOLCHAIN/bin/../lib/gcc/arm-elf/4.1.0/../../../../arm-elf/lib/thumb/interwork/libc.a(callocr.o)
                0x0000c7a8                _calloc_r
 .text          0x0000c808        0xc /home/acer-b/Mrogram/atinom/TOOLCHAIN/bin/../lib/gcc/arm-elf/4.1.0/../../../../arm-elf/lib/thumb/interwork/libc.a(errno.o)
                0x0000c808                __errno
 .text          0x0000c814       0xbc /home/acer-b/Mrogram/atinom/TOOLCHAIN/bin/../lib/gcc/arm-elf/4.1.0/../../../../arm-elf/lib/thumb/interwork/libc.a(fclose.o)
                0x0000c814                _fclose_r
                0x0000c8b8                fclose
 .text          0x0000c8d0       0x8c /home/acer-b/Mrogram/atinom/TOOLCHAIN/bin/../lib/gcc/arm-elf/4.1.0/thumb/interwork/libgcc.a(_udivsi3.o)
                0x0000c8d0                __udivsi3
                0x0000c8d0                __aeabi_uidiv
                0x0000c94c                __aeabi_uidivmod
 .text          0x0000c95c       0xa4 /home/acer-b/Mrogram/atinom/TOOLCHAIN/bin/../lib/gcc/arm-elf/4.1.0/thumb/interwork/libgcc.a(_divsi3.o)
                0x0000c95c                __aeabi_idiv
                0x0000c95c                __divsi3
                0x0000c9f0                __aeabi_idivmod
 .text          0x0000ca00       0xc8 /home/acer-b/Mrogram/atinom/TOOLCHAIN/bin/../lib/gcc/arm-elf/4.1.0/thumb/interwork/libgcc.a(_umodsi3.o)
                0x0000ca00                __umodsi3
 .text          0x0000cac8       0xd8 /home/acer-b/Mrogram/atinom/TOOLCHAIN/bin/../lib/gcc/arm-elf/4.1.0/thumb/interwork/libgcc.a(_modsi3.o)
                0x0000cac8                __modsi3
 .text          0x0000cba0        0x4 /home/acer-b/Mrogram/atinom/TOOLCHAIN/bin/../lib/gcc/arm-elf/4.1.0/thumb/interwork/libgcc.a(_dvmd_tls.o)
                0x0000cba0                __aeabi_ldiv0
                0x0000cba0                __div0
                0x0000cba0                __aeabi_idiv0
 .text          0x0000cba4      0x234 /home/acer-b/Mrogram/atinom/TOOLCHAIN/bin/../lib/gcc/arm-elf/4.1.0/thumb/interwork/libgcc.a(_addsub_sf.o)
                0x0000cd68                __subsf3
                0x0000cda4                __addsf3
 .text          0x0000cdd8      0x174 /home/acer-b/Mrogram/atinom/TOOLCHAIN/bin/../lib/gcc/arm-elf/4.1.0/thumb/interwork/libgcc.a(_mul_sf.o)
                0x0000ce10                __mulsf3
 .text          0x0000cf4c      0x11c /home/acer-b/Mrogram/atinom/TOOLCHAIN/bin/../lib/gcc/arm-elf/4.1.0/thumb/interwork/libgcc.a(_div_sf.o)
                0x0000cf84                __divsf3
 .text          0x0000d068       0x70 /home/acer-b/Mrogram/atinom/TOOLCHAIN/bin/../lib/gcc/arm-elf/4.1.0/thumb/interwork/libgcc.a(_si_to_sf.o)
                0x0000d068                __floatsisf
 .text          0x0000d0d8       0x30 /home/acer-b/Mrogram/atinom/TOOLCHAIN/bin/../lib/gcc/arm-elf/4.1.0/thumb/interwork/libgcc.a(_sf_to_df.o)
                0x0000d0d8                __extendsfdf2
 .text          0x0000d108      0x328 /home/acer-b/Mrogram/atinom/TOOLCHAIN/bin/../lib/gcc/arm-elf/4.1.0/thumb/interwork/libgcc.a(_addsub_df.o)
                0x0000d3f8                __adddf3
                0x0000d3b8                __subdf3
 .text          0x0000d430      0x2ac /home/acer-b/Mrogram/atinom/TOOLCHAIN/bin/../lib/gcc/arm-elf/4.1.0/thumb/interwork/libgcc.a(_mul_df.o)
                0x0000d468                __muldf3
 .text          0x0000d6dc      0x1ac /home/acer-b/Mrogram/atinom/TOOLCHAIN/bin/../lib/gcc/arm-elf/4.1.0/thumb/interwork/libgcc.a(_div_df.o)
                0x0000d714                __divdf3
 .text          0x0000d888       0x58 /home/acer-b/Mrogram/atinom/TOOLCHAIN/bin/../lib/gcc/arm-elf/4.1.0/thumb/interwork/libgcc.a(_eq_df.o)
                0x0000d898                __eqdf2
 .text          0x0000d8e0       0x58 /home/acer-b/Mrogram/atinom/TOOLCHAIN/bin/../lib/gcc/arm-elf/4.1.0/thumb/interwork/libgcc.a(_ne_df.o)
                0x0000d8f0                __nedf2
 .text          0x0000d938       0x58 /home/acer-b/Mrogram/atinom/TOOLCHAIN/bin/../lib/gcc/arm-elf/4.1.0/thumb/interwork/libgcc.a(_gt_df.o)
                0x0000d948                __gtdf2
 .text          0x0000d990       0x58 /home/acer-b/Mrogram/atinom/TOOLCHAIN/bin/../lib/gcc/arm-elf/4.1.0/thumb/interwork/libgcc.a(_ge_df.o)
                0x0000d9a0                __gedf2
 .text          0x0000d9e8       0x58 /home/acer-b/Mrogram/atinom/TOOLCHAIN/bin/../lib/gcc/arm-elf/4.1.0/thumb/interwork/libgcc.a(_lt_df.o)
                0x0000d9f8                __ltdf2
 .text          0x0000da40       0x8c /home/acer-b/Mrogram/atinom/TOOLCHAIN/bin/../lib/gcc/arm-elf/4.1.0/thumb/interwork/libgcc.a(_si_to_df.o)
                0x0000da40                __floatsidf
 .text          0x0000dacc       0xb4 /home/acer-b/Mrogram/atinom/TOOLCHAIN/bin/../lib/gcc/arm-elf/4.1.0/thumb/interwork/libgcc.a(_df_to_si.o)
                0x0000dafc                __fixdfsi
 .text          0x0000db80       0x28 /home/acer-b/Mrogram/atinom/TOOLCHAIN/bin/../lib/gcc/arm-elf/4.1.0/thumb/interwork/libgcc.a(_make_df.o)
                0x0000db80                __make_dp
 .text          0x0000dba8       0x44 /home/acer-b/Mrogram/atinom/TOOLCHAIN/bin/../lib/gcc/arm-elf/4.1.0/thumb/interwork/libgcc.a(_df_to_sf.o)
                0x0000dba8                __truncdfsf2
 .text          0x0000dbec       0x84 /home/acer-b/Mrogram/atinom/TOOLCHAIN/bin/../lib/gcc/arm-elf/4.1.0/thumb/interwork/libgcc.a(_muldi3.o)
                0x0000dbec                __muldi3
 .text          0x0000dc70      0x130 /home/acer-b/Mrogram/atinom/TOOLCHAIN/bin/../lib/gcc/arm-elf/4.1.0/thumb/interwork/libgcc.a(_pack_sf.o)
                0x0000dca0                __pack_f
 .text          0x0000dda0       0x80 /home/acer-b/Mrogram/atinom/TOOLCHAIN/bin/../lib/gcc/arm-elf/4.1.0/thumb/interwork/libgcc.a(_unpack_sf.o)
                0x0000dda0                __unpack_f
 .text          0x0000de20       0x18 /home/acer-b/Mrogram/atinom/TOOLCHAIN/bin/../lib/gcc/arm-elf/4.1.0/thumb/interwork/libgcc.a(_make_sf.o)
                0x0000de20                __make_fp
 .text          0x0000de38      0x290 /home/acer-b/Mrogram/atinom/TOOLCHAIN/bin/../lib/gcc/arm-elf/4.1.0/thumb/interwork/libgcc.a(_pack_df.o)
                0x0000de68                __pack_d
 .text          0x0000e0c8       0xc4 /home/acer-b/Mrogram/atinom/TOOLCHAIN/bin/../lib/gcc/arm-elf/4.1.0/thumb/interwork/libgcc.a(_unpack_df.o)
                0x0000e0c8                __unpack_d
 .text          0x0000e18c       0xf0 /home/acer-b/Mrogram/atinom/TOOLCHAIN/bin/../lib/gcc/arm-elf/4.1.0/thumb/interwork/libgcc.a(_fpcmp_parts_df.o)
                0x0000e1bc                __fpcmp_parts_d
 .text          0x0000e27c       0xb8 /tmp/cc5nJ5zj.o
                0x0000e27c                start
                0x0000e318                endless_loop
 *(.rodata)
 .rodata        0x0000e334        0x4 ../tinysh/tinysh.o
 .rodata        0x0000e338       0x48 ../uip/uip/uip.o
 .rodata        0x0000e380        0x6 ../uip/uip/uip_arp.o
 *fill*         0x0000e386        0x2 00
 .rodata        0x0000e388     0x117c ../webserver/httpd-fs.o
                0x0000e39c                file_index_html
                0x0000e3d8                file_stats_shtml
                0x0000e388                file_404_html
                0x0000e3c4                file_io_shtml
                0x0000e3ec                file_tcp_shtml
                0x0000e3b0                file_index_shtml
 .rodata        0x0000f504      0x24a ../webserver/http-strings.o
                0x0000f724                http_shtml
                0x0000f504                http_http
                0x0000f520                http_10
                0x0000f69e                http_content_type_png
                0x0000f667                http_content_type_css
                0x0000f576                http_referer
                0x0000f5d3                http_header_404
                0x0000f511                http_301
                0x0000f62e                http_content_type_plain
                0x0000f744                http_text
                0x0000f64b                http_content_type_html
                0x0000f541                http_texthtml
                0x0000f556                http_host
                0x0000f6ba                http_content_type_gif
                0x0000f55d                http_crnl
                0x0000f51b                http_get
                0x0000f54b                http_location
                0x0000f73f                http_jpg
                0x0000f730                http_css
                0x0000f529                http_11
                0x0000f682                http_content_type_text
                0x0000f516                http_302
                0x0000f532                http_content_type
                0x0000f57f                http_header_200
                0x0000f749                http_txt
                0x0000f6d6                http_content_type_jpg
                0x0000f71e                http_html
                0x0000f560                http_index_html
                0x0000f735                http_png
                0x0000f50c                http_200
                0x0000f56c                http_404_html
                0x0000f73a                http_gif
                0x0000f6f3                http_content_type_binary
                0x0000f72b                http_htm
 *fill*         0x0000f74e        0x2 00
 .rodata        0x0000f750       0xa4 ../webserver/httpd-cgi.o
 .rodata        0x0000f7f4      0x184 /home/acer-b/Mrogram/atinom/TOOLCHAIN/bin/../lib/gcc/arm-elf/4.1.0/../../../../arm-elf/lib/thumb/interwork/libc.a(vfprintf.o)
 .rodata        0x0000f978       0x18 /home/acer-b/Mrogram/atinom/TOOLCHAIN/bin/../lib/gcc/arm-elf/4.1.0/../../../../arm-elf/lib/thumb/interwork/libc.a(dtoa.o)
 .rodata        0x0000f990        0x4 /home/acer-b/Mrogram/atinom/TOOLCHAIN/bin/../lib/gcc/arm-elf/4.1.0/../../../../arm-elf/lib/thumb/interwork/libc.a(impure.o)
                0x0000f990                _global_impure_ptr
 .rodata        0x0000f994       0x34 /home/acer-b/Mrogram/atinom/TOOLCHAIN/bin/../lib/gcc/arm-elf/4.1.0/../../../../arm-elf/lib/thumb/interwork/libc.a(locale.o)
 .rodata        0x0000f9c8      0x124 /home/acer-b/Mrogram/atinom/TOOLCHAIN/bin/../lib/gcc/arm-elf/4.1.0/../../../../arm-elf/lib/thumb/interwork/libc.a(mprec.o)
                0x0000fab8                __mprec_tinytens
                0x0000f9c8                __mprec_tens
                0x0000fa90                __mprec_bigtens
 .rodata        0x0000faec       0x10 /home/acer-b/Mrogram/atinom/TOOLCHAIN/bin/../lib/gcc/arm-elf/4.1.0/thumb/interwork/libgcc.a(_thenan_sf.o)
                0x0000faec                __thenan_sf
 .rodata        0x0000fafc       0x14 /home/acer-b/Mrogram/atinom/TOOLCHAIN/bin/../lib/gcc/arm-elf/4.1.0/thumb/interwork/libgcc.a(_thenan_df.o)
                0x0000fafc                __thenan_df
 *(.rodata*)
 .rodata.str1.4
                0x0000fb10        0x5 main.o
                                  0x8 (size before relaxing)
 *fill*         0x0000fb15        0x3 00
 .rodata.str1.4
                0x0000fb18       0x13 ../system/reset_cpu.o
                                 0x14 (size before relaxing)
 *fill*         0x0000fb2b        0x1 00
 .rodata.str1.4
                0x0000fb2c        0x5 ../FreeRTOS_Source/tasks.o
                                  0x8 (size before relaxing)
 *fill*         0x0000fb31        0x3 00
 .rodata.str1.4
                0x0000fb34      0x161 ../tinysh/tinysh.o
                                0x170 (size before relaxing)
 *fill*         0x0000fc95        0x3 00
 .rodata.str1.4
                0x0000fc98      0x557 ../tinysh/shell.o
                                0x574 (size before relaxing)
 *fill*         0x000101ef        0x1 00
 .rodata.str1.4
                0x000101f0      0x1c3 ../tinysh/enviro.o
                                0x210 (size before relaxing)
 *fill*         0x000103b3        0x1 00
 .rodata.str1.4
                0x000103b4       0x52 ../uip/hardware/enc28j60.o
                                 0x54 (size before relaxing)
 *fill*         0x00010406        0x2 00
 .rodata.str1.4
                0x00010408       0x6e ../uip/uip_task.o
                                 0x70 (size before relaxing)
 *fill*         0x00010476        0x2 00
 .rodata.str1.4
                0x00010478       0x51 ../monita/monita_uip.o
                                 0x54 (size before relaxing)
 *fill*         0x000104c9        0x3 00
 .rodata.str1.4
                0x000104cc      0x2be ../webserver/httpd.o
                                0x2fc (size before relaxing)
 *fill*         0x0001078a        0x2 00
 .rodata.str1.4
                0x0001078c      0x1a7 ../webserver/httpd-cgi.o
                                0x1a8 (size before relaxing)
 *fill*         0x00010933        0x1 00
 .rodata.str1.4
                0x00010934       0xe0 ../adc/ad7708.o
 .rodata.str1.4
                0x00010a14       0x5b /home/acer-b/Mrogram/atinom/TOOLCHAIN/bin/../lib/gcc/arm-elf/4.1.0/../../../../arm-elf/lib/thumb/interwork/libc.a(vfprintf.o)
                                 0x64 (size before relaxing)
 *fill*         0x00010a6f        0x1 00
 .rodata.str1.4
                0x00010a70       0x1e /home/acer-b/Mrogram/atinom/TOOLCHAIN/bin/../lib/gcc/arm-elf/4.1.0/../../../../arm-elf/lib/thumb/interwork/libc.a(wctomb_r.o)
                                 0x20 (size before relaxing)
 *fill*         0x00010a8e        0x2 00
 .rodata.str1.4
                0x00010a90       0x10 /home/acer-b/Mrogram/atinom/TOOLCHAIN/bin/../lib/gcc/arm-elf/4.1.0/../../../../arm-elf/lib/thumb/interwork/libc.a(dtoa.o)
                                 0x14 (size before relaxing)
 .rodata.str1.4
                0x00010aa0        0x0 /home/acer-b/Mrogram/atinom/TOOLCHAIN/bin/../lib/gcc/arm-elf/4.1.0/../../../../arm-elf/lib/thumb/interwork/libc.a(impure.o)
                                  0x4 (size before relaxing)
 .rodata.str1.4
                0x00010aa0        0xb /home/acer-b/Mrogram/atinom/TOOLCHAIN/bin/../lib/gcc/arm-elf/4.1.0/../../../../arm-elf/lib/thumb/interwork/libc.a(locale.o)
                                 0x18 (size before relaxing)
 *fill*         0x00010aab        0x1 00
 .rodata.str1.4
                0x00010aac        0x4 /home/acer-b/Mrogram/atinom/TOOLCHAIN/bin/../lib/gcc/arm-elf/4.1.0/../../../../arm-elf/lib/thumb/interwork/libc.a(syscalls.o)
 *(.glue_7)
 .glue_7        0x00010ab0       0x48 /home/acer-b/Mrogram/atinom/TOOLCHAIN/bin/../lib/gcc/arm-elf/4.1.0/thumb/interwork/libgcc.a(_fpcmp_parts_df.o)
                0x00010aec                __main_from_arm
                0x00010ad4                __xQueueGenericSendFromISR_from_arm
                0x00010ae0                __xQueueCreate_from_arm
                0x00010ab0                __vTaskIncrementTick_from_arm
                0x00010ac8                __xQueueReceiveFromISR_from_arm
                0x00010abc                __vTaskSwitchContext_from_arm
 *(.glue_7t)
 .glue_7t       0x00010af8       0x28 /home/acer-b/Mrogram/atinom/TOOLCHAIN/bin/../lib/gcc/arm-elf/4.1.0/thumb/interwork/libgcc.a(_fpcmp_parts_df.o)
                0x00010afc                __vPortEnterCritical_change_to_arm
                0x00010b08                __vSerialISRCreateQueues_from_thumb
                0x00010b0c                __vSerialISRCreateQueues_change_to_arm
                0x00010b04                __vPortExitCritical_change_to_arm
                0x00010b18                __vPortISRStartFirstTask_from_thumb
                0x00010b10                __vPortDisableInterruptsFromThumb_from_thumb
                0x00010b00                __vPortExitCritical_from_thumb
                0x00010af8                __vPortEnterCritical_from_thumb
                0x00010b1c                __vPortISRStartFirstTask_change_to_arm
                0x00010b14                __vPortDisableInterruptsFromThumb_change_to_arm
 *(.lokasi_font)
                0x00010b20                __end_of_text__ = .
                0x00010b20                __exidx_start = .

.ARM.exidx
 *(.ARM.exidx* .gnu.linkonce.armexidx.*)
                0x00010b20                __exidx_end = .

.data           0x40000000      0x998 load address 0x00010b20
                0x40000000                __data_beg__ = .
                0x00010b20                __data_beg_src__ = __end_of_text__
 *(.data)
 .data          0x40000000        0x4 ../FreeRTOS_Source/portable/GCC/ARM7_LPC23xx/portISR.o
                0x40000000                ulCriticalNesting
 .data          0x40000004       0x38 ../tinysh/tinysh.o
 .data          0x4000003c      0x120 ../tinysh/shell.o
 .data          0x4000015c       0x18 ../webserver/httpd-cgi.o
 .data          0x40000174      0x404 /home/acer-b/Mrogram/atinom/TOOLCHAIN/bin/../lib/gcc/arm-elf/4.1.0/../../../../arm-elf/lib/thumb/interwork/libc.a(impure.o)
                0x40000174                _impure_ptr
 .data          0x40000578       0x10 /home/acer-b/Mrogram/atinom/TOOLCHAIN/bin/../lib/gcc/arm-elf/4.1.0/../../../../arm-elf/lib/thumb/interwork/libc.a(locale.o)
                0x40000578                __mb_cur_max
                0x4000057c                __lc_ctype
 .data          0x40000588      0x410 /home/acer-b/Mrogram/atinom/TOOLCHAIN/bin/../lib/gcc/arm-elf/4.1.0/../../../../arm-elf/lib/thumb/interwork/libc.a(mallocr.o)
                0x40000994                __malloc_sbrk_base
                0x40000588                __malloc_av_
                0x40000990                __malloc_trim_threshold
                0x40000998                __data_end__ = .

.bss            0x40000998     0x5518
                0x40000998                __bss_beg__ = .
 *(.bss)
 .bss           0x40000998        0xc ../serial/serialISR.o
 .bss           0x400009a4        0x8 main.o
                0x400009a4                loop_idle
 .bss           0x400009ac        0x4 ../system/syscall.o
 .bss           0x400009b0        0xc ../serial/serial.o
 .bss           0x400009bc       0xc0 ../FreeRTOS_Source/tasks.o
                0x400009c0                pxCurrentTCB
                0x400009bc                tick_ku
 .bss           0x40000a7c     0x481c ../FreeRTOS_Source/portable/MemMang/heap_2.o
 .bss           0x40005298      0x31c ../tinysh/tinysh.o
 .bss           0x400055b4        0x8 ../tinysh/shell.o
                0x400055b8                tik_lama
                0x400055b4                uptime_ovflow
 .bss           0x400055bc        0x8 ../uip/hardware/enc28j60.o
                0x400055c0                error_ENC
                0x400055bc                ethRxPointer
 .bss           0x400055c4       0x18 ../uip/uip/uip.o
                0x400055c8                uip_ethaddr
                0x400055c4                uip_timeoffset
 .bss           0x400055dc       0x60 ../uip/uip/uip_arp.o
 .bss           0x4000563c       0x28 ../uip/uip/uip-fw.o
 .bss           0x40005664       0x10 ../uip/uip_task.o
                0x40005664                paket_per_menit
                0x40005668                paket_kita
 .bss           0x40005674        0xc ../webserver/httpd-fs.o
 .bss           0x40005680       0x24 ../webserver/httpd-cgi.o
                0x40005680                lRefreshCount
 .bss           0x400056a4        0x4 ../adc/ad7708.o
 .bss           0x400056a8        0xc /home/acer-b/Mrogram/atinom/TOOLCHAIN/bin/../lib/gcc/arm-elf/4.1.0/../../../../arm-elf/lib/thumb/interwork/libc.a(locale.o)
                0x400056a8                __nlocale_changed
                0x400056ac                __mlocale_changed
                0x400056b0                _PathLocale
 .bss           0x400056b4       0x34 /home/acer-b/Mrogram/atinom/TOOLCHAIN/bin/../lib/gcc/arm-elf/4.1.0/../../../../arm-elf/lib/thumb/interwork/libc.a(mallocr.o)
                0x400056b4                __malloc_top_pad
                0x400056b8                __malloc_max_sbrked_mem
                0x400056c0                __malloc_current_mallinfo
                0x400056bc                __malloc_max_total_mem
 .bss           0x400056e8       0xb0 /home/acer-b/Mrogram/atinom/TOOLCHAIN/bin/../lib/gcc/arm-elf/4.1.0/../../../../arm-elf/lib/thumb/interwork/libc.a(syscalls.o)
 COMMON         0x40005798       0x80 ../GPIO/gpio_ISR.o
                0x40005798                konter
 COMMON         0x40005818       0x20 main.o
                0x40005818                hdl_lcd
                0x4000581c                tot_idle
                0x40005820                hdl_ether
                0x40005824                hdl_tampilan
                0x40005828                hdl_shell
                0x4000582c                lcd_sem
                0x40005830                idle_lama
                0x40005834                hdl_led
 COMMON         0x40005838      0x5f0 ../tinysh/enviro.o
                0x40005838                command
                0x4000584c                iap_entry
                0x40005850                result
                0x40005858                env2
 COMMON         0x40005e28       0x42 ../uip/uip/uip.o
                0x40005e28                uip_len
                0x40005e2c                uip_sappdata
                0x40005e30                uip_acc32
                0x40005e34                uip_flags
                0x40005e38                uip_udp_conn
                0x40005e3c                uip_appdata
                0x40005e40                uip_conn
                0x40005e44                uip_sntpaddr
                0x40005e48                uip_listenports
                0x40005e5c                uip_draddr
                0x40005e60                uip_netmask
                0x40005e64                uip_hostaddr
                0x40005e68                uip_slen
 *fill*         0x40005e6a        0x2 00
 COMMON         0x40005e6c        0x4 ../monita/monita_uip.o
                0x40005e6c                loop_kirim
 COMMON         0x40005e70       0x10 ../webserver/httpd-cgi.o
                0x40005e70                ulString
                0x40005e74                pcStatus
 COMMON         0x40005e80       0x30 ../adc/ad7708.o
                0x40005e80                st_adc
                0x40005eb0                . = ALIGN (0x4)
                0x40005eb0                _bss_end__ = .
                0x40005eb0                __bss_end__ = .
                0x40005eb0                __end__ = .

.usbram         0x7fd00400      0x280
                0x7fd00400                __usbram_beg__ = .
 *(.usb_text)
 .usb_text      0x7fd00400      0x280 ../uip/uip/uip.o
                0x7fd00400                uip_conns
 *(.dmaram)
                0x7fd00680                __usbram_end__ = .

.ethram         0x7fe00000     0x20dc
                0x7fe00000                __ethram_beg__ = .
 *(.ethram)
 *(.eth_test_text)
 *(.eth_test)
 .eth_test      0x7fe00000       0x80 ../serial/serial.o
                0x7fe00000                printbuffer
 .eth_test      0x7fe00080      0x714 ../uip/uip/uip.o
                0x7fe00080                uip_buf
                0x7fe00664                uip_udp_conns
 .eth_test      0x7fe00794      0x148 ../monita/monita_uip.o
                0x7fe00794                xdata
                0x7fe0088c                data_float
 .eth_test      0x7fe008dc     0x1800 ../webserver/httpd.o
                0x7fe008dc                head_buf
                0x7fe018dc                tot_buf_siap
                0x7fe010dc                tot_buf
                0x7fe020dc                __ethram_end__ = .
                0x7fe020dc                . = ALIGN (0x4)
                0x7fe020dc                _end = .
                0x7fe020dc                PROVIDE (end, .)
OUTPUT(komon_A.elf elf32-littlearm)

.comment        0x00000000      0x72c
 .comment       0x00000000       0x12 ../FreeRTOS_Source/portable/GCC/ARM7_LPC23xx/portISR.o
 .comment       0x00000012       0x12 ../serial/serialISR.o
 .comment       0x00000024       0x12 ../GPIO/gpio_ISR.o
 .comment       0x00000036       0x12 main.o
 .comment       0x00000048       0x12 ../system/setup_cpu.o
 .comment       0x0000005a       0x12 ../system/syscall.o
 .comment       0x0000006c       0x12 ../system/reset_cpu.o
 .comment       0x0000007e       0x12 ../serial/serial.o
 .comment       0x00000090       0x12 ../FreeRTOS_Source/queue.o
 .comment       0x000000a2       0x12 ../FreeRTOS_Source/tasks.o
 .comment       0x000000b4       0x12 ../FreeRTOS_Source/portable/GCC/ARM7_LPC23xx/port.o
 .comment       0x000000c6       0x12 ../FreeRTOS_Source/list.o
 .comment       0x000000d8       0x12 ../FreeRTOS_Source/portable/MemMang/heap_2.o
 .comment       0x000000ea       0x12 ../tinysh/tinysh.o
 .comment       0x000000fc       0x12 ../tinysh/shell.o
 .comment       0x0000010e       0x12 ../tinysh/enviro.o
 .comment       0x00000120       0x12 ../GPIO/gpio.o
 .comment       0x00000132       0x12 ../spi/spi.o
 .comment       0x00000144       0x12 ../uip/hardware/enc28j60.o
 .comment       0x00000156       0x12 ../uip/clock.o
 .comment       0x00000168       0x12 ../uip/lib/memb.o
 .comment       0x0000017a       0x12 ../uip/uip/uip.o
 .comment       0x0000018c       0x12 ../uip/uip/uip_arch.o
 .comment       0x0000019e       0x12 ../uip/uip/uip_arp.o
 .comment       0x000001b0       0x12 ../uip/uip/uip_timer.o
 .comment       0x000001c2       0x12 ../uip/uip/uip-fw.o
 .comment       0x000001d4       0x12 ../uip/uip/psock.o
 .comment       0x000001e6       0x12 ../uip/uip/uiplib.o
 .comment       0x000001f8       0x12 ../uip/uip_task.o
 .comment       0x0000020a       0x12 ../monita/monita_uip.o
 .comment       0x0000021c       0x12 ../webserver/httpd.o
 .comment       0x0000022e       0x12 ../webserver/httpd-fs.o
 .comment       0x00000240       0x12 ../webserver/http-strings.o
 .comment       0x00000252       0x12 ../webserver/httpd-cgi.o
 .comment       0x00000264       0x12 ../system/idle_hook.o
 .comment       0x00000276       0x12 ../adc/ad7708.o
 .comment       0x00000288       0x12 /home/acer-b/Mrogram/atinom/TOOLCHAIN/bin/../lib/gcc/arm-elf/4.1.0/../../../../arm-elf/lib/thumb/interwork/libc.a(memcpy.o)
 .comment       0x0000029a       0x12 /home/acer-b/Mrogram/atinom/TOOLCHAIN/bin/../lib/gcc/arm-elf/4.1.0/../../../../arm-elf/lib/thumb/interwork/libc.a(memset.o)
 .comment       0x000002ac       0x12 /home/acer-b/Mrogram/atinom/TOOLCHAIN/bin/../lib/gcc/arm-elf/4.1.0/../../../../arm-elf/lib/thumb/interwork/libc.a(snprintf.o)
 .comment       0x000002be       0x12 /home/acer-b/Mrogram/atinom/TOOLCHAIN/bin/../lib/gcc/arm-elf/4.1.0/../../../../arm-elf/lib/thumb/interwork/libc.a(sprintf.o)
 .comment       0x000002d0       0x12 /home/acer-b/Mrogram/atinom/TOOLCHAIN/bin/../lib/gcc/arm-elf/4.1.0/../../../../arm-elf/lib/thumb/interwork/libc.a(strcat.o)
 .comment       0x000002e2       0x12 /home/acer-b/Mrogram/atinom/TOOLCHAIN/bin/../lib/gcc/arm-elf/4.1.0/../../../../arm-elf/lib/thumb/interwork/libc.a(strchr.o)
 .comment       0x000002f4       0x12 /home/acer-b/Mrogram/atinom/TOOLCHAIN/bin/../lib/gcc/arm-elf/4.1.0/../../../../arm-elf/lib/thumb/interwork/libc.a(strcmp.o)
 .comment       0x00000306       0x12 /home/acer-b/Mrogram/atinom/TOOLCHAIN/bin/../lib/gcc/arm-elf/4.1.0/../../../../arm-elf/lib/thumb/interwork/libc.a(strcpy.o)
 .comment       0x00000318       0x12 /home/acer-b/Mrogram/atinom/TOOLCHAIN/bin/../lib/gcc/arm-elf/4.1.0/../../../../arm-elf/lib/thumb/interwork/libc.a(strlen.o)
 .comment       0x0000032a       0x12 /home/acer-b/Mrogram/atinom/TOOLCHAIN/bin/../lib/gcc/arm-elf/4.1.0/../../../../arm-elf/lib/thumb/interwork/libc.a(strncmp.o)
 .comment       0x0000033c       0x12 /home/acer-b/Mrogram/atinom/TOOLCHAIN/bin/../lib/gcc/arm-elf/4.1.0/../../../../arm-elf/lib/thumb/interwork/libc.a(strncpy.o)
 .comment       0x0000034e       0x12 /home/acer-b/Mrogram/atinom/TOOLCHAIN/bin/../lib/gcc/arm-elf/4.1.0/../../../../arm-elf/lib/thumb/interwork/libc.a(strrchr.o)
 .comment       0x00000360       0x12 /home/acer-b/Mrogram/atinom/TOOLCHAIN/bin/../lib/gcc/arm-elf/4.1.0/../../../../arm-elf/lib/thumb/interwork/libc.a(vfprintf.o)
 .comment       0x00000372       0x12 /home/acer-b/Mrogram/atinom/TOOLCHAIN/bin/../lib/gcc/arm-elf/4.1.0/../../../../arm-elf/lib/thumb/interwork/libc.a(vsprintf.o)
 .comment       0x00000384       0x12 /home/acer-b/Mrogram/atinom/TOOLCHAIN/bin/../lib/gcc/arm-elf/4.1.0/../../../../arm-elf/lib/thumb/interwork/libc.a(wcrtomb.o)
 .comment       0x00000396       0x12 /home/acer-b/Mrogram/atinom/TOOLCHAIN/bin/../lib/gcc/arm-elf/4.1.0/../../../../arm-elf/lib/thumb/interwork/libc.a(wcsrtombs.o)
 .comment       0x000003a8       0x12 /home/acer-b/Mrogram/atinom/TOOLCHAIN/bin/../lib/gcc/arm-elf/4.1.0/../../../../arm-elf/lib/thumb/interwork/libc.a(wctomb_r.o)
 .comment       0x000003ba       0x12 /home/acer-b/Mrogram/atinom/TOOLCHAIN/bin/../lib/gcc/arm-elf/4.1.0/../../../../arm-elf/lib/thumb/interwork/libc.a(wsetup.o)
 .comment       0x000003cc       0x12 /home/acer-b/Mrogram/atinom/TOOLCHAIN/bin/../lib/gcc/arm-elf/4.1.0/../../../../arm-elf/lib/thumb/interwork/libc.a(dtoa.o)
 .comment       0x000003de       0x12 /home/acer-b/Mrogram/atinom/TOOLCHAIN/bin/../lib/gcc/arm-elf/4.1.0/../../../../arm-elf/lib/thumb/interwork/libc.a(fflush.o)
 .comment       0x000003f0       0x12 /home/acer-b/Mrogram/atinom/TOOLCHAIN/bin/../lib/gcc/arm-elf/4.1.0/../../../../arm-elf/lib/thumb/interwork/libc.a(findfp.o)
 .comment       0x00000402       0x12 /home/acer-b/Mrogram/atinom/TOOLCHAIN/bin/../lib/gcc/arm-elf/4.1.0/../../../../arm-elf/lib/thumb/interwork/libc.a(freer.o)
 .comment       0x00000414       0x12 /home/acer-b/Mrogram/atinom/TOOLCHAIN/bin/../lib/gcc/arm-elf/4.1.0/../../../../arm-elf/lib/thumb/interwork/libc.a(fvwrite.o)
 .comment       0x00000426       0x12 /home/acer-b/Mrogram/atinom/TOOLCHAIN/bin/../lib/gcc/arm-elf/4.1.0/../../../../arm-elf/lib/thumb/interwork/libc.a(fwalk.o)
 .comment       0x00000438       0x12 /home/acer-b/Mrogram/atinom/TOOLCHAIN/bin/../lib/gcc/arm-elf/4.1.0/../../../../arm-elf/lib/thumb/interwork/libc.a(impure.o)
 .comment       0x0000044a       0x12 /home/acer-b/Mrogram/atinom/TOOLCHAIN/bin/../lib/gcc/arm-elf/4.1.0/../../../../arm-elf/lib/thumb/interwork/libc.a(locale.o)
 .comment       0x0000045c       0x12 /home/acer-b/Mrogram/atinom/TOOLCHAIN/bin/../lib/gcc/arm-elf/4.1.0/../../../../arm-elf/lib/thumb/interwork/libc.a(makebuf.o)
 .comment       0x0000046e       0x12 /home/acer-b/Mrogram/atinom/TOOLCHAIN/bin/../lib/gcc/arm-elf/4.1.0/../../../../arm-elf/lib/thumb/interwork/libc.a(mallocr.o)
 .comment       0x00000480       0x12 /home/acer-b/Mrogram/atinom/TOOLCHAIN/bin/../lib/gcc/arm-elf/4.1.0/../../../../arm-elf/lib/thumb/interwork/libc.a(memchr.o)
 .comment       0x00000492       0x12 /home/acer-b/Mrogram/atinom/TOOLCHAIN/bin/../lib/gcc/arm-elf/4.1.0/../../../../arm-elf/lib/thumb/interwork/libc.a(memmove.o)
 .comment       0x000004a4       0x12 /home/acer-b/Mrogram/atinom/TOOLCHAIN/bin/../lib/gcc/arm-elf/4.1.0/../../../../arm-elf/lib/thumb/interwork/libc.a(mlock.o)
 .comment       0x000004b6       0x12 /home/acer-b/Mrogram/atinom/TOOLCHAIN/bin/../lib/gcc/arm-elf/4.1.0/../../../../arm-elf/lib/thumb/interwork/libc.a(mprec.o)
 .comment       0x000004c8       0x12 /home/acer-b/Mrogram/atinom/TOOLCHAIN/bin/../lib/gcc/arm-elf/4.1.0/../../../../arm-elf/lib/thumb/interwork/libc.a(reallocr.o)
 .comment       0x000004da       0x12 /home/acer-b/Mrogram/atinom/TOOLCHAIN/bin/../lib/gcc/arm-elf/4.1.0/../../../../arm-elf/lib/thumb/interwork/libc.a(s_isinf.o)
 .comment       0x000004ec       0x12 /home/acer-b/Mrogram/atinom/TOOLCHAIN/bin/../lib/gcc/arm-elf/4.1.0/../../../../arm-elf/lib/thumb/interwork/libc.a(s_isnan.o)
 .comment       0x000004fe       0x12 /home/acer-b/Mrogram/atinom/TOOLCHAIN/bin/../lib/gcc/arm-elf/4.1.0/../../../../arm-elf/lib/thumb/interwork/libc.a(stdio.o)
 .comment       0x00000510       0x12 /home/acer-b/Mrogram/atinom/TOOLCHAIN/bin/../lib/gcc/arm-elf/4.1.0/../../../../arm-elf/lib/thumb/interwork/libc.a(syscalls.o)
 .comment       0x00000522       0x12 /home/acer-b/Mrogram/atinom/TOOLCHAIN/bin/../lib/gcc/arm-elf/4.1.0/../../../../arm-elf/lib/thumb/interwork/libc.a(callocr.o)
 .comment       0x00000534       0x12 /home/acer-b/Mrogram/atinom/TOOLCHAIN/bin/../lib/gcc/arm-elf/4.1.0/../../../../arm-elf/lib/thumb/interwork/libc.a(errno.o)
 .comment       0x00000546       0x12 /home/acer-b/Mrogram/atinom/TOOLCHAIN/bin/../lib/gcc/arm-elf/4.1.0/../../../../arm-elf/lib/thumb/interwork/libc.a(fclose.o)
 .comment       0x00000558       0x12 /home/acer-b/Mrogram/atinom/TOOLCHAIN/bin/../lib/gcc/arm-elf/4.1.0/thumb/interwork/libgcc.a(_addsub_sf.o)
 .comment       0x0000056a       0x12 /home/acer-b/Mrogram/atinom/TOOLCHAIN/bin/../lib/gcc/arm-elf/4.1.0/thumb/interwork/libgcc.a(_mul_sf.o)
 .comment       0x0000057c       0x12 /home/acer-b/Mrogram/atinom/TOOLCHAIN/bin/../lib/gcc/arm-elf/4.1.0/thumb/interwork/libgcc.a(_div_sf.o)
 .comment       0x0000058e       0x12 /home/acer-b/Mrogram/atinom/TOOLCHAIN/bin/../lib/gcc/arm-elf/4.1.0/thumb/interwork/libgcc.a(_si_to_sf.o)
 .comment       0x000005a0       0x12 /home/acer-b/Mrogram/atinom/TOOLCHAIN/bin/../lib/gcc/arm-elf/4.1.0/thumb/interwork/libgcc.a(_sf_to_df.o)
 .comment       0x000005b2       0x12 /home/acer-b/Mrogram/atinom/TOOLCHAIN/bin/../lib/gcc/arm-elf/4.1.0/thumb/interwork/libgcc.a(_thenan_sf.o)
 .comment       0x000005c4       0x12 /home/acer-b/Mrogram/atinom/TOOLCHAIN/bin/../lib/gcc/arm-elf/4.1.0/thumb/interwork/libgcc.a(_addsub_df.o)
 .comment       0x000005d6       0x12 /home/acer-b/Mrogram/atinom/TOOLCHAIN/bin/../lib/gcc/arm-elf/4.1.0/thumb/interwork/libgcc.a(_mul_df.o)
 .comment       0x000005e8       0x12 /home/acer-b/Mrogram/atinom/TOOLCHAIN/bin/../lib/gcc/arm-elf/4.1.0/thumb/interwork/libgcc.a(_div_df.o)
 .comment       0x000005fa       0x12 /home/acer-b/Mrogram/atinom/TOOLCHAIN/bin/../lib/gcc/arm-elf/4.1.0/thumb/interwork/libgcc.a(_eq_df.o)
 .comment       0x0000060c       0x12 /home/acer-b/Mrogram/atinom/TOOLCHAIN/bin/../lib/gcc/arm-elf/4.1.0/thumb/interwork/libgcc.a(_ne_df.o)
 .comment       0x0000061e       0x12 /home/acer-b/Mrogram/atinom/TOOLCHAIN/bin/../lib/gcc/arm-elf/4.1.0/thumb/interwork/libgcc.a(_gt_df.o)
 .comment       0x00000630       0x12 /home/acer-b/Mrogram/atinom/TOOLCHAIN/bin/../lib/gcc/arm-elf/4.1.0/thumb/interwork/libgcc.a(_ge_df.o)
 .comment       0x00000642       0x12 /home/acer-b/Mrogram/atinom/TOOLCHAIN/bin/../lib/gcc/arm-elf/4.1.0/thumb/interwork/libgcc.a(_lt_df.o)
 .comment       0x00000654       0x12 /home/acer-b/Mrogram/atinom/TOOLCHAIN/bin/../lib/gcc/arm-elf/4.1.0/thumb/interwork/libgcc.a(_si_to_df.o)
 .comment       0x00000666       0x12 /home/acer-b/Mrogram/atinom/TOOLCHAIN/bin/../lib/gcc/arm-elf/4.1.0/thumb/interwork/libgcc.a(_df_to_si.o)
 .comment       0x00000678       0x12 /home/acer-b/Mrogram/atinom/TOOLCHAIN/bin/../lib/gcc/arm-elf/4.1.0/thumb/interwork/libgcc.a(_make_df.o)
 .comment       0x0000068a       0x12 /home/acer-b/Mrogram/atinom/TOOLCHAIN/bin/../lib/gcc/arm-elf/4.1.0/thumb/interwork/libgcc.a(_df_to_sf.o)
 .comment       0x0000069c       0x12 /home/acer-b/Mrogram/atinom/TOOLCHAIN/bin/../lib/gcc/arm-elf/4.1.0/thumb/interwork/libgcc.a(_thenan_df.o)
 .comment       0x000006ae       0x12 /home/acer-b/Mrogram/atinom/TOOLCHAIN/bin/../lib/gcc/arm-elf/4.1.0/thumb/interwork/libgcc.a(_muldi3.o)
 .comment       0x000006c0       0x12 /home/acer-b/Mrogram/atinom/TOOLCHAIN/bin/../lib/gcc/arm-elf/4.1.0/thumb/interwork/libgcc.a(_pack_sf.o)
 .comment       0x000006d2       0x12 /home/acer-b/Mrogram/atinom/TOOLCHAIN/bin/../lib/gcc/arm-elf/4.1.0/thumb/interwork/libgcc.a(_unpack_sf.o)
 .comment       0x000006e4       0x12 /home/acer-b/Mrogram/atinom/TOOLCHAIN/bin/../lib/gcc/arm-elf/4.1.0/thumb/interwork/libgcc.a(_make_sf.o)
 .comment       0x000006f6       0x12 /home/acer-b/Mrogram/atinom/TOOLCHAIN/bin/../lib/gcc/arm-elf/4.1.0/thumb/interwork/libgcc.a(_pack_df.o)
 .comment       0x00000708       0x12 /home/acer-b/Mrogram/atinom/TOOLCHAIN/bin/../lib/gcc/arm-elf/4.1.0/thumb/interwork/libgcc.a(_unpack_df.o)
 .comment       0x0000071a       0x12 /home/acer-b/Mrogram/atinom/TOOLCHAIN/bin/../lib/gcc/arm-elf/4.1.0/thumb/interwork/libgcc.a(_fpcmp_parts_df.o)

.debug_abbrev   0x00000000     0x5aba
 .debug_abbrev  0x00000000       0x99 /home/acer-b/Mrogram/atinom/TOOLCHAIN/bin/../lib/gcc/arm-elf/4.1.0/../../../../arm-elf/lib/thumb/interwork/libc.a(memcpy.o)
 .debug_abbrev  0x00000099       0x9a /home/acer-b/Mrogram/atinom/TOOLCHAIN/bin/../lib/gcc/arm-elf/4.1.0/../../../../arm-elf/lib/thumb/interwork/libc.a(memset.o)
 .debug_abbrev  0x00000133      0x1a2 /home/acer-b/Mrogram/atinom/TOOLCHAIN/bin/../lib/gcc/arm-elf/4.1.0/../../../../arm-elf/lib/thumb/interwork/libc.a(snprintf.o)
 .debug_abbrev  0x000002d5      0x193 /home/acer-b/Mrogram/atinom/TOOLCHAIN/bin/../lib/gcc/arm-elf/4.1.0/../../../../arm-elf/lib/thumb/interwork/libc.a(sprintf.o)
 .debug_abbrev  0x00000468       0x87 /home/acer-b/Mrogram/atinom/TOOLCHAIN/bin/../lib/gcc/arm-elf/4.1.0/../../../../arm-elf/lib/thumb/interwork/libc.a(strcat.o)
 .debug_abbrev  0x000004ef       0x8f /home/acer-b/Mrogram/atinom/TOOLCHAIN/bin/../lib/gcc/arm-elf/4.1.0/../../../../arm-elf/lib/thumb/interwork/libc.a(strchr.o)
 .debug_abbrev  0x0000057e       0x71 /home/acer-b/Mrogram/atinom/TOOLCHAIN/bin/../lib/gcc/arm-elf/4.1.0/../../../../arm-elf/lib/thumb/interwork/libc.a(strcmp.o)
 .debug_abbrev  0x000005ef       0x80 /home/acer-b/Mrogram/atinom/TOOLCHAIN/bin/../lib/gcc/arm-elf/4.1.0/../../../../arm-elf/lib/thumb/interwork/libc.a(strcpy.o)
 .debug_abbrev  0x0000066f       0x8b /home/acer-b/Mrogram/atinom/TOOLCHAIN/bin/../lib/gcc/arm-elf/4.1.0/../../../../arm-elf/lib/thumb/interwork/libc.a(strlen.o)
 .debug_abbrev  0x000006fa       0x7e /home/acer-b/Mrogram/atinom/TOOLCHAIN/bin/../lib/gcc/arm-elf/4.1.0/../../../../arm-elf/lib/thumb/interwork/libc.a(strncmp.o)
 .debug_abbrev  0x00000778       0x8d /home/acer-b/Mrogram/atinom/TOOLCHAIN/bin/../lib/gcc/arm-elf/4.1.0/../../../../arm-elf/lib/thumb/interwork/libc.a(strncpy.o)
 .debug_abbrev  0x00000805       0x6f /home/acer-b/Mrogram/atinom/TOOLCHAIN/bin/../lib/gcc/arm-elf/4.1.0/../../../../arm-elf/lib/thumb/interwork/libc.a(strrchr.o)
 .debug_abbrev  0x00000874      0x356 /home/acer-b/Mrogram/atinom/TOOLCHAIN/bin/../lib/gcc/arm-elf/4.1.0/../../../../arm-elf/lib/thumb/interwork/libc.a(vfprintf.o)
 .debug_abbrev  0x00000bca      0x17f /home/acer-b/Mrogram/atinom/TOOLCHAIN/bin/../lib/gcc/arm-elf/4.1.0/../../../../arm-elf/lib/thumb/interwork/libc.a(vsprintf.o)
 .debug_abbrev  0x00000d49      0x18e /home/acer-b/Mrogram/atinom/TOOLCHAIN/bin/../lib/gcc/arm-elf/4.1.0/../../../../arm-elf/lib/thumb/interwork/libc.a(wcrtomb.o)
 .debug_abbrev  0x00000ed7      0x1a4 /home/acer-b/Mrogram/atinom/TOOLCHAIN/bin/../lib/gcc/arm-elf/4.1.0/../../../../arm-elf/lib/thumb/interwork/libc.a(wcsrtombs.o)
 .debug_abbrev  0x0000107b      0x1ab /home/acer-b/Mrogram/atinom/TOOLCHAIN/bin/../lib/gcc/arm-elf/4.1.0/../../../../arm-elf/lib/thumb/interwork/libc.a(wctomb_r.o)
 .debug_abbrev  0x00001226      0x170 /home/acer-b/Mrogram/atinom/TOOLCHAIN/bin/../lib/gcc/arm-elf/4.1.0/../../../../arm-elf/lib/thumb/interwork/libc.a(wsetup.o)
 .debug_abbrev  0x00001396      0x214 /home/acer-b/Mrogram/atinom/TOOLCHAIN/bin/../lib/gcc/arm-elf/4.1.0/../../../../arm-elf/lib/thumb/interwork/libc.a(dtoa.o)
 .debug_abbrev  0x000015aa      0x17f /home/acer-b/Mrogram/atinom/TOOLCHAIN/bin/../lib/gcc/arm-elf/4.1.0/../../../../arm-elf/lib/thumb/interwork/libc.a(fflush.o)
 .debug_abbrev  0x00001729      0x24a /home/acer-b/Mrogram/atinom/TOOLCHAIN/bin/../lib/gcc/arm-elf/4.1.0/../../../../arm-elf/lib/thumb/interwork/libc.a(findfp.o)
 .debug_abbrev  0x00001973      0x1d9 /home/acer-b/Mrogram/atinom/TOOLCHAIN/bin/../lib/gcc/arm-elf/4.1.0/../../../../arm-elf/lib/thumb/interwork/libc.a(freer.o)
 .debug_abbrev  0x00001b4c      0x1b4 /home/acer-b/Mrogram/atinom/TOOLCHAIN/bin/../lib/gcc/arm-elf/4.1.0/../../../../arm-elf/lib/thumb/interwork/libc.a(fvwrite.o)
 .debug_abbrev  0x00001d00      0x1e3 /home/acer-b/Mrogram/atinom/TOOLCHAIN/bin/../lib/gcc/arm-elf/4.1.0/../../../../arm-elf/lib/thumb/interwork/libc.a(fwalk.o)
 .debug_abbrev  0x00001ee3      0x157 /home/acer-b/Mrogram/atinom/TOOLCHAIN/bin/../lib/gcc/arm-elf/4.1.0/../../../../arm-elf/lib/thumb/interwork/libc.a(impure.o)
 .debug_abbrev  0x0000203a      0x20e /home/acer-b/Mrogram/atinom/TOOLCHAIN/bin/../lib/gcc/arm-elf/4.1.0/../../../../arm-elf/lib/thumb/interwork/libc.a(locale.o)
 .debug_abbrev  0x00002248      0x1a8 /home/acer-b/Mrogram/atinom/TOOLCHAIN/bin/../lib/gcc/arm-elf/4.1.0/../../../../arm-elf/lib/thumb/interwork/libc.a(makebuf.o)
 .debug_abbrev  0x000023f0      0x216 /home/acer-b/Mrogram/atinom/TOOLCHAIN/bin/../lib/gcc/arm-elf/4.1.0/../../../../arm-elf/lib/thumb/interwork/libc.a(mallocr.o)
 .debug_abbrev  0x00002606       0xb5 /home/acer-b/Mrogram/atinom/TOOLCHAIN/bin/../lib/gcc/arm-elf/4.1.0/../../../../arm-elf/lib/thumb/interwork/libc.a(memchr.o)
 .debug_abbrev  0x000026bb       0x99 /home/acer-b/Mrogram/atinom/TOOLCHAIN/bin/../lib/gcc/arm-elf/4.1.0/../../../../arm-elf/lib/thumb/interwork/libc.a(memmove.o)
 .debug_abbrev  0x00002754      0x16a /home/acer-b/Mrogram/atinom/TOOLCHAIN/bin/../lib/gcc/arm-elf/4.1.0/../../../../arm-elf/lib/thumb/interwork/libc.a(mlock.o)
 .debug_abbrev  0x000028be      0x262 /home/acer-b/Mrogram/atinom/TOOLCHAIN/bin/../lib/gcc/arm-elf/4.1.0/../../../../arm-elf/lib/thumb/interwork/libc.a(mprec.o)
 .debug_abbrev  0x00002b20      0x1c3 /home/acer-b/Mrogram/atinom/TOOLCHAIN/bin/../lib/gcc/arm-elf/4.1.0/../../../../arm-elf/lib/thumb/interwork/libc.a(reallocr.o)
 .debug_abbrev  0x00002ce3       0x79 /home/acer-b/Mrogram/atinom/TOOLCHAIN/bin/../lib/gcc/arm-elf/4.1.0/../../../../arm-elf/lib/thumb/interwork/libc.a(s_isinf.o)
 .debug_abbrev  0x00002d5c       0x79 /home/acer-b/Mrogram/atinom/TOOLCHAIN/bin/../lib/gcc/arm-elf/4.1.0/../../../../arm-elf/lib/thumb/interwork/libc.a(s_isnan.o)
 .debug_abbrev  0x00002dd5      0x1aa /home/acer-b/Mrogram/atinom/TOOLCHAIN/bin/../lib/gcc/arm-elf/4.1.0/../../../../arm-elf/lib/thumb/interwork/libc.a(stdio.o)
 .debug_abbrev  0x00002f7f      0x3e4 /home/acer-b/Mrogram/atinom/TOOLCHAIN/bin/../lib/gcc/arm-elf/4.1.0/../../../../arm-elf/lib/thumb/interwork/libc.a(syscalls.o)
 .debug_abbrev  0x00003363      0x1af /home/acer-b/Mrogram/atinom/TOOLCHAIN/bin/../lib/gcc/arm-elf/4.1.0/../../../../arm-elf/lib/thumb/interwork/libc.a(callocr.o)
 .debug_abbrev  0x00003512      0x15f /home/acer-b/Mrogram/atinom/TOOLCHAIN/bin/../lib/gcc/arm-elf/4.1.0/../../../../arm-elf/lib/thumb/interwork/libc.a(errno.o)
 .debug_abbrev  0x00003671      0x18e /home/acer-b/Mrogram/atinom/TOOLCHAIN/bin/../lib/gcc/arm-elf/4.1.0/../../../../arm-elf/lib/thumb/interwork/libc.a(fclose.o)
 .debug_abbrev  0x000037ff       0x14 /home/acer-b/Mrogram/atinom/TOOLCHAIN/bin/../lib/gcc/arm-elf/4.1.0/thumb/interwork/libgcc.a(_udivsi3.o)
 .debug_abbrev  0x00003813       0x14 /home/acer-b/Mrogram/atinom/TOOLCHAIN/bin/../lib/gcc/arm-elf/4.1.0/thumb/interwork/libgcc.a(_divsi3.o)
 .debug_abbrev  0x00003827       0x14 /home/acer-b/Mrogram/atinom/TOOLCHAIN/bin/../lib/gcc/arm-elf/4.1.0/thumb/interwork/libgcc.a(_umodsi3.o)
 .debug_abbrev  0x0000383b       0x14 /home/acer-b/Mrogram/atinom/TOOLCHAIN/bin/../lib/gcc/arm-elf/4.1.0/thumb/interwork/libgcc.a(_modsi3.o)
 .debug_abbrev  0x0000384f       0x14 /home/acer-b/Mrogram/atinom/TOOLCHAIN/bin/../lib/gcc/arm-elf/4.1.0/thumb/interwork/libgcc.a(_dvmd_tls.o)
 .debug_abbrev  0x00003863      0x1a8 /home/acer-b/Mrogram/atinom/TOOLCHAIN/bin/../lib/gcc/arm-elf/4.1.0/thumb/interwork/libgcc.a(_addsub_sf.o)
 .debug_abbrev  0x00003a0b      0x1e7 /home/acer-b/Mrogram/atinom/TOOLCHAIN/bin/../lib/gcc/arm-elf/4.1.0/thumb/interwork/libgcc.a(_mul_sf.o)
 .debug_abbrev  0x00003bf2      0x1d9 /home/acer-b/Mrogram/atinom/TOOLCHAIN/bin/../lib/gcc/arm-elf/4.1.0/thumb/interwork/libgcc.a(_div_sf.o)
 .debug_abbrev  0x00003dcb       0xf1 /home/acer-b/Mrogram/atinom/TOOLCHAIN/bin/../lib/gcc/arm-elf/4.1.0/thumb/interwork/libgcc.a(_si_to_sf.o)
 .debug_abbrev  0x00003ebc      0x128 /home/acer-b/Mrogram/atinom/TOOLCHAIN/bin/../lib/gcc/arm-elf/4.1.0/thumb/interwork/libgcc.a(_sf_to_df.o)
 .debug_abbrev  0x00003fe4       0xba /home/acer-b/Mrogram/atinom/TOOLCHAIN/bin/../lib/gcc/arm-elf/4.1.0/thumb/interwork/libgcc.a(_thenan_sf.o)
 .debug_abbrev  0x0000409e      0x1a8 /home/acer-b/Mrogram/atinom/TOOLCHAIN/bin/../lib/gcc/arm-elf/4.1.0/thumb/interwork/libgcc.a(_addsub_df.o)
 .debug_abbrev  0x00004246      0x1e7 /home/acer-b/Mrogram/atinom/TOOLCHAIN/bin/../lib/gcc/arm-elf/4.1.0/thumb/interwork/libgcc.a(_mul_df.o)
 .debug_abbrev  0x0000442d      0x1d9 /home/acer-b/Mrogram/atinom/TOOLCHAIN/bin/../lib/gcc/arm-elf/4.1.0/thumb/interwork/libgcc.a(_div_df.o)
 .debug_abbrev  0x00004606      0x157 /home/acer-b/Mrogram/atinom/TOOLCHAIN/bin/../lib/gcc/arm-elf/4.1.0/thumb/interwork/libgcc.a(_eq_df.o)
 .debug_abbrev  0x0000475d      0x157 /home/acer-b/Mrogram/atinom/TOOLCHAIN/bin/../lib/gcc/arm-elf/4.1.0/thumb/interwork/libgcc.a(_ne_df.o)
 .debug_abbrev  0x000048b4      0x157 /home/acer-b/Mrogram/atinom/TOOLCHAIN/bin/../lib/gcc/arm-elf/4.1.0/thumb/interwork/libgcc.a(_gt_df.o)
 .debug_abbrev  0x00004a0b      0x157 /home/acer-b/Mrogram/atinom/TOOLCHAIN/bin/../lib/gcc/arm-elf/4.1.0/thumb/interwork/libgcc.a(_ge_df.o)
 .debug_abbrev  0x00004b62      0x157 /home/acer-b/Mrogram/atinom/TOOLCHAIN/bin/../lib/gcc/arm-elf/4.1.0/thumb/interwork/libgcc.a(_lt_df.o)
 .debug_abbrev  0x00004cb9       0xf1 /home/acer-b/Mrogram/atinom/TOOLCHAIN/bin/../lib/gcc/arm-elf/4.1.0/thumb/interwork/libgcc.a(_si_to_df.o)
 .debug_abbrev  0x00004daa      0x166 /home/acer-b/Mrogram/atinom/TOOLCHAIN/bin/../lib/gcc/arm-elf/4.1.0/thumb/interwork/libgcc.a(_df_to_si.o)
 .debug_abbrev  0x00004f10      0x10f /home/acer-b/Mrogram/atinom/TOOLCHAIN/bin/../lib/gcc/arm-elf/4.1.0/thumb/interwork/libgcc.a(_make_df.o)
 .debug_abbrev  0x0000501f      0x137 /home/acer-b/Mrogram/atinom/TOOLCHAIN/bin/../lib/gcc/arm-elf/4.1.0/thumb/interwork/libgcc.a(_df_to_sf.o)
 .debug_abbrev  0x00005156       0xba /home/acer-b/Mrogram/atinom/TOOLCHAIN/bin/../lib/gcc/arm-elf/4.1.0/thumb/interwork/libgcc.a(_thenan_df.o)
 .debug_abbrev  0x00005210       0xec /home/acer-b/Mrogram/atinom/TOOLCHAIN/bin/../lib/gcc/arm-elf/4.1.0/thumb/interwork/libgcc.a(_muldi3.o)
 .debug_abbrev  0x000052fc      0x17a /home/acer-b/Mrogram/atinom/TOOLCHAIN/bin/../lib/gcc/arm-elf/4.1.0/thumb/interwork/libgcc.a(_pack_sf.o)
 .debug_abbrev  0x00005476      0x158 /home/acer-b/Mrogram/atinom/TOOLCHAIN/bin/../lib/gcc/arm-elf/4.1.0/thumb/interwork/libgcc.a(_unpack_sf.o)
 .debug_abbrev  0x000055ce      0x100 /home/acer-b/Mrogram/atinom/TOOLCHAIN/bin/../lib/gcc/arm-elf/4.1.0/thumb/interwork/libgcc.a(_make_sf.o)
 .debug_abbrev  0x000056ce      0x192 /home/acer-b/Mrogram/atinom/TOOLCHAIN/bin/../lib/gcc/arm-elf/4.1.0/thumb/interwork/libgcc.a(_pack_df.o)
 .debug_abbrev  0x00005860      0x149 /home/acer-b/Mrogram/atinom/TOOLCHAIN/bin/../lib/gcc/arm-elf/4.1.0/thumb/interwork/libgcc.a(_unpack_df.o)
 .debug_abbrev  0x000059a9      0x111 /home/acer-b/Mrogram/atinom/TOOLCHAIN/bin/../lib/gcc/arm-elf/4.1.0/thumb/interwork/libgcc.a(_fpcmp_parts_df.o)

.debug_info     0x00000000    0x181e8
 .debug_info    0x00000000      0x10e /home/acer-b/Mrogram/atinom/TOOLCHAIN/bin/../lib/gcc/arm-elf/4.1.0/../../../../arm-elf/lib/thumb/interwork/libc.a(memcpy.o)
 .debug_info    0x0000010e      0x112 /home/acer-b/Mrogram/atinom/TOOLCHAIN/bin/../lib/gcc/arm-elf/4.1.0/../../../../arm-elf/lib/thumb/interwork/libc.a(memset.o)
 .debug_info    0x00000220      0xa22 /home/acer-b/Mrogram/atinom/TOOLCHAIN/bin/../lib/gcc/arm-elf/4.1.0/../../../../arm-elf/lib/thumb/interwork/libc.a(snprintf.o)
 .debug_info    0x00000c42      0xa02 /home/acer-b/Mrogram/atinom/TOOLCHAIN/bin/../lib/gcc/arm-elf/4.1.0/../../../../arm-elf/lib/thumb/interwork/libc.a(sprintf.o)
 .debug_info    0x00001644       0xe6 /home/acer-b/Mrogram/atinom/TOOLCHAIN/bin/../lib/gcc/arm-elf/4.1.0/../../../../arm-elf/lib/thumb/interwork/libc.a(strcat.o)
 .debug_info    0x0000172a      0x111 /home/acer-b/Mrogram/atinom/TOOLCHAIN/bin/../lib/gcc/arm-elf/4.1.0/../../../../arm-elf/lib/thumb/interwork/libc.a(strchr.o)
 .debug_info    0x0000183b       0xda /home/acer-b/Mrogram/atinom/TOOLCHAIN/bin/../lib/gcc/arm-elf/4.1.0/../../../../arm-elf/lib/thumb/interwork/libc.a(strcmp.o)
 .debug_info    0x00001915      0x10d /home/acer-b/Mrogram/atinom/TOOLCHAIN/bin/../lib/gcc/arm-elf/4.1.0/../../../../arm-elf/lib/thumb/interwork/libc.a(strcpy.o)
 .debug_info    0x00001a22       0xd6 /home/acer-b/Mrogram/atinom/TOOLCHAIN/bin/../lib/gcc/arm-elf/4.1.0/../../../../arm-elf/lib/thumb/interwork/libc.a(strlen.o)
 .debug_info    0x00001af8       0xf2 /home/acer-b/Mrogram/atinom/TOOLCHAIN/bin/../lib/gcc/arm-elf/4.1.0/../../../../arm-elf/lib/thumb/interwork/libc.a(strncmp.o)
 .debug_info    0x00001bea      0x127 /home/acer-b/Mrogram/atinom/TOOLCHAIN/bin/../lib/gcc/arm-elf/4.1.0/../../../../arm-elf/lib/thumb/interwork/libc.a(strncpy.o)
 .debug_info    0x00001d11       0xc7 /home/acer-b/Mrogram/atinom/TOOLCHAIN/bin/../lib/gcc/arm-elf/4.1.0/../../../../arm-elf/lib/thumb/interwork/libc.a(strrchr.o)
 .debug_info    0x00001dd8     0x10eb /home/acer-b/Mrogram/atinom/TOOLCHAIN/bin/../lib/gcc/arm-elf/4.1.0/../../../../arm-elf/lib/thumb/interwork/libc.a(vfprintf.o)
 .debug_info    0x00002ec3      0x9f7 /home/acer-b/Mrogram/atinom/TOOLCHAIN/bin/../lib/gcc/arm-elf/4.1.0/../../../../arm-elf/lib/thumb/interwork/libc.a(vsprintf.o)
 .debug_info    0x000038ba      0x9ef /home/acer-b/Mrogram/atinom/TOOLCHAIN/bin/../lib/gcc/arm-elf/4.1.0/../../../../arm-elf/lib/thumb/interwork/libc.a(wcrtomb.o)
 .debug_info    0x000042a9      0xa84 /home/acer-b/Mrogram/atinom/TOOLCHAIN/bin/../lib/gcc/arm-elf/4.1.0/../../../../arm-elf/lib/thumb/interwork/libc.a(wcsrtombs.o)
 .debug_info    0x00004d2d      0x9f7 /home/acer-b/Mrogram/atinom/TOOLCHAIN/bin/../lib/gcc/arm-elf/4.1.0/../../../../arm-elf/lib/thumb/interwork/libc.a(wctomb_r.o)
 .debug_info    0x00005724      0x93a /home/acer-b/Mrogram/atinom/TOOLCHAIN/bin/../lib/gcc/arm-elf/4.1.0/../../../../arm-elf/lib/thumb/interwork/libc.a(wsetup.o)
 .debug_info    0x0000605e      0xd65 /home/acer-b/Mrogram/atinom/TOOLCHAIN/bin/../lib/gcc/arm-elf/4.1.0/../../../../arm-elf/lib/thumb/interwork/libc.a(dtoa.o)
 .debug_info    0x00006dc3      0x974 /home/acer-b/Mrogram/atinom/TOOLCHAIN/bin/../lib/gcc/arm-elf/4.1.0/../../../../arm-elf/lib/thumb/interwork/libc.a(fflush.o)
 .debug_info    0x00007737      0xb67 /home/acer-b/Mrogram/atinom/TOOLCHAIN/bin/../lib/gcc/arm-elf/4.1.0/../../../../arm-elf/lib/thumb/interwork/libc.a(findfp.o)
 .debug_info    0x0000829e      0xbb5 /home/acer-b/Mrogram/atinom/TOOLCHAIN/bin/../lib/gcc/arm-elf/4.1.0/../../../../arm-elf/lib/thumb/interwork/libc.a(freer.o)
 .debug_info    0x00008e53      0xa5f /home/acer-b/Mrogram/atinom/TOOLCHAIN/bin/../lib/gcc/arm-elf/4.1.0/../../../../arm-elf/lib/thumb/interwork/libc.a(fvwrite.o)
 .debug_info    0x000098b2      0xad9 /home/acer-b/Mrogram/atinom/TOOLCHAIN/bin/../lib/gcc/arm-elf/4.1.0/../../../../arm-elf/lib/thumb/interwork/libc.a(fwalk.o)
 .debug_info    0x0000a38b      0x922 /home/acer-b/Mrogram/atinom/TOOLCHAIN/bin/../lib/gcc/arm-elf/4.1.0/../../../../arm-elf/lib/thumb/interwork/libc.a(impure.o)
 .debug_info    0x0000acad      0xb82 /home/acer-b/Mrogram/atinom/TOOLCHAIN/bin/../lib/gcc/arm-elf/4.1.0/../../../../arm-elf/lib/thumb/interwork/libc.a(locale.o)
 .debug_info    0x0000b82f      0xad9 /home/acer-b/Mrogram/atinom/TOOLCHAIN/bin/../lib/gcc/arm-elf/4.1.0/../../../../arm-elf/lib/thumb/interwork/libc.a(makebuf.o)
 .debug_info    0x0000c308      0xcbc /home/acer-b/Mrogram/atinom/TOOLCHAIN/bin/../lib/gcc/arm-elf/4.1.0/../../../../arm-elf/lib/thumb/interwork/libc.a(mallocr.o)
 .debug_info    0x0000cfc4      0x133 /home/acer-b/Mrogram/atinom/TOOLCHAIN/bin/../lib/gcc/arm-elf/4.1.0/../../../../arm-elf/lib/thumb/interwork/libc.a(memchr.o)
 .debug_info    0x0000d0f7      0x13f /home/acer-b/Mrogram/atinom/TOOLCHAIN/bin/../lib/gcc/arm-elf/4.1.0/../../../../arm-elf/lib/thumb/interwork/libc.a(memmove.o)
 .debug_info    0x0000d236      0x93c /home/acer-b/Mrogram/atinom/TOOLCHAIN/bin/../lib/gcc/arm-elf/4.1.0/../../../../arm-elf/lib/thumb/interwork/libc.a(mlock.o)
 .debug_info    0x0000db72     0x1336 /home/acer-b/Mrogram/atinom/TOOLCHAIN/bin/../lib/gcc/arm-elf/4.1.0/../../../../arm-elf/lib/thumb/interwork/libc.a(mprec.o)
 .debug_info    0x0000eea8      0xbc7 /home/acer-b/Mrogram/atinom/TOOLCHAIN/bin/../lib/gcc/arm-elf/4.1.0/../../../../arm-elf/lib/thumb/interwork/libc.a(reallocr.o)
 .debug_info    0x0000fa6f       0xd7 /home/acer-b/Mrogram/atinom/TOOLCHAIN/bin/../lib/gcc/arm-elf/4.1.0/../../../../arm-elf/lib/thumb/interwork/libc.a(s_isinf.o)
 .debug_info    0x0000fb46       0xd5 /home/acer-b/Mrogram/atinom/TOOLCHAIN/bin/../lib/gcc/arm-elf/4.1.0/../../../../arm-elf/lib/thumb/interwork/libc.a(s_isnan.o)
 .debug_info    0x0000fc1b      0xa74 /home/acer-b/Mrogram/atinom/TOOLCHAIN/bin/../lib/gcc/arm-elf/4.1.0/../../../../arm-elf/lib/thumb/interwork/libc.a(stdio.o)
 .debug_info    0x0001068f     0x15d2 /home/acer-b/Mrogram/atinom/TOOLCHAIN/bin/../lib/gcc/arm-elf/4.1.0/../../../../arm-elf/lib/thumb/interwork/libc.a(syscalls.o)
 .debug_info    0x00011c61      0xa03 /home/acer-b/Mrogram/atinom/TOOLCHAIN/bin/../lib/gcc/arm-elf/4.1.0/../../../../arm-elf/lib/thumb/interwork/libc.a(callocr.o)
 .debug_info    0x00012664      0x913 /home/acer-b/Mrogram/atinom/TOOLCHAIN/bin/../lib/gcc/arm-elf/4.1.0/../../../../arm-elf/lib/thumb/interwork/libc.a(errno.o)
 .debug_info    0x00012f77      0x982 /home/acer-b/Mrogram/atinom/TOOLCHAIN/bin/../lib/gcc/arm-elf/4.1.0/../../../../arm-elf/lib/thumb/interwork/libc.a(fclose.o)
 .debug_info    0x000138f9       0x88 /home/acer-b/Mrogram/atinom/TOOLCHAIN/bin/../lib/gcc/arm-elf/4.1.0/thumb/interwork/libgcc.a(_udivsi3.o)
 .debug_info    0x00013981       0x88 /home/acer-b/Mrogram/atinom/TOOLCHAIN/bin/../lib/gcc/arm-elf/4.1.0/thumb/interwork/libgcc.a(_divsi3.o)
 .debug_info    0x00013a09       0x88 /home/acer-b/Mrogram/atinom/TOOLCHAIN/bin/../lib/gcc/arm-elf/4.1.0/thumb/interwork/libgcc.a(_umodsi3.o)
 .debug_info    0x00013a91       0x88 /home/acer-b/Mrogram/atinom/TOOLCHAIN/bin/../lib/gcc/arm-elf/4.1.0/thumb/interwork/libgcc.a(_modsi3.o)
 .debug_info    0x00013b19       0x88 /home/acer-b/Mrogram/atinom/TOOLCHAIN/bin/../lib/gcc/arm-elf/4.1.0/thumb/interwork/libgcc.a(_dvmd_tls.o)
 .debug_info    0x00013ba1      0x46f /home/acer-b/Mrogram/atinom/TOOLCHAIN/bin/../lib/gcc/arm-elf/4.1.0/thumb/interwork/libgcc.a(_addsub_sf.o)
 .debug_info    0x00014010      0x3bf /home/acer-b/Mrogram/atinom/TOOLCHAIN/bin/../lib/gcc/arm-elf/4.1.0/thumb/interwork/libgcc.a(_mul_sf.o)
 .debug_info    0x000143cf      0x3a0 /home/acer-b/Mrogram/atinom/TOOLCHAIN/bin/../lib/gcc/arm-elf/4.1.0/thumb/interwork/libgcc.a(_div_sf.o)
 .debug_info    0x0001476f      0x1bd /home/acer-b/Mrogram/atinom/TOOLCHAIN/bin/../lib/gcc/arm-elf/4.1.0/thumb/interwork/libgcc.a(_si_to_sf.o)
 .debug_info    0x0001492c      0x245 /home/acer-b/Mrogram/atinom/TOOLCHAIN/bin/../lib/gcc/arm-elf/4.1.0/thumb/interwork/libgcc.a(_sf_to_df.o)
 .debug_info    0x00014b71      0x164 /home/acer-b/Mrogram/atinom/TOOLCHAIN/bin/../lib/gcc/arm-elf/4.1.0/thumb/interwork/libgcc.a(_thenan_sf.o)
 .debug_info    0x00014cd5      0x47d /home/acer-b/Mrogram/atinom/TOOLCHAIN/bin/../lib/gcc/arm-elf/4.1.0/thumb/interwork/libgcc.a(_addsub_df.o)
 .debug_info    0x00015152      0x473 /home/acer-b/Mrogram/atinom/TOOLCHAIN/bin/../lib/gcc/arm-elf/4.1.0/thumb/interwork/libgcc.a(_mul_df.o)
 .debug_info    0x000155c5      0x3ad /home/acer-b/Mrogram/atinom/TOOLCHAIN/bin/../lib/gcc/arm-elf/4.1.0/thumb/interwork/libgcc.a(_div_df.o)
 .debug_info    0x00015972      0x2aa /home/acer-b/Mrogram/atinom/TOOLCHAIN/bin/../lib/gcc/arm-elf/4.1.0/thumb/interwork/libgcc.a(_eq_df.o)
 .debug_info    0x00015c1c      0x2aa /home/acer-b/Mrogram/atinom/TOOLCHAIN/bin/../lib/gcc/arm-elf/4.1.0/thumb/interwork/libgcc.a(_ne_df.o)
 .debug_info    0x00015ec6      0x2aa /home/acer-b/Mrogram/atinom/TOOLCHAIN/bin/../lib/gcc/arm-elf/4.1.0/thumb/interwork/libgcc.a(_gt_df.o)
 .debug_info    0x00016170      0x2aa /home/acer-b/Mrogram/atinom/TOOLCHAIN/bin/../lib/gcc/arm-elf/4.1.0/thumb/interwork/libgcc.a(_ge_df.o)
 .debug_info    0x0001641a      0x2aa /home/acer-b/Mrogram/atinom/TOOLCHAIN/bin/../lib/gcc/arm-elf/4.1.0/thumb/interwork/libgcc.a(_lt_df.o)
 .debug_info    0x000166c4      0x1bd /home/acer-b/Mrogram/atinom/TOOLCHAIN/bin/../lib/gcc/arm-elf/4.1.0/thumb/interwork/libgcc.a(_si_to_df.o)
 .debug_info    0x00016881      0x2de /home/acer-b/Mrogram/atinom/TOOLCHAIN/bin/../lib/gcc/arm-elf/4.1.0/thumb/interwork/libgcc.a(_df_to_si.o)
 .debug_info    0x00016b5f      0x1d6 /home/acer-b/Mrogram/atinom/TOOLCHAIN/bin/../lib/gcc/arm-elf/4.1.0/thumb/interwork/libgcc.a(_make_df.o)
 .debug_info    0x00016d35      0x261 /home/acer-b/Mrogram/atinom/TOOLCHAIN/bin/../lib/gcc/arm-elf/4.1.0/thumb/interwork/libgcc.a(_df_to_sf.o)
 .debug_info    0x00016f96      0x164 /home/acer-b/Mrogram/atinom/TOOLCHAIN/bin/../lib/gcc/arm-elf/4.1.0/thumb/interwork/libgcc.a(_thenan_df.o)
 .debug_info    0x000170fa      0x207 /home/acer-b/Mrogram/atinom/TOOLCHAIN/bin/../lib/gcc/arm-elf/4.1.0/thumb/interwork/libgcc.a(_muldi3.o)
 .debug_info    0x00017301      0x301 /home/acer-b/Mrogram/atinom/TOOLCHAIN/bin/../lib/gcc/arm-elf/4.1.0/thumb/interwork/libgcc.a(_pack_sf.o)
 .debug_info    0x00017602      0x25a /home/acer-b/Mrogram/atinom/TOOLCHAIN/bin/../lib/gcc/arm-elf/4.1.0/thumb/interwork/libgcc.a(_unpack_sf.o)
 .debug_info    0x0001785c      0x1d7 /home/acer-b/Mrogram/atinom/TOOLCHAIN/bin/../lib/gcc/arm-elf/4.1.0/thumb/interwork/libgcc.a(_make_sf.o)
 .debug_info    0x00017a33      0x323 /home/acer-b/Mrogram/atinom/TOOLCHAIN/bin/../lib/gcc/arm-elf/4.1.0/thumb/interwork/libgcc.a(_pack_df.o)
 .debug_info    0x00017d56      0x27a /home/acer-b/Mrogram/atinom/TOOLCHAIN/bin/../lib/gcc/arm-elf/4.1.0/thumb/interwork/libgcc.a(_unpack_df.o)
 .debug_info    0x00017fd0      0x218 /home/acer-b/Mrogram/atinom/TOOLCHAIN/bin/../lib/gcc/arm-elf/4.1.0/thumb/interwork/libgcc.a(_fpcmp_parts_df.o)

.debug_line     0x00000000     0x4ea1
 .debug_line    0x00000000       0xc9 /home/acer-b/Mrogram/atinom/TOOLCHAIN/bin/../lib/gcc/arm-elf/4.1.0/../../../../arm-elf/lib/thumb/interwork/libc.a(memcpy.o)
 .debug_line    0x000000c9       0xd5 /home/acer-b/Mrogram/atinom/TOOLCHAIN/bin/../lib/gcc/arm-elf/4.1.0/../../../../arm-elf/lib/thumb/interwork/libc.a(memset.o)
 .debug_line    0x0000019e      0x1a7 /home/acer-b/Mrogram/atinom/TOOLCHAIN/bin/../lib/gcc/arm-elf/4.1.0/../../../../arm-elf/lib/thumb/interwork/libc.a(snprintf.o)
 .debug_line    0x00000345      0x1a6 /home/acer-b/Mrogram/atinom/TOOLCHAIN/bin/../lib/gcc/arm-elf/4.1.0/../../../../arm-elf/lib/thumb/interwork/libc.a(sprintf.o)
 .debug_line    0x000004eb       0x87 /home/acer-b/Mrogram/atinom/TOOLCHAIN/bin/../lib/gcc/arm-elf/4.1.0/../../../../arm-elf/lib/thumb/interwork/libc.a(strcat.o)
 .debug_line    0x00000572       0x8f /home/acer-b/Mrogram/atinom/TOOLCHAIN/bin/../lib/gcc/arm-elf/4.1.0/../../../../arm-elf/lib/thumb/interwork/libc.a(strchr.o)
 .debug_line    0x00000601       0x8c /home/acer-b/Mrogram/atinom/TOOLCHAIN/bin/../lib/gcc/arm-elf/4.1.0/../../../../arm-elf/lib/thumb/interwork/libc.a(strcmp.o)
 .debug_line    0x0000068d       0x85 /home/acer-b/Mrogram/atinom/TOOLCHAIN/bin/../lib/gcc/arm-elf/4.1.0/../../../../arm-elf/lib/thumb/interwork/libc.a(strcpy.o)
 .debug_line    0x00000712       0xb8 /home/acer-b/Mrogram/atinom/TOOLCHAIN/bin/../lib/gcc/arm-elf/4.1.0/../../../../arm-elf/lib/thumb/interwork/libc.a(strlen.o)
 .debug_line    0x000007ca       0xd7 /home/acer-b/Mrogram/atinom/TOOLCHAIN/bin/../lib/gcc/arm-elf/4.1.0/../../../../arm-elf/lib/thumb/interwork/libc.a(strncmp.o)
 .debug_line    0x000008a1       0xd0 /home/acer-b/Mrogram/atinom/TOOLCHAIN/bin/../lib/gcc/arm-elf/4.1.0/../../../../arm-elf/lib/thumb/interwork/libc.a(strncpy.o)
 .debug_line    0x00000971       0x7b /home/acer-b/Mrogram/atinom/TOOLCHAIN/bin/../lib/gcc/arm-elf/4.1.0/../../../../arm-elf/lib/thumb/interwork/libc.a(strrchr.o)
 .debug_line    0x000009ec      0x5a4 /home/acer-b/Mrogram/atinom/TOOLCHAIN/bin/../lib/gcc/arm-elf/4.1.0/../../../../arm-elf/lib/thumb/interwork/libc.a(vfprintf.o)
 .debug_line    0x00000f90      0x18f /home/acer-b/Mrogram/atinom/TOOLCHAIN/bin/../lib/gcc/arm-elf/4.1.0/../../../../arm-elf/lib/thumb/interwork/libc.a(vsprintf.o)
 .debug_line    0x0000111f      0x178 /home/acer-b/Mrogram/atinom/TOOLCHAIN/bin/../lib/gcc/arm-elf/4.1.0/../../../../arm-elf/lib/thumb/interwork/libc.a(wcrtomb.o)
 .debug_line    0x00001297      0x1a5 /home/acer-b/Mrogram/atinom/TOOLCHAIN/bin/../lib/gcc/arm-elf/4.1.0/../../../../arm-elf/lib/thumb/interwork/libc.a(wcsrtombs.o)
 .debug_line    0x0000143c      0x1fb /home/acer-b/Mrogram/atinom/TOOLCHAIN/bin/../lib/gcc/arm-elf/4.1.0/../../../../arm-elf/lib/thumb/interwork/libc.a(wctomb_r.o)
 .debug_line    0x00001637      0x185 /home/acer-b/Mrogram/atinom/TOOLCHAIN/bin/../lib/gcc/arm-elf/4.1.0/../../../../arm-elf/lib/thumb/interwork/libc.a(wsetup.o)
 .debug_line    0x000017bc      0x453 /home/acer-b/Mrogram/atinom/TOOLCHAIN/bin/../lib/gcc/arm-elf/4.1.0/../../../../arm-elf/lib/thumb/interwork/libc.a(dtoa.o)
 .debug_line    0x00001c0f      0x183 /home/acer-b/Mrogram/atinom/TOOLCHAIN/bin/../lib/gcc/arm-elf/4.1.0/../../../../arm-elf/lib/thumb/interwork/libc.a(fflush.o)
 .debug_line    0x00001d92      0x1e4 /home/acer-b/Mrogram/atinom/TOOLCHAIN/bin/../lib/gcc/arm-elf/4.1.0/../../../../arm-elf/lib/thumb/interwork/libc.a(findfp.o)
 .debug_line    0x00001f76      0x185 /home/acer-b/Mrogram/atinom/TOOLCHAIN/bin/../lib/gcc/arm-elf/4.1.0/../../../../arm-elf/lib/thumb/interwork/libc.a(freer.o)
 .debug_line    0x000020fb      0x205 /home/acer-b/Mrogram/atinom/TOOLCHAIN/bin/../lib/gcc/arm-elf/4.1.0/../../../../arm-elf/lib/thumb/interwork/libc.a(fvwrite.o)
 .debug_line    0x00002300      0x198 /home/acer-b/Mrogram/atinom/TOOLCHAIN/bin/../lib/gcc/arm-elf/4.1.0/../../../../arm-elf/lib/thumb/interwork/libc.a(fwalk.o)
 .debug_line    0x00002498      0x104 /home/acer-b/Mrogram/atinom/TOOLCHAIN/bin/../lib/gcc/arm-elf/4.1.0/../../../../arm-elf/lib/thumb/interwork/libc.a(impure.o)
 .debug_line    0x0000259c      0x187 /home/acer-b/Mrogram/atinom/TOOLCHAIN/bin/../lib/gcc/arm-elf/4.1.0/../../../../arm-elf/lib/thumb/interwork/libc.a(locale.o)
 .debug_line    0x00002723      0x1a0 /home/acer-b/Mrogram/atinom/TOOLCHAIN/bin/../lib/gcc/arm-elf/4.1.0/../../../../arm-elf/lib/thumb/interwork/libc.a(makebuf.o)
 .debug_line    0x000028c3      0x255 /home/acer-b/Mrogram/atinom/TOOLCHAIN/bin/../lib/gcc/arm-elf/4.1.0/../../../../arm-elf/lib/thumb/interwork/libc.a(mallocr.o)
 .debug_line    0x00002b18       0xde /home/acer-b/Mrogram/atinom/TOOLCHAIN/bin/../lib/gcc/arm-elf/4.1.0/../../../../arm-elf/lib/thumb/interwork/libc.a(memchr.o)
 .debug_line    0x00002bf6       0xd0 /home/acer-b/Mrogram/atinom/TOOLCHAIN/bin/../lib/gcc/arm-elf/4.1.0/../../../../arm-elf/lib/thumb/interwork/libc.a(memmove.o)
 .debug_line    0x00002cc6      0x116 /home/acer-b/Mrogram/atinom/TOOLCHAIN/bin/../lib/gcc/arm-elf/4.1.0/../../../../arm-elf/lib/thumb/interwork/libc.a(mlock.o)
 .debug_line    0x00002ddc      0x3dd /home/acer-b/Mrogram/atinom/TOOLCHAIN/bin/../lib/gcc/arm-elf/4.1.0/../../../../arm-elf/lib/thumb/interwork/libc.a(mprec.o)
 .debug_line    0x000031b9      0x1be /home/acer-b/Mrogram/atinom/TOOLCHAIN/bin/../lib/gcc/arm-elf/4.1.0/../../../../arm-elf/lib/thumb/interwork/libc.a(reallocr.o)
 .debug_line    0x00003377       0xcb /home/acer-b/Mrogram/atinom/TOOLCHAIN/bin/../lib/gcc/arm-elf/4.1.0/../../../../arm-elf/lib/thumb/interwork/libc.a(s_isinf.o)
 .debug_line    0x00003442       0xcb /home/acer-b/Mrogram/atinom/TOOLCHAIN/bin/../lib/gcc/arm-elf/4.1.0/../../../../arm-elf/lib/thumb/interwork/libc.a(s_isnan.o)
 .debug_line    0x0000350d      0x196 /home/acer-b/Mrogram/atinom/TOOLCHAIN/bin/../lib/gcc/arm-elf/4.1.0/../../../../arm-elf/lib/thumb/interwork/libc.a(stdio.o)
 .debug_line    0x000036a3      0x2e9 /home/acer-b/Mrogram/atinom/TOOLCHAIN/bin/../lib/gcc/arm-elf/4.1.0/../../../../arm-elf/lib/thumb/interwork/libc.a(syscalls.o)
 .debug_line    0x0000398c      0x11f /home/acer-b/Mrogram/atinom/TOOLCHAIN/bin/../lib/gcc/arm-elf/4.1.0/../../../../arm-elf/lib/thumb/interwork/libc.a(callocr.o)
 .debug_line    0x00003aab      0x113 /home/acer-b/Mrogram/atinom/TOOLCHAIN/bin/../lib/gcc/arm-elf/4.1.0/../../../../arm-elf/lib/thumb/interwork/libc.a(errno.o)
 .debug_line    0x00003bbe      0x184 /home/acer-b/Mrogram/atinom/TOOLCHAIN/bin/../lib/gcc/arm-elf/4.1.0/../../../../arm-elf/lib/thumb/interwork/libc.a(fclose.o)
 .debug_line    0x00003d42       0x77 /home/acer-b/Mrogram/atinom/TOOLCHAIN/bin/../lib/gcc/arm-elf/4.1.0/thumb/interwork/libgcc.a(_udivsi3.o)
 .debug_line    0x00003db9       0x83 /home/acer-b/Mrogram/atinom/TOOLCHAIN/bin/../lib/gcc/arm-elf/4.1.0/thumb/interwork/libgcc.a(_divsi3.o)
 .debug_line    0x00003e3c       0x6f /home/acer-b/Mrogram/atinom/TOOLCHAIN/bin/../lib/gcc/arm-elf/4.1.0/thumb/interwork/libgcc.a(_umodsi3.o)
 .debug_line    0x00003eab       0x78 /home/acer-b/Mrogram/atinom/TOOLCHAIN/bin/../lib/gcc/arm-elf/4.1.0/thumb/interwork/libgcc.a(_modsi3.o)
 .debug_line    0x00003f23       0x61 /home/acer-b/Mrogram/atinom/TOOLCHAIN/bin/../lib/gcc/arm-elf/4.1.0/thumb/interwork/libgcc.a(_dvmd_tls.o)
 .debug_line    0x00003f84      0x100 /home/acer-b/Mrogram/atinom/TOOLCHAIN/bin/../lib/gcc/arm-elf/4.1.0/thumb/interwork/libgcc.a(_addsub_sf.o)
 .debug_line    0x00004084       0xd4 /home/acer-b/Mrogram/atinom/TOOLCHAIN/bin/../lib/gcc/arm-elf/4.1.0/thumb/interwork/libgcc.a(_mul_sf.o)
 .debug_line    0x00004158       0xba /home/acer-b/Mrogram/atinom/TOOLCHAIN/bin/../lib/gcc/arm-elf/4.1.0/thumb/interwork/libgcc.a(_div_sf.o)
 .debug_line    0x00004212       0x7e /home/acer-b/Mrogram/atinom/TOOLCHAIN/bin/../lib/gcc/arm-elf/4.1.0/thumb/interwork/libgcc.a(_si_to_sf.o)
 .debug_line    0x00004290       0x68 /home/acer-b/Mrogram/atinom/TOOLCHAIN/bin/../lib/gcc/arm-elf/4.1.0/thumb/interwork/libgcc.a(_sf_to_df.o)
 .debug_line    0x000042f8       0x54 /home/acer-b/Mrogram/atinom/TOOLCHAIN/bin/../lib/gcc/arm-elf/4.1.0/thumb/interwork/libgcc.a(_thenan_sf.o)
 .debug_line    0x0000434c      0x10a /home/acer-b/Mrogram/atinom/TOOLCHAIN/bin/../lib/gcc/arm-elf/4.1.0/thumb/interwork/libgcc.a(_addsub_df.o)
 .debug_line    0x00004456       0xe5 /home/acer-b/Mrogram/atinom/TOOLCHAIN/bin/../lib/gcc/arm-elf/4.1.0/thumb/interwork/libgcc.a(_mul_df.o)
 .debug_line    0x0000453b       0xca /home/acer-b/Mrogram/atinom/TOOLCHAIN/bin/../lib/gcc/arm-elf/4.1.0/thumb/interwork/libgcc.a(_div_df.o)
 .debug_line    0x00004605       0x75 /home/acer-b/Mrogram/atinom/TOOLCHAIN/bin/../lib/gcc/arm-elf/4.1.0/thumb/interwork/libgcc.a(_eq_df.o)
 .debug_line    0x0000467a       0x75 /home/acer-b/Mrogram/atinom/TOOLCHAIN/bin/../lib/gcc/arm-elf/4.1.0/thumb/interwork/libgcc.a(_ne_df.o)
 .debug_line    0x000046ef       0x75 /home/acer-b/Mrogram/atinom/TOOLCHAIN/bin/../lib/gcc/arm-elf/4.1.0/thumb/interwork/libgcc.a(_gt_df.o)
 .debug_line    0x00004764       0x75 /home/acer-b/Mrogram/atinom/TOOLCHAIN/bin/../lib/gcc/arm-elf/4.1.0/thumb/interwork/libgcc.a(_ge_df.o)
 .debug_line    0x000047d9       0x75 /home/acer-b/Mrogram/atinom/TOOLCHAIN/bin/../lib/gcc/arm-elf/4.1.0/thumb/interwork/libgcc.a(_lt_df.o)
 .debug_line    0x0000484e       0x7e /home/acer-b/Mrogram/atinom/TOOLCHAIN/bin/../lib/gcc/arm-elf/4.1.0/thumb/interwork/libgcc.a(_si_to_df.o)
 .debug_line    0x000048cc       0x88 /home/acer-b/Mrogram/atinom/TOOLCHAIN/bin/../lib/gcc/arm-elf/4.1.0/thumb/interwork/libgcc.a(_df_to_si.o)
 .debug_line    0x00004954       0x6d /home/acer-b/Mrogram/atinom/TOOLCHAIN/bin/../lib/gcc/arm-elf/4.1.0/thumb/interwork/libgcc.a(_make_df.o)
 .debug_line    0x000049c1       0x6d /home/acer-b/Mrogram/atinom/TOOLCHAIN/bin/../lib/gcc/arm-elf/4.1.0/thumb/interwork/libgcc.a(_df_to_sf.o)
 .debug_line    0x00004a2e       0x54 /home/acer-b/Mrogram/atinom/TOOLCHAIN/bin/../lib/gcc/arm-elf/4.1.0/thumb/interwork/libgcc.a(_thenan_df.o)
 .debug_line    0x00004a82       0x67 /home/acer-b/Mrogram/atinom/TOOLCHAIN/bin/../lib/gcc/arm-elf/4.1.0/thumb/interwork/libgcc.a(_muldi3.o)
 .debug_line    0x00004ae9       0xb3 /home/acer-b/Mrogram/atinom/TOOLCHAIN/bin/../lib/gcc/arm-elf/4.1.0/thumb/interwork/libgcc.a(_pack_sf.o)