Archive member included because of file (symbol)

/home/acer-b/Mrogram/atinom/TOOLCHAIN/bin/../lib/gcc/arm-elf/4.1.0/../../../../arm-elf/lib/thumb/interwork/libc.a(memcpy.o)
                              ../FreeRTOS_Source/queue.o (memcpy)
/home/acer-b/Mrogram/atinom/TOOLCHAIN/bin/../lib/gcc/arm-elf/4.1.0/../../../../arm-elf/lib/thumb/interwork/libc.a(memset.o)
                              ../FreeRTOS_Source/tasks.o (memset)
/home/acer-b/Mrogram/atinom/TOOLCHAIN/bin/../lib/gcc/arm-elf/4.1.0/../../../../arm-elf/lib/thumb/interwork/libc.a(snprintf.o)
                              ../webserver/httpd-cgi.o (snprintf)
/home/acer-b/Mrogram/atinom/TOOLCHAIN/bin/../lib/gcc/arm-elf/4.1.0/../../../../arm-elf/lib/thumb/interwork/libc.a(sprintf.o)
                              ../monita/monita_uip.o (sprintf)
/home/acer-b/Mrogram/atinom/TOOLCHAIN/bin/../lib/gcc/arm-elf/4.1.0/../../../../arm-elf/lib/thumb/interwork/libc.a(strcat.o)
                              ../webserver/httpd.o (strcat)
/home/acer-b/Mrogram/atinom/TOOLCHAIN/bin/../lib/gcc/arm-elf/4.1.0/../../../../arm-elf/lib/thumb/interwork/libc.a(strchr.o)
                              ../webserver/httpd.o (strchr)
/home/acer-b/Mrogram/atinom/TOOLCHAIN/bin/../lib/gcc/arm-elf/4.1.0/../../../../arm-elf/lib/thumb/interwork/libc.a(strcmp.o)
                              ../tinysh/shell.o (strcmp)
/home/acer-b/Mrogram/atinom/TOOLCHAIN/bin/../lib/gcc/arm-elf/4.1.0/../../../../arm-elf/lib/thumb/interwork/libc.a(strcpy.o)
                              ../tinysh/shell.o (strcpy)
/home/acer-b/Mrogram/atinom/TOOLCHAIN/bin/../lib/gcc/arm-elf/4.1.0/../../../../arm-elf/lib/thumb/interwork/libc.a(strlen.o)
                              ../tinysh/shell.o (strlen)
/home/acer-b/Mrogram/atinom/TOOLCHAIN/bin/../lib/gcc/arm-elf/4.1.0/../../../../arm-elf/lib/thumb/interwork/libc.a(strncmp.o)
                              ../monita/monita_uip.o (strncmp)
/home/acer-b/Mrogram/atinom/TOOLCHAIN/bin/../lib/gcc/arm-elf/4.1.0/../../../../arm-elf/lib/thumb/interwork/libc.a(strncpy.o)
                              ../FreeRTOS_Source/tasks.o (strncpy)
/home/acer-b/Mrogram/atinom/TOOLCHAIN/bin/../lib/gcc/arm-elf/4.1.0/../../../../arm-elf/lib/thumb/interwork/libc.a(strrchr.o)
                              ../webserver/httpd.o (strrchr)
/home/acer-b/Mrogram/atinom/TOOLCHAIN/bin/../lib/gcc/arm-elf/4.1.0/../../../../arm-elf/lib/thumb/interwork/libc.a(vfprintf.o)
                              /home/acer-b/Mrogram/atinom/TOOLCHAIN/bin/../lib/gcc/arm-elf/4.1.0/../../../../arm-elf/lib/thumb/interwork/libc.a(snprintf.o) (_vfprintf_r)
/home/acer-b/Mrogram/atinom/TOOLCHAIN/bin/../lib/gcc/arm-elf/4.1.0/../../../../arm-elf/lib/thumb/interwork/libc.a(vsprintf.o)
                              ../serial/serial.o (vsprintf)
/home/acer-b/Mrogram/atinom/TOOLCHAIN/bin/../lib/gcc/arm-elf/4.1.0/../../../../arm-elf/lib/thumb/interwork/libc.a(wcrtomb.o)
                              /home/acer-b/Mrogram/atinom/TOOLCHAIN/bin/../lib/gcc/arm-elf/4.1.0/../../../../arm-elf/lib/thumb/interwork/libc.a(vfprintf.o) (_wcrtomb_r)
/home/acer-b/Mrogram/atinom/TOOLCHAIN/bin/../lib/gcc/arm-elf/4.1.0/../../../../arm-elf/lib/thumb/interwork/libc.a(wcsrtombs.o)
                              /home/acer-b/Mrogram/atinom/TOOLCHAIN/bin/../lib/gcc/arm-elf/4.1.0/../../../../arm-elf/lib/thumb/interwork/libc.a(vfprintf.o) (_wcsrtombs_r)
/home/acer-b/Mrogram/atinom/TOOLCHAIN/bin/../lib/gcc/arm-elf/4.1.0/../../../../arm-elf/lib/thumb/interwork/libc.a(wctomb_r.o)
                              /home/acer-b/Mrogram/atinom/TOOLCHAIN/bin/../lib/gcc/arm-elf/4.1.0/../../../../arm-elf/lib/thumb/interwork/libc.a(wcrtomb.o) (_wctomb_r)
/home/acer-b/Mrogram/atinom/TOOLCHAIN/bin/../lib/gcc/arm-elf/4.1.0/../../../../arm-elf/lib/thumb/interwork/libc.a(wsetup.o)
                              /home/acer-b/Mrogram/atinom/TOOLCHAIN/bin/../lib/gcc/arm-elf/4.1.0/../../../../arm-elf/lib/thumb/interwork/libc.a(vfprintf.o) (__swsetup)
/home/acer-b/Mrogram/atinom/TOOLCHAIN/bin/../lib/gcc/arm-elf/4.1.0/../../../../arm-elf/lib/thumb/interwork/libc.a(dtoa.o)
                              /home/acer-b/Mrogram/atinom/TOOLCHAIN/bin/../lib/gcc/arm-elf/4.1.0/../../../../arm-elf/lib/thumb/interwork/libc.a(vfprintf.o) (_dtoa_r)
/home/acer-b/Mrogram/atinom/TOOLCHAIN/bin/../lib/gcc/arm-elf/4.1.0/../../../../arm-elf/lib/thumb/interwork/libc.a(fflush.o)
                              /home/acer-b/Mrogram/atinom/TOOLCHAIN/bin/../lib/gcc/arm-elf/4.1.0/../../../../arm-elf/lib/thumb/interwork/libc.a(vfprintf.o) (fflush)
/home/acer-b/Mrogram/atinom/TOOLCHAIN/bin/../lib/gcc/arm-elf/4.1.0/../../../../arm-elf/lib/thumb/interwork/libc.a(findfp.o)
                              /home/acer-b/Mrogram/atinom/TOOLCHAIN/bin/../lib/gcc/arm-elf/4.1.0/../../../../arm-elf/lib/thumb/interwork/libc.a(vfprintf.o) (__sinit)
/home/acer-b/Mrogram/atinom/TOOLCHAIN/bin/../lib/gcc/arm-elf/4.1.0/../../../../arm-elf/lib/thumb/interwork/libc.a(freer.o)
[...]
Memory Configuration

Name             Origin             Length             Attributes
flash            0x00000000         0x0007d000
ram              0x40000000         0x00007fe0
usbram           0x7fd00400         0x00001c1c
ethram_0         0x7fe00000         0x00000800
ethram           0x7fe00000         0x00004000
*default*        0x00000000         0xffffffff

Linker script and memory map

LOAD ../FreeRTOS_Source/portable/GCC/ARM7_LPC23xx/portISR.o
LOAD ../serial/serialISR.o
LOAD ../GPIO/gpio_ISR.o
LOAD main.o
LOAD ../system/setup_cpu.o
LOAD ../system/syscall.o
LOAD ../system/reset_cpu.o
LOAD ../serial/serial.o
LOAD ../FreeRTOS_Source/queue.o
LOAD ../FreeRTOS_Source/tasks.o
LOAD ../FreeRTOS_Source/portable/GCC/ARM7_LPC23xx/port.o
LOAD ../FreeRTOS_Source/list.o
LOAD ../FreeRTOS_Source/portable/MemMang/heap_2.o
LOAD ../tinysh/tinysh.o
LOAD ../tinysh/shell.o
LOAD ../tinysh/enviro.o
LOAD ../GPIO/gpio.o
LOAD ../spi/spi.o
LOAD ../uip/hardware/enc28j60.o
LOAD ../uip/clock.o
LOAD ../uip/lib/memb.o
LOAD ../uip/uip/uip.o
LOAD ../uip/uip/uip_arch.o
LOAD ../uip/uip/uip_arp.o
LOAD ../uip/uip/uip_timer.o
LOAD ../uip/uip/uip-fw.o
LOAD ../uip/uip/psock.o
LOAD ../uip/uip/uiplib.o
LOAD ../uip/uip_task.o
LOAD ../monita/monita_uip.o
LOAD ../webserver/httpd.o
LOAD ../webserver/httpd-fs.o
LOAD ../webserver/http-strings.o
LOAD ../webserver/httpd-cgi.o
LOAD ../system/idle_hook.o
LOAD ../adc/ad7708.o
LOAD /home/acer-b/Mrogram/atinom/TOOLCHAIN/bin/../lib/gcc/arm-elf/4.1.0/../../../../arm-elf/lib/thumb/interwork/libc.a
LOAD /home/acer-b/Mrogram/atinom/TOOLCHAIN/bin/../lib/gcc/arm-elf/4.1.0/thumb/interwork/libgcc.a
LOAD /home/acer-b/Mrogram/atinom/TOOLCHAIN/bin/../lib/gcc/arm-elf/4.1.0/../../../../arm-elf/lib/thumb/interwork/libm.a
LOAD /tmp/ccx4SDFO.o
START GROUP
LOAD /home/acer-b/Mrogram/atinom/TOOLCHAIN/bin/../lib/gcc/arm-elf/4.1.0/thumb/interwork/libgcc.a
LOAD /home/acer-b/Mrogram/atinom/TOOLCHAIN/bin/../lib/gcc/arm-elf/4.1.0/../../../../arm-elf/lib/thumb/interwork/libc.a
END GROUP
                0x40007ffc                __stack_end__ = 0x40007ffc
                0x00000000                . = 0x0

startup         0x00000000       0x44
 *(.startup)
 .startup       0x00000000       0x44 /tmp/ccx4SDFO.o

prog            0x00000044    0x10a80
 *(.text)
 .text          0x00000044      0x254 ../FreeRTOS_Source/portable/GCC/ARM7_LPC23xx/portISR.o
                0x000000ec                vPortExitCritical
                0x000001ec                vPortYieldProcessor
                0x00000090                vPortDisableInterruptsFromThumb
                0x00000130                vNonPreemptiveTick
                0x00000044                vPortISRStartFirstTask
                0x000000a8                vPortEnableInterruptsFromThumb
                0x000000c0                vPortEnterCritical
 .text          0x00000298      0x210 ../serial/serialISR.o
                0x00000434                vSerialISRCreateQueues
                0x00000298                vUART_ISR_Handler
                0x00000394                vUART_ISR_Wrapper
 .text          0x000004a8      0x2ec ../GPIO/gpio_ISR.o
                0x000005f0                gpio_ISR_Handler
                0x000006ec                gpio_ISR_Wrapper
                0x000004a8                timer1_ISR_Handler
                0x0000057c                set_konter
                0x000004dc                timer1_ISR_Wrapper
 .text          0x00000794      0x14c main.o
                0x000007ac                togle_led_utama
                0x000007fc                init_led_utama
                0x0000085c                main
                0x00000794                dele
 .text          0x000008e0      0x134 ../system/setup_cpu.o
                0x000008e0                sysInit
 .text          0x00000a14       0x9c ../system/syscall.o
                0x00000a1c                _lseek_r
                0x00000a20                _fstat_r
                0x00000a30                _sbrk_r
                0x00000a50                _read_r
                0x00000a2c                _isatty
                0x00000a18                _close_r
                0x00000a14                _write_r
 .text          0x00000ab0       0x34 ../system/reset_cpu.o
                0x00000ab0                reset_cpu
 .text          0x00000ae4      0x1b0 ../serial/serial.o
                0x00000c68                printf2
                0x00000ae4                vSerialClose
                0x00000b84                vSerialPutString
                0x00000b08                xSerialPutChar
                0x00000ae8                xSerialGetChar
                0x00000bb0                xSerialPortInitMinimal
 .text          0x00000c94      0x4c8 ../FreeRTOS_Source/queue.o
                0x00000f6c                xQueueGenericSendFromISR
                0x000010f0                xQueueCreate
                0x00000cb4                vQueueDelete
                0x00000fb8                xQueueGenericSend
                0x00000d10                xQueueReceiveFromISR
                0x00000ca4                xQueueIsQueueFullFromISR
                0x00000ccc                uxQueueMessagesWaiting
                0x00000de0                xQueueGenericReceive
                0x00000c94                uxQueueMessagesWaitingFromISR
                0x00000c98                xQueueIsQueueEmptyFromISR
                0x000010a8                xQueueCreateMutex
 .text          0x0000115c      0x734 ../FreeRTOS_Source/tasks.o
                0x000016ac                vTaskEndScheduler
                0x000015f0                vTaskPlaceOnEventList
                0x00001220                uxTaskGetStackHighWaterMark
                0x000014d8                xTaskGetTickCount
                0x000012f4                xTaskRemoveFromEventList
                0x00001468                xTaskCheckForTimeOut
                0x000015d4                vTaskSuspendAll
                0x00001238                vTaskPriorityDisinherit
                0x00001284                vTaskPriorityInherit
                0x0000115c                vTaskSwitchContext
                0x000014bc                uxTaskGetNumberOfTasks
                0x00001370                vTaskIncrementTick
                0x0000144c                xTaskGetCurrentTaskHandle
                0x00001200                usTaskCheckFreeStackSpace
                0x000014f4                xTaskResumeAll
                0x0000184c                vTaskStartScheduler
                0x000011f4                vTaskMissedYield
                0x000016d0                xTaskCreate
                0x00001648                vTaskDelay
                0x000011dc                vTaskSetTimeOutState
 .text          0x00001890      0x114 ../FreeRTOS_Source/portable/GCC/ARM7_LPC23xx/port.o
                0x00001938                xPortStartScheduler
                0x00001934                vPortEndScheduler
                0x00001890                pxPortInitialiseStack
 .text          0x000019a4       0x9c ../FreeRTOS_Source/list.o
                0x000019c4                vListInsertEnd
                0x00001a20                vListRemove
                0x000019bc                vListInitialiseItem
                0x000019a4                vListInitialise
                0x000019e0                vListInsert
 .text          0x00001a40      0x124 ../FreeRTOS_Source/portable/MemMang/heap_2.o
                0x00001a40                pvPortMallocKU
                0x00001a80                vPortFree
                0x00001ab0                pvPortMalloc
 .text          0x00001b64      0x928 ../tinysh/tinysh.o
                0x00001e08                tinysh_char_in
                0x00001c68                tinysh_add_command
                0x00002410                tinysh_set_prompt
                0x00001ca0                tinysh_get_arg
                0x00001cac                tinysh_atoxi
                0x00001b7c                strstart
 .text          0x0000248c      0x824 ../tinysh/shell.o
                0x00002b70                hapus_flash
                0x00002548                cek_versi
                0x0000266c                garis_bawah
                0x00002590                status_adc
                0x0000267c                shell
                0x00002b14                cek_stack
                0x0000248c                char_to_bin
                0x00002bb8                prepare_flash
                0x00002498                dec_to_bin
                0x00002bf8                tulis_flash
                0x00002600                baca_ip
                0x000029e4                uptime
                0x00002520                display_args
                0x000024f0                init_shell
                0x000024a4                baca_kanal
 .text          0x00002cb0      0x414 ../tinysh/enviro.o
                0x00002cb0                tulis_env_flash
                0x0000309c                save_env
                0x00002da8                baca_env
                0x00002cb4                set_default_ip
                0x00002d84                getdef_env
                0x00002f54                tulis_env
                0x00002f48                print_env
 .text          0x000030c4       0xfc ../GPIO/gpio.o
                0x000030c8                init_gpio_adc
                0x000030f8                init_gpio
                0x000030c4                init_gpio_keypad
 .text          0x000031c0       0x74 ../spi/spi.o
                0x00003210                spiPut
                0x000031c0                spiInit
 .text          0x00003234      0x640 ../uip/hardware/enc28j60.o
                0x00003504                enc28j60Init
                0x0000346c                enc28j60Send
                0x00003234                enc28j60Deinit
                0x00003244                enc28j60WaitForData
                0x00003744                enc28j60Receive
                0x00003248                cek_paket
 .text          0x00003874        0xc ../uip/clock.o
                0x00003874                clock_time
 .text          0x00003880       0xb4 ../uip/lib/memb.o
                0x00003880                memb_alloc
                0x000038c4                memb_free
                0x00003910                memb_init
 .text          0x00003934     0x10b4 ../uip/uip/uip.o
                0x000039a8                uip_unlisten
                0x00003bf0                uip_process
                0x0000491c                uip_udp_new
                0x000039ec                uip_listen
                0x00003a40                uip_connect
                0x00003b4c                htonl
                0x00003a30                htons
                0x00003940                uip_init
                0x00003934                uip_setipid
                0x00003b6c                uip_iszeroaddr
                0x00003b8c                uip_send
 .text          0x000049e8      0x27c ../uip/uip/uip_arch.o
                0x000049e8                uip_add32
                0x00004c50                uip_ipchksum
                0x00004b6c                uip_tcpchksum
                0x00004af8                uip_chksum
                0x00004aac                uip_udpchksum
 .text          0x00004c64      0x4cc ../uip/uip/uip_arp.o
                0x00004f04                uip_arp_out
                0x00004d90                uip_arp_arpin
                0x0000508c                uip_arp_timer
                0x000050f4                uip_arp_init
                0x00004eac                uip_arp_ipin
 .text          0x00005130       0x50 ../uip/uip/uip_timer.o
                0x0000513c                timer_expired
                0x0000516c                timer_set
                0x0000515c                timer_restart
                0x00005130                timer_reset
 .text          0x00005180      0x274 ../uip/uip/uip-fw.o
                0x000051ac                uip_fw_output
                0x00005180                uip_fw_init
                0x00005290                uip_fw_periodic
                0x00005284                uip_fw_default
                0x00005274                uip_fw_register
                0x000052b0                uip_fw_forward
 .text          0x000053f4      0x3b0 ../uip/uip/psock.o
                0x000056c8                psock_generator_send
                0x00005458                psock_newdata
                0x00005448                psock_datalen
                0x00005744                psock_send
                0x00005584                psock_readbuf
                0x00005560                psock_init
                0x00005480                psock_readto
 .text          0x000057a4       0x6c ../uip/uip/uiplib.o
                0x000057a4                uiplib_ipaddrconv
 .text          0x00005810      0x240 ../uip/uip_task.o
                0x00005844                start_ether
                0x00005810                dispatch_udp_appcall
                0x00005814                dispatch_tcp_appcall
 .text          0x00005a50      0x228 ../monita/monita_uip.o
                0x00005a50                monita_appcall
                0x00005c5c                monita_init
 .text          0x00005c78      0xa10 ../webserver/httpd.o
                0x00006384                buat_file_index
                0x00005c78                httpd_init
                0x000062b4                httpd_appcall
 .text          0x00006688       0x94 ../webserver/httpd-fs.o
                0x00006690                httpd_fs_init
                0x00006688                httpd_fs_open
                0x000066a8                httpd_fs_count
 .text          0x0000671c      0x2e4 ../webserver/httpd-cgi.o
                0x0000672c                httpd_cgi
 .text          0x00006a00       0x10 ../system/idle_hook.o
                0x00006a00                vApplicationIdleHook
 .text          0x00006a10      0x660 ../adc/ad7708.o
                0x00006e6c                kalibrasi_adc1
                0x00006a34                set_calibrated
                0x00006cc8                cek_adccon
                0x00006c88                cek_mode
                0x00006d08                cek_iocon
                0x00006b04                cek_status
                0x00006a50                uncs_ad7708
                0x00006ab4                baca_data
                0x00006ba8                reset_adc
                0x00006e08                start_adc_1
                0x00006a68                set_mode
                0x00006b44                cek_adc_rdy
                0x00006b68                cek_adc_id
                0x00006fc0                proses_data_adc
                0x00006dc8                set_adccon
                0x00006c0c                stop_ad7708
                0x00006d88                set_iocon
                0x00006a10                spi_rx
                0x00006d48                set_filter
                0x00006aa8                stop_adc
                0x00006c48                cek_filter
                0x00006a14                cs_ad7708
 .text          0x00007070       0x64 /home/acer-b/Mrogram/atinom/TOOLCHAIN/bin/../lib/gcc/arm-elf/4.1.0/../../../../arm-elf/lib/thumb/interwork/libc.a(memcpy.o)
                0x00007070                memcpy
 .text          0x000070d4       0x64 /home/acer-b/Mrogram/atinom/TOOLCHAIN/bin/../lib/gcc/arm-elf/4.1.0/../../../../arm-elf/lib/thumb/interwork/libc.a(memset.o)
                0x000070d4                memset
 .text          0x00007138       0xbc /home/acer-b/Mrogram/atinom/TOOLCHAIN/bin/../lib/gcc/arm-elf/4.1.0/../../../../arm-elf/lib/thumb/interwork/libc.a(snprintf.o)
                0x00007138                snprintf
                0x0000719c                _snprintf_r
 .text          0x000071f4       0x84 /home/acer-b/Mrogram/atinom/TOOLCHAIN/bin/../lib/gcc/arm-elf/4.1.0/../../../../arm-elf/lib/thumb/interwork/libc.a(sprintf.o)
                0x00007238                _sprintf_r
                0x000071f4                sprintf
 .text          0x00007278       0x58 /home/acer-b/Mrogram/atinom/TOOLCHAIN/bin/../lib/gcc/arm-elf/4.1.0/../../../../arm-elf/lib/thumb/interwork/libc.a(strcat.o)
                0x00007278                strcat
 .text          0x000072d0       0x7c /home/acer-b/Mrogram/atinom/TOOLCHAIN/bin/../lib/gcc/arm-elf/4.1.0/../../../../arm-elf/lib/thumb/interwork/libc.a(strchr.o)
                0x000072d0                strchr
 .text          0x0000734c       0x68 /home/acer-b/Mrogram/atinom/TOOLCHAIN/bin/../lib/gcc/arm-elf/4.1.0/../../../../arm-elf/lib/thumb/interwork/libc.a(strcmp.o)
                0x0000734c                strcmp
 .text          0x000073b4       0x50 /home/acer-b/Mrogram/atinom/TOOLCHAIN/bin/../lib/gcc/arm-elf/4.1.0/../../../../arm-elf/lib/thumb/interwork/libc.a(strcpy.o)
                0x000073b4                strcpy
 .text          0x00007404       0x50 /home/acer-b/Mrogram/atinom/TOOLCHAIN/bin/../lib/gcc/arm-elf/4.1.0/../../../../arm-elf/lib/thumb/interwork/libc.a(strlen.o)
                0x00007404                strlen
 .text          0x00007454       0xb4 /home/acer-b/Mrogram/atinom/TOOLCHAIN/bin/../lib/gcc/arm-elf/4.1.0/../../../../arm-elf/lib/thumb/interwork/libc.a(strncmp.o)
                0x00007454                strncmp
 .text          0x00007508       0x88 /home/acer-b/Mrogram/atinom/TOOLCHAIN/bin/../lib/gcc/arm-elf/4.1.0/../../../../arm-elf/lib/thumb/interwork/libc.a(strncpy.o)
                0x00007508                strncpy
 .text          0x00007590       0x30 /home/acer-b/Mrogram/atinom/TOOLCHAIN/bin/../lib/gcc/arm-elf/4.1.0/../../../../arm-elf/lib/thumb/interwork/libc.a(strrchr.o)
                0x00007590                strrchr
 .text          0x000075c0     0x1a60 /home/acer-b/Mrogram/atinom/TOOLCHAIN/bin/../lib/gcc/arm-elf/4.1.0/../../../../arm-elf/lib/thumb/interwork/libc.a(vfprintf.o)
                0x000075e0                _vfprintf_r
                0x00009000                vfprintf
 .text          0x00009020       0x74 /home/acer-b/Mrogram/atinom/TOOLCHAIN/bin/../lib/gcc/arm-elf/4.1.0/../../../../arm-elf/lib/thumb/interwork/libc.a(vsprintf.o)
                0x00009054                vsprintf
                0x00009020                _vsprintf_r
 .text          0x00009094       0x54 /home/acer-b/Mrogram/atinom/TOOLCHAIN/bin/../lib/gcc/arm-elf/4.1.0/../../../../arm-elf/lib/thumb/interwork/libc.a(wcrtomb.o)
                0x00009094                _wcrtomb_r
                0x000090c8                wcrtomb
 .text          0x000090e8      0x10c /home/acer-b/Mrogram/atinom/TOOLCHAIN/bin/../lib/gcc/arm-elf/4.1.0/../../../../arm-elf/lib/thumb/interwork/libc.a(wcsrtombs.o)
                0x000090e8                _wcsrtombs_r
                0x000091cc                wcsrtombs
 .text          0x000091f4      0x2b8 /home/acer-b/Mrogram/atinom/TOOLCHAIN/bin/../lib/gcc/arm-elf/4.1.0/../../../../arm-elf/lib/thumb/interwork/libc.a(wctomb_r.o)
                0x000091f4                _wctomb_r
 .text          0x000094ac       0xa0 /home/acer-b/Mrogram/atinom/TOOLCHAIN/bin/../lib/gcc/arm-elf/4.1.0/../../../../arm-elf/lib/thumb/interwork/libc.a(wsetup.o)
                0x000094ac                __swsetup
 .text          0x0000954c      0xf28 /home/acer-b/Mrogram/atinom/TOOLCHAIN/bin/../lib/gcc/arm-elf/4.1.0/../../../../arm-elf/lib/thumb/interwork/libc.a(dtoa.o)
                0x0000969c                _dtoa_r
 .text          0x0000a474       0x90 /home/acer-b/Mrogram/atinom/TOOLCHAIN/bin/../lib/gcc/arm-elf/4.1.0/../../../../arm-elf/lib/thumb/interwork/libc.a(fflush.o)
                0x0000a474                fflush
 .text          0x0000a504      0x1c4 /home/acer-b/Mrogram/atinom/TOOLCHAIN/bin/../lib/gcc/arm-elf/4.1.0/../../../../arm-elf/lib/thumb/interwork/libc.a(findfp.o)
                0x0000a54c                __sinit
                0x0000a604                __sfmoreglue
                0x0000a5f0                _cleanup
                0x0000a5e0                _cleanup_r
                0x0000a5c8                __fp_lock_all
                0x0000a53c                __sfp_lock_acquire
                0x0000a63c                __sfp
                0x0000a548                __sinit_lock_release
                0x0000a5b0                __fp_unlock_all
                0x0000a540                __sfp_lock_release
                0x0000a544                __sinit_lock_acquire
 .text          0x0000a6c8      0x268 /home/acer-b/Mrogram/atinom/TOOLCHAIN/bin/../lib/gcc/arm-elf/4.1.0/../../../../arm-elf/lib/thumb/interwork/libc.a(freer.o)
                0x0000a768                _free_r
                0x0000a6c8                _malloc_trim_r
 .text          0x0000a930      0x298 /home/acer-b/Mrogram/atinom/TOOLCHAIN/bin/../lib/gcc/arm-elf/4.1.0/../../../../arm-elf/lib/thumb/interwork/libc.a(fvwrite.o)
                0x0000a930                __sfvwrite
 .text          0x0000abc8       0xf0 /home/acer-b/Mrogram/atinom/TOOLCHAIN/bin/../lib/gcc/arm-elf/4.1.0/../../../../arm-elf/lib/thumb/interwork/libc.a(fwalk.o)
                0x0000ac40                _fwalk
                0x0000abc8                _fwalk_reent
 .text          0x0000acb8       0x88 /home/acer-b/Mrogram/atinom/TOOLCHAIN/bin/../lib/gcc/arm-elf/4.1.0/../../../../arm-elf/lib/thumb/interwork/libc.a(locale.o)
                0x0000ace0                _setlocale_r
                0x0000acb8                __locale_charset
                0x0000acc4                _localeconv_r
                0x0000ad24                setlocale
                0x0000accc                localeconv
 .text          0x0000ad40       0xdc /home/acer-b/Mrogram/atinom/TOOLCHAIN/bin/../lib/gcc/arm-elf/4.1.0/../../../../arm-elf/lib/thumb/interwork/libc.a(makebuf.o)
                0x0000ad40                __smakebuf
 .text          0x0000ae1c      0x538 /home/acer-b/Mrogram/atinom/TOOLCHAIN/bin/../lib/gcc/arm-elf/4.1.0/../../../../arm-elf/lib/thumb/interwork/libc.a(mallocr.o)
                0x0000ae1c                _malloc_r
 .text          0x0000b354       0xbc /home/acer-b/Mrogram/atinom/TOOLCHAIN/bin/../lib/gcc/arm-elf/4.1.0/../../../../arm-elf/lib/thumb/interwork/libc.a(memchr.o)
                0x0000b354                memchr
 .text          0x0000b410       0x8c /home/acer-b/Mrogram/atinom/TOOLCHAIN/bin/../lib/gcc/arm-elf/4.1.0/../../../../arm-elf/lib/thumb/interwork/libc.a(memmove.o)
                0x0000b410                memmove
 .text          0x0000b49c        0x8 /home/acer-b/Mrogram/atinom/TOOLCHAIN/bin/../lib/gcc/arm-elf/4.1.0/../../../../arm-elf/lib/thumb/interwork/libc.a(mlock.o)
                0x0000b4a0                __malloc_unlock
                0x0000b49c                __malloc_lock
 .text          0x0000b4a4      0x8c0 /home/acer-b/Mrogram/atinom/TOOLCHAIN/bin/../lib/gcc/arm-elf/4.1.0/../../../../arm-elf/lib/thumb/interwork/libc.a(mprec.o)
                0x0000b71c                _mprec_log10
                0x0000b4bc                _hi0bits
                0x0000b75c                _Balloc
                0x0000b7b8                _d2b
                0x0000ba34                _multiply
                0x0000b6c8                _ratio
                0x0000bcd4                _s2b
                0x0000bb84                _i2b
                0x0000b504                _lo0bits
                0x0000b570                __mcmp
                0x0000bc38                _pow5mult
                0x0000b5b0                _ulp
                0x0000b600                _b2d
                0x0000bb9c                _multadd
                0x0000b8a0                __mdiff
                0x0000b988                _lshift
                0x0000b4a4                _Bfree
 .text          0x0000bd64      0x3d8 /home/acer-b/Mrogram/atinom/TOOLCHAIN/bin/../lib/gcc/arm-elf/4.1.0/../../../../arm-elf/lib/thumb/interwork/libc.a(reallocr.o)
                0x0000bd64                _realloc_r
 .text          0x0000c13c       0x24 /home/acer-b/Mrogram/atinom/TOOLCHAIN/bin/../lib/gcc/arm-elf/4.1.0/../../../../arm-elf/lib/thumb/interwork/libc.a(s_isinf.o)
                0x0000c13c                isinf
 .text          0x0000c160       0x1c /home/acer-b/Mrogram/atinom/TOOLCHAIN/bin/../lib/gcc/arm-elf/4.1.0/../../../../arm-elf/lib/thumb/interwork/libc.a(s_isnan.o)
                0x0000c160                isnan
 .text          0x0000c17c       0xd8 /home/acer-b/Mrogram/atinom/TOOLCHAIN/bin/../lib/gcc/arm-elf/4.1.0/../../../../arm-elf/lib/thumb/interwork/libc.a(stdio.o)
                0x0000c194                __sseek
                0x0000c21c                __sread
                0x0000c17c                __sclose
                0x0000c1d4                __swrite
 .text          0x0000c254      0x504 /home/acer-b/Mrogram/atinom/TOOLCHAIN/bin/../lib/gcc/arm-elf/4.1.0/../../../../arm-elf/lib/thumb/interwork/libc.a(syscalls.o)
                0x0000c270                _getpid
                0x0000c364                initialise_monitor_handles
                0x0000c288                isatty
                0x0000c2f0                _fstat
                0x0000c684                _open
                0x0000c2b8                _sbrk
                0x0000c284                _raise
                0x0000c3ec                _times
                0x0000c698                _stat
                0x0000c6d4                _lseek
                0x0000c274                _link
                0x0000c4a8                _swiwrite
                0x0000c28c                _rename
                0x0000c4d0                _swilseek
                0x0000c470                _swiclose
                0x0000c584                _swiopen
                0x0000c27c                _unlink
                0x0000c610                _write
                0x0000c43c                _kill
                0x0000c410                _gettimeofday
                0x0000c70c                _read
                0x0000c458                _exit
                0x0000c2a0                _system
                0x0000c6e4                _swiread
                0x0000c674                _close
 .text          0x0000c758       0x60 /home/acer-b/Mrogram/atinom/TOOLCHAIN/bin/../lib/gcc/arm-elf/4.1.0/../../../../arm-elf/lib/thumb/interwork/libc.a(callocr.o)
                0x0000c758                _calloc_r
 .text          0x0000c7b8        0xc /home/acer-b/Mrogram/atinom/TOOLCHAIN/bin/../lib/gcc/arm-elf/4.1.0/../../../../arm-elf/lib/thumb/interwork/libc.a(errno.o)
                0x0000c7b8                __errno
 .text          0x0000c7c4       0xbc /home/acer-b/Mrogram/atinom/TOOLCHAIN/bin/../lib/gcc/arm-elf/4.1.0/../../../../arm-elf/lib/thumb/interwork/libc.a(fclose.o)
                0x0000c7c4                _fclose_r
                0x0000c868                fclose
 .text          0x0000c880       0x8c /home/acer-b/Mrogram/atinom/TOOLCHAIN/bin/../lib/gcc/arm-elf/4.1.0/thumb/interwork/libgcc.a(_udivsi3.o)
                0x0000c880                __udivsi3
                0x0000c880                __aeabi_uidiv
                0x0000c8fc                __aeabi_uidivmod
 .text          0x0000c90c       0xa4 /home/acer-b/Mrogram/atinom/TOOLCHAIN/bin/../lib/gcc/arm-elf/4.1.0/thumb/interwork/libgcc.a(_divsi3.o)
                0x0000c90c                __aeabi_idiv
                0x0000c90c                __divsi3
                0x0000c9a0                __aeabi_idivmod
 .text          0x0000c9b0       0xc8 /home/acer-b/Mrogram/atinom/TOOLCHAIN/bin/../lib/gcc/arm-elf/4.1.0/thumb/interwork/libgcc.a(_umodsi3.o)
                0x0000c9b0                __umodsi3
 .text          0x0000ca78       0xd8 /home/acer-b/Mrogram/atinom/TOOLCHAIN/bin/../lib/gcc/arm-elf/4.1.0/thumb/interwork/libgcc.a(_modsi3.o)
                0x0000ca78                __modsi3
 .text          0x0000cb50        0x4 /home/acer-b/Mrogram/atinom/TOOLCHAIN/bin/../lib/gcc/arm-elf/4.1.0/thumb/interwork/libgcc.a(_dvmd_tls.o)
                0x0000cb50                __aeabi_ldiv0
                0x0000cb50                __div0
                0x0000cb50                __aeabi_idiv0
 .text          0x0000cb54      0x234 /home/acer-b/Mrogram/atinom/TOOLCHAIN/bin/../lib/gcc/arm-elf/4.1.0/thumb/interwork/libgcc.a(_addsub_sf.o)
                0x0000cd18                __subsf3
                0x0000cd54                __addsf3
 .text          0x0000cd88      0x174 /home/acer-b/Mrogram/atinom/TOOLCHAIN/bin/../lib/gcc/arm-elf/4.1.0/thumb/interwork/libgcc.a(_mul_sf.o)
                0x0000cdc0                __mulsf3
 .text          0x0000cefc      0x11c /home/acer-b/Mrogram/atinom/TOOLCHAIN/bin/../lib/gcc/arm-elf/4.1.0/thumb/interwork/libgcc.a(_div_sf.o)
                0x0000cf34                __divsf3
 .text          0x0000d018       0x70 /home/acer-b/Mrogram/atinom/TOOLCHAIN/bin/../lib/gcc/arm-elf/4.1.0/thumb/interwork/libgcc.a(_si_to_sf.o)
                0x0000d018                __floatsisf
 .text          0x0000d088       0x30 /home/acer-b/Mrogram/atinom/TOOLCHAIN/bin/../lib/gcc/arm-elf/4.1.0/thumb/interwork/libgcc.a(_sf_to_df.o)
                0x0000d088                __extendsfdf2
 .text          0x0000d0b8      0x328 /home/acer-b/Mrogram/atinom/TOOLCHAIN/bin/../lib/gcc/arm-elf/4.1.0/thumb/interwork/libgcc.a(_addsub_df.o)
                0x0000d3a8                __adddf3
                0x0000d368                __subdf3
 .text          0x0000d3e0      0x2ac /home/acer-b/Mrogram/atinom/TOOLCHAIN/bin/../lib/gcc/arm-elf/4.1.0/thumb/interwork/libgcc.a(_mul_df.o)
                0x0000d418                __muldf3
 .text          0x0000d68c      0x1ac /home/acer-b/Mrogram/atinom/TOOLCHAIN/bin/../lib/gcc/arm-elf/4.1.0/thumb/interwork/libgcc.a(_div_df.o)
                0x0000d6c4                __divdf3
 .text          0x0000d838       0x58 /home/acer-b/Mrogram/atinom/TOOLCHAIN/bin/../lib/gcc/arm-elf/4.1.0/thumb/interwork/libgcc.a(_eq_df.o)
                0x0000d848                __eqdf2
 .text          0x0000d890       0x58 /home/acer-b/Mrogram/atinom/TOOLCHAIN/bin/../lib/gcc/arm-elf/4.1.0/thumb/interwork/libgcc.a(_ne_df.o)
                0x0000d8a0                __nedf2
 .text          0x0000d8e8       0x58 /home/acer-b/Mrogram/atinom/TOOLCHAIN/bin/../lib/gcc/arm-elf/4.1.0/thumb/interwork/libgcc.a(_gt_df.o)
                0x0000d8f8                __gtdf2
 .text          0x0000d940       0x58 /home/acer-b/Mrogram/atinom/TOOLCHAIN/bin/../lib/gcc/arm-elf/4.1.0/thumb/interwork/libgcc.a(_ge_df.o)
                0x0000d950                __gedf2
 .text          0x0000d998       0x58 /home/acer-b/Mrogram/atinom/TOOLCHAIN/bin/../lib/gcc/arm-elf/4.1.0/thumb/interwork/libgcc.a(_lt_df.o)
                0x0000d9a8                __ltdf2
 .text          0x0000d9f0       0x8c /home/acer-b/Mrogram/atinom/TOOLCHAIN/bin/../lib/gcc/arm-elf/4.1.0/thumb/interwork/libgcc.a(_si_to_df.o)
                0x0000d9f0                __floatsidf
 .text          0x0000da7c       0xb4 /home/acer-b/Mrogram/atinom/TOOLCHAIN/bin/../lib/gcc/arm-elf/4.1.0/thumb/interwork/libgcc.a(_df_to_si.o)
                0x0000daac                __fixdfsi
 .text          0x0000db30       0x28 /home/acer-b/Mrogram/atinom/TOOLCHAIN/bin/../lib/gcc/arm-elf/4.1.0/thumb/interwork/libgcc.a(_make_df.o)
                0x0000db30                __make_dp
 .text          0x0000db58       0x44 /home/acer-b/Mrogram/atinom/TOOLCHAIN/bin/../lib/gcc/arm-elf/4.1.0/thumb/interwork/libgcc.a(_df_to_sf.o)
                0x0000db58                __truncdfsf2
 .text          0x0000db9c       0x84 /home/acer-b/Mrogram/atinom/TOOLCHAIN/bin/../lib/gcc/arm-elf/4.1.0/thumb/interwork/libgcc.a(_muldi3.o)
                0x0000db9c                __muldi3
 .text          0x0000dc20      0x130 /home/acer-b/Mrogram/atinom/TOOLCHAIN/bin/../lib/gcc/arm-elf/4.1.0/thumb/interwork/libgcc.a(_pack_sf.o)
                0x0000dc50                __pack_f
 .text          0x0000dd50       0x80 /home/acer-b/Mrogram/atinom/TOOLCHAIN/bin/../lib/gcc/arm-elf/4.1.0/thumb/interwork/libgcc.a(_unpack_sf.o)
                0x0000dd50                __unpack_f
 .text          0x0000ddd0       0x18 /home/acer-b/Mrogram/atinom/TOOLCHAIN/bin/../lib/gcc/arm-elf/4.1.0/thumb/interwork/libgcc.a(_make_sf.o)
                0x0000ddd0                __make_fp
 .text          0x0000dde8      0x290 /home/acer-b/Mrogram/atinom/TOOLCHAIN/bin/../lib/gcc/arm-elf/4.1.0/thumb/interwork/libgcc.a(_pack_df.o)
                0x0000de18                __pack_d
 .text          0x0000e078       0xc4 /home/acer-b/Mrogram/atinom/TOOLCHAIN/bin/../lib/gcc/arm-elf/4.1.0/thumb/interwork/libgcc.a(_unpack_df.o)
                0x0000e078                __unpack_d
 .text          0x0000e13c       0xf0 /home/acer-b/Mrogram/atinom/TOOLCHAIN/bin/../lib/gcc/arm-elf/4.1.0/thumb/interwork/libgcc.a(_fpcmp_parts_df.o)
                0x0000e16c                __fpcmp_parts_d
 .text          0x0000e22c       0xb8 /tmp/ccx4SDFO.o
                0x0000e22c                start
                0x0000e2c8                endless_loop
 *(.rodata)
 .rodata        0x0000e2e4        0x4 ../tinysh/tinysh.o
 .rodata        0x0000e2e8       0x48 ../uip/uip/uip.o
 .rodata        0x0000e330        0x6 ../uip/uip/uip_arp.o
 *fill*         0x0000e336        0x2 00
 .rodata        0x0000e338     0x117c ../webserver/httpd-fs.o
                0x0000e34c                file_index_html
                0x0000e388                file_stats_shtml
                0x0000e338                file_404_html
                0x0000e374                file_io_shtml
                0x0000e39c                file_tcp_shtml
                0x0000e360                file_index_shtml
 .rodata        0x0000f4b4      0x24a ../webserver/http-strings.o
                0x0000f6d4                http_shtml
                0x0000f4b4                http_http
                0x0000f4d0                http_10
                0x0000f64e                http_content_type_png
                0x0000f617                http_content_type_css
                0x0000f526                http_referer
                0x0000f583                http_header_404
                0x0000f4c1                http_301
                0x0000f5de                http_content_type_plain
                0x0000f6f4                http_text
                0x0000f5fb                http_content_type_html
                0x0000f4f1                http_texthtml
                0x0000f506                http_host
                0x0000f66a                http_content_type_gif
                0x0000f50d                http_crnl
                0x0000f4cb                http_get
                0x0000f4fb                http_location
                0x0000f6ef                http_jpg
                0x0000f6e0                http_css
                0x0000f4d9                http_11
                0x0000f632                http_content_type_text
                0x0000f4c6                http_302
                0x0000f4e2                http_content_type
                0x0000f52f                http_header_200
                0x0000f6f9                http_txt
                0x0000f686                http_content_type_jpg
                0x0000f6ce                http_html
                0x0000f510                http_index_html
                0x0000f6e5                http_png
                0x0000f4bc                http_200
                0x0000f51c                http_404_html
                0x0000f6ea                http_gif
                0x0000f6a3                http_content_type_binary
                0x0000f6db                http_htm
 *fill*         0x0000f6fe        0x2 00
 .rodata        0x0000f700       0xa4 ../webserver/httpd-cgi.o
 .rodata        0x0000f7a4      0x184 /home/acer-b/Mrogram/atinom/TOOLCHAIN/bin/../lib/gcc/arm-elf/4.1.0/../../../../arm-elf/lib/thumb/interwork/libc.a(vfprintf.o)
 .rodata        0x0000f928       0x18 /home/acer-b/Mrogram/atinom/TOOLCHAIN/bin/../lib/gcc/arm-elf/4.1.0/../../../../arm-elf/lib/thumb/interwork/libc.a(dtoa.o)
 .rodata        0x0000f940        0x4 /home/acer-b/Mrogram/atinom/TOOLCHAIN/bin/../lib/gcc/arm-elf/4.1.0/../../../../arm-elf/lib/thumb/interwork/libc.a(impure.o)
                0x0000f940                _global_impure_ptr
 .rodata        0x0000f944       0x34 /home/acer-b/Mrogram/atinom/TOOLCHAIN/bin/../lib/gcc/arm-elf/4.1.0/../../../../arm-elf/lib/thumb/interwork/libc.a(locale.o)
 .rodata        0x0000f978      0x124 /home/acer-b/Mrogram/atinom/TOOLCHAIN/bin/../lib/gcc/arm-elf/4.1.0/../../../../arm-elf/lib/thumb/interwork/libc.a(mprec.o)
                0x0000fa68                __mprec_tinytens
                0x0000f978                __mprec_tens
                0x0000fa40                __mprec_bigtens
 .rodata        0x0000fa9c       0x10 /home/acer-b/Mrogram/atinom/TOOLCHAIN/bin/../lib/gcc/arm-elf/4.1.0/thumb/interwork/libgcc.a(_thenan_sf.o)
                0x0000fa9c                __thenan_sf
 .rodata        0x0000faac       0x14 /home/acer-b/Mrogram/atinom/TOOLCHAIN/bin/../lib/gcc/arm-elf/4.1.0/thumb/interwork/libgcc.a(_thenan_df.o)
                0x0000faac                __thenan_df
 *(.rodata*)
 .rodata.str1.4
                0x0000fac0        0x5 main.o
                                  0x8 (size before relaxing)
 *fill*         0x0000fac5        0x3 00
 .rodata.str1.4
                0x0000fac8       0x13 ../system/reset_cpu.o
                                 0x14 (size before relaxing)
 *fill*         0x0000fadb        0x1 00
 .rodata.str1.4
                0x0000fadc        0x5 ../FreeRTOS_Source/tasks.o
                                  0x8 (size before relaxing)
 *fill*         0x0000fae1        0x3 00
 .rodata.str1.4
                0x0000fae4      0x161 ../tinysh/tinysh.o
                                0x170 (size before relaxing)
 *fill*         0x0000fc45        0x3 00
 .rodata.str1.4
                0x0000fc48      0x557 ../tinysh/shell.o
                                0x574 (size before relaxing)
 *fill*         0x0001019f        0x1 00
 .rodata.str1.4
                0x000101a0      0x1c3 ../tinysh/enviro.o
                                0x210 (size before relaxing)
 *fill*         0x00010363        0x1 00
 .rodata.str1.4
                0x00010364       0x52 ../uip/hardware/enc28j60.o
                                 0x54 (size before relaxing)
 *fill*         0x000103b6        0x2 00
 .rodata.str1.4
                0x000103b8       0x6e ../uip/uip_task.o
                                 0x70 (size before relaxing)
 *fill*         0x00010426        0x2 00
 .rodata.str1.4
                0x00010428       0x51 ../monita/monita_uip.o
                                 0x54 (size before relaxing)
 *fill*         0x00010479        0x3 00
 .rodata.str1.4
                0x0001047c      0x2b2 ../webserver/httpd.o
                                0x2f0 (size before relaxing)
 *fill*         0x0001072e        0x2 00
 .rodata.str1.4
                0x00010730      0x1a7 ../webserver/httpd-cgi.o
                                0x1a8 (size before relaxing)
 *fill*         0x000108d7        0x1 00
 .rodata.str1.4
                0x000108d8       0xe0 ../adc/ad7708.o
 .rodata.str1.4
                0x000109b8       0x5b /home/acer-b/Mrogram/atinom/TOOLCHAIN/bin/../lib/gcc/arm-elf/4.1.0/../../../../arm-elf/lib/thumb/interwork/libc.a(vfprintf.o)
                                 0x64 (size before relaxing)
 *fill*         0x00010a13        0x1 00
 .rodata.str1.4
                0x00010a14       0x1e /home/acer-b/Mrogram/atinom/TOOLCHAIN/bin/../lib/gcc/arm-elf/4.1.0/../../../../arm-elf/lib/thumb/interwork/libc.a(wctomb_r.o)
                                 0x20 (size before relaxing)
 *fill*         0x00010a32        0x2 00
 .rodata.str1.4
                0x00010a34       0x10 /home/acer-b/Mrogram/atinom/TOOLCHAIN/bin/../lib/gcc/arm-elf/4.1.0/../../../../arm-elf/lib/thumb/interwork/libc.a(dtoa.o)
                                 0x14 (size before relaxing)
 .rodata.str1.4
                0x00010a44        0x0 /home/acer-b/Mrogram/atinom/TOOLCHAIN/bin/../lib/gcc/arm-elf/4.1.0/../../../../arm-elf/lib/thumb/interwork/libc.a(impure.o)
                                  0x4 (size before relaxing)
 .rodata.str1.4
                0x00010a44        0xb /home/acer-b/Mrogram/atinom/TOOLCHAIN/bin/../lib/gcc/arm-elf/4.1.0/../../../../arm-elf/lib/thumb/interwork/libc.a(locale.o)
                                 0x18 (size before relaxing)
 *fill*         0x00010a4f        0x1 00
 .rodata.str1.4
                0x00010a50        0x4 /home/acer-b/Mrogram/atinom/TOOLCHAIN/bin/../lib/gcc/arm-elf/4.1.0/../../../../arm-elf/lib/thumb/interwork/libc.a(syscalls.o)
 *(.glue_7)
 .glue_7        0x00010a54       0x48 /home/acer-b/Mrogram/atinom/TOOLCHAIN/bin/../lib/gcc/arm-elf/4.1.0/thumb/interwork/libgcc.a(_fpcmp_parts_df.o)
                0x00010a90                __main_from_arm
                0x00010a78                __xQueueGenericSendFromISR_from_arm
                0x00010a84                __xQueueCreate_from_arm
                0x00010a54                __vTaskIncrementTick_from_arm
                0x00010a6c                __xQueueReceiveFromISR_from_arm
                0x00010a60                __vTaskSwitchContext_from_arm
 *(.glue_7t)
 .glue_7t       0x00010a9c       0x28 /home/acer-b/Mrogram/atinom/TOOLCHAIN/bin/../lib/gcc/arm-elf/4.1.0/thumb/interwork/libgcc.a(_fpcmp_parts_df.o)
                0x00010aa0                __vPortEnterCritical_change_to_arm
                0x00010aac                __vSerialISRCreateQueues_from_thumb
                0x00010ab0                __vSerialISRCreateQueues_change_to_arm
                0x00010aa8                __vPortExitCritical_change_to_arm
                0x00010abc                __vPortISRStartFirstTask_from_thumb
                0x00010ab4                __vPortDisableInterruptsFromThumb_from_thumb
                0x00010aa4                __vPortExitCritical_from_thumb
                0x00010a9c                __vPortEnterCritical_from_thumb
                0x00010ac0                __vPortISRStartFirstTask_change_to_arm
                0x00010ab8                __vPortDisableInterruptsFromThumb_change_to_arm
 *(.lokasi_font)
                0x00010ac4                __end_of_text__ = .
                0x00010ac4                __exidx_start = .

.ARM.exidx
 *(.ARM.exidx* .gnu.linkonce.armexidx.*)
                0x00010ac4                __exidx_end = .

.data           0x40000000      0x998 load address 0x00010ac4
                0x40000000                __data_beg__ = .
                0x00010ac4                __data_beg_src__ = __end_of_text__
 *(.data)
 .data          0x40000000        0x4 ../FreeRTOS_Source/portable/GCC/ARM7_LPC23xx/portISR.o
                0x40000000                ulCriticalNesting
 .data          0x40000004       0x38 ../tinysh/tinysh.o
 .data          0x4000003c      0x120 ../tinysh/shell.o
 .data          0x4000015c       0x18 ../webserver/httpd-cgi.o
 .data          0x40000174      0x404 /home/acer-b/Mrogram/atinom/TOOLCHAIN/bin/../lib/gcc/arm-elf/4.1.0/../../../../arm-elf/lib/thumb/interwork/libc.a(impure.o)
                0x40000174                _impure_ptr
 .data          0x40000578       0x10 /home/acer-b/Mrogram/atinom/TOOLCHAIN/bin/../lib/gcc/arm-elf/4.1.0/../../../../arm-elf/lib/thumb/interwork/libc.a(locale.o)
                0x40000578                __mb_cur_max
                0x4000057c                __lc_ctype
 .data          0x40000588      0x410 /home/acer-b/Mrogram/atinom/TOOLCHAIN/bin/../lib/gcc/arm-elf/4.1.0/../../../../arm-elf/lib/thumb/interwork/libc.a(mallocr.o)
                0x40000994                __malloc_sbrk_base
                0x40000588                __malloc_av_
                0x40000990                __malloc_trim_threshold
                0x40000998                __data_end__ = .

.bss            0x40000998     0x5518
                0x40000998                __bss_beg__ = .
 *(.bss)
 .bss           0x40000998        0xc ../serial/serialISR.o
 .bss           0x400009a4        0x8 main.o
                0x400009a4                loop_idle
 .bss           0x400009ac        0x4 ../system/syscall.o
 .bss           0x400009b0        0xc ../serial/serial.o
 .bss           0x400009bc       0xc0 ../FreeRTOS_Source/tasks.o
                0x400009c0                pxCurrentTCB
                0x400009bc                tick_ku
 .bss           0x40000a7c     0x481c ../FreeRTOS_Source/portable/MemMang/heap_2.o
 .bss           0x40005298      0x31c ../tinysh/tinysh.o
 .bss           0x400055b4        0x8 ../tinysh/shell.o
                0x400055b8                tik_lama
                0x400055b4                uptime_ovflow
 .bss           0x400055bc        0x8 ../uip/hardware/enc28j60.o
                0x400055c0                error_ENC
                0x400055bc                ethRxPointer
 .bss           0x400055c4       0x18 ../uip/uip/uip.o
                0x400055c8                uip_ethaddr
                0x400055c4                uip_timeoffset
 .bss           0x400055dc       0x60 ../uip/uip/uip_arp.o
 .bss           0x4000563c       0x28 ../uip/uip/uip-fw.o
 .bss           0x40005664       0x10 ../uip/uip_task.o
                0x40005664                paket_per_menit
                0x40005668                paket_kita
 .bss           0x40005674        0xc ../webserver/httpd-fs.o
 .bss           0x40005680       0x24 ../webserver/httpd-cgi.o
                0x40005680                lRefreshCount
 .bss           0x400056a4        0x4 ../adc/ad7708.o
 .bss           0x400056a8        0xc /home/acer-b/Mrogram/atinom/TOOLCHAIN/bin/../lib/gcc/arm-elf/4.1.0/../../../../arm-elf/lib/thumb/interwork/libc.a(locale.o)
                0x400056a8                __nlocale_changed
                0x400056ac                __mlocale_changed
                0x400056b0                _PathLocale
 .bss           0x400056b4       0x34 /home/acer-b/Mrogram/atinom/TOOLCHAIN/bin/../lib/gcc/arm-elf/4.1.0/../../../../arm-elf/lib/thumb/interwork/libc.a(mallocr.o)
                0x400056b4                __malloc_top_pad
                0x400056b8                __malloc_max_sbrked_mem
                0x400056c0                __malloc_current_mallinfo
                0x400056bc                __malloc_max_total_mem
 .bss           0x400056e8       0xb0 /home/acer-b/Mrogram/atinom/TOOLCHAIN/bin/../lib/gcc/arm-elf/4.1.0/../../../../arm-elf/lib/thumb/interwork/libc.a(syscalls.o)
 COMMON         0x40005798       0x80 ../GPIO/gpio_ISR.o
                0x40005798                konter
 COMMON         0x40005818       0x20 main.o
                0x40005818                hdl_lcd
                0x4000581c                tot_idle
                0x40005820                hdl_ether
                0x40005824                hdl_tampilan
                0x40005828                hdl_shell
                0x4000582c                lcd_sem
                0x40005830                idle_lama
                0x40005834                hdl_led
 COMMON         0x40005838      0x5f0 ../tinysh/enviro.o
                0x40005838                command
                0x4000584c                iap_entry
                0x40005850                result
                0x40005858                env2
 COMMON         0x40005e28       0x42 ../uip/uip/uip.o
                0x40005e28                uip_len
                0x40005e2c                uip_sappdata
                0x40005e30                uip_acc32
                0x40005e34                uip_flags
                0x40005e38                uip_udp_conn
                0x40005e3c                uip_appdata
                0x40005e40                uip_conn
                0x40005e44                uip_sntpaddr
                0x40005e48                uip_listenports
                0x40005e5c                uip_draddr
                0x40005e60                uip_netmask
                0x40005e64                uip_hostaddr
                0x40005e68                uip_slen
 *fill*         0x40005e6a        0x2 00
 COMMON         0x40005e6c        0x4 ../monita/monita_uip.o
                0x40005e6c                loop_kirim
 COMMON         0x40005e70       0x10 ../webserver/httpd-cgi.o
                0x40005e70                ulString
                0x40005e74                pcStatus
 COMMON         0x40005e80       0x30 ../adc/ad7708.o
                0x40005e80                st_adc
                0x40005eb0                . = ALIGN (0x4)
                0x40005eb0                _bss_end__ = .
                0x40005eb0                __bss_end__ = .
                0x40005eb0                __end__ = .

.usbram         0x7fd00400      0x280
                0x7fd00400                __usbram_beg__ = .
 *(.usb_text)
 .usb_text      0x7fd00400      0x280 ../uip/uip/uip.o
                0x7fd00400                uip_conns
 *(.dmaram)
                0x7fd00680                __usbram_end__ = .

.ethram         0x7fe00000     0x20dc
                0x7fe00000                __ethram_beg__ = .
 *(.ethram)
 *(.eth_test_text)
 *(.eth_test)
 .eth_test      0x7fe00000       0x80 ../serial/serial.o
                0x7fe00000                printbuffer
 .eth_test      0x7fe00080      0x714 ../uip/uip/uip.o
                0x7fe00080                uip_buf
                0x7fe00664                uip_udp_conns
 .eth_test      0x7fe00794      0x148 ../monita/monita_uip.o
                0x7fe00794                xdata
                0x7fe0088c                data_float
 .eth_test      0x7fe008dc     0x1800 ../webserver/httpd.o
                0x7fe008dc                head_buf
                0x7fe018dc                tot_buf_siap
                0x7fe010dc                tot_buf
                0x7fe020dc                __ethram_end__ = .
                0x7fe020dc                . = ALIGN (0x4)
                0x7fe020dc                _end = .
                0x7fe020dc                PROVIDE (end, .)
OUTPUT(komon_A.elf elf32-littlearm)

.comment        0x00000000      0x72c
 .comment       0x00000000       0x12 ../FreeRTOS_Source/portable/GCC/ARM7_LPC23xx/portISR.o
 .comment       0x00000012       0x12 ../serial/serialISR.o
 .comment       0x00000024       0x12 ../GPIO/gpio_ISR.o
 .comment       0x00000036       0x12 main.o
 .comment       0x00000048       0x12 ../system/setup_cpu.o
 .comment       0x0000005a       0x12 ../system/syscall.o
 .comment       0x0000006c       0x12 ../system/reset_cpu.o
 .comment       0x0000007e       0x12 ../serial/serial.o
 .comment       0x00000090       0x12 ../FreeRTOS_Source/queue.o
 .comment       0x000000a2       0x12 ../FreeRTOS_Source/tasks.o
 .comment       0x000000b4       0x12 ../FreeRTOS_Source/portable/GCC/ARM7_LPC23xx/port.o
 .comment       0x000000c6       0x12 ../FreeRTOS_Source/list.o
 .comment       0x000000d8       0x12 ../FreeRTOS_Source/portable/MemMang/heap_2.o
 .comment       0x000000ea       0x12 ../tinysh/tinysh.o
 .comment       0x000000fc       0x12 ../tinysh/shell.o
 .comment       0x0000010e       0x12 ../tinysh/enviro.o
 .comment       0x00000120       0x12 ../GPIO/gpio.o
 .comment       0x00000132       0x12 ../spi/spi.o
 .comment       0x00000144       0x12 ../uip/hardware/enc28j60.o
 .comment       0x00000156       0x12 ../uip/clock.o
 .comment       0x00000168       0x12 ../uip/lib/memb.o
 .comment       0x0000017a       0x12 ../uip/uip/uip.o
 .comment       0x0000018c       0x12 ../uip/uip/uip_arch.o
 .comment       0x0000019e       0x12 ../uip/uip/uip_arp.o
 .comment       0x000001b0       0x12 ../uip/uip/uip_timer.o
 .comment       0x000001c2       0x12 ../uip/uip/uip-fw.o
 .comment       0x000001d4       0x12 ../uip/uip/psock.o
 .comment       0x000001e6       0x12 ../uip/uip/uiplib.o
 .comment       0x000001f8       0x12 ../uip/uip_task.o
 .comment       0x0000020a       0x12 ../monita/monita_uip.o
 .comment       0x0000021c       0x12 ../webserver/httpd.o
 .comment       0x0000022e       0x12 ../webserver/httpd-fs.o
 .comment       0x00000240       0x12 ../webserver/http-strings.o
 .comment       0x00000252       0x12 ../webserver/httpd-cgi.o
 .comment       0x00000264       0x12 ../system/idle_hook.o
 .comment       0x00000276       0x12 ../adc/ad7708.o
 .comment       0x00000288       0x12 /home/acer-b/Mrogram/atinom/TOOLCHAIN/bin/../lib/gcc/arm-elf/4.1.0/../../../../arm-elf/lib/thumb/interwork/libc.a(memcpy.o)
 .comment       0x0000029a       0x12 /home/acer-b/Mrogram/atinom/TOOLCHAIN/bin/../lib/gcc/arm-elf/4.1.0/../../../../arm-elf/lib/thumb/interwork/libc.a(memset.o)
 .comment       0x000002ac       0x12 /home/acer-b/Mrogram/atinom/TOOLCHAIN/bin/../lib/gcc/arm-elf/4.1.0/../../../../arm-elf/lib/thumb/interwork/libc.a(snprintf.o)
 .comment       0x000002be       0x12 /home/acer-b/Mrogram/atinom/TOOLCHAIN/bin/../lib/gcc/arm-elf/4.1.0/../../../../arm-elf/lib/thumb/interwork/libc.a(sprintf.o)
 .comment       0x000002d0       0x12 /home/acer-b/Mrogram/atinom/TOOLCHAIN/bin/../lib/gcc/arm-elf/4.1.0/../../../../arm-elf/lib/thumb/interwork/libc.a(strcat.o)
 .comment       0x000002e2       0x12 /home/acer-b/Mrogram/atinom/TOOLCHAIN/bin/../lib/gcc/arm-elf/4.1.0/../../../../arm-elf/lib/thumb/interwork/libc.a(strchr.o)
 .comment       0x000002f4       0x12 /home/acer-b/Mrogram/atinom/TOOLCHAIN/bin/../lib/gcc/arm-elf/4.1.0/../../../../arm-elf/lib/thumb/interwork/libc.a(strcmp.o)
 .comment       0x00000306       0x12 /home/acer-b/Mrogram/atinom/TOOLCHAIN/bin/../lib/gcc/arm-elf/4.1.0/../../../../arm-elf/lib/thumb/interwork/libc.a(strcpy.o)
 .comment       0x00000318       0x12 /home/acer-b/Mrogram/atinom/TOOLCHAIN/bin/../lib/gcc/arm-elf/4.1.0/../../../../arm-elf/lib/thumb/interwork/libc.a(strlen.o)
 .comment       0x0000032a       0x12 /home/acer-b/Mrogram/atinom/TOOLCHAIN/bin/../lib/gcc/arm-elf/4.1.0/../../../../arm-elf/lib/thumb/interwork/libc.a(strncmp.o)
 .comment       0x0000033c       0x12 /home/acer-b/Mrogram/atinom/TOOLCHAIN/bin/../lib/gcc/arm-elf/4.1.0/../../../../arm-elf/lib/thumb/interwork/libc.a(strncpy.o)
 .comment       0x0000034e       0x12 /home/acer-b/Mrogram/atinom/TOOLCHAIN/bin/../lib/gcc/arm-elf/4.1.0/../../../../arm-elf/lib/thumb/interwork/libc.a(strrchr.o)
 .comment       0x00000360       0x12 /home/acer-b/Mrogram/atinom/TOOLCHAIN/bin/../lib/gcc/arm-elf/4.1.0/../../../../arm-elf/lib/thumb/interwork/libc.a(vfprintf.o)
 .comment       0x00000372       0x12 /home/acer-b/Mrogram/atinom/TOOLCHAIN/bin/../lib/gcc/arm-elf/4.1.0/../../../../arm-elf/lib/thumb/interwork/libc.a(vsprintf.o)
 .comment       0x00000384       0x12 /home/acer-b/Mrogram/atinom/TOOLCHAIN/bin/../lib/gcc/arm-elf/4.1.0/../../../../arm-elf/lib/thumb/interwork/libc.a(wcrtomb.o)
 .comment       0x00000396       0x12 /home/acer-b/Mrogram/atinom/TOOLCHAIN/bin/../lib/gcc/arm-elf/4.1.0/../../../../arm-elf/lib/thumb/interwork/libc.a(wcsrtombs.o)
 .comment       0x000003a8       0x12 /home/acer-b/Mrogram/atinom/TOOLCHAIN/bin/../lib/gcc/arm-elf/4.1.0/../../../../arm-elf/lib/thumb/interwork/libc.a(wctomb_r.o)
 .comment       0x000003ba       0x12 /home/acer-b/Mrogram/atinom/TOOLCHAIN/bin/../lib/gcc/arm-elf/4.1.0/../../../../arm-elf/lib/thumb/interwork/libc.a(wsetup.o)
 .comment       0x000003cc       0x12 /home/acer-b/Mrogram/atinom/TOOLCHAIN/bin/../lib/gcc/arm-elf/4.1.0/../../../../arm-elf/lib/thumb/interwork/libc.a(dtoa.o)
 .comment       0x000003de       0x12 /home/acer-b/Mrogram/atinom/TOOLCHAIN/bin/../lib/gcc/arm-elf/4.1.0/../../../../arm-elf/lib/thumb/interwork/libc.a(fflush.o)
 .comment       0x000003f0       0x12 /home/acer-b/Mrogram/atinom/TOOLCHAIN/bin/../lib/gcc/arm-elf/4.1.0/../../../../arm-elf/lib/thumb/interwork/libc.a(findfp.o)
 .comment       0x00000402       0x12 /home/acer-b/Mrogram/atinom/TOOLCHAIN/bin/../lib/gcc/arm-elf/4.1.0/../../../../arm-elf/lib/thumb/interwork/libc.a(freer.o)
 .comment       0x00000414       0x12 /home/acer-b/Mrogram/atinom/TOOLCHAIN/bin/../lib/gcc/arm-elf/4.1.0/../../../../arm-elf/lib/thumb/interwork/libc.a(fvwrite.o)
 .comment       0x00000426       0x12 /home/acer-b/Mrogram/atinom/TOOLCHAIN/bin/../lib/gcc/arm-elf/4.1.0/../../../../arm-elf/lib/thumb/interwork/libc.a(fwalk.o)
 .comment       0x00000438       0x12 /home/acer-b/Mrogram/atinom/TOOLCHAIN/bin/../lib/gcc/arm-elf/4.1.0/../../../../arm-elf/lib/thumb/interwork/libc.a(impure.o)
 .comment       0x0000044a       0x12 /home/acer-b/Mrogram/atinom/TOOLCHAIN/bin/../lib/gcc/arm-elf/4.1.0/../../../../arm-elf/lib/thumb/interwork/libc.a(locale.o)
 .comment       0x0000045c       0x12 /home/acer-b/Mrogram/atinom/TOOLCHAIN/bin/../lib/gcc/arm-elf/4.1.0/../../../../arm-elf/lib/thumb/interwork/libc.a(makebuf.o)
 .comment       0x0000046e       0x12 /home/acer-b/Mrogram/atinom/TOOLCHAIN/bin/../lib/gcc/arm-elf/4.1.0/../../../../arm-elf/lib/thumb/interwork/libc.a(mallocr.o)
 .comment       0x00000480       0x12 /home/acer-b/Mrogram/atinom/TOOLCHAIN/bin/../lib/gcc/arm-elf/4.1.0/../../../../arm-elf/lib/thumb/interwork/libc.a(memchr.o)
 .comment       0x00000492       0x12 /home/acer-b/Mrogram/atinom/TOOLCHAIN/bin/../lib/gcc/arm-elf/4.1.0/../../../../arm-elf/lib/thumb/interwork/libc.a(memmove.o)
 .comment       0x000004a4       0x12 /home/acer-b/Mrogram/atinom/TOOLCHAIN/bin/../lib/gcc/arm-elf/4.1.0/../../../../arm-elf/lib/thumb/interwork/libc.a(mlock.o)
 .comment       0x000004b6       0x12 /home/acer-b/Mrogram/atinom/TOOLCHAIN/bin/../lib/gcc/arm-elf/4.1.0/../../../../arm-elf/lib/thumb/interwork/libc.a(mprec.o)
 .comment       0x000004c8       0x12 /home/acer-b/Mrogram/atinom/TOOLCHAIN/bin/../lib/gcc/arm-elf/4.1.0/../../../../arm-elf/lib/thumb/interwork/libc.a(reallocr.o)
 .comment       0x000004da       0x12 /home/acer-b/Mrogram/atinom/TOOLCHAIN/bin/../lib/gcc/arm-elf/4.1.0/../../../../arm-elf/lib/thumb/interwork/libc.a(s_isinf.o)
 .comment       0x000004ec       0x12 /home/acer-b/Mrogram/atinom/TOOLCHAIN/bin/../lib/gcc/arm-elf/4.1.0/../../../../arm-elf/lib/thumb/interwork/libc.a(s_isnan.o)
 .comment       0x000004fe       0x12 /home/acer-b/Mrogram/atinom/TOOLCHAIN/bin/../lib/gcc/arm-elf/4.1.0/../../../../arm-elf/lib/thumb/interwork/libc.a(stdio.o)
 .comment       0x00000510       0x12 /home/acer-b/Mrogram/atinom/TOOLCHAIN/bin/../lib/gcc/arm-elf/4.1.0/../../../../arm-elf/lib/thumb/interwork/libc.a(syscalls.o)
 .comment       0x00000522       0x12 /home/acer-b/Mrogram/atinom/TOOLCHAIN/bin/../lib/gcc/arm-elf/4.1.0/../../../../arm-elf/lib/thumb/interwork/libc.a(callocr.o)
 .comment       0x00000534       0x12 /home/acer-b/Mrogram/atinom/TOOLCHAIN/bin/../lib/gcc/arm-elf/4.1.0/../../../../arm-elf/lib/thumb/interwork/libc.a(errno.o)
 .comment       0x00000546       0x12 /home/acer-b/Mrogram/atinom/TOOLCHAIN/bin/../lib/gcc/arm-elf/4.1.0/../../../../arm-elf/lib/thumb/interwork/libc.a(fclose.o)
 .comment       0x00000558       0x12 /home/acer-b/Mrogram/atinom/TOOLCHAIN/bin/../lib/gcc/arm-elf/4.1.0/thumb/interwork/libgcc.a(_addsub_sf.o)
 .comment       0x0000056a       0x12 /home/acer-b/Mrogram/atinom/TOOLCHAIN/bin/../lib/gcc/arm-elf/4.1.0/thumb/interwork/libgcc.a(_mul_sf.o)
 .comment       0x0000057c       0x12 /home/acer-b/Mrogram/atinom/TOOLCHAIN/bin/../lib/gcc/arm-elf/4.1.0/thumb/interwork/libgcc.a(_div_sf.o)
 .comment       0x0000058e       0x12 /home/acer-b/Mrogram/atinom/TOOLCHAIN/bin/../lib/gcc/arm-elf/4.1.0/thumb/interwork/libgcc.a(_si_to_sf.o)
 .comment       0x000005a0       0x12 /home/acer-b/Mrogram/atinom/TOOLCHAIN/bin/../lib/gcc/arm-elf/4.1.0/thumb/interwork/libgcc.a(_sf_to_df.o)
 .comment       0x000005b2       0x12 /home/acer-b/Mrogram/atinom/TOOLCHAIN/bin/../lib/gcc/arm-elf/4.1.0/thumb/interwork/libgcc.a(_thenan_sf.o)
 .comment       0x000005c4       0x12 /home/acer-b/Mrogram/atinom/TOOLCHAIN/bin/../lib/gcc/arm-elf/4.1.0/thumb/interwork/libgcc.a(_addsub_df.o)
 .comment       0x000005d6       0x12 /home/acer-b/Mrogram/atinom/TOOLCHAIN/bin/../lib/gcc/arm-elf/4.1.0/thumb/interwork/libgcc.a(_mul_df.o)
 .comment       0x000005e8       0x12 /home/acer-b/Mrogram/atinom/TOOLCHAIN/bin/../lib/gcc/arm-elf/4.1.0/thumb/interwork/libgcc.a(_div_df.o)
 .comment       0x000005fa       0x12 /home/acer-b/Mrogram/atinom/TOOLCHAIN/bin/../lib/gcc/arm-elf/4.1.0/thumb/interwork/libgcc.a(_eq_df.o)
 .comment       0x0000060c       0x12 /home/acer-b/Mrogram/atinom/TOOLCHAIN/bin/../lib/gcc/arm-elf/4.1.0/thumb/interwork/libgcc.a(_ne_df.o)
 .comment       0x0000061e       0x12 /home/acer-b/Mrogram/atinom/TOOLCHAIN/bin/../lib/gcc/arm-elf/4.1.0/thumb/interwork/libgcc.a(_gt_df.o)
 .comment       0x00000630       0x12 /home/acer-b/Mrogram/atinom/TOOLCHAIN/bin/../lib/gcc/arm-elf/4.1.0/thumb/interwork/libgcc.a(_ge_df.o)
 .comment       0x00000642       0x12 /home/acer-b/Mrogram/atinom/TOOLCHAIN/bin/../lib/gcc/arm-elf/4.1.0/thumb/interwork/libgcc.a(_lt_df.o)
 .comment       0x00000654       0x12 /home/acer-b/Mrogram/atinom/TOOLCHAIN/bin/../lib/gcc/arm-elf/4.1.0/thumb/interwork/libgcc.a(_si_to_df.o)
 .comment       0x00000666       0x12 /home/acer-b/Mrogram/atinom/TOOLCHAIN/bin/../lib/gcc/arm-elf/4.1.0/thumb/interwork/libgcc.a(_df_to_si.o)
 .comment       0x00000678       0x12 /home/acer-b/Mrogram/atinom/TOOLCHAIN/bin/../lib/gcc/arm-elf/4.1.0/thumb/interwork/libgcc.a(_make_df.o)
 .comment       0x0000068a       0x12 /home/acer-b/Mrogram/atinom/TOOLCHAIN/bin/../lib/gcc/arm-elf/4.1.0/thumb/interwork/libgcc.a(_df_to_sf.o)
 .comment       0x0000069c       0x12 /home/acer-b/Mrogram/atinom/TOOLCHAIN/bin/../lib/gcc/arm-elf/4.1.0/thumb/interwork/libgcc.a(_thenan_df.o)
 .comment       0x000006ae       0x12 /home/acer-b/Mrogram/atinom/TOOLCHAIN/bin/../lib/gcc/arm-elf/4.1.0/thumb/interwork/libgcc.a(_muldi3.o)
 .comment       0x000006c0       0x12 /home/acer-b/Mrogram/atinom/TOOLCHAIN/bin/../lib/gcc/arm-elf/4.1.0/thumb/interwork/libgcc.a(_pack_sf.o)
 .comment       0x000006d2       0x12 /home/acer-b/Mrogram/atinom/TOOLCHAIN/bin/../lib/gcc/arm-elf/4.1.0/thumb/interwork/libgcc.a(_unpack_sf.o)
 .comment       0x000006e4       0x12 /home/acer-b/Mrogram/atinom/TOOLCHAIN/bin/../lib/gcc/arm-elf/4.1.0/thumb/interwork/libgcc.a(_make_sf.o)
 .comment       0x000006f6       0x12 /home/acer-b/Mrogram/atinom/TOOLCHAIN/bin/../lib/gcc/arm-elf/4.1.0/thumb/interwork/libgcc.a(_pack_df.o)
 .comment       0x00000708       0x12 /home/acer-b/Mrogram/atinom/TOOLCHAIN/bin/../lib/gcc/arm-elf/4.1.0/thumb/interwork/libgcc.a(_unpack_df.o)
 .comment       0x0000071a       0x12 /home/acer-b/Mrogram/atinom/TOOLCHAIN/bin/../lib/gcc/arm-elf/4.1.0/thumb/interwork/libgcc.a(_fpcmp_parts_df.o)

.debug_abbrev   0x00000000     0x5aba
 .debug_abbrev  0x00000000       0x99 /home/acer-b/Mrogram/atinom/TOOLCHAIN/bin/../lib/gcc/arm-elf/4.1.0/../../../../arm-elf/lib/thumb/interwork/libc.a(memcpy.o)
 .debug_abbrev  0x00000099       0x9a /home/acer-b/Mrogram/atinom/TOOLCHAIN/bin/../lib/gcc/arm-elf/4.1.0/../../../../arm-elf/lib/thumb/interwork/libc.a(memset.o)
 .debug_abbrev  0x00000133      0x1a2 /home/acer-b/Mrogram/atinom/TOOLCHAIN/bin/../lib/gcc/arm-elf/4.1.0/../../../../arm-elf/lib/thumb/interwork/libc.a(snprintf.o)
 .debug_abbrev  0x000002d5      0x193 /home/acer-b/Mrogram/atinom/TOOLCHAIN/bin/../lib/gcc/arm-elf/4.1.0/../../../../arm-elf/lib/thumb/interwork/libc.a(sprintf.o)
 .debug_abbrev  0x00000468       0x87 /home/acer-b/Mrogram/atinom/TOOLCHAIN/bin/../lib/gcc/arm-elf/4.1.0/../../../../arm-elf/lib/thumb/interwork/libc.a(strcat.o)
 .debug_abbrev  0x000004ef       0x8f /home/acer-b/Mrogram/atinom/TOOLCHAIN/bin/../lib/gcc/arm-elf/4.1.0/../../../../arm-elf/lib/thumb/interwork/libc.a(strchr.o)
 .debug_abbrev  0x0000057e       0x71 /home/acer-b/Mrogram/atinom/TOOLCHAIN/bin/../lib/gcc/arm-elf/4.1.0/../../../../arm-elf/lib/thumb/interwork/libc.a(strcmp.o)
 .debug_abbrev  0x000005ef       0x80 /home/acer-b/Mrogram/atinom/TOOLCHAIN/bin/../lib/gcc/arm-elf/4.1.0/../../../../arm-elf/lib/thumb/interwork/libc.a(strcpy.o)
 .debug_abbrev  0x0000066f       0x8b /home/acer-b/Mrogram/atinom/TOOLCHAIN/bin/../lib/gcc/arm-elf/4.1.0/../../../../arm-elf/lib/thumb/interwork/libc.a(strlen.o)
 .debug_abbrev  0x000006fa       0x7e /home/acer-b/Mrogram/atinom/TOOLCHAIN/bin/../lib/gcc/arm-elf/4.1.0/../../../../arm-elf/lib/thumb/interwork/libc.a(strncmp.o)
 .debug_abbrev  0x00000778       0x8d /home/acer-b/Mrogram/atinom/TOOLCHAIN/bin/../lib/gcc/arm-elf/4.1.0/../../../../arm-elf/lib/thumb/interwork/libc.a(strncpy.o)
 .debug_abbrev  0x00000805       0x6f /home/acer-b/Mrogram/atinom/TOOLCHAIN/bin/../lib/gcc/arm-elf/4.1.0/../../../../arm-elf/lib/thumb/interwork/libc.a(strrchr.o)
 .debug_abbrev  0x00000874      0x356 /home/acer-b/Mrogram/atinom/TOOLCHAIN/bin/../lib/gcc/arm-elf/4.1.0/../../../../arm-elf/lib/thumb/interwork/libc.a(vfprintf.o)
 .debug_abbrev  0x00000bca      0x17f /home/acer-b/Mrogram/atinom/TOOLCHAIN/bin/../lib/gcc/arm-elf/4.1.0/../../../../arm-elf/lib/thumb/interwork/libc.a(vsprintf.o)
 .debug_abbrev  0x00000d49      0x18e /home/acer-b/Mrogram/atinom/TOOLCHAIN/bin/../lib/gcc/arm-elf/4.1.0/../../../../arm-elf/lib/thumb/interwork/libc.a(wcrtomb.o)
 .debug_abbrev  0x00000ed7      0x1a4 /home/acer-b/Mrogram/atinom/TOOLCHAIN/bin/../lib/gcc/arm-elf/4.1.0/../../../../arm-elf/lib/thumb/interwork/libc.a(wcsrtombs.o)
 .debug_abbrev  0x0000107b      0x1ab /home/acer-b/Mrogram/atinom/TOOLCHAIN/bin/../lib/gcc/arm-elf/4.1.0/../../../../arm-elf/lib/thumb/interwork/libc.a(wctomb_r.o)
 .debug_abbrev  0x00001226      0x170 /home/acer-b/Mrogram/atinom/TOOLCHAIN/bin/../lib/gcc/arm-elf/4.1.0/../../../../arm-elf/lib/thumb/interwork/libc.a(wsetup.o)
 .debug_abbrev  0x00001396      0x214 /home/acer-b/Mrogram/atinom/TOOLCHAIN/bin/../lib/gcc/arm-elf/4.1.0/../../../../arm-elf/lib/thumb/interwork/libc.a(dtoa.o)
 .debug_abbrev  0x000015aa      0x17f /home/acer-b/Mrogram/atinom/TOOLCHAIN/bin/../lib/gcc/arm-elf/4.1.0/../../../../arm-elf/lib/thumb/interwork/libc.a(fflush.o)
 .debug_abbrev  0x00001729      0x24a /home/acer-b/Mrogram/atinom/TOOLCHAIN/bin/../lib/gcc/arm-elf/4.1.0/../../../../arm-elf/lib/thumb/interwork/libc.a(findfp.o)
 .debug_abbrev  0x00001973      0x1d9 /home/acer-b/Mrogram/atinom/TOOLCHAIN/bin/../lib/gcc/arm-elf/4.1.0/../../../../arm-elf/lib/thumb/interwork/libc.a(freer.o)
 .debug_abbrev  0x00001b4c      0x1b4 /home/acer-b/Mrogram/atinom/TOOLCHAIN/bin/../lib/gcc/arm-elf/4.1.0/../../../../arm-elf/lib/thumb/interwork/libc.a(fvwrite.o)
 .debug_abbrev  0x00001d00      0x1e3 /home/acer-b/Mrogram/atinom/TOOLCHAIN/bin/../lib/gcc/arm-elf/4.1.0/../../../../arm-elf/lib/thumb/interwork/libc.a(fwalk.o)
 .debug_abbrev  0x00001ee3      0x157 /home/acer-b/Mrogram/atinom/TOOLCHAIN/bin/../lib/gcc/arm-elf/4.1.0/../../../../arm-elf/lib/thumb/interwork/libc.a(impure.o)
 .debug_abbrev  0x0000203a      0x20e /home/acer-b/Mrogram/atinom/TOOLCHAIN/bin/../lib/gcc/arm-elf/4.1.0/../../../../arm-elf/lib/thumb/interwork/libc.a(locale.o)
 .debug_abbrev  0x00002248      0x1a8 /home/acer-b/Mrogram/atinom/TOOLCHAIN/bin/../lib/gcc/arm-elf/4.1.0/../../../../arm-elf/lib/thumb/interwork/libc.a(makebuf.o)
 .debug_abbrev  0x000023f0      0x216 /home/acer-b/Mrogram/atinom/TOOLCHAIN/bin/../lib/gcc/arm-elf/4.1.0/../../../../arm-elf/lib/thumb/interwork/libc.a(mallocr.o)
 .debug_abbrev  0x00002606       0xb5 /home/acer-b/Mrogram/atinom/TOOLCHAIN/bin/../lib/gcc/arm-elf/4.1.0/../../../../arm-elf/lib/thumb/interwork/libc.a(memchr.o)
 .debug_abbrev  0x000026bb       0x99 /home/acer-b/Mrogram/atinom/TOOLCHAIN/bin/../lib/gcc/arm-elf/4.1.0/../../../../arm-elf/lib/thumb/interwork/libc.a(memmove.o)
 .debug_abbrev  0x00002754      0x16a /home/acer-b/Mrogram/atinom/TOOLCHAIN/bin/../lib/gcc/arm-elf/4.1.0/../../../../arm-elf/lib/thumb/interwork/libc.a(mlock.o)
 .debug_abbrev  0x000028be      0x262 /home/acer-b/Mrogram/atinom/TOOLCHAIN/bin/../lib/gcc/arm-elf/4.1.0/../../../../arm-elf/lib/thumb/interwork/libc.a(mprec.o)
 .debug_abbrev  0x00002b20      0x1c3 /home/acer-b/Mrogram/atinom/TOOLCHAIN/bin/../lib/gcc/arm-elf/4.1.0/../../../../arm-elf/lib/thumb/interwork/libc.a(reallocr.o)
 .debug_abbrev  0x00002ce3       0x79 /home/acer-b/Mrogram/atinom/TOOLCHAIN/bin/../lib/gcc/arm-elf/4.1.0/../../../../arm-elf/lib/thumb/interwork/libc.a(s_isinf.o)
 .debug_abbrev  0x00002d5c       0x79 /home/acer-b/Mrogram/atinom/TOOLCHAIN/bin/../lib/gcc/arm-elf/4.1.0/../../../../arm-elf/lib/thumb/interwork/libc.a(s_isnan.o)
 .debug_abbrev  0x00002dd5      0x1aa /home/acer-b/Mrogram/atinom/TOOLCHAIN/bin/../lib/gcc/arm-elf/4.1.0/../../../../arm-elf/lib/thumb/interwork/libc.a(stdio.o)
 .debug_abbrev  0x00002f7f      0x3e4 /home/acer-b/Mrogram/atinom/TOOLCHAIN/bin/../lib/gcc/arm-elf/4.1.0/../../../../arm-elf/lib/thumb/interwork/libc.a(syscalls.o)
 .debug_abbrev  0x00003363      0x1af /home/acer-b/Mrogram/atinom/TOOLCHAIN/bin/../lib/gcc/arm-elf/4.1.0/../../../../arm-elf/lib/thumb/interwork/libc.a(callocr.o)
 .debug_abbrev  0x00003512      0x15f /home/acer-b/Mrogram/atinom/TOOLCHAIN/bin/../lib/gcc/arm-elf/4.1.0/../../../../arm-elf/lib/thumb/interwork/libc.a(errno.o)
 .debug_abbrev  0x00003671      0x18e /home/acer-b/Mrogram/atinom/TOOLCHAIN/bin/../lib/gcc/arm-elf/4.1.0/../../../../arm-elf/lib/thumb/interwork/libc.a(fclose.o)
 .debug_abbrev  0x000037ff       0x14 /home/acer-b/Mrogram/atinom/TOOLCHAIN/bin/../lib/gcc/arm-elf/4.1.0/thumb/interwork/libgcc.a(_udivsi3.o)
 .debug_abbrev  0x00003813       0x14 /home/acer-b/Mrogram/atinom/TOOLCHAIN/bin/../lib/gcc/arm-elf/4.1.0/thumb/interwork/libgcc.a(_divsi3.o)
 .debug_abbrev  0x00003827       0x14 /home/acer-b/Mrogram/atinom/TOOLCHAIN/bin/../lib/gcc/arm-elf/4.1.0/thumb/interwork/libgcc.a(_umodsi3.o)
 .debug_abbrev  0x0000383b       0x14 /home/acer-b/Mrogram/atinom/TOOLCHAIN/bin/../lib/gcc/arm-elf/4.1.0/thumb/interwork/libgcc.a(_modsi3.o)
 .debug_abbrev  0x0000384f       0x14 /home/acer-b/Mrogram/atinom/TOOLCHAIN/bin/../lib/gcc/arm-elf/4.1.0/thumb/interwork/libgcc.a(_dvmd_tls.o)
 .debug_abbrev  0x00003863      0x1a8 /home/acer-b/Mrogram/atinom/TOOLCHAIN/bin/../lib/gcc/arm-elf/4.1.0/thumb/interwork/libgcc.a(_addsub_sf.o)
 .debug_abbrev  0x00003a0b      0x1e7 /home/acer-b/Mrogram/atinom/TOOLCHAIN/bin/../lib/gcc/arm-elf/4.1.0/thumb/interwork/libgcc.a(_mul_sf.o)
 .debug_abbrev  0x00003bf2      0x1d9 /home/acer-b/Mrogram/atinom/TOOLCHAIN/bin/../lib/gcc/arm-elf/4.1.0/thumb/interwork/libgcc.a(_div_sf.o)
 .debug_abbrev  0x00003dcb       0xf1 /home/acer-b/Mrogram/atinom/TOOLCHAIN/bin/../lib/gcc/arm-elf/4.1.0/thumb/interwork/libgcc.a(_si_to_sf.o)
 .debug_abbrev  0x00003ebc      0x128 /home/acer-b/Mrogram/atinom/TOOLCHAIN/bin/../lib/gcc/arm-elf/4.1.0/thumb/interwork/libgcc.a(_sf_to_df.o)
 .debug_abbrev  0x00003fe4       0xba /home/acer-b/Mrogram/atinom/TOOLCHAIN/bin/../lib/gcc/arm-elf/4.1.0/thumb/interwork/libgcc.a(_thenan_sf.o)
 .debug_abbrev  0x0000409e      0x1a8 /home/acer-b/Mrogram/atinom/TOOLCHAIN/bin/../lib/gcc/arm-elf/4.1.0/thumb/interwork/libgcc.a(_addsub_df.o)
 .debug_abbrev  0x00004246      0x1e7 /home/acer-b/Mrogram/atinom/TOOLCHAIN/bin/../lib/gcc/arm-elf/4.1.0/thumb/interwork/libgcc.a(_mul_df.o)
 .debug_abbrev  0x0000442d      0x1d9 /home/acer-b/Mrogram/atinom/TOOLCHAIN/bin/../lib/gcc/arm-elf/4.1.0/thumb/interwork/libgcc.a(_div_df.o)
 .debug_abbrev  0x00004606      0x157 /home/acer-b/Mrogram/atinom/TOOLCHAIN/bin/../lib/gcc/arm-elf/4.1.0/thumb/interwork/libgcc.a(_eq_df.o)
 .debug_abbrev  0x0000475d      0x157 /home/acer-b/Mrogram/atinom/TOOLCHAIN/bin/../lib/gcc/arm-elf/4.1.0/thumb/interwork/libgcc.a(_ne_df.o)
 .debug_abbrev  0x000048b4      0x157 /home/acer-b/Mrogram/atinom/TOOLCHAIN/bin/../lib/gcc/arm-elf/4.1.0/thumb/interwork/libgcc.a(_gt_df.o)
 .debug_abbrev  0x00004a0b      0x157 /home/acer-b/Mrogram/atinom/TOOLCHAIN/bin/../lib/gcc/arm-elf/4.1.0/thumb/interwork/libgcc.a(_ge_df.o)
 .debug_abbrev  0x00004b62      0x157 /home/acer-b/Mrogram/atinom/TOOLCHAIN/bin/../lib/gcc/arm-elf/4.1.0/thumb/interwork/libgcc.a(_lt_df.o)
 .debug_abbrev  0x00004cb9       0xf1 /home/acer-b/Mrogram/atinom/TOOLCHAIN/bin/../lib/gcc/arm-elf/4.1.0/thumb/interwork/libgcc.a(_si_to_df.o)
 .debug_abbrev  0x00004daa      0x166 /home/acer-b/Mrogram/atinom/TOOLCHAIN/bin/../lib/gcc/arm-elf/4.1.0/thumb/interwork/libgcc.a(_df_to_si.o)
 .debug_abbrev  0x00004f10      0x10f /home/acer-b/Mrogram/atinom/TOOLCHAIN/bin/../lib/gcc/arm-elf/4.1.0/thumb/interwork/libgcc.a(_make_df.o)
 .debug_abbrev  0x0000501f      0x137 /home/acer-b/Mrogram/atinom/TOOLCHAIN/bin/../lib/gcc/arm-elf/4.1.0/thumb/interwork/libgcc.a(_df_to_sf.o)
 .debug_abbrev  0x00005156       0xba /home/acer-b/Mrogram/atinom/TOOLCHAIN/bin/../lib/gcc/arm-elf/4.1.0/thumb/interwork/libgcc.a(_thenan_df.o)
 .debug_abbrev  0x00005210       0xec /home/acer-b/Mrogram/atinom/TOOLCHAIN/bin/../lib/gcc/arm-elf/4.1.0/thumb/interwork/libgcc.a(_muldi3.o)
 .debug_abbrev  0x000052fc      0x17a /home/acer-b/Mrogram/atinom/TOOLCHAIN/bin/../lib/gcc/arm-elf/4.1.0/thumb/interwork/libgcc.a(_pack_sf.o)
 .debug_abbrev  0x00005476      0x158 /home/acer-b/Mrogram/atinom/TOOLCHAIN/bin/../lib/gcc/arm-elf/4.1.0/thumb/interwork/libgcc.a(_unpack_sf.o)
 .debug_abbrev  0x000055ce      0x100 /home/acer-b/Mrogram/atinom/TOOLCHAIN/bin/../lib/gcc/arm-elf/4.1.0/thumb/interwork/libgcc.a(_make_sf.o)
 .debug_abbrev  0x000056ce      0x192 /home/acer-b/Mrogram/atinom/TOOLCHAIN/bin/../lib/gcc/arm-elf/4.1.0/thumb/interwork/libgcc.a(_pack_df.o)
 .debug_abbrev  0x00005860      0x149 /home/acer-b/Mrogram/atinom/TOOLCHAIN/bin/../lib/gcc/arm-elf/4.1.0/thumb/interwork/libgcc.a(_unpack_df.o)
 .debug_abbrev  0x000059a9      0x111 /home/acer-b/Mrogram/atinom/TOOLCHAIN/bin/../lib/gcc/arm-elf/4.1.0/thumb/interwork/libgcc.a(_fpcmp_parts_df.o)

.debug_info     0x00000000    0x181e8
 .debug_info    0x00000000      0x10e /home/acer-b/Mrogram/atinom/TOOLCHAIN/bin/../lib/gcc/arm-elf/4.1.0/../../../../arm-elf/lib/thumb/interwork/libc.a(memcpy.o)
 .debug_info    0x0000010e      0x112 /home/acer-b/Mrogram/atinom/TOOLCHAIN/bin/../lib/gcc/arm-elf/4.1.0/../../../../arm-elf/lib/thumb/interwork/libc.a(memset.o)
 .debug_info    0x00000220      0xa22 /home/acer-b/Mrogram/atinom/TOOLCHAIN/bin/../lib/gcc/arm-elf/4.1.0/../../../../arm-elf/lib/thumb/interwork/libc.a(snprintf.o)
 .debug_info    0x00000c42      0xa02 /home/acer-b/Mrogram/atinom/TOOLCHAIN/bin/../lib/gcc/arm-elf/4.1.0/../../../../arm-elf/lib/thumb/interwork/libc.a(sprintf.o)
 .debug_info    0x00001644       0xe6 /home/acer-b/Mrogram/atinom/TOOLCHAIN/bin/../lib/gcc/arm-elf/4.1.0/../../../../arm-elf/lib/thumb/interwork/libc.a(strcat.o)
 .debug_info    0x0000172a      0x111 /home/acer-b/Mrogram/atinom/TOOLCHAIN/bin/../lib/gcc/arm-elf/4.1.0/../../../../arm-elf/lib/thumb/interwork/libc.a(strchr.o)
 .debug_info    0x0000183b       0xda /home/acer-b/Mrogram/atinom/TOOLCHAIN/bin/../lib/gcc/arm-elf/4.1.0/../../../../arm-elf/lib/thumb/interwork/libc.a(strcmp.o)
 .debug_info    0x00001915      0x10d /home/acer-b/Mrogram/atinom/TOOLCHAIN/bin/../lib/gcc/arm-elf/4.1.0/../../../../arm-elf/lib/thumb/interwork/libc.a(strcpy.o)
 .debug_info    0x00001a22       0xd6 /home/acer-b/Mrogram/atinom/TOOLCHAIN/bin/../lib/gcc/arm-elf/4.1.0/../../../../arm-elf/lib/thumb/interwork/libc.a(strlen.o)
 .debug_info    0x00001af8       0xf2 /home/acer-b/Mrogram/atinom/TOOLCHAIN/bin/../lib/gcc/arm-elf/4.1.0/../../../../arm-elf/lib/thumb/interwork/libc.a(strncmp.o)
 .debug_info    0x00001bea      0x127 /home/acer-b/Mrogram/atinom/TOOLCHAIN/bin/../lib/gcc/arm-elf/4.1.0/../../../../arm-elf/lib/thumb/interwork/libc.a(strncpy.o)
 .debug_info    0x00001d11       0xc7 /home/acer-b/Mrogram/atinom/TOOLCHAIN/bin/../lib/gcc/arm-elf/4.1.0/../../../../arm-elf/lib/thumb/interwork/libc.a(strrchr.o)
 .debug_info    0x00001dd8     0x10eb /home/acer-b/Mrogram/atinom/TOOLCHAIN/bin/../lib/gcc/arm-elf/4.1.0/../../../../arm-elf/lib/thumb/interwork/libc.a(vfprintf.o)
 .debug_info    0x00002ec3      0x9f7 /home/acer-b/Mrogram/atinom/TOOLCHAIN/bin/../lib/gcc/arm-elf/4.1.0/../../../../arm-elf/lib/thumb/interwork/libc.a(vsprintf.o)
 .debug_info    0x000038ba      0x9ef /home/acer-b/Mrogram/atinom/TOOLCHAIN/bin/../lib/gcc/arm-elf/4.1.0/../../../../arm-elf/lib/thumb/interwork/libc.a(wcrtomb.o)
 .debug_info    0x000042a9      0xa84 /home/acer-b/Mrogram/atinom/TOOLCHAIN/bin/../lib/gcc/arm-elf/4.1.0/../../../../arm-elf/lib/thumb/interwork/libc.a(wcsrtombs.o)
 .debug_info    0x00004d2d      0x9f7 /home/acer-b/Mrogram/atinom/TOOLCHAIN/bin/../lib/gcc/arm-elf/4.1.0/../../../../arm-elf/lib/thumb/interwork/libc.a(wctomb_r.o)
 .debug_info    0x00005724      0x93a /home/acer-b/Mrogram/atinom/TOOLCHAIN/bin/../lib/gcc/arm-elf/4.1.0/../../../../arm-elf/lib/thumb/interwork/libc.a(wsetup.o)
 .debug_info    0x0000605e      0xd65 /home/acer-b/Mrogram/atinom/TOOLCHAIN/bin/../lib/gcc/arm-elf/4.1.0/../../../../arm-elf/lib/thumb/interwork/libc.a(dtoa.o)
 .debug_info    0x00006dc3      0x974 /home/acer-b/Mrogram/atinom/TOOLCHAIN/bin/../lib/gcc/arm-elf/4.1.0/../../../../arm-elf/lib/thumb/interwork/libc.a(fflush.o)
 .debug_info    0x00007737      0xb67 /home/acer-b/Mrogram/atinom/TOOLCHAIN/bin/../lib/gcc/arm-elf/4.1.0/../../../../arm-elf/lib/thumb/interwork/libc.a(findfp.o)
 .debug_info    0x0000829e      0xbb5 /home/acer-b/Mrogram/atinom/TOOLCHAIN/bin/../lib/gcc/arm-elf/4.1.0/../../../../arm-elf/lib/thumb/interwork/libc.a(freer.o)
 .debug_info    0x00008e53      0xa5f /home/acer-b/Mrogram/atinom/TOOLCHAIN/bin/../lib/gcc/arm-elf/4.1.0/../../../../arm-elf/lib/thumb/interwork/libc.a(fvwrite.o)
 .debug_info    0x000098b2      0xad9 /home/acer-b/Mrogram/atinom/TOOLCHAIN/bin/../lib/gcc/arm-elf/4.1.0/../../../../arm-elf/lib/thumb/interwork/libc.a(fwalk.o)
 .debug_info    0x0000a38b      0x922 /home/acer-b/Mrogram/atinom/TOOLCHAIN/bin/../lib/gcc/arm-elf/4.1.0/../../../../arm-elf/lib/thumb/interwork/libc.a(impure.o)
 .debug_info    0x0000acad      0xb82 /home/acer-b/Mrogram/atinom/TOOLCHAIN/bin/../lib/gcc/arm-elf/4.1.0/../../../../arm-elf/lib/thumb/interwork/libc.a(locale.o)
 .debug_info    0x0000b82f      0xad9 /home/acer-b/Mrogram/atinom/TOOLCHAIN/bin/../lib/gcc/arm-elf/4.1.0/../../../../arm-elf/lib/thumb/interwork/libc.a(makebuf.o)
 .debug_info    0x0000c308      0xcbc /home/acer-b/Mrogram/atinom/TOOLCHAIN/bin/../lib/gcc/arm-elf/4.1.0/../../../../arm-elf/lib/thumb/interwork/libc.a(mallocr.o)
 .debug_info    0x0000cfc4      0x133 /home/acer-b/Mrogram/atinom/TOOLCHAIN/bin/../lib/gcc/arm-elf/4.1.0/../../../../arm-elf/lib/thumb/interwork/libc.a(memchr.o)
 .debug_info    0x0000d0f7      0x13f /home/acer-b/Mrogram/atinom/TOOLCHAIN/bin/../lib/gcc/arm-elf/4.1.0/../../../../arm-elf/lib/thumb/interwork/libc.a(memmove.o)
 .debug_info    0x0000d236      0x93c /home/acer-b/Mrogram/atinom/TOOLCHAIN/bin/../lib/gcc/arm-elf/4.1.0/../../../../arm-elf/lib/thumb/interwork/libc.a(mlock.o)
 .debug_info    0x0000db72     0x1336 /home/acer-b/Mrogram/atinom/TOOLCHAIN/bin/../lib/gcc/arm-elf/4.1.0/../../../../arm-elf/lib/thumb/interwork/libc.a(mprec.o)
 .debug_info    0x0000eea8      0xbc7 /home/acer-b/Mrogram/atinom/TOOLCHAIN/bin/../lib/gcc/arm-elf/4.1.0/../../../../arm-elf/lib/thumb/interwork/libc.a(reallocr.o)
 .debug_info    0x0000fa6f       0xd7 /home/acer-b/Mrogram/atinom/TOOLCHAIN/bin/../lib/gcc/arm-elf/4.1.0/../../../../arm-elf/lib/thumb/interwork/libc.a(s_isinf.o)
 .debug_info    0x0000fb46       0xd5 /home/acer-b/Mrogram/atinom/TOOLCHAIN/bin/../lib/gcc/arm-elf/4.1.0/../../../../arm-elf/lib/thumb/interwork/libc.a(s_isnan.o)
 .debug_info    0x0000fc1b      0xa74 /home/acer-b/Mrogram/atinom/TOOLCHAIN/bin/../lib/gcc/arm-elf/4.1.0/../../../../arm-elf/lib/thumb/interwork/libc.a(stdio.o)
 .debug_info    0x0001068f     0x15d2 /home/acer-b/Mrogram/atinom/TOOLCHAIN/bin/../lib/gcc/arm-elf/4.1.0/../../../../arm-elf/lib/thumb/interwork/libc.a(syscalls.o)
 .debug_info    0x00011c61      0xa03 /home/acer-b/Mrogram/atinom/TOOLCHAIN/bin/../lib/gcc/arm-elf/4.1.0/../../../../arm-elf/lib/thumb/interwork/libc.a(callocr.o)
 .debug_info    0x00012664      0x913 /home/acer-b/Mrogram/atinom/TOOLCHAIN/bin/../lib/gcc/arm-elf/4.1.0/../../../../arm-elf/lib/thumb/interwork/libc.a(errno.o)
 .debug_info    0x00012f77      0x982 /home/acer-b/Mrogram/atinom/TOOLCHAIN/bin/../lib/gcc/arm-elf/4.1.0/../../../../arm-elf/lib/thumb/interwork/libc.a(fclose.o)
 .debug_info    0x000138f9       0x88 /home/acer-b/Mrogram/atinom/TOOLCHAIN/bin/../lib/gcc/arm-elf/4.1.0/thumb/interwork/libgcc.a(_udivsi3.o)
 .debug_info    0x00013981       0x88 /home/acer-b/Mrogram/atinom/TOOLCHAIN/bin/../lib/gcc/arm-elf/4.1.0/thumb/interwork/libgcc.a(_divsi3.o)
 .debug_info    0x00013a09       0x88 /home/acer-b/Mrogram/atinom/TOOLCHAIN/bin/../lib/gcc/arm-elf/4.1.0/thumb/interwork/libgcc.a(_umodsi3.o)
 .debug_info    0x00013a91       0x88 /home/acer-b/Mrogram/atinom/TOOLCHAIN/bin/../lib/gcc/arm-elf/4.1.0/thumb/interwork/libgcc.a(_modsi3.o)
 .debug_info    0x00013b19       0x88 /home/acer-b/Mrogram/atinom/TOOLCHAIN/bin/../lib/gcc/arm-elf/4.1.0/thumb/interwork/libgcc.a(_dvmd_tls.o)
 .debug_info    0x00013ba1      0x46f /home/acer-b/Mrogram/atinom/TOOLCHAIN/bin/../lib/gcc/arm-elf/4.1.0/thumb/interwork/libgcc.a(_addsub_sf.o)
 .debug_info    0x00014010      0x3bf /home/acer-b/Mrogram/atinom/TOOLCHAIN/bin/../lib/gcc/arm-elf/4.1.0/thumb/interwork/libgcc.a(_mul_sf.o)
 .debug_info    0x000143cf      0x3a0 /home/acer-b/Mrogram/atinom/TOOLCHAIN/bin/../lib/gcc/arm-elf/4.1.0/thumb/interwork/libgcc.a(_div_sf.o)
 .debug_info    0x0001476f      0x1bd /home/acer-b/Mrogram/atinom/TOOLCHAIN/bin/../lib/gcc/arm-elf/4.1.0/thumb/interwork/libgcc.a(_si_to_sf.o)
 .debug_info    0x0001492c      0x245 /home/acer-b/Mrogram/atinom/TOOLCHAIN/bin/../lib/gcc/arm-elf/4.1.0/thumb/interwork/libgcc.a(_sf_to_df.o)
 .debug_info    0x00014b71      0x164 /home/acer-b/Mrogram/atinom/TOOLCHAIN/bin/../lib/gcc/arm-elf/4.1.0/thumb/interwork/libgcc.a(_thenan_sf.o)
 .debug_info    0x00014cd5      0x47d /home/acer-b/Mrogram/atinom/TOOLCHAIN/bin/../lib/gcc/arm-elf/4.1.0/thumb/interwork/libgcc.a(_addsub_df.o)
 .debug_info    0x00015152      0x473 /home/acer-b/Mrogram/atinom/TOOLCHAIN/bin/../lib/gcc/arm-elf/4.1.0/thumb/interwork/libgcc.a(_mul_df.o)
 .debug_info    0x000155c5      0x3ad /home/acer-b/Mrogram/atinom/TOOLCHAIN/bin/../lib/gcc/arm-elf/4.1.0/thumb/interwork/libgcc.a(_div_df.o)
 .debug_info    0x00015972      0x2aa /home/acer-b/Mrogram/atinom/TOOLCHAIN/bin/../lib/gcc/arm-elf/4.1.0/thumb/interwork/libgcc.a(_eq_df.o)
 .debug_info    0x00015c1c      0x2aa /home/acer-b/Mrogram/atinom/TOOLCHAIN/bin/../lib/gcc/arm-elf/4.1.0/thumb/interwork/libgcc.a(_ne_df.o)
 .debug_info    0x00015ec6      0x2aa /home/acer-b/Mrogram/atinom/TOOLCHAIN/bin/../lib/gcc/arm-elf/4.1.0/thumb/interwork/libgcc.a(_gt_df.o)
 .debug_info    0x00016170      0x2aa /home/acer-b/Mrogram/atinom/TOOLCHAIN/bin/../lib/gcc/arm-elf/4.1.0/thumb/interwork/libgcc.a(_ge_df.o)
 .debug_info    0x0001641a      0x2aa /home/acer-b/Mrogram/atinom/TOOLCHAIN/bin/../lib/gcc/arm-elf/4.1.0/thumb/interwork/libgcc.a(_lt_df.o)
 .debug_info    0x000166c4      0x1bd /home/acer-b/Mrogram/atinom/TOOLCHAIN/bin/../lib/gcc/arm-elf/4.1.0/thumb/interwork/libgcc.a(_si_to_df.o)
 .debug_info    0x00016881      0x2de /home/acer-b/Mrogram/atinom/TOOLCHAIN/bin/../lib/gcc/arm-elf/4.1.0/thumb/interwork/libgcc.a(_df_to_si.o)
 .debug_info    0x00016b5f      0x1d6 /home/acer-b/Mrogram/atinom/TOOLCHAIN/bin/../lib/gcc/arm-elf/4.1.0/thumb/interwork/libgcc.a(_make_df.o)
 .debug_info    0x00016d35      0x261 /home/acer-b/Mrogram/atinom/TOOLCHAIN/bin/../lib/gcc/arm-elf/4.1.0/thumb/interwork/libgcc.a(_df_to_sf.o)
 .debug_info    0x00016f96      0x164 /home/acer-b/Mrogram/atinom/TOOLCHAIN/bin/../lib/gcc/arm-elf/4.1.0/thumb/interwork/libgcc.a(_thenan_df.o)
 .debug_info    0x000170fa      0x207 /home/acer-b/Mrogram/atinom/TOOLCHAIN/bin/../lib/gcc/arm-elf/4.1.0/thumb/interwork/libgcc.a(_muldi3.o)
 .debug_info    0x00017301      0x301 /home/acer-b/Mrogram/atinom/TOOLCHAIN/bin/../lib/gcc/arm-elf/4.1.0/thumb/interwork/libgcc.a(_pack_sf.o)
 .debug_info    0x00017602      0x25a /home/acer-b/Mrogram/atinom/TOOLCHAIN/bin/../lib/gcc/arm-elf/4.1.0/thumb/interwork/libgcc.a(_unpack_sf.o)
 .debug_info    0x0001785c      0x1d7 /home/acer-b/Mrogram/atinom/TOOLCHAIN/bin/../lib/gcc/arm-elf/4.1.0/thumb/interwork/libgcc.a(_make_sf.o)
 .debug_info    0x00017a33      0x323 /home/acer-b/Mrogram/atinom/TOOLCHAIN/bin/../lib/gcc/arm-elf/4.1.0/thumb/interwork/libgcc.a(_pack_df.o)
 .debug_info    0x00017d56      0x27a /home/acer-b/Mrogram/atinom/TOOLCHAIN/bin/../lib/gcc/arm-elf/4.1.0/thumb/interwork/libgcc.a(_unpack_df.o)
 .debug_info    0x00017fd0      0x218 /home/acer-b/Mrogram/atinom/TOOLCHAIN/bin/../lib/gcc/arm-elf/4.1.0/thumb/interwork/libgcc.a(_fpcmp_parts_df.o)

.debug_line     0x00000000     0x4ea1
 .debug_line    0x00000000       0xc9 /home/acer-b/Mrogram/atinom/TOOLCHAIN/bin/../lib/gcc/arm-elf/4.1.0/../../../../arm-elf/lib/thumb/interwork/libc.a(memcpy.o)
 .debug_line    0x000000c9       0xd5 /home/acer-b/Mrogram/atinom/TOOLCHAIN/bin/../lib/gcc/arm-elf/4.1.0/../../../../arm-elf/lib/thumb/interwork/libc.a(memset.o)
 .debug_line    0x0000019e      0x1a7 /home/acer-b/Mrogram/atinom/TOOLCHAIN/bin/../lib/gcc/arm-elf/4.1.0/../../../../arm-elf/lib/thumb/interwork/libc.a(snprintf.o)
 .debug_line    0x00000345      0x1a6 /home/acer-b/Mrogram/atinom/TOOLCHAIN/bin/../lib/gcc/arm-elf/4.1.0/../../../../arm-elf/lib/thumb/interwork/libc.a(sprintf.o)
 .debug_line    0x000004eb       0x87 /home/acer-b/Mrogram/atinom/TOOLCHAIN/bin/../lib/gcc/arm-elf/4.1.0/../../../../arm-elf/lib/thumb/interwork/libc.a(strcat.o)
 .debug_line    0x00000572       0x8f /home/acer-b/Mrogram/atinom/TOOLCHAIN/bin/../lib/gcc/arm-elf/4.1.0/../../../../arm-elf/lib/thumb/interwork/libc.a(strchr.o)
 .debug_line    0x00000601       0x8c /home/acer-b/Mrogram/atinom/TOOLCHAIN/bin/../lib/gcc/arm-elf/4.1.0/../../../../arm-elf/lib/thumb/interwork/libc.a(strcmp.o)
 .debug_line    0x0000068d       0x85 /home/acer-b/Mrogram/atinom/TOOLCHAIN/bin/../lib/gcc/arm-elf/4.1.0/../../../../arm-elf/lib/thumb/interwork/libc.a(strcpy.o)
 .debug_line    0x00000712       0xb8 /home/acer-b/Mrogram/atinom/TOOLCHAIN/bin/../lib/gcc/arm-elf/4.1.0/../../../../arm-elf/lib/thumb/interwork/libc.a(strlen.o)
 .debug_line    0x000007ca       0xd7 /home/acer-b/Mrogram/atinom/TOOLCHAIN/bin/../lib/gcc/arm-elf/4.1.0/../../../../arm-elf/lib/thumb/interwork/libc.a(strncmp.o)
 .debug_line    0x000008a1       0xd0 /home/acer-b/Mrogram/atinom/TOOLCHAIN/bin/../lib/gcc/arm-elf/4.1.0/../../../../arm-elf/lib/thumb/interwork/libc.a(strncpy.o)
 .debug_line    0x00000971       0x7b /home/acer-b/Mrogram/atinom/TOOLCHAIN/bin/../lib/gcc/arm-elf/4.1.0/../../../../arm-elf/lib/thumb/interwork/libc.a(strrchr.o)
 .debug_line    0x000009ec      0x5a4 /home/acer-b/Mrogram/atinom/TOOLCHAIN/bin/../lib/gcc/arm-elf/4.1.0/../../../../arm-elf/lib/thumb/interwork/libc.a(vfprintf.o)
 .debug_line    0x00000f90      0x18f /home/acer-b/Mrogram/atinom/TOOLCHAIN/bin/../lib/gcc/arm-elf/4.1.0/../../../../arm-elf/lib/thumb/interwork/libc.a(vsprintf.o)
 .debug_line    0x0000111f      0x178 /home/acer-b/Mrogram/atinom/TOOLCHAIN/bin/../lib/gcc/arm-elf/4.1.0/../../../../arm-elf/lib/thumb/interwork/libc.a(wcrtomb.o)
 .debug_line    0x00001297      0x1a5 /home/acer-b/Mrogram/atinom/TOOLCHAIN/bin/../lib/gcc/arm-elf/4.1.0/../../../../arm-elf/lib/thumb/interwork/libc.a(wcsrtombs.o)
 .debug_line    0x0000143c      0x1fb /home/acer-b/Mrogram/atinom/TOOLCHAIN/bin/../lib/gcc/arm-elf/4.1.0/../../../../arm-elf/lib/thumb/interwork/libc.a(wctomb_r.o)
 .debug_line    0x00001637      0x185 /home/acer-b/Mrogram/atinom/TOOLCHAIN/bin/../lib/gcc/arm-elf/4.1.0/../../../../arm-elf/lib/thumb/interwork/libc.a(wsetup.o)
 .debug_line    0x000017bc      0x453 /home/acer-b/Mrogram/atinom/TOOLCHAIN/bin/../lib/gcc/arm-elf/4.1.0/../../../../arm-elf/lib/thumb/interwork/libc.a(dtoa.o)
 .debug_line    0x00001c0f      0x183 /home/acer-b/Mrogram/atinom/TOOLCHAIN/bin/../lib/gcc/arm-elf/4.1.0/../../../../arm-elf/lib/thumb/interwork/libc.a(fflush.o)
 .debug_line    0x00001d92      0x1e4 /home/acer-b/Mrogram/atinom/TOOLCHAIN/bin/../lib/gcc/arm-elf/4.1.0/../../../../arm-elf/lib/thumb/interwork/libc.a(findfp.o)
 .debug_line    0x00001f76      0x185 /home/acer-b/Mrogram/atinom/TOOLCHAIN/bin/../lib/gcc/arm-elf/4.1.0/../../../../arm-elf/lib/thumb/interwork/libc.a(freer.o)
 .debug_line    0x000020fb      0x205 /home/acer-b/Mrogram/atinom/TOOLCHAIN/bin/../lib/gcc/arm-elf/4.1.0/../../../../arm-elf/lib/thumb/interwork/libc.a(fvwrite.o)
 .debug_line    0x00002300      0x198 /home/acer-b/Mrogram/atinom/TOOLCHAIN/bin/../lib/gcc/arm-elf/4.1.0/../../../../arm-elf/lib/thumb/interwork/libc.a(fwalk.o)
 .debug_line    0x00002498      0x104 /home/acer-b/Mrogram/atinom/TOOLCHAIN/bin/../lib/gcc/arm-elf/4.1.0/../../../../arm-elf/lib/thumb/interwork/libc.a(impure.o)
 .debug_line    0x0000259c      0x187 /home/acer-b/Mrogram/atinom/TOOLCHAIN/bin/../lib/gcc/arm-elf/4.1.0/../../../../arm-elf/lib/thumb/interwork/libc.a(locale.o)
 .debug_line    0x00002723      0x1a0 /home/acer-b/Mrogram/atinom/TOOLCHAIN/bin/../lib/gcc/arm-elf/4.1.0/../../../../arm-elf/lib/thumb/interwork/libc.a(makebuf.o)
 .debug_line    0x000028c3      0x255 /home/acer-b/Mrogram/atinom/TOOLCHAIN/bin/../lib/gcc/arm-elf/4.1.0/../../../../arm-elf/lib/thumb/interwork/libc.a(mallocr.o)
 .debug_line    0x00002b18       0xde /home/acer-b/Mrogram/atinom/TOOLCHAIN/bin/../lib/gcc/arm-elf/4.1.0/../../../../arm-elf/lib/thumb/interwork/libc.a(memchr.o)
 .debug_line    0x00002bf6       0xd0 /home/acer-b/Mrogram/atinom/TOOLCHAIN/bin/../lib/gcc/arm-elf/4.1.0/../../../../arm-elf/lib/thumb/interwork/libc.a(memmove.o)
 .debug_line    0x00002cc6      0x116 /home/acer-b/Mrogram/atinom/TOOLCHAIN/bin/../lib/gcc/arm-elf/4.1.0/../../../../arm-elf/lib/thumb/interwork/libc.a(mlock.o)
 .debug_line    0x00002ddc      0x3dd /home/acer-b/Mrogram/atinom/TOOLCHAIN/bin/../lib/gcc/arm-elf/4.1.0/../../../../arm-elf/lib/thumb/interwork/libc.a(mprec.o)
 .debug_line    0x000031b9      0x1be /home/acer-b/Mrogram/atinom/TOOLCHAIN/bin/../lib/gcc/arm-elf/4.1.0/../../../../arm-elf/lib/thumb/interwork/libc.a(reallocr.o)
 .debug_line    0x00003377       0xcb /home/acer-b/Mrogram/atinom/TOOLCHAIN/bin/../lib/gcc/arm-elf/4.1.0/../../../../arm-elf/lib/thumb/interwork/libc.a(s_isinf.o)
 .debug_line    0x00003442       0xcb /home/acer-b/Mrogram/atinom/TOOLCHAIN/bin/../lib/gcc/arm-elf/4.1.0/../../../../arm-elf/lib/thumb/interwork/libc.a(s_isnan.o)
 .debug_line    0x0000350d      0x196 /home/acer-b/Mrogram/atinom/TOOLCHAIN/bin/../lib/gcc/arm-elf/4.1.0/../../../../arm-elf/lib/thumb/interwork/libc.a(stdio.o)
 .debug_line    0x000036a3      0x2e9 /home/acer-b/Mrogram/atinom/TOOLCHAIN/bin/../lib/gcc/arm-elf/4.1.0/../../../../arm-elf/lib/thumb/interwork/libc.a(syscalls.o)
 .debug_line    0x0000398c      0x11f /home/acer-b/Mrogram/atinom/TOOLCHAIN/bin/../lib/gcc/arm-elf/4.1.0/../../../../arm-elf/lib/thumb/interwork/libc.a(callocr.o)
 .debug_line    0x00003aab      0x113 /home/acer-b/Mrogram/atinom/TOOLCHAIN/bin/../lib/gcc/arm-elf/4.1.0/../../../../arm-elf/lib/thumb/interwork/libc.a(errno.o)
 .debug_line    0x00003bbe      0x184 /home/acer-b/Mrogram/atinom/TOOLCHAIN/bin/../lib/gcc/arm-elf/4.1.0/../../../../arm-elf/lib/thumb/interwork/libc.a(fclose.o)
 .debug_line    0x00003d42       0x77 /home/acer-b/Mrogram/atinom/TOOLCHAIN/bin/../lib/gcc/arm-elf/4.1.0/thumb/interwork/libgcc.a(_udivsi3.o)
 .debug_line    0x00003db9       0x83 /home/acer-b/Mrogram/atinom/TOOLCHAIN/bin/../lib/gcc/arm-elf/4.1.0/thumb/interwork/libgcc.a(_divsi3.o)
 .debug_line    0x00003e3c       0x6f /home/acer-b/Mrogram/atinom/TOOLCHAIN/bin/../lib/gcc/arm-elf/4.1.0/thumb/interwork/libgcc.a(_umodsi3.o)
 .debug_line    0x00003eab       0x78 /home/acer-b/Mrogram/atinom/TOOLCHAIN/bin/../lib/gcc/arm-elf/4.1.0/thumb/interwork/libgcc.a(_modsi3.o)
 .debug_line    0x00003f23       0x61 /home/acer-b/Mrogram/atinom/TOOLCHAIN/bin/../lib/gcc/arm-elf/4.1.0/thumb/interwork/libgcc.a(_dvmd_tls.o)
 .debug_line    0x00003f84      0x100 /home/acer-b/Mrogram/atinom/TOOLCHAIN/bin/../lib/gcc/arm-elf/4.1.0/thumb/interwork/libgcc.a(_addsub_sf.o)
 .debug_line    0x00004084       0xd4 /home/acer-b/Mrogram/atinom/TOOLCHAIN/bin/../lib/gcc/arm-elf/4.1.0/thumb/interwork/libgcc.a(_mul_sf.o)
 .debug_line    0x00004158       0xba /home/acer-b/Mrogram/atinom/TOOLCHAIN/bin/../lib/gcc/arm-elf/4.1.0/thumb/interwork/libgcc.a(_div_sf.o)
 .debug_line    0x00004212       0x7e /home/acer-b/Mrogram/atinom/TOOLCHAIN/bin/../lib/gcc/arm-elf/4.1.0/thumb/interwork/libgcc.a(_si_to_sf.o)
 .debug_line    0x00004290       0x68 /home/acer-b/Mrogram/atinom/TOOLCHAIN/bin/../lib/gcc/arm-elf/4.1.0/thumb/interwork/libgcc.a(_sf_to_df.o)
 .debug_line    0x000042f8       0x54 /home/acer-b/Mrogram/atinom/TOOLCHAIN/bin/../lib/gcc/arm-elf/4.1.0/thumb/interwork/libgcc.a(_thenan_sf.o)
 .debug_line    0x0000434c      0x10a /home/acer-b/Mrogram/atinom/TOOLCHAIN/bin/../lib/gcc/arm-elf/4.1.0/thumb/interwork/libgcc.a(_addsub_df.o)
 .debug_line    0x00004456       0xe5 /home/acer-b/Mrogram/atinom/TOOLCHAIN/bin/../lib/gcc/arm-elf/4.1.0/thumb/interwork/libgcc.a(_mul_df.o)
 .debug_line    0x0000453b       0xca /home/acer-b/Mrogram/atinom/TOOLCHAIN/bin/../lib/gcc/arm-elf/4.1.0/thumb/interwork/libgcc.a(_div_df.o)
 .debug_line    0x00004605       0x75 /home/acer-b/Mrogram/atinom/TOOLCHAIN/bin/../lib/gcc/arm-elf/4.1.0/thumb/interwork/libgcc.a(_eq_df.o)
 .debug_line    0x0000467a       0x75 /home/acer-b/Mrogram/atinom/TOOLCHAIN/bin/../lib/gcc/arm-elf/4.1.0/thumb/interwork/libgcc.a(_ne_df.o)
 .debug_line    0x000046ef       0x75 /home/acer-b/Mrogram/atinom/TOOLCHAIN/bin/../lib/gcc/arm-elf/4.1.0/thumb/interwork/libgcc.a(_gt_df.o)
 .debug_line    0x00004764       0x75 /home/acer-b/Mrogram/atinom/TOOLCHAIN/bin/../lib/gcc/arm-elf/4.1.0/thumb/interwork/libgcc.a(_ge_df.o)
 .debug_line    0x000047d9       0x75 /home/acer-b/Mrogram/atinom/TOOLCHAIN/bin/../lib/gcc/arm-elf/4.1.0/thumb/interwork/libgcc.a(_lt_df.o)
 .debug_line    0x0000484e       0x7e /home/acer-b/Mrogram/atinom/TOOLCHAIN/bin/../lib/gcc/arm-elf/4.1.0/thumb/interwork/libgcc.a(_si_to_df.o)
 .debug_line    0x000048cc       0x88 /home/acer-b/Mrogram/atinom/TOOLCHAIN/bin/../lib/gcc/arm-elf/4.1.0/thumb/interwork/libgcc.a(_df_to_si.o)
 .debug_line    0x00004954       0x6d /home/acer-b/Mrogram/atinom/TOOLCHAIN/bin/../lib/gcc/arm-elf/4.1.0/thumb/interwork/libgcc.a(_make_df.o)
 .debug_line    0x000049c1       0x6d /home/acer-b/Mrogram/atinom/TOOLCHAIN/bin/../lib/gcc/arm-elf/4.1.0/thumb/interwork/libgcc.a(_df_to_sf.o)
 .debug_line    0x00004a2e       0x54 /home/acer-b/Mrogram/atinom/TOOLCHAIN/bin/../lib/gcc/arm-elf/4.1.0/thumb/interwork/libgcc.a(_thenan_df.o)
 .debug_line    0x00004a82       0x67 /home/acer-b/Mrogram/atinom/TOOLCHAIN/bin/../lib/gcc/arm-elf/4.1.0/thumb/interwork/libgcc.a(_muldi3.o)
 .debug_line    0x00004ae9       0xb3 /home/acer-b/Mrogram/atinom/TOOLCHAIN/bin/../lib/gcc/arm-elf/4.1.0/thumb/interwork/libgcc.a(_pack_sf.o)