Archive member included because of file (symbol)

/home/acer-b/Mrogram/atinom/TOOLCHAIN/bin/../lib/gcc/arm-elf/4.1.0/../../../../arm-elf/lib/thumb/interwork/libc.a(memcpy.o)
                              ../FreeRTOS_Source/queue.o (memcpy)
/home/acer-b/Mrogram/atinom/TOOLCHAIN/bin/../lib/gcc/arm-elf/4.1.0/../../../../arm-elf/lib/thumb/interwork/libc.a(memset.o)
                              ../FreeRTOS_Source/tasks.o (memset)
/home/acer-b/Mrogram/atinom/TOOLCHAIN/bin/../lib/gcc/arm-elf/4.1.0/../../../../arm-elf/lib/thumb/interwork/libc.a(snprintf.o)
                              ../webserver/httpd-cgi.o (snprintf)
/home/acer-b/Mrogram/atinom/TOOLCHAIN/bin/../lib/gcc/arm-elf/4.1.0/../../../../arm-elf/lib/thumb/interwork/libc.a(sprintf.o)
                              ../monita/monita_uip.o (sprintf)
/home/acer-b/Mrogram/atinom/TOOLCHAIN/bin/../lib/gcc/arm-elf/4.1.0/../../../../arm-elf/lib/thumb/interwork/libc.a(sscanf.o)
                              ../tinysh/shell.o (sscanf)
/home/acer-b/Mrogram/atinom/TOOLCHAIN/bin/../lib/gcc/arm-elf/4.1.0/../../../../arm-elf/lib/thumb/interwork/libc.a(strcat.o)
                              ../webserver/httpd.o (strcat)
/home/acer-b/Mrogram/atinom/TOOLCHAIN/bin/../lib/gcc/arm-elf/4.1.0/../../../../arm-elf/lib/thumb/interwork/libc.a(strchr.o)
                              ../webserver/httpd.o (strchr)
/home/acer-b/Mrogram/atinom/TOOLCHAIN/bin/../lib/gcc/arm-elf/4.1.0/../../../../arm-elf/lib/thumb/interwork/libc.a(strcmp.o)
                              ../tinysh/shell.o (strcmp)
/home/acer-b/Mrogram/atinom/TOOLCHAIN/bin/../lib/gcc/arm-elf/4.1.0/../../../../arm-elf/lib/thumb/interwork/libc.a(strcpy.o)
                              ../tinysh/shell.o (strcpy)
/home/acer-b/Mrogram/atinom/TOOLCHAIN/bin/../lib/gcc/arm-elf/4.1.0/../../../../arm-elf/lib/thumb/interwork/libc.a(strlen.o)
                              ../tinysh/shell.o (strlen)
/home/acer-b/Mrogram/atinom/TOOLCHAIN/bin/../lib/gcc/arm-elf/4.1.0/../../../../arm-elf/lib/thumb/interwork/libc.a(strncmp.o)
                              ../monita/monita_uip.o (strncmp)
/home/acer-b/Mrogram/atinom/TOOLCHAIN/bin/../lib/gcc/arm-elf/4.1.0/../../../../arm-elf/lib/thumb/interwork/libc.a(strncpy.o)
                              ../FreeRTOS_Source/tasks.o (strncpy)
/home/acer-b/Mrogram/atinom/TOOLCHAIN/bin/../lib/gcc/arm-elf/4.1.0/../../../../arm-elf/lib/thumb/interwork/libc.a(strrchr.o)
                              ../webserver/httpd.o (strrchr)
/home/acer-b/Mrogram/atinom/TOOLCHAIN/bin/../lib/gcc/arm-elf/4.1.0/../../../../arm-elf/lib/thumb/interwork/libc.a(vfprintf.o)
                              /home/acer-b/Mrogram/atinom/TOOLCHAIN/bin/../lib/gcc/arm-elf/4.1.0/../../../../arm-elf/lib/thumb/interwork/libc.a(snprintf.o) (_vfprintf_r)
/home/acer-b/Mrogram/atinom/TOOLCHAIN/bin/../lib/gcc/arm-elf/4.1.0/../../../../arm-elf/lib/thumb/interwork/libc.a(vfscanf.o)
                              /home/acer-b/Mrogram/atinom/TOOLCHAIN/bin/../lib/gcc/arm-elf/4.1.0/../../../../arm-elf/lib/thumb/interwork/libc.a(sscanf.o) (__svfscanf_r)
/home/acer-b/Mrogram/atinom/TOOLCHAIN/bin/../lib/gcc/arm-elf/4.1.0/../../../../arm-elf/lib/thumb/interwork/libc.a(vsprintf.o)
                              ../serial/serial.o (vsprintf)
/home/acer-b/Mrogram/atinom/TOOLCHAIN/bin/../lib/gcc/arm-elf/4.1.0/../../../../arm-elf/lib/thumb/interwork/libc.a(wcrtomb.o)
                              /home/acer-b/Mrogram/atinom/TOOLCHAIN/bin/../lib/gcc/arm-elf/4.1.0/../../../../arm-elf/lib/thumb/interwork/libc.a(vfprintf.o) (_wcrtomb_r)
/home/acer-b/Mrogram/atinom/TOOLCHAIN/bin/../lib/gcc/arm-elf/4.1.0/../../../../arm-elf/lib/thumb/interwork/libc.a(wcsrtombs.o)
                              /home/acer-b/Mrogram/atinom/TOOLCHAIN/bin/../lib/gcc/arm-elf/4.1.0/../../../../arm-elf/lib/thumb/interwork/libc.a(vfprintf.o) (_wcsrtombs_r)
/home/acer-b/Mrogram/atinom/TOOLCHAIN/bin/../lib/gcc/arm-elf/4.1.0/../../../../arm-elf/lib/thumb/interwork/libc.a(wctomb_r.o)
                              /home/acer-b/Mrogram/atinom/TOOLCHAIN/bin/../lib/gcc/arm-elf/4.1.0/../../../../arm-elf/lib/thumb/interwork/libc.a(wcrtomb.o) (_wctomb_r)
/home/acer-b/Mrogram/atinom/TOOLCHAIN/bin/../lib/gcc/arm-elf/4.1.0/../../../../arm-elf/lib/thumb/interwork/libc.a(wsetup.o)
                              /home/acer-b/Mrogram/atinom/TOOLCHAIN/bin/../lib/gcc/arm-elf/4.1.0/../../../../arm-elf/lib/thumb/interwork/libc.a(vfprintf.o) (__swsetup)
/home/acer-b/Mrogram/atinom/TOOLCHAIN/bin/../lib/gcc/arm-elf/4.1.0/../../../../arm-elf/lib/thumb/interwork/libc.a(ctype_.o)
                              /home/acer-b/Mrogram/atinom/TOOLCHAIN/bin/../lib/gcc/arm-elf/4.1.0/../../../../arm-elf/lib/thumb/interwork/libc.a(vfscanf.o) (__ctype_ptr)
/home/acer-b/Mrogram/atinom/TOOLCHAIN/bin/../lib/gcc/arm-elf/4.1.0/../../../../arm-elf/lib/thumb/interwork/libc.a(dtoa.o)
[...]
Memory Configuration

Name             Origin             Length             Attributes
flash            0x00000000         0x0007d000
ram              0x40000000         0x00007fe0
usbram           0x7fd00400         0x00001c1c
ethram_0         0x7fe00000         0x00000800
ethram           0x7fe00000         0x00004000
*default*        0x00000000         0xffffffff

Linker script and memory map

LOAD ../FreeRTOS_Source/portable/GCC/ARM7_LPC23xx/portISR.o
LOAD ../serial/serialISR.o
LOAD ../GPIO/gpio_ISR.o
LOAD main.o
LOAD ../system/setup_cpu.o
LOAD ../system/syscall.o
LOAD ../system/reset_cpu.o
LOAD ../serial/serial.o
LOAD ../FreeRTOS_Source/queue.o
LOAD ../FreeRTOS_Source/tasks.o
LOAD ../FreeRTOS_Source/portable/GCC/ARM7_LPC23xx/port.o
LOAD ../FreeRTOS_Source/list.o
LOAD ../FreeRTOS_Source/portable/MemMang/heap_2.o
LOAD ../tinysh/tinysh.o
LOAD ../tinysh/shell.o
LOAD ../tinysh/enviro.o
LOAD ../GPIO/gpio.o
LOAD ../spi/spi.o
LOAD ../uip/hardware/enc28j60.o
LOAD ../uip/clock.o
LOAD ../uip/lib/memb.o
LOAD ../uip/uip/uip.o
LOAD ../uip/uip/uip_arch.o
LOAD ../uip/uip/uip_arp.o
LOAD ../uip/uip/uip_timer.o
LOAD ../uip/uip/uip-fw.o
LOAD ../uip/uip/psock.o
LOAD ../uip/uip/uiplib.o
LOAD ../uip/uip_task.o
LOAD ../monita/monita_uip.o
LOAD ../webserver/httpd.o
LOAD ../webserver/httpd-fs.o
LOAD ../webserver/http-strings.o
LOAD ../webserver/httpd-cgi.o
LOAD ../system/idle_hook.o
LOAD ../adc/ad7708.o
LOAD /home/acer-b/Mrogram/atinom/TOOLCHAIN/bin/../lib/gcc/arm-elf/4.1.0/../../../../arm-elf/lib/thumb/interwork/libc.a
LOAD /home/acer-b/Mrogram/atinom/TOOLCHAIN/bin/../lib/gcc/arm-elf/4.1.0/thumb/interwork/libgcc.a
LOAD /home/acer-b/Mrogram/atinom/TOOLCHAIN/bin/../lib/gcc/arm-elf/4.1.0/../../../../arm-elf/lib/thumb/interwork/libm.a
LOAD /tmp/ccawoFXE.o
START GROUP
LOAD /home/acer-b/Mrogram/atinom/TOOLCHAIN/bin/../lib/gcc/arm-elf/4.1.0/thumb/interwork/libgcc.a
LOAD /home/acer-b/Mrogram/atinom/TOOLCHAIN/bin/../lib/gcc/arm-elf/4.1.0/../../../../arm-elf/lib/thumb/interwork/libc.a
END GROUP
                0x40007ffc                __stack_end__ = 0x40007ffc
                0x00000000                . = 0x0

startup         0x00000000       0x44
 *(.startup)
 .startup       0x00000000       0x44 /tmp/ccawoFXE.o

prog            0x00000044    0x136dc
 *(.text)
 .text          0x00000044      0x254 ../FreeRTOS_Source/portable/GCC/ARM7_LPC23xx/portISR.o
                0x000000ec                vPortExitCritical
                0x000001ec                vPortYieldProcessor
                0x00000090                vPortDisableInterruptsFromThumb
                0x00000130                vNonPreemptiveTick
                0x00000044                vPortISRStartFirstTask
                0x000000a8                vPortEnableInterruptsFromThumb
                0x000000c0                vPortEnterCritical
 .text          0x00000298      0x210 ../serial/serialISR.o
                0x00000434                vSerialISRCreateQueues
                0x00000298                vUART_ISR_Handler
                0x00000394                vUART_ISR_Wrapper
 .text          0x000004a8      0x2ec ../GPIO/gpio_ISR.o
                0x000005f0                gpio_ISR_Handler
                0x000006ec                gpio_ISR_Wrapper
                0x000004a8                timer1_ISR_Handler
                0x0000057c                set_konter
                0x000004dc                timer1_ISR_Wrapper
 .text          0x00000794      0x150 main.o
                0x000007dc                togle_led_utama
                0x000007ac                init_led_utama
                0x00000860                main
                0x00000794                dele
 .text          0x000008e4      0x134 ../system/setup_cpu.o
                0x000008e4                sysInit
 .text          0x00000a18       0x9c ../system/syscall.o
                0x00000a20                _lseek_r
                0x00000a24                _fstat_r
                0x00000a34                _sbrk_r
                0x00000a54                _read_r
                0x00000a30                _isatty
                0x00000a1c                _close_r
                0x00000a18                _write_r
 .text          0x00000ab4       0x34 ../system/reset_cpu.o
                0x00000ab4                reset_cpu
 .text          0x00000ae8      0x1b0 ../serial/serial.o
                0x00000c6c                printf2
                0x00000ae8                vSerialClose
                0x00000b88                vSerialPutString
                0x00000b0c                xSerialPutChar
                0x00000aec                xSerialGetChar
                0x00000bb4                xSerialPortInitMinimal
 .text          0x00000c98      0x4c8 ../FreeRTOS_Source/queue.o
                0x00000f70                xQueueGenericSendFromISR
                0x000010f4                xQueueCreate
                0x00000cb8                vQueueDelete
                0x00000fbc                xQueueGenericSend
                0x00000d14                xQueueReceiveFromISR
                0x00000ca8                xQueueIsQueueFullFromISR
                0x00000cd0                uxQueueMessagesWaiting
                0x00000de4                xQueueGenericReceive
                0x00000c98                uxQueueMessagesWaitingFromISR
                0x00000c9c                xQueueIsQueueEmptyFromISR
                0x000010ac                xQueueCreateMutex
 .text          0x00001160      0x734 ../FreeRTOS_Source/tasks.o
                0x000016b0                vTaskEndScheduler
                0x000015f4                vTaskPlaceOnEventList
                0x00001224                uxTaskGetStackHighWaterMark
                0x000014dc                xTaskGetTickCount
                0x000012f8                xTaskRemoveFromEventList
                0x0000146c                xTaskCheckForTimeOut
                0x000015d8                vTaskSuspendAll
                0x0000123c                vTaskPriorityDisinherit
                0x00001288                vTaskPriorityInherit
                0x00001160                vTaskSwitchContext
                0x000014c0                uxTaskGetNumberOfTasks
                0x00001374                vTaskIncrementTick
                0x00001450                xTaskGetCurrentTaskHandle
                0x00001204                usTaskCheckFreeStackSpace
                0x000014f8                xTaskResumeAll
                0x00001850                vTaskStartScheduler
                0x000011f8                vTaskMissedYield
                0x000016d4                xTaskCreate
                0x0000164c                vTaskDelay
                0x000011e0                vTaskSetTimeOutState
 .text          0x00001894      0x114 ../FreeRTOS_Source/portable/GCC/ARM7_LPC23xx/port.o
                0x0000193c                xPortStartScheduler
                0x00001938                vPortEndScheduler
                0x00001894                pxPortInitialiseStack
 .text          0x000019a8       0x9c ../FreeRTOS_Source/list.o
                0x000019c8                vListInsertEnd
                0x00001a24                vListRemove
                0x000019c0                vListInitialiseItem
                0x000019a8                vListInitialise
                0x000019e4                vListInsert
 .text          0x00001a44      0x124 ../FreeRTOS_Source/portable/MemMang/heap_2.o
                0x00001a44                pvPortMallocKU
                0x00001a84                vPortFree
                0x00001ab4                pvPortMalloc
 .text          0x00001b68      0x928 ../tinysh/tinysh.o
                0x00001e0c                tinysh_char_in
                0x00001c6c                tinysh_add_command
                0x00002414                tinysh_set_prompt
                0x00001ca4                tinysh_get_arg
                0x00001cb0                tinysh_atoxi
                0x00001b80                strstart
 .text          0x00002490      0x9f8 ../tinysh/shell.o
                0x00002d48                hapus_flash
                0x0000254c                cek_versi
                0x00002670                garis_bawah
                0x00002594                status_adc
                0x00002680                shell
                0x00002b20                cek_stack
                0x00002490                char_to_bin
                0x00002d90                prepare_flash
                0x0000249c                dec_to_bin
                0x00002b7c                set_kanal
                0x00002dd0                tulis_flash
                0x00002604                baca_ip
                0x000029f0                uptime
                0x00002524                display_args
                0x000024f4                init_shell
                0x000024a8                baca_kanal
 .text          0x00002e88      0x414 ../tinysh/enviro.o
                0x00002e88                tulis_env_flash
                0x00003274                save_env
                0x00002f80                baca_env
                0x00002e8c                set_default_ip
                0x00002f5c                getdef_env
                0x0000312c                tulis_env
                0x00003120                print_env
 .text          0x0000329c       0xfc ../GPIO/gpio.o
                0x000032a0                init_gpio_adc
                0x000032d0                init_gpio
                0x0000329c                init_gpio_keypad
 .text          0x00003398       0x74 ../spi/spi.o
                0x000033e8                spiPut
                0x00003398                spiInit
 .text          0x0000340c      0x640 ../uip/hardware/enc28j60.o
                0x000036dc                enc28j60Init
                0x00003644                enc28j60Send
                0x0000340c                enc28j60Deinit
                0x0000341c                enc28j60WaitForData
                0x0000391c                enc28j60Receive
                0x00003420                cek_paket
 .text          0x00003a4c        0xc ../uip/clock.o
                0x00003a4c                clock_time
 .text          0x00003a58       0xb4 ../uip/lib/memb.o
                0x00003a58                memb_alloc
                0x00003a9c                memb_free
                0x00003ae8                memb_init
 .text          0x00003b0c     0x10b4 ../uip/uip/uip.o
                0x00003b80                uip_unlisten
                0x00003dc8                uip_process
                0x00004af4                uip_udp_new
                0x00003bc4                uip_listen
                0x00003c18                uip_connect
                0x00003d24                htonl
                0x00003c08                htons
                0x00003b18                uip_init
                0x00003b0c                uip_setipid
                0x00003d44                uip_iszeroaddr
                0x00003d64                uip_send
 .text          0x00004bc0      0x27c ../uip/uip/uip_arch.o
                0x00004bc0                uip_add32
                0x00004e28                uip_ipchksum
                0x00004d44                uip_tcpchksum
                0x00004cd0                uip_chksum
                0x00004c84                uip_udpchksum
 .text          0x00004e3c      0x4cc ../uip/uip/uip_arp.o
                0x000050dc                uip_arp_out
                0x00004f68                uip_arp_arpin
                0x00005264                uip_arp_timer
                0x000052cc                uip_arp_init
                0x00005084                uip_arp_ipin
 .text          0x00005308       0x50 ../uip/uip/uip_timer.o
                0x00005314                timer_expired
                0x00005344                timer_set
                0x00005334                timer_restart
                0x00005308                timer_reset
 .text          0x00005358      0x274 ../uip/uip/uip-fw.o
                0x00005384                uip_fw_output
                0x00005358                uip_fw_init
                0x00005468                uip_fw_periodic
                0x0000545c                uip_fw_default
                0x0000544c                uip_fw_register
                0x00005488                uip_fw_forward
 .text          0x000055cc      0x3b0 ../uip/uip/psock.o
                0x000058a0                psock_generator_send
                0x00005630                psock_newdata
                0x00005620                psock_datalen
                0x0000591c                psock_send
                0x0000575c                psock_readbuf
                0x00005738                psock_init
                0x00005658                psock_readto
 .text          0x0000597c       0x6c ../uip/uip/uiplib.o
                0x0000597c                uiplib_ipaddrconv
 .text          0x000059e8      0x240 ../uip/uip_task.o
                0x00005a1c                start_ether
                0x000059e8                dispatch_udp_appcall
                0x000059ec                dispatch_tcp_appcall
 .text          0x00005c28      0x228 ../monita/monita_uip.o
                0x00005c28                monita_appcall
                0x00005e34                monita_init
 .text          0x00005e50      0xa28 ../webserver/httpd.o
                0x0000655c                buat_file_index
                0x00005e50                httpd_init
                0x0000648c                httpd_appcall
 .text          0x00006878       0x94 ../webserver/httpd-fs.o
                0x00006880                httpd_fs_init
                0x00006878                httpd_fs_open
                0x00006898                httpd_fs_count
 .text          0x0000690c      0x2e4 ../webserver/httpd-cgi.o
                0x0000691c                httpd_cgi
 .text          0x00006bf0       0x10 ../system/idle_hook.o
                0x00006bf0                vApplicationIdleHook
 .text          0x00006c00      0x6a8 ../adc/ad7708.o
                0x00007098                kalibrasi_adc1
                0x00006c24                set_calibrated
                0x00006ecc                cek_adccon
                0x00006e88                cek_mode
                0x00006f74                cek_iocon
                0x00006d04                cek_status
                0x00006c40                uncs_ad7708
                0x00006ca4                baca_data
                0x0000703c                reset_adc
                0x00006f10                start_adc_1
                0x00006d6c                set_mode
                0x00006d48                cek_adc_rdy
                0x00006ff8                cek_adc_id
                0x000071ec                proses_data_adc
                0x00006dbc                set_adccon
                0x00006fb8                stop_ad7708
                0x00006c60                set_iocon
                0x00006c00                spi_rx
                0x00006e00                set_filter
                0x00006db0                stop_adc
                0x00006e44                cek_filter
                0x00006c04                cs_ad7708
 .text          0x000072a8       0x64 /home/acer-b/Mrogram/atinom/TOOLCHAIN/bin/../lib/gcc/arm-elf/4.1.0/../../../../arm-elf/lib/thumb/interwork/libc.a(memcpy.o)
                0x000072a8                memcpy
 .text          0x0000730c       0x64 /home/acer-b/Mrogram/atinom/TOOLCHAIN/bin/../lib/gcc/arm-elf/4.1.0/../../../../arm-elf/lib/thumb/interwork/libc.a(memset.o)
                0x0000730c                memset
 .text          0x00007370       0xbc /home/acer-b/Mrogram/atinom/TOOLCHAIN/bin/../lib/gcc/arm-elf/4.1.0/../../../../arm-elf/lib/thumb/interwork/libc.a(snprintf.o)
                0x00007370                snprintf
                0x000073d4                _snprintf_r
 .text          0x0000742c       0x84 /home/acer-b/Mrogram/atinom/TOOLCHAIN/bin/../lib/gcc/arm-elf/4.1.0/../../../../arm-elf/lib/thumb/interwork/libc.a(sprintf.o)
                0x00007470                _sprintf_r
                0x0000742c                sprintf
 .text          0x000074b0       0xac /home/acer-b/Mrogram/atinom/TOOLCHAIN/bin/../lib/gcc/arm-elf/4.1.0/../../../../arm-elf/lib/thumb/interwork/libc.a(sscanf.o)
                0x0000750c                sscanf
                0x000074b4                _sscanf_r
 .text          0x0000755c       0x58 /home/acer-b/Mrogram/atinom/TOOLCHAIN/bin/../lib/gcc/arm-elf/4.1.0/../../../../arm-elf/lib/thumb/interwork/libc.a(strcat.o)
                0x0000755c                strcat
 .text          0x000075b4       0x7c /home/acer-b/Mrogram/atinom/TOOLCHAIN/bin/../lib/gcc/arm-elf/4.1.0/../../../../arm-elf/lib/thumb/interwork/libc.a(strchr.o)
                0x000075b4                strchr
 .text          0x00007630       0x68 /home/acer-b/Mrogram/atinom/TOOLCHAIN/bin/../lib/gcc/arm-elf/4.1.0/../../../../arm-elf/lib/thumb/interwork/libc.a(strcmp.o)
                0x00007630                strcmp
 .text          0x00007698       0x50 /home/acer-b/Mrogram/atinom/TOOLCHAIN/bin/../lib/gcc/arm-elf/4.1.0/../../../../arm-elf/lib/thumb/interwork/libc.a(strcpy.o)
                0x00007698                strcpy
 .text          0x000076e8       0x50 /home/acer-b/Mrogram/atinom/TOOLCHAIN/bin/../lib/gcc/arm-elf/4.1.0/../../../../arm-elf/lib/thumb/interwork/libc.a(strlen.o)
                0x000076e8                strlen
 .text          0x00007738       0xb4 /home/acer-b/Mrogram/atinom/TOOLCHAIN/bin/../lib/gcc/arm-elf/4.1.0/../../../../arm-elf/lib/thumb/interwork/libc.a(strncmp.o)
                0x00007738                strncmp
 .text          0x000077ec       0x88 /home/acer-b/Mrogram/atinom/TOOLCHAIN/bin/../lib/gcc/arm-elf/4.1.0/../../../../arm-elf/lib/thumb/interwork/libc.a(strncpy.o)
                0x000077ec                strncpy
 .text          0x00007874       0x30 /home/acer-b/Mrogram/atinom/TOOLCHAIN/bin/../lib/gcc/arm-elf/4.1.0/../../../../arm-elf/lib/thumb/interwork/libc.a(strrchr.o)
                0x00007874                strrchr
 .text          0x000078a4     0x1a60 /home/acer-b/Mrogram/atinom/TOOLCHAIN/bin/../lib/gcc/arm-elf/4.1.0/../../../../arm-elf/lib/thumb/interwork/libc.a(vfprintf.o)
                0x000078c4                _vfprintf_r
                0x000092e4                vfprintf
 .text          0x00009304      0xc6c /home/acer-b/Mrogram/atinom/TOOLCHAIN/bin/../lib/gcc/arm-elf/4.1.0/../../../../arm-elf/lib/thumb/interwork/libc.a(vfscanf.o)
                0x00009eec                __svfscanf
                0x00009f0c                _vfscanf_r
                0x00009f38                vfscanf
                0x00009304                __svfscanf_r
 .text          0x00009f70       0x74 /home/acer-b/Mrogram/atinom/TOOLCHAIN/bin/../lib/gcc/arm-elf/4.1.0/../../../../arm-elf/lib/thumb/interwork/libc.a(vsprintf.o)
                0x00009fa4                vsprintf
                0x00009f70                _vsprintf_r
 .text          0x00009fe4       0x54 /home/acer-b/Mrogram/atinom/TOOLCHAIN/bin/../lib/gcc/arm-elf/4.1.0/../../../../arm-elf/lib/thumb/interwork/libc.a(wcrtomb.o)
                0x00009fe4                _wcrtomb_r
                0x0000a018                wcrtomb
 .text          0x0000a038      0x10c /home/acer-b/Mrogram/atinom/TOOLCHAIN/bin/../lib/gcc/arm-elf/4.1.0/../../../../arm-elf/lib/thumb/interwork/libc.a(wcsrtombs.o)
                0x0000a038                _wcsrtombs_r
                0x0000a11c                wcsrtombs
 .text          0x0000a144      0x2b8 /home/acer-b/Mrogram/atinom/TOOLCHAIN/bin/../lib/gcc/arm-elf/4.1.0/../../../../arm-elf/lib/thumb/interwork/libc.a(wctomb_r.o)
                0x0000a144                _wctomb_r
 .text          0x0000a3fc       0xa0 /home/acer-b/Mrogram/atinom/TOOLCHAIN/bin/../lib/gcc/arm-elf/4.1.0/../../../../arm-elf/lib/thumb/interwork/libc.a(wsetup.o)
                0x0000a3fc                __swsetup
 .text          0x0000a49c      0xf28 /home/acer-b/Mrogram/atinom/TOOLCHAIN/bin/../lib/gcc/arm-elf/4.1.0/../../../../arm-elf/lib/thumb/interwork/libc.a(dtoa.o)
                0x0000a5ec                _dtoa_r
 .text          0x0000b3c4       0x90 /home/acer-b/Mrogram/atinom/TOOLCHAIN/bin/../lib/gcc/arm-elf/4.1.0/../../../../arm-elf/lib/thumb/interwork/libc.a(fflush.o)
                0x0000b3c4                fflush
 .text          0x0000b454      0x1c4 /home/acer-b/Mrogram/atinom/TOOLCHAIN/bin/../lib/gcc/arm-elf/4.1.0/../../../../arm-elf/lib/thumb/interwork/libc.a(findfp.o)
                0x0000b49c                __sinit
                0x0000b554                __sfmoreglue
                0x0000b540                _cleanup
                0x0000b530                _cleanup_r
                0x0000b518                __fp_lock_all
                0x0000b48c                __sfp_lock_acquire
                0x0000b58c                __sfp
                0x0000b498                __sinit_lock_release
                0x0000b500                __fp_unlock_all
                0x0000b490                __sfp_lock_release
                0x0000b494                __sinit_lock_acquire
 .text          0x0000b618      0x148 /home/acer-b/Mrogram/atinom/TOOLCHAIN/bin/../lib/gcc/arm-elf/4.1.0/../../../../arm-elf/lib/thumb/interwork/libc.a(fread.o)
                0x0000b618                fread
 .text          0x0000b760      0x268 /home/acer-b/Mrogram/atinom/TOOLCHAIN/bin/../lib/gcc/arm-elf/4.1.0/../../../../arm-elf/lib/thumb/interwork/libc.a(freer.o)
                0x0000b800                _free_r
                0x0000b760                _malloc_trim_r
 .text          0x0000b9c8      0x298 /home/acer-b/Mrogram/atinom/TOOLCHAIN/bin/../lib/gcc/arm-elf/4.1.0/../../../../arm-elf/lib/thumb/interwork/libc.a(fvwrite.o)
                0x0000b9c8                __sfvwrite
 .text          0x0000bc60       0xf0 /home/acer-b/Mrogram/atinom/TOOLCHAIN/bin/../lib/gcc/arm-elf/4.1.0/../../../../arm-elf/lib/thumb/interwork/libc.a(fwalk.o)
                0x0000bcd8                _fwalk
                0x0000bc60                _fwalk_reent
 .text          0x0000bd50       0x1c /home/acer-b/Mrogram/atinom/TOOLCHAIN/bin/../lib/gcc/arm-elf/4.1.0/../../../../arm-elf/lib/thumb/interwork/libc.a(iswspace.o)
                0x0000bd50                iswspace
 .text          0x0000bd6c       0x88 /home/acer-b/Mrogram/atinom/TOOLCHAIN/bin/../lib/gcc/arm-elf/4.1.0/../../../../arm-elf/lib/thumb/interwork/libc.a(locale.o)
                0x0000bd94                _setlocale_r
                0x0000bd6c                __locale_charset
                0x0000bd78                _localeconv_r
                0x0000bdd8                setlocale
                0x0000bd80                localeconv
 .text          0x0000bdf4       0xdc /home/acer-b/Mrogram/atinom/TOOLCHAIN/bin/../lib/gcc/arm-elf/4.1.0/../../../../arm-elf/lib/thumb/interwork/libc.a(makebuf.o)
                0x0000bdf4                __smakebuf
 .text          0x0000bed0      0x538 /home/acer-b/Mrogram/atinom/TOOLCHAIN/bin/../lib/gcc/arm-elf/4.1.0/../../../../arm-elf/lib/thumb/interwork/libc.a(mallocr.o)
                0x0000bed0                _malloc_r
 .text          0x0000c408       0x64 /home/acer-b/Mrogram/atinom/TOOLCHAIN/bin/../lib/gcc/arm-elf/4.1.0/../../../../arm-elf/lib/thumb/interwork/libc.a(mbrtowc.o)
                0x0000c444                mbrtowc
                0x0000c408                _mbrtowc_r
 .text          0x0000c46c       0x38 /home/acer-b/Mrogram/atinom/TOOLCHAIN/bin/../lib/gcc/arm-elf/4.1.0/../../../../arm-elf/lib/thumb/interwork/libc.a(mbtowc_r.o)
                0x0000c46c                _mbtowc_r
 .text          0x0000c4a4       0xbc /home/acer-b/Mrogram/atinom/TOOLCHAIN/bin/../lib/gcc/arm-elf/4.1.0/../../../../arm-elf/lib/thumb/interwork/libc.a(memchr.o)
                0x0000c4a4                memchr
 .text          0x0000c560       0x8c /home/acer-b/Mrogram/atinom/TOOLCHAIN/bin/../lib/gcc/arm-elf/4.1.0/../../../../arm-elf/lib/thumb/interwork/libc.a(memmove.o)
                0x0000c560                memmove
 .text          0x0000c5ec        0x8 /home/acer-b/Mrogram/atinom/TOOLCHAIN/bin/../lib/gcc/arm-elf/4.1.0/../../../../arm-elf/lib/thumb/interwork/libc.a(mlock.o)
                0x0000c5f0                __malloc_unlock
                0x0000c5ec                __malloc_lock
 .text          0x0000c5f4      0x8c0 /home/acer-b/Mrogram/atinom/TOOLCHAIN/bin/../lib/gcc/arm-elf/4.1.0/../../../../arm-elf/lib/thumb/interwork/libc.a(mprec.o)
                0x0000c86c                _mprec_log10
                0x0000c60c                _hi0bits
                0x0000c8ac                _Balloc
                0x0000c908                _d2b
                0x0000cb84                _multiply
                0x0000c818                _ratio
                0x0000ce24                _s2b
                0x0000ccd4                _i2b
                0x0000c654                _lo0bits
                0x0000c6c0                __mcmp
                0x0000cd88                _pow5mult
                0x0000c700                _ulp
                0x0000c750                _b2d
                0x0000ccec                _multadd
                0x0000c9f0                __mdiff
                0x0000cad8                _lshift
                0x0000c5f4                _Bfree
 .text          0x0000ceb4      0x3d8 /home/acer-b/Mrogram/atinom/TOOLCHAIN/bin/../lib/gcc/arm-elf/4.1.0/../../../../arm-elf/lib/thumb/interwork/libc.a(reallocr.o)
                0x0000ceb4                _realloc_r
 .text          0x0000d28c      0x114 /home/acer-b/Mrogram/atinom/TOOLCHAIN/bin/../lib/gcc/arm-elf/4.1.0/../../../../arm-elf/lib/thumb/interwork/libc.a(refill.o)
                0x0000d2a4                __srefill
 .text          0x0000d3a0       0x24 /home/acer-b/Mrogram/atinom/TOOLCHAIN/bin/../lib/gcc/arm-elf/4.1.0/../../../../arm-elf/lib/thumb/interwork/libc.a(s_isinf.o)
                0x0000d3a0                isinf
 .text          0x0000d3c4       0x1c /home/acer-b/Mrogram/atinom/TOOLCHAIN/bin/../lib/gcc/arm-elf/4.1.0/../../../../arm-elf/lib/thumb/interwork/libc.a(s_isnan.o)
                0x0000d3c4                isnan
 .text          0x0000d3e0       0x7c /home/acer-b/Mrogram/atinom/TOOLCHAIN/bin/../lib/gcc/arm-elf/4.1.0/../../../../arm-elf/lib/thumb/interwork/libc.a(sccl.o)
                0x0000d3e0                __sccl
 .text          0x0000d45c        0x8 /home/acer-b/Mrogram/atinom/TOOLCHAIN/bin/../lib/gcc/arm-elf/4.1.0/../../../../arm-elf/lib/thumb/interwork/libc.a(sf_nan.o)
                0x0000d45c                nanf
 .text          0x0000d464       0xd8 /home/acer-b/Mrogram/atinom/TOOLCHAIN/bin/../lib/gcc/arm-elf/4.1.0/../../../../arm-elf/lib/thumb/interwork/libc.a(stdio.o)
                0x0000d47c                __sseek
                0x0000d504                __sread
                0x0000d464                __sclose
                0x0000d4bc                __swrite
 .text          0x0000d53c      0xbe8 /home/acer-b/Mrogram/atinom/TOOLCHAIN/bin/../lib/gcc/arm-elf/4.1.0/../../../../arm-elf/lib/thumb/interwork/libc.a(strtod.o)
                0x0000d53c                _strtod_r
                0x0000e108                strtod
                0x0000e0d0                strtof
 .text          0x0000e124      0x168 /home/acer-b/Mrogram/atinom/TOOLCHAIN/bin/../lib/gcc/arm-elf/4.1.0/../../../../arm-elf/lib/thumb/interwork/libc.a(strtol.o)
                0x0000e26c                strtol
                0x0000e124                _strtol_r
 .text          0x0000e28c      0x16c /home/acer-b/Mrogram/atinom/TOOLCHAIN/bin/../lib/gcc/arm-elf/4.1.0/../../../../arm-elf/lib/thumb/interwork/libc.a(strtoul.o)
                0x0000e3d8                strtoul
                0x0000e28c                _strtoul_r
 .text          0x0000e3f8      0x504 /home/acer-b/Mrogram/atinom/TOOLCHAIN/bin/../lib/gcc/arm-elf/4.1.0/../../../../arm-elf/lib/thumb/interwork/libc.a(syscalls.o)
                0x0000e414                _getpid
                0x0000e508                initialise_monitor_handles
                0x0000e42c                isatty
                0x0000e494                _fstat
                0x0000e828                _open
                0x0000e45c                _sbrk
                0x0000e428                _raise
                0x0000e590                _times
                0x0000e83c                _stat
                0x0000e878                _lseek
                0x0000e418                _link
                0x0000e64c                _swiwrite
                0x0000e430                _rename
                0x0000e674                _swilseek
                0x0000e614                _swiclose
                0x0000e728                _swiopen
                0x0000e420                _unlink
                0x0000e7b4                _write
                0x0000e5e0                _kill
                0x0000e5b4                _gettimeofday
                0x0000e8b0                _read
                0x0000e5fc                _exit
                0x0000e444                _system
                0x0000e888                _swiread
                0x0000e818                _close
 .text          0x0000e8fc      0x16c /home/acer-b/Mrogram/atinom/TOOLCHAIN/bin/../lib/gcc/arm-elf/4.1.0/../../../../arm-elf/lib/thumb/interwork/libc.a(ungetc.o)
                0x0000ea4c                ungetc
                0x0000e8fc                __submore
                0x0000e978                _ungetc_r
 .text          0x0000ea68       0x60 /home/acer-b/Mrogram/atinom/TOOLCHAIN/bin/../lib/gcc/arm-elf/4.1.0/../../../../arm-elf/lib/thumb/interwork/libc.a(callocr.o)
                0x0000ea68                _calloc_r
 .text          0x0000eac8        0xc /home/acer-b/Mrogram/atinom/TOOLCHAIN/bin/../lib/gcc/arm-elf/4.1.0/../../../../arm-elf/lib/thumb/interwork/libc.a(errno.o)
                0x0000eac8                __errno
 .text          0x0000ead4       0xbc /home/acer-b/Mrogram/atinom/TOOLCHAIN/bin/../lib/gcc/arm-elf/4.1.0/../../../../arm-elf/lib/thumb/interwork/libc.a(fclose.o)
                0x0000ead4                _fclose_r
                0x0000eb78                fclose
 .text          0x0000eb90       0x14 /home/acer-b/Mrogram/atinom/TOOLCHAIN/bin/../lib/gcc/arm-elf/4.1.0/../../../../arm-elf/lib/thumb/interwork/libc.a(s_nan.o)
                0x0000eb90                nan
 .text          0x0000eba4       0x8c /home/acer-b/Mrogram/atinom/TOOLCHAIN/bin/../lib/gcc/arm-elf/4.1.0/thumb/interwork/libgcc.a(_udivsi3.o)
                0x0000eba4                __udivsi3
                0x0000eba4                __aeabi_uidiv
                0x0000ec20                __aeabi_uidivmod
 .text          0x0000ec30       0xa4 /home/acer-b/Mrogram/atinom/TOOLCHAIN/bin/../lib/gcc/arm-elf/4.1.0/thumb/interwork/libgcc.a(_divsi3.o)
                0x0000ec30                __aeabi_idiv
                0x0000ec30                __divsi3
                0x0000ecc4                __aeabi_idivmod
 .text          0x0000ecd4       0xc8 /home/acer-b/Mrogram/atinom/TOOLCHAIN/bin/../lib/gcc/arm-elf/4.1.0/thumb/interwork/libgcc.a(_umodsi3.o)
                0x0000ecd4                __umodsi3
 .text          0x0000ed9c       0xd8 /home/acer-b/Mrogram/atinom/TOOLCHAIN/bin/../lib/gcc/arm-elf/4.1.0/thumb/interwork/libgcc.a(_modsi3.o)
                0x0000ed9c                __modsi3
 .text          0x0000ee74        0x4 /home/acer-b/Mrogram/atinom/TOOLCHAIN/bin/../lib/gcc/arm-elf/4.1.0/thumb/interwork/libgcc.a(_dvmd_tls.o)
                0x0000ee74                __aeabi_ldiv0
                0x0000ee74                __div0
                0x0000ee74                __aeabi_idiv0
 .text          0x0000ee78      0x234 /home/acer-b/Mrogram/atinom/TOOLCHAIN/bin/../lib/gcc/arm-elf/4.1.0/thumb/interwork/libgcc.a(_addsub_sf.o)
                0x0000f03c                __subsf3
                0x0000f078                __addsf3
 .text          0x0000f0ac      0x174 /home/acer-b/Mrogram/atinom/TOOLCHAIN/bin/../lib/gcc/arm-elf/4.1.0/thumb/interwork/libgcc.a(_mul_sf.o)
                0x0000f0e4                __mulsf3
 .text          0x0000f220      0x11c /home/acer-b/Mrogram/atinom/TOOLCHAIN/bin/../lib/gcc/arm-elf/4.1.0/thumb/interwork/libgcc.a(_div_sf.o)
                0x0000f258                __divsf3
 .text          0x0000f33c       0x70 /home/acer-b/Mrogram/atinom/TOOLCHAIN/bin/../lib/gcc/arm-elf/4.1.0/thumb/interwork/libgcc.a(_si_to_sf.o)
                0x0000f33c                __floatsisf
 .text          0x0000f3ac       0x30 /home/acer-b/Mrogram/atinom/TOOLCHAIN/bin/../lib/gcc/arm-elf/4.1.0/thumb/interwork/libgcc.a(_sf_to_df.o)
                0x0000f3ac                __extendsfdf2
 .text          0x0000f3dc      0x328 /home/acer-b/Mrogram/atinom/TOOLCHAIN/bin/../lib/gcc/arm-elf/4.1.0/thumb/interwork/libgcc.a(_addsub_df.o)
                0x0000f6cc                __adddf3
                0x0000f68c                __subdf3
 .text          0x0000f704      0x2ac /home/acer-b/Mrogram/atinom/TOOLCHAIN/bin/../lib/gcc/arm-elf/4.1.0/thumb/interwork/libgcc.a(_mul_df.o)
                0x0000f73c                __muldf3
 .text          0x0000f9b0      0x1ac /home/acer-b/Mrogram/atinom/TOOLCHAIN/bin/../lib/gcc/arm-elf/4.1.0/thumb/interwork/libgcc.a(_div_df.o)
                0x0000f9e8                __divdf3
 .text          0x0000fb5c       0x58 /home/acer-b/Mrogram/atinom/TOOLCHAIN/bin/../lib/gcc/arm-elf/4.1.0/thumb/interwork/libgcc.a(_eq_df.o)
                0x0000fb6c                __eqdf2
 .text          0x0000fbb4       0x58 /home/acer-b/Mrogram/atinom/TOOLCHAIN/bin/../lib/gcc/arm-elf/4.1.0/thumb/interwork/libgcc.a(_ne_df.o)
                0x0000fbc4                __nedf2
 .text          0x0000fc0c       0x58 /home/acer-b/Mrogram/atinom/TOOLCHAIN/bin/../lib/gcc/arm-elf/4.1.0/thumb/interwork/libgcc.a(_gt_df.o)
                0x0000fc1c                __gtdf2
 .text          0x0000fc64       0x58 /home/acer-b/Mrogram/atinom/TOOLCHAIN/bin/../lib/gcc/arm-elf/4.1.0/thumb/interwork/libgcc.a(_ge_df.o)
                0x0000fc74                __gedf2
 .text          0x0000fcbc       0x58 /home/acer-b/Mrogram/atinom/TOOLCHAIN/bin/../lib/gcc/arm-elf/4.1.0/thumb/interwork/libgcc.a(_lt_df.o)
                0x0000fccc                __ltdf2
 .text          0x0000fd14       0x58 /home/acer-b/Mrogram/atinom/TOOLCHAIN/bin/../lib/gcc/arm-elf/4.1.0/thumb/interwork/libgcc.a(_le_df.o)
                0x0000fd24                __ledf2
 .text          0x0000fd6c       0x8c /home/acer-b/Mrogram/atinom/TOOLCHAIN/bin/../lib/gcc/arm-elf/4.1.0/thumb/interwork/libgcc.a(_si_to_df.o)
                0x0000fd6c                __floatsidf
 .text          0x0000fdf8       0xb4 /home/acer-b/Mrogram/atinom/TOOLCHAIN/bin/../lib/gcc/arm-elf/4.1.0/thumb/interwork/libgcc.a(_df_to_si.o)
                0x0000fe28                __fixdfsi
 .text          0x0000feac       0x28 /home/acer-b/Mrogram/atinom/TOOLCHAIN/bin/../lib/gcc/arm-elf/4.1.0/thumb/interwork/libgcc.a(_make_df.o)
                0x0000feac                __make_dp
 .text          0x0000fed4       0x44 /home/acer-b/Mrogram/atinom/TOOLCHAIN/bin/../lib/gcc/arm-elf/4.1.0/thumb/interwork/libgcc.a(_df_to_sf.o)
                0x0000fed4                __truncdfsf2
 .text          0x0000ff18       0x84 /home/acer-b/Mrogram/atinom/TOOLCHAIN/bin/../lib/gcc/arm-elf/4.1.0/thumb/interwork/libgcc.a(_muldi3.o)
                0x0000ff18                __muldi3
 .text          0x0000ff9c      0x130 /home/acer-b/Mrogram/atinom/TOOLCHAIN/bin/../lib/gcc/arm-elf/4.1.0/thumb/interwork/libgcc.a(_pack_sf.o)
                0x0000ffcc                __pack_f
 .text          0x000100cc       0x80 /home/acer-b/Mrogram/atinom/TOOLCHAIN/bin/../lib/gcc/arm-elf/4.1.0/thumb/interwork/libgcc.a(_unpack_sf.o)
                0x000100cc                __unpack_f
 .text          0x0001014c       0x18 /home/acer-b/Mrogram/atinom/TOOLCHAIN/bin/../lib/gcc/arm-elf/4.1.0/thumb/interwork/libgcc.a(_make_sf.o)
                0x0001014c                __make_fp
 .text          0x00010164      0x290 /home/acer-b/Mrogram/atinom/TOOLCHAIN/bin/../lib/gcc/arm-elf/4.1.0/thumb/interwork/libgcc.a(_pack_df.o)
                0x00010194                __pack_d
 .text          0x000103f4       0xc4 /home/acer-b/Mrogram/atinom/TOOLCHAIN/bin/../lib/gcc/arm-elf/4.1.0/thumb/interwork/libgcc.a(_unpack_df.o)
                0x000103f4                __unpack_d
 .text          0x000104b8       0xf0 /home/acer-b/Mrogram/atinom/TOOLCHAIN/bin/../lib/gcc/arm-elf/4.1.0/thumb/interwork/libgcc.a(_fpcmp_parts_df.o)
                0x000104e8                __fpcmp_parts_d
 .text          0x000105a8       0xb8 /tmp/ccawoFXE.o
                0x000105a8                start
                0x00010644                endless_loop
 *(.rodata)
 .rodata        0x00010660        0x4 ../tinysh/tinysh.o
 .rodata        0x00010664       0x48 ../uip/uip/uip.o
 .rodata        0x000106ac        0x6 ../uip/uip/uip_arp.o
 *fill*         0x000106b2        0x2 00
 .rodata        0x000106b4     0x117c ../webserver/httpd-fs.o
                0x000106c8                file_index_html
                0x00010704                file_stats_shtml
                0x000106b4                file_404_html
                0x000106f0                file_io_shtml
                0x00010718                file_tcp_shtml
                0x000106dc                file_index_shtml
 .rodata        0x00011830      0x24a ../webserver/http-strings.o
                0x00011a50                http_shtml
                0x00011830                http_http
                0x0001184c                http_10
                0x000119ca                http_content_type_png
                0x00011993                http_content_type_css
                0x000118a2                http_referer
                0x000118ff                http_header_404
                0x0001183d                http_301
                0x0001195a                http_content_type_plain
                0x00011a70                http_text
                0x00011977                http_content_type_html
                0x0001186d                http_texthtml
                0x00011882                http_host
                0x000119e6                http_content_type_gif
                0x00011889                http_crnl
                0x00011847                http_get
                0x00011877                http_location
                0x00011a6b                http_jpg
                0x00011a5c                http_css
                0x00011855                http_11
                0x000119ae                http_content_type_text
                0x00011842                http_302
                0x0001185e                http_content_type
                0x000118ab                http_header_200
                0x00011a75                http_txt
                0x00011a02                http_content_type_jpg
                0x00011a4a                http_html
                0x0001188c                http_index_html
                0x00011a61                http_png
                0x00011838                http_200
                0x00011898                http_404_html
                0x00011a66                http_gif
                0x00011a1f                http_content_type_binary
                0x00011a57                http_htm
 *fill*         0x00011a7a        0x2 00
 .rodata        0x00011a7c       0xa4 ../webserver/httpd-cgi.o
 .rodata        0x00011b20      0x184 /home/acer-b/Mrogram/atinom/TOOLCHAIN/bin/../lib/gcc/arm-elf/4.1.0/../../../../arm-elf/lib/thumb/interwork/libc.a(vfprintf.o)
 .rodata        0x00011ca4      0x464 /home/acer-b/Mrogram/atinom/TOOLCHAIN/bin/../lib/gcc/arm-elf/4.1.0/../../../../arm-elf/lib/thumb/interwork/libc.a(vfscanf.o)
 .rodata        0x00012108      0x101 /home/acer-b/Mrogram/atinom/TOOLCHAIN/bin/../lib/gcc/arm-elf/4.1.0/../../../../arm-elf/lib/thumb/interwork/libc.a(ctype_.o)
                0x00012108                _ctype_
 *fill*         0x00012209        0x3 00
 .rodata        0x0001220c       0x18 /home/acer-b/Mrogram/atinom/TOOLCHAIN/bin/../lib/gcc/arm-elf/4.1.0/../../../../arm-elf/lib/thumb/interwork/libc.a(dtoa.o)
 .rodata        0x00012224        0x4 /home/acer-b/Mrogram/atinom/TOOLCHAIN/bin/../lib/gcc/arm-elf/4.1.0/../../../../arm-elf/lib/thumb/interwork/libc.a(impure.o)
                0x00012224                _global_impure_ptr
 .rodata        0x00012228       0x34 /home/acer-b/Mrogram/atinom/TOOLCHAIN/bin/../lib/gcc/arm-elf/4.1.0/../../../../arm-elf/lib/thumb/interwork/libc.a(locale.o)
 .rodata        0x0001225c      0x124 /home/acer-b/Mrogram/atinom/TOOLCHAIN/bin/../lib/gcc/arm-elf/4.1.0/../../../../arm-elf/lib/thumb/interwork/libc.a(mprec.o)
                0x0001234c                __mprec_tinytens
                0x0001225c                __mprec_tens
                0x00012324                __mprec_bigtens
 .rodata        0x00012380       0xb8 /home/acer-b/Mrogram/atinom/TOOLCHAIN/bin/../lib/gcc/arm-elf/4.1.0/../../../../arm-elf/lib/thumb/interwork/libc.a(strtod.o)
 .rodata        0x00012438       0x10 /home/acer-b/Mrogram/atinom/TOOLCHAIN/bin/../lib/gcc/arm-elf/4.1.0/thumb/interwork/libgcc.a(_thenan_sf.o)
                0x00012438                __thenan_sf
 .rodata        0x00012448       0x14 /home/acer-b/Mrogram/atinom/TOOLCHAIN/bin/../lib/gcc/arm-elf/4.1.0/thumb/interwork/libgcc.a(_thenan_df.o)
                0x00012448                __thenan_df
 *(.rodata*)
 .rodata.str1.4
                0x0001245c        0x5 main.o
                                  0x8 (size before relaxing)
 *fill*         0x00012461        0x3 00
 .rodata.str1.4
                0x00012464       0x13 ../system/reset_cpu.o
                                 0x14 (size before relaxing)
 *fill*         0x00012477        0x1 00
 .rodata.str1.4
                0x00012478        0x5 ../FreeRTOS_Source/tasks.o
                                  0x8 (size before relaxing)
 *fill*         0x0001247d        0x3 00
 .rodata.str1.4
                0x00012480      0x161 ../tinysh/tinysh.o
                                0x170 (size before relaxing)
 *fill*         0x000125e1        0x3 00
 .rodata.str1.4
                0x000125e4      0x7e7 ../tinysh/shell.o
                                0x810 (size before relaxing)
 *fill*         0x00012dcb        0x1 00
 .rodata.str1.4
                0x00012dcc      0x1c3 ../tinysh/enviro.o
                                0x210 (size before relaxing)
 *fill*         0x00012f8f        0x1 00
 .rodata.str1.4
                0x00012f90       0x52 ../uip/hardware/enc28j60.o
                                 0x54 (size before relaxing)
 *fill*         0x00012fe2        0x2 00
 .rodata.str1.4
                0x00012fe4       0x6e ../uip/uip_task.o
                                 0x70 (size before relaxing)
 *fill*         0x00013052        0x2 00
 .rodata.str1.4
                0x00013054       0x51 ../monita/monita_uip.o
                                 0x54 (size before relaxing)
 *fill*         0x000130a5        0x3 00
 .rodata.str1.4
                0x000130a8      0x2da ../webserver/httpd.o
                                0x318 (size before relaxing)
 *fill*         0x00013382        0x2 00
 .rodata.str1.4
                0x00013384      0x1a7 ../webserver/httpd-cgi.o
                                0x1a8 (size before relaxing)
 *fill*         0x0001352b        0x1 00
 .rodata.str1.4
                0x0001352c       0xe0 ../adc/ad7708.o
 .rodata.str1.4
                0x0001360c       0x5b /home/acer-b/Mrogram/atinom/TOOLCHAIN/bin/../lib/gcc/arm-elf/4.1.0/../../../../arm-elf/lib/thumb/interwork/libc.a(vfprintf.o)
                                 0x64 (size before relaxing)
 *fill*         0x00013667        0x1 00
 .rodata.str1.4
                0x00013668        0x5 /home/acer-b/Mrogram/atinom/TOOLCHAIN/bin/../lib/gcc/arm-elf/4.1.0/../../../../arm-elf/lib/thumb/interwork/libc.a(vfscanf.o)
                                  0x8 (size before relaxing)
 *fill*         0x0001366d        0x3 00
 .rodata.str1.4
                0x00013670       0x1e /home/acer-b/Mrogram/atinom/TOOLCHAIN/bin/../lib/gcc/arm-elf/4.1.0/../../../../arm-elf/lib/thumb/interwork/libc.a(wctomb_r.o)
                                 0x20 (size before relaxing)
 *fill*         0x0001368e        0x2 00
 .rodata.str1.4
                0x00013690       0x10 /home/acer-b/Mrogram/atinom/TOOLCHAIN/bin/../lib/gcc/arm-elf/4.1.0/../../../../arm-elf/lib/thumb/interwork/libc.a(dtoa.o)
                                 0x14 (size before relaxing)
 .rodata.str1.4
                0x000136a0        0x0 /home/acer-b/Mrogram/atinom/TOOLCHAIN/bin/../lib/gcc/arm-elf/4.1.0/../../../../arm-elf/lib/thumb/interwork/libc.a(impure.o)
                                  0x4 (size before relaxing)
 .rodata.str1.4
                0x000136a0        0xb /home/acer-b/Mrogram/atinom/TOOLCHAIN/bin/../lib/gcc/arm-elf/4.1.0/../../../../arm-elf/lib/thumb/interwork/libc.a(locale.o)
                                 0x18 (size before relaxing)
 .rodata.str1.4
                0x000136ab        0x0 /home/acer-b/Mrogram/atinom/TOOLCHAIN/bin/../lib/gcc/arm-elf/4.1.0/../../../../arm-elf/lib/thumb/interwork/libc.a(mbrtowc.o)
                                  0x4 (size before relaxing)
 *fill*         0x000136ab        0x1 00
 .rodata.str1.4
                0x000136ac        0x4 /home/acer-b/Mrogram/atinom/TOOLCHAIN/bin/../lib/gcc/arm-elf/4.1.0/../../../../arm-elf/lib/thumb/interwork/libc.a(syscalls.o)
 *(.glue_7)
 .glue_7        0x000136b0       0x48 /home/acer-b/Mrogram/atinom/TOOLCHAIN/bin/../lib/gcc/arm-elf/4.1.0/thumb/interwork/libgcc.a(_fpcmp_parts_df.o)
                0x000136ec                __main_from_arm
                0x000136d4                __xQueueGenericSendFromISR_from_arm
                0x000136e0                __xQueueCreate_from_arm
                0x000136b0                __vTaskIncrementTick_from_arm
                0x000136c8                __xQueueReceiveFromISR_from_arm
                0x000136bc                __vTaskSwitchContext_from_arm
 *(.glue_7t)
 .glue_7t       0x000136f8       0x28 /home/acer-b/Mrogram/atinom/TOOLCHAIN/bin/../lib/gcc/arm-elf/4.1.0/thumb/interwork/libgcc.a(_fpcmp_parts_df.o)
                0x000136fc                __vPortEnterCritical_change_to_arm
                0x00013708                __vSerialISRCreateQueues_from_thumb
                0x0001370c                __vSerialISRCreateQueues_change_to_arm
                0x00013704                __vPortExitCritical_change_to_arm
                0x00013718                __vPortISRStartFirstTask_from_thumb
                0x00013710                __vPortDisableInterruptsFromThumb_from_thumb
                0x00013700                __vPortExitCritical_from_thumb
                0x000136f8                __vPortEnterCritical_from_thumb
                0x0001371c                __vPortISRStartFirstTask_change_to_arm
                0x00013714                __vPortDisableInterruptsFromThumb_change_to_arm
 *(.lokasi_font)
                0x00013720                __end_of_text__ = .
                0x00013720                __exidx_start = .

.ARM.exidx
 *(.ARM.exidx* .gnu.linkonce.armexidx.*)
                0x00013720                __exidx_end = .

.data           0x40000000      0x9bc load address 0x00013720
                0x40000000                __data_beg__ = .
                0x00013720                __data_beg_src__ = __end_of_text__
 *(.data)
 .data          0x40000000        0x4 ../FreeRTOS_Source/portable/GCC/ARM7_LPC23xx/portISR.o
                0x40000000                ulCriticalNesting
 .data          0x40000004       0x38 ../tinysh/tinysh.o
 .data          0x4000003c      0x140 ../tinysh/shell.o
 .data          0x4000017c       0x18 ../webserver/httpd-cgi.o
 .data          0x40000194        0x4 /home/acer-b/Mrogram/atinom/TOOLCHAIN/bin/../lib/gcc/arm-elf/4.1.0/../../../../arm-elf/lib/thumb/interwork/libc.a(ctype_.o)
                0x40000194                __ctype_ptr
 .data          0x40000198      0x404 /home/acer-b/Mrogram/atinom/TOOLCHAIN/bin/../lib/gcc/arm-elf/4.1.0/../../../../arm-elf/lib/thumb/interwork/libc.a(impure.o)
                0x40000198                _impure_ptr
 .data          0x4000059c       0x10 /home/acer-b/Mrogram/atinom/TOOLCHAIN/bin/../lib/gcc/arm-elf/4.1.0/../../../../arm-elf/lib/thumb/interwork/libc.a(locale.o)
                0x4000059c                __mb_cur_max
                0x400005a0                __lc_ctype
 .data          0x400005ac      0x410 /home/acer-b/Mrogram/atinom/TOOLCHAIN/bin/../lib/gcc/arm-elf/4.1.0/../../../../arm-elf/lib/thumb/interwork/libc.a(mallocr.o)
                0x400009b8                __malloc_sbrk_base
                0x400005ac                __malloc_av_
                0x400009b4                __malloc_trim_threshold
                0x400009bc                __data_end__ = .

.bss            0x400009bc     0x5568
                0x400009bc                __bss_beg__ = .
 *(.bss)
 .bss           0x400009bc        0xc ../serial/serialISR.o
 .bss           0x400009c8        0x8 main.o
                0x400009c8                loop_idle
 .bss           0x400009d0        0x4 ../system/syscall.o
 .bss           0x400009d4        0xc ../serial/serial.o
 .bss           0x400009e0       0xc0 ../FreeRTOS_Source/tasks.o
                0x400009e4                pxCurrentTCB
                0x400009e0                tick_ku
 .bss           0x40000aa0     0x481c ../FreeRTOS_Source/portable/MemMang/heap_2.o
 .bss           0x400052bc      0x31c ../tinysh/tinysh.o
 .bss           0x400055d8        0x8 ../tinysh/shell.o
                0x400055dc                tik_lama
                0x400055d8                uptime_ovflow
 .bss           0x400055e0        0x8 ../uip/hardware/enc28j60.o
                0x400055e4                error_ENC
                0x400055e0                ethRxPointer
 .bss           0x400055e8       0x18 ../uip/uip/uip.o
                0x400055ec                uip_ethaddr
                0x400055e8                uip_timeoffset
 .bss           0x40005600       0x60 ../uip/uip/uip_arp.o
 .bss           0x40005660       0x28 ../uip/uip/uip-fw.o
 .bss           0x40005688       0x10 ../uip/uip_task.o
                0x40005688                paket_per_menit
                0x4000568c                paket_kita
 .bss           0x40005698        0xc ../webserver/httpd-fs.o
 .bss           0x400056a4       0x24 ../webserver/httpd-cgi.o
                0x400056a4                lRefreshCount
 .bss           0x400056c8        0x4 ../adc/ad7708.o
 .bss           0x400056cc        0xc /home/acer-b/Mrogram/atinom/TOOLCHAIN/bin/../lib/gcc/arm-elf/4.1.0/../../../../arm-elf/lib/thumb/interwork/libc.a(locale.o)
                0x400056cc                __nlocale_changed
                0x400056d0                __mlocale_changed
                0x400056d4                _PathLocale
 .bss           0x400056d8       0x34 /home/acer-b/Mrogram/atinom/TOOLCHAIN/bin/../lib/gcc/arm-elf/4.1.0/../../../../arm-elf/lib/thumb/interwork/libc.a(mallocr.o)
                0x400056d8                __malloc_top_pad
                0x400056dc                __malloc_max_sbrked_mem
                0x400056e4                __malloc_current_mallinfo
                0x400056e0                __malloc_max_total_mem
 .bss           0x4000570c       0xb0 /home/acer-b/Mrogram/atinom/TOOLCHAIN/bin/../lib/gcc/arm-elf/4.1.0/../../../../arm-elf/lib/thumb/interwork/libc.a(syscalls.o)
 COMMON         0x400057bc       0x80 ../GPIO/gpio_ISR.o
                0x400057bc                konter
 COMMON         0x4000583c       0x20 main.o
                0x4000583c                hdl_lcd
                0x40005840                tot_idle
                0x40005844                hdl_ether
                0x40005848                hdl_tampilan
                0x4000584c                hdl_shell
                0x40005850                lcd_sem
                0x40005854                idle_lama
                0x40005858                hdl_led
 COMMON         0x4000585c      0x5f0 ../tinysh/enviro.o
                0x4000585c                command
                0x40005870                iap_entry
                0x40005874                result
                0x4000587c                env2
 COMMON         0x40005e4c       0x42 ../uip/uip/uip.o
                0x40005e4c                uip_len
                0x40005e50                uip_sappdata
                0x40005e54                uip_acc32
                0x40005e58                uip_flags
                0x40005e5c                uip_udp_conn
                0x40005e60                uip_appdata
                0x40005e64                uip_conn
                0x40005e68                uip_sntpaddr
                0x40005e6c                uip_listenports
                0x40005e80                uip_draddr
                0x40005e84                uip_netmask
                0x40005e88                uip_hostaddr
                0x40005e8c                uip_slen
 *fill*         0x40005e8e        0x2 00
 COMMON         0x40005e90        0x4 ../monita/monita_uip.o
                0x40005e90                loop_kirim
 COMMON         0x40005e94       0x10 ../webserver/httpd-cgi.o
                0x40005e94                ulString
                0x40005e98                pcStatus
 COMMON         0x40005ea4       0x80 ../adc/ad7708.o
                0x40005ea4                st_adc
                0x40005f24                . = ALIGN (0x4)
                0x40005f24                _bss_end__ = .
                0x40005f24                __bss_end__ = .
                0x40005f24                __end__ = .

.usbram         0x7fd00400      0x280
                0x7fd00400                __usbram_beg__ = .
 *(.usb_text)
 .usb_text      0x7fd00400      0x280 ../uip/uip/uip.o
                0x7fd00400                uip_conns
 *(.dmaram)
                0x7fd00680                __usbram_end__ = .

.ethram         0x7fe00000     0x20dc
                0x7fe00000                __ethram_beg__ = .
 *(.ethram)
 *(.eth_test_text)
 *(.eth_test)
 .eth_test      0x7fe00000       0x80 ../serial/serial.o
                0x7fe00000                printbuffer
 .eth_test      0x7fe00080      0x714 ../uip/uip/uip.o
                0x7fe00080                uip_buf
                0x7fe00664                uip_udp_conns
 .eth_test      0x7fe00794      0x148 ../monita/monita_uip.o
                0x7fe00794                xdata
                0x7fe0088c                data_float
 .eth_test      0x7fe008dc     0x1800 ../webserver/httpd.o
                0x7fe008dc                head_buf
                0x7fe018dc                tot_buf_siap
                0x7fe010dc                tot_buf
                0x7fe020dc                __ethram_end__ = .
                0x7fe020dc                . = ALIGN (0x4)
                0x7fe020dc                _end = .
                0x7fe020dc                PROVIDE (end, .)
OUTPUT(komon_A.elf elf32-littlearm)

.comment        0x00000000      0x84c
 .comment       0x00000000       0x12 ../FreeRTOS_Source/portable/GCC/ARM7_LPC23xx/portISR.o
 .comment       0x00000012       0x12 ../serial/serialISR.o
 .comment       0x00000024       0x12 ../GPIO/gpio_ISR.o
 .comment       0x00000036       0x12 main.o
 .comment       0x00000048       0x12 ../system/setup_cpu.o
 .comment       0x0000005a       0x12 ../system/syscall.o
 .comment       0x0000006c       0x12 ../system/reset_cpu.o
 .comment       0x0000007e       0x12 ../serial/serial.o
 .comment       0x00000090       0x12 ../FreeRTOS_Source/queue.o
 .comment       0x000000a2       0x12 ../FreeRTOS_Source/tasks.o
 .comment       0x000000b4       0x12 ../FreeRTOS_Source/portable/GCC/ARM7_LPC23xx/port.o
 .comment       0x000000c6       0x12 ../FreeRTOS_Source/list.o
 .comment       0x000000d8       0x12 ../FreeRTOS_Source/portable/MemMang/heap_2.o
 .comment       0x000000ea       0x12 ../tinysh/tinysh.o
 .comment       0x000000fc       0x12 ../tinysh/shell.o
 .comment       0x0000010e       0x12 ../tinysh/enviro.o
 .comment       0x00000120       0x12 ../GPIO/gpio.o
 .comment       0x00000132       0x12 ../spi/spi.o
 .comment       0x00000144       0x12 ../uip/hardware/enc28j60.o
 .comment       0x00000156       0x12 ../uip/clock.o
 .comment       0x00000168       0x12 ../uip/lib/memb.o
 .comment       0x0000017a       0x12 ../uip/uip/uip.o
 .comment       0x0000018c       0x12 ../uip/uip/uip_arch.o
 .comment       0x0000019e       0x12 ../uip/uip/uip_arp.o
 .comment       0x000001b0       0x12 ../uip/uip/uip_timer.o
 .comment       0x000001c2       0x12 ../uip/uip/uip-fw.o
 .comment       0x000001d4       0x12 ../uip/uip/psock.o
 .comment       0x000001e6       0x12 ../uip/uip/uiplib.o
 .comment       0x000001f8       0x12 ../uip/uip_task.o
 .comment       0x0000020a       0x12 ../monita/monita_uip.o
 .comment       0x0000021c       0x12 ../webserver/httpd.o
 .comment       0x0000022e       0x12 ../webserver/httpd-fs.o
 .comment       0x00000240       0x12 ../webserver/http-strings.o
 .comment       0x00000252       0x12 ../webserver/httpd-cgi.o
 .comment       0x00000264       0x12 ../system/idle_hook.o
 .comment       0x00000276       0x12 ../adc/ad7708.o
 .comment       0x00000288       0x12 /home/acer-b/Mrogram/atinom/TOOLCHAIN/bin/../lib/gcc/arm-elf/4.1.0/../../../../arm-elf/lib/thumb/interwork/libc.a(memcpy.o)
 .comment       0x0000029a       0x12 /home/acer-b/Mrogram/atinom/TOOLCHAIN/bin/../lib/gcc/arm-elf/4.1.0/../../../../arm-elf/lib/thumb/interwork/libc.a(memset.o)
 .comment       0x000002ac       0x12 /home/acer-b/Mrogram/atinom/TOOLCHAIN/bin/../lib/gcc/arm-elf/4.1.0/../../../../arm-elf/lib/thumb/interwork/libc.a(snprintf.o)
 .comment       0x000002be       0x12 /home/acer-b/Mrogram/atinom/TOOLCHAIN/bin/../lib/gcc/arm-elf/4.1.0/../../../../arm-elf/lib/thumb/interwork/libc.a(sprintf.o)
 .comment       0x000002d0       0x12 /home/acer-b/Mrogram/atinom/TOOLCHAIN/bin/../lib/gcc/arm-elf/4.1.0/../../../../arm-elf/lib/thumb/interwork/libc.a(sscanf.o)
 .comment       0x000002e2       0x12 /home/acer-b/Mrogram/atinom/TOOLCHAIN/bin/../lib/gcc/arm-elf/4.1.0/../../../../arm-elf/lib/thumb/interwork/libc.a(strcat.o)
 .comment       0x000002f4       0x12 /home/acer-b/Mrogram/atinom/TOOLCHAIN/bin/../lib/gcc/arm-elf/4.1.0/../../../../arm-elf/lib/thumb/interwork/libc.a(strchr.o)
 .comment       0x00000306       0x12 /home/acer-b/Mrogram/atinom/TOOLCHAIN/bin/../lib/gcc/arm-elf/4.1.0/../../../../arm-elf/lib/thumb/interwork/libc.a(strcmp.o)
 .comment       0x00000318       0x12 /home/acer-b/Mrogram/atinom/TOOLCHAIN/bin/../lib/gcc/arm-elf/4.1.0/../../../../arm-elf/lib/thumb/interwork/libc.a(strcpy.o)
 .comment       0x0000032a       0x12 /home/acer-b/Mrogram/atinom/TOOLCHAIN/bin/../lib/gcc/arm-elf/4.1.0/../../../../arm-elf/lib/thumb/interwork/libc.a(strlen.o)
 .comment       0x0000033c       0x12 /home/acer-b/Mrogram/atinom/TOOLCHAIN/bin/../lib/gcc/arm-elf/4.1.0/../../../../arm-elf/lib/thumb/interwork/libc.a(strncmp.o)
 .comment       0x0000034e       0x12 /home/acer-b/Mrogram/atinom/TOOLCHAIN/bin/../lib/gcc/arm-elf/4.1.0/../../../../arm-elf/lib/thumb/interwork/libc.a(strncpy.o)
 .comment       0x00000360       0x12 /home/acer-b/Mrogram/atinom/TOOLCHAIN/bin/../lib/gcc/arm-elf/4.1.0/../../../../arm-elf/lib/thumb/interwork/libc.a(strrchr.o)
 .comment       0x00000372       0x12 /home/acer-b/Mrogram/atinom/TOOLCHAIN/bin/../lib/gcc/arm-elf/4.1.0/../../../../arm-elf/lib/thumb/interwork/libc.a(vfprintf.o)
 .comment       0x00000384       0x12 /home/acer-b/Mrogram/atinom/TOOLCHAIN/bin/../lib/gcc/arm-elf/4.1.0/../../../../arm-elf/lib/thumb/interwork/libc.a(vfscanf.o)
 .comment       0x00000396       0x12 /home/acer-b/Mrogram/atinom/TOOLCHAIN/bin/../lib/gcc/arm-elf/4.1.0/../../../../arm-elf/lib/thumb/interwork/libc.a(vsprintf.o)
 .comment       0x000003a8       0x12 /home/acer-b/Mrogram/atinom/TOOLCHAIN/bin/../lib/gcc/arm-elf/4.1.0/../../../../arm-elf/lib/thumb/interwork/libc.a(wcrtomb.o)
 .comment       0x000003ba       0x12 /home/acer-b/Mrogram/atinom/TOOLCHAIN/bin/../lib/gcc/arm-elf/4.1.0/../../../../arm-elf/lib/thumb/interwork/libc.a(wcsrtombs.o)
 .comment       0x000003cc       0x12 /home/acer-b/Mrogram/atinom/TOOLCHAIN/bin/../lib/gcc/arm-elf/4.1.0/../../../../arm-elf/lib/thumb/interwork/libc.a(wctomb_r.o)
 .comment       0x000003de       0x12 /home/acer-b/Mrogram/atinom/TOOLCHAIN/bin/../lib/gcc/arm-elf/4.1.0/../../../../arm-elf/lib/thumb/interwork/libc.a(wsetup.o)
 .comment       0x000003f0       0x12 /home/acer-b/Mrogram/atinom/TOOLCHAIN/bin/../lib/gcc/arm-elf/4.1.0/../../../../arm-elf/lib/thumb/interwork/libc.a(ctype_.o)
 .comment       0x00000402       0x12 /home/acer-b/Mrogram/atinom/TOOLCHAIN/bin/../lib/gcc/arm-elf/4.1.0/../../../../arm-elf/lib/thumb/interwork/libc.a(dtoa.o)
 .comment       0x00000414       0x12 /home/acer-b/Mrogram/atinom/TOOLCHAIN/bin/../lib/gcc/arm-elf/4.1.0/../../../../arm-elf/lib/thumb/interwork/libc.a(fflush.o)
 .comment       0x00000426       0x12 /home/acer-b/Mrogram/atinom/TOOLCHAIN/bin/../lib/gcc/arm-elf/4.1.0/../../../../arm-elf/lib/thumb/interwork/libc.a(findfp.o)
 .comment       0x00000438       0x12 /home/acer-b/Mrogram/atinom/TOOLCHAIN/bin/../lib/gcc/arm-elf/4.1.0/../../../../arm-elf/lib/thumb/interwork/libc.a(fread.o)
 .comment       0x0000044a       0x12 /home/acer-b/Mrogram/atinom/TOOLCHAIN/bin/../lib/gcc/arm-elf/4.1.0/../../../../arm-elf/lib/thumb/interwork/libc.a(freer.o)
 .comment       0x0000045c       0x12 /home/acer-b/Mrogram/atinom/TOOLCHAIN/bin/../lib/gcc/arm-elf/4.1.0/../../../../arm-elf/lib/thumb/interwork/libc.a(fvwrite.o)
 .comment       0x0000046e       0x12 /home/acer-b/Mrogram/atinom/TOOLCHAIN/bin/../lib/gcc/arm-elf/4.1.0/../../../../arm-elf/lib/thumb/interwork/libc.a(fwalk.o)
 .comment       0x00000480       0x12 /home/acer-b/Mrogram/atinom/TOOLCHAIN/bin/../lib/gcc/arm-elf/4.1.0/../../../../arm-elf/lib/thumb/interwork/libc.a(impure.o)
 .comment       0x00000492       0x12 /home/acer-b/Mrogram/atinom/TOOLCHAIN/bin/../lib/gcc/arm-elf/4.1.0/../../../../arm-elf/lib/thumb/interwork/libc.a(iswspace.o)
 .comment       0x000004a4       0x12 /home/acer-b/Mrogram/atinom/TOOLCHAIN/bin/../lib/gcc/arm-elf/4.1.0/../../../../arm-elf/lib/thumb/interwork/libc.a(locale.o)
 .comment       0x000004b6       0x12 /home/acer-b/Mrogram/atinom/TOOLCHAIN/bin/../lib/gcc/arm-elf/4.1.0/../../../../arm-elf/lib/thumb/interwork/libc.a(makebuf.o)
 .comment       0x000004c8       0x12 /home/acer-b/Mrogram/atinom/TOOLCHAIN/bin/../lib/gcc/arm-elf/4.1.0/../../../../arm-elf/lib/thumb/interwork/libc.a(mallocr.o)
 .comment       0x000004da       0x12 /home/acer-b/Mrogram/atinom/TOOLCHAIN/bin/../lib/gcc/arm-elf/4.1.0/../../../../arm-elf/lib/thumb/interwork/libc.a(mbrtowc.o)
 .comment       0x000004ec       0x12 /home/acer-b/Mrogram/atinom/TOOLCHAIN/bin/../lib/gcc/arm-elf/4.1.0/../../../../arm-elf/lib/thumb/interwork/libc.a(mbtowc_r.o)
 .comment       0x000004fe       0x12 /home/acer-b/Mrogram/atinom/TOOLCHAIN/bin/../lib/gcc/arm-elf/4.1.0/../../../../arm-elf/lib/thumb/interwork/libc.a(memchr.o)
 .comment       0x00000510       0x12 /home/acer-b/Mrogram/atinom/TOOLCHAIN/bin/../lib/gcc/arm-elf/4.1.0/../../../../arm-elf/lib/thumb/interwork/libc.a(memmove.o)
 .comment       0x00000522       0x12 /home/acer-b/Mrogram/atinom/TOOLCHAIN/bin/../lib/gcc/arm-elf/4.1.0/../../../../arm-elf/lib/thumb/interwork/libc.a(mlock.o)
 .comment       0x00000534       0x12 /home/acer-b/Mrogram/atinom/TOOLCHAIN/bin/../lib/gcc/arm-elf/4.1.0/../../../../arm-elf/lib/thumb/interwork/libc.a(mprec.o)
 .comment       0x00000546       0x12 /home/acer-b/Mrogram/atinom/TOOLCHAIN/bin/../lib/gcc/arm-elf/4.1.0/../../../../arm-elf/lib/thumb/interwork/libc.a(reallocr.o)
 .comment       0x00000558       0x12 /home/acer-b/Mrogram/atinom/TOOLCHAIN/bin/../lib/gcc/arm-elf/4.1.0/../../../../arm-elf/lib/thumb/interwork/libc.a(refill.o)
 .comment       0x0000056a       0x12 /home/acer-b/Mrogram/atinom/TOOLCHAIN/bin/../lib/gcc/arm-elf/4.1.0/../../../../arm-elf/lib/thumb/interwork/libc.a(s_isinf.o)
 .comment       0x0000057c       0x12 /home/acer-b/Mrogram/atinom/TOOLCHAIN/bin/../lib/gcc/arm-elf/4.1.0/../../../../arm-elf/lib/thumb/interwork/libc.a(s_isnan.o)
 .comment       0x0000058e       0x12 /home/acer-b/Mrogram/atinom/TOOLCHAIN/bin/../lib/gcc/arm-elf/4.1.0/../../../../arm-elf/lib/thumb/interwork/libc.a(sccl.o)
 .comment       0x000005a0       0x12 /home/acer-b/Mrogram/atinom/TOOLCHAIN/bin/../lib/gcc/arm-elf/4.1.0/../../../../arm-elf/lib/thumb/interwork/libc.a(sf_nan.o)
 .comment       0x000005b2       0x12 /home/acer-b/Mrogram/atinom/TOOLCHAIN/bin/../lib/gcc/arm-elf/4.1.0/../../../../arm-elf/lib/thumb/interwork/libc.a(stdio.o)
 .comment       0x000005c4       0x12 /home/acer-b/Mrogram/atinom/TOOLCHAIN/bin/../lib/gcc/arm-elf/4.1.0/../../../../arm-elf/lib/thumb/interwork/libc.a(strtod.o)
 .comment       0x000005d6       0x12 /home/acer-b/Mrogram/atinom/TOOLCHAIN/bin/../lib/gcc/arm-elf/4.1.0/../../../../arm-elf/lib/thumb/interwork/libc.a(strtol.o)
 .comment       0x000005e8       0x12 /home/acer-b/Mrogram/atinom/TOOLCHAIN/bin/../lib/gcc/arm-elf/4.1.0/../../../../arm-elf/lib/thumb/interwork/libc.a(strtoul.o)
 .comment       0x000005fa       0x12 /home/acer-b/Mrogram/atinom/TOOLCHAIN/bin/../lib/gcc/arm-elf/4.1.0/../../../../arm-elf/lib/thumb/interwork/libc.a(syscalls.o)
 .comment       0x0000060c       0x12 /home/acer-b/Mrogram/atinom/TOOLCHAIN/bin/../lib/gcc/arm-elf/4.1.0/../../../../arm-elf/lib/thumb/interwork/libc.a(ungetc.o)
 .comment       0x0000061e       0x12 /home/acer-b/Mrogram/atinom/TOOLCHAIN/bin/../lib/gcc/arm-elf/4.1.0/../../../../arm-elf/lib/thumb/interwork/libc.a(callocr.o)
 .comment       0x00000630       0x12 /home/acer-b/Mrogram/atinom/TOOLCHAIN/bin/../lib/gcc/arm-elf/4.1.0/../../../../arm-elf/lib/thumb/interwork/libc.a(errno.o)
 .comment       0x00000642       0x12 /home/acer-b/Mrogram/atinom/TOOLCHAIN/bin/../lib/gcc/arm-elf/4.1.0/../../../../arm-elf/lib/thumb/interwork/libc.a(fclose.o)
 .comment       0x00000654       0x12 /home/acer-b/Mrogram/atinom/TOOLCHAIN/bin/../lib/gcc/arm-elf/4.1.0/../../../../arm-elf/lib/thumb/interwork/libc.a(s_nan.o)
 .comment       0x00000666       0x12 /home/acer-b/Mrogram/atinom/TOOLCHAIN/bin/../lib/gcc/arm-elf/4.1.0/thumb/interwork/libgcc.a(_addsub_sf.o)
 .comment       0x00000678       0x12 /home/acer-b/Mrogram/atinom/TOOLCHAIN/bin/../lib/gcc/arm-elf/4.1.0/thumb/interwork/libgcc.a(_mul_sf.o)
 .comment       0x0000068a       0x12 /home/acer-b/Mrogram/atinom/TOOLCHAIN/bin/../lib/gcc/arm-elf/4.1.0/thumb/interwork/libgcc.a(_div_sf.o)
 .comment       0x0000069c       0x12 /home/acer-b/Mrogram/atinom/TOOLCHAIN/bin/../lib/gcc/arm-elf/4.1.0/thumb/interwork/libgcc.a(_si_to_sf.o)
 .comment       0x000006ae       0x12 /home/acer-b/Mrogram/atinom/TOOLCHAIN/bin/../lib/gcc/arm-elf/4.1.0/thumb/interwork/libgcc.a(_sf_to_df.o)
 .comment       0x000006c0       0x12 /home/acer-b/Mrogram/atinom/TOOLCHAIN/bin/../lib/gcc/arm-elf/4.1.0/thumb/interwork/libgcc.a(_thenan_sf.o)
 .comment       0x000006d2       0x12 /home/acer-b/Mrogram/atinom/TOOLCHAIN/bin/../lib/gcc/arm-elf/4.1.0/thumb/interwork/libgcc.a(_addsub_df.o)
 .comment       0x000006e4       0x12 /home/acer-b/Mrogram/atinom/TOOLCHAIN/bin/../lib/gcc/arm-elf/4.1.0/thumb/interwork/libgcc.a(_mul_df.o)
 .comment       0x000006f6       0x12 /home/acer-b/Mrogram/atinom/TOOLCHAIN/bin/../lib/gcc/arm-elf/4.1.0/thumb/interwork/libgcc.a(_div_df.o)
 .comment       0x00000708       0x12 /home/acer-b/Mrogram/atinom/TOOLCHAIN/bin/../lib/gcc/arm-elf/4.1.0/thumb/interwork/libgcc.a(_eq_df.o)
 .comment       0x0000071a       0x12 /home/acer-b/Mrogram/atinom/TOOLCHAIN/bin/../lib/gcc/arm-elf/4.1.0/thumb/interwork/libgcc.a(_ne_df.o)
 .comment       0x0000072c       0x12 /home/acer-b/Mrogram/atinom/TOOLCHAIN/bin/../lib/gcc/arm-elf/4.1.0/thumb/interwork/libgcc.a(_gt_df.o)
 .comment       0x0000073e       0x12 /home/acer-b/Mrogram/atinom/TOOLCHAIN/bin/../lib/gcc/arm-elf/4.1.0/thumb/interwork/libgcc.a(_ge_df.o)
 .comment       0x00000750       0x12 /home/acer-b/Mrogram/atinom/TOOLCHAIN/bin/../lib/gcc/arm-elf/4.1.0/thumb/interwork/libgcc.a(_lt_df.o)
 .comment       0x00000762       0x12 /home/acer-b/Mrogram/atinom/TOOLCHAIN/bin/../lib/gcc/arm-elf/4.1.0/thumb/interwork/libgcc.a(_le_df.o)
 .comment       0x00000774       0x12 /home/acer-b/Mrogram/atinom/TOOLCHAIN/bin/../lib/gcc/arm-elf/4.1.0/thumb/interwork/libgcc.a(_si_to_df.o)
 .comment       0x00000786       0x12 /home/acer-b/Mrogram/atinom/TOOLCHAIN/bin/../lib/gcc/arm-elf/4.1.0/thumb/interwork/libgcc.a(_df_to_si.o)
 .comment       0x00000798       0x12 /home/acer-b/Mrogram/atinom/TOOLCHAIN/bin/../lib/gcc/arm-elf/4.1.0/thumb/interwork/libgcc.a(_make_df.o)
 .comment       0x000007aa       0x12 /home/acer-b/Mrogram/atinom/TOOLCHAIN/bin/../lib/gcc/arm-elf/4.1.0/thumb/interwork/libgcc.a(_df_to_sf.o)
 .comment       0x000007bc       0x12 /home/acer-b/Mrogram/atinom/TOOLCHAIN/bin/../lib/gcc/arm-elf/4.1.0/thumb/interwork/libgcc.a(_thenan_df.o)
 .comment       0x000007ce       0x12 /home/acer-b/Mrogram/atinom/TOOLCHAIN/bin/../lib/gcc/arm-elf/4.1.0/thumb/interwork/libgcc.a(_muldi3.o)
 .comment       0x000007e0       0x12 /home/acer-b/Mrogram/atinom/TOOLCHAIN/bin/../lib/gcc/arm-elf/4.1.0/thumb/interwork/libgcc.a(_pack_sf.o)
 .comment       0x000007f2       0x12 /home/acer-b/Mrogram/atinom/TOOLCHAIN/bin/../lib/gcc/arm-elf/4.1.0/thumb/interwork/libgcc.a(_unpack_sf.o)
 .comment       0x00000804       0x12 /home/acer-b/Mrogram/atinom/TOOLCHAIN/bin/../lib/gcc/arm-elf/4.1.0/thumb/interwork/libgcc.a(_make_sf.o)
 .comment       0x00000816       0x12 /home/acer-b/Mrogram/atinom/TOOLCHAIN/bin/../lib/gcc/arm-elf/4.1.0/thumb/interwork/libgcc.a(_pack_df.o)
 .comment       0x00000828       0x12 /home/acer-b/Mrogram/atinom/TOOLCHAIN/bin/../lib/gcc/arm-elf/4.1.0/thumb/interwork/libgcc.a(_unpack_df.o)
 .comment       0x0000083a       0x12 /home/acer-b/Mrogram/atinom/TOOLCHAIN/bin/../lib/gcc/arm-elf/4.1.0/thumb/interwork/libgcc.a(_fpcmp_parts_df.o)

.debug_abbrev   0x00000000     0x7065
 .debug_abbrev  0x00000000       0x99 /home/acer-b/Mrogram/atinom/TOOLCHAIN/bin/../lib/gcc/arm-elf/4.1.0/../../../../arm-elf/lib/thumb/interwork/libc.a(memcpy.o)
 .debug_abbrev  0x00000099       0x9a /home/acer-b/Mrogram/atinom/TOOLCHAIN/bin/../lib/gcc/arm-elf/4.1.0/../../../../arm-elf/lib/thumb/interwork/libc.a(memset.o)
 .debug_abbrev  0x00000133      0x1a2 /home/acer-b/Mrogram/atinom/TOOLCHAIN/bin/../lib/gcc/arm-elf/4.1.0/../../../../arm-elf/lib/thumb/interwork/libc.a(snprintf.o)
 .debug_abbrev  0x000002d5      0x193 /home/acer-b/Mrogram/atinom/TOOLCHAIN/bin/../lib/gcc/arm-elf/4.1.0/../../../../arm-elf/lib/thumb/interwork/libc.a(sprintf.o)
 .debug_abbrev  0x00000468      0x1c8 /home/acer-b/Mrogram/atinom/TOOLCHAIN/bin/../lib/gcc/arm-elf/4.1.0/../../../../arm-elf/lib/thumb/interwork/libc.a(sscanf.o)
 .debug_abbrev  0x00000630       0x87 /home/acer-b/Mrogram/atinom/TOOLCHAIN/bin/../lib/gcc/arm-elf/4.1.0/../../../../arm-elf/lib/thumb/interwork/libc.a(strcat.o)
 .debug_abbrev  0x000006b7       0x8f /home/acer-b/Mrogram/atinom/TOOLCHAIN/bin/../lib/gcc/arm-elf/4.1.0/../../../../arm-elf/lib/thumb/interwork/libc.a(strchr.o)
 .debug_abbrev  0x00000746       0x71 /home/acer-b/Mrogram/atinom/TOOLCHAIN/bin/../lib/gcc/arm-elf/4.1.0/../../../../arm-elf/lib/thumb/interwork/libc.a(strcmp.o)
 .debug_abbrev  0x000007b7       0x80 /home/acer-b/Mrogram/atinom/TOOLCHAIN/bin/../lib/gcc/arm-elf/4.1.0/../../../../arm-elf/lib/thumb/interwork/libc.a(strcpy.o)
 .debug_abbrev  0x00000837       0x8b /home/acer-b/Mrogram/atinom/TOOLCHAIN/bin/../lib/gcc/arm-elf/4.1.0/../../../../arm-elf/lib/thumb/interwork/libc.a(strlen.o)
 .debug_abbrev  0x000008c2       0x7e /home/acer-b/Mrogram/atinom/TOOLCHAIN/bin/../lib/gcc/arm-elf/4.1.0/../../../../arm-elf/lib/thumb/interwork/libc.a(strncmp.o)
 .debug_abbrev  0x00000940       0x8d /home/acer-b/Mrogram/atinom/TOOLCHAIN/bin/../lib/gcc/arm-elf/4.1.0/../../../../arm-elf/lib/thumb/interwork/libc.a(strncpy.o)
 .debug_abbrev  0x000009cd       0x6f /home/acer-b/Mrogram/atinom/TOOLCHAIN/bin/../lib/gcc/arm-elf/4.1.0/../../../../arm-elf/lib/thumb/interwork/libc.a(strrchr.o)
 .debug_abbrev  0x00000a3c      0x356 /home/acer-b/Mrogram/atinom/TOOLCHAIN/bin/../lib/gcc/arm-elf/4.1.0/../../../../arm-elf/lib/thumb/interwork/libc.a(vfprintf.o)
 .debug_abbrev  0x00000d92      0x26d /home/acer-b/Mrogram/atinom/TOOLCHAIN/bin/../lib/gcc/arm-elf/4.1.0/../../../../arm-elf/lib/thumb/interwork/libc.a(vfscanf.o)
 .debug_abbrev  0x00000fff      0x17f /home/acer-b/Mrogram/atinom/TOOLCHAIN/bin/../lib/gcc/arm-elf/4.1.0/../../../../arm-elf/lib/thumb/interwork/libc.a(vsprintf.o)
 .debug_abbrev  0x0000117e      0x18e /home/acer-b/Mrogram/atinom/TOOLCHAIN/bin/../lib/gcc/arm-elf/4.1.0/../../../../arm-elf/lib/thumb/interwork/libc.a(wcrtomb.o)
 .debug_abbrev  0x0000130c      0x1a4 /home/acer-b/Mrogram/atinom/TOOLCHAIN/bin/../lib/gcc/arm-elf/4.1.0/../../../../arm-elf/lib/thumb/interwork/libc.a(wcsrtombs.o)
 .debug_abbrev  0x000014b0      0x1ab /home/acer-b/Mrogram/atinom/TOOLCHAIN/bin/../lib/gcc/arm-elf/4.1.0/../../../../arm-elf/lib/thumb/interwork/libc.a(wctomb_r.o)
 .debug_abbrev  0x0000165b      0x170 /home/acer-b/Mrogram/atinom/TOOLCHAIN/bin/../lib/gcc/arm-elf/4.1.0/../../../../arm-elf/lib/thumb/interwork/libc.a(wsetup.o)
 .debug_abbrev  0x000017cb       0x52 /home/acer-b/Mrogram/atinom/TOOLCHAIN/bin/../lib/gcc/arm-elf/4.1.0/../../../../arm-elf/lib/thumb/interwork/libc.a(ctype_.o)
 .debug_abbrev  0x0000181d      0x214 /home/acer-b/Mrogram/atinom/TOOLCHAIN/bin/../lib/gcc/arm-elf/4.1.0/../../../../arm-elf/lib/thumb/interwork/libc.a(dtoa.o)
 .debug_abbrev  0x00001a31      0x17f /home/acer-b/Mrogram/atinom/TOOLCHAIN/bin/../lib/gcc/arm-elf/4.1.0/../../../../arm-elf/lib/thumb/interwork/libc.a(fflush.o)
 .debug_abbrev  0x00001bb0      0x24a /home/acer-b/Mrogram/atinom/TOOLCHAIN/bin/../lib/gcc/arm-elf/4.1.0/../../../../arm-elf/lib/thumb/interwork/libc.a(findfp.o)
 .debug_abbrev  0x00001dfa      0x1c7 /home/acer-b/Mrogram/atinom/TOOLCHAIN/bin/../lib/gcc/arm-elf/4.1.0/../../../../arm-elf/lib/thumb/interwork/libc.a(fread.o)
 .debug_abbrev  0x00001fc1      0x1d9 /home/acer-b/Mrogram/atinom/TOOLCHAIN/bin/../lib/gcc/arm-elf/4.1.0/../../../../arm-elf/lib/thumb/interwork/libc.a(freer.o)
 .debug_abbrev  0x0000219a      0x1b4 /home/acer-b/Mrogram/atinom/TOOLCHAIN/bin/../lib/gcc/arm-elf/4.1.0/../../../../arm-elf/lib/thumb/interwork/libc.a(fvwrite.o)
 .debug_abbrev  0x0000234e      0x1e3 /home/acer-b/Mrogram/atinom/TOOLCHAIN/bin/../lib/gcc/arm-elf/4.1.0/../../../../arm-elf/lib/thumb/interwork/libc.a(fwalk.o)
 .debug_abbrev  0x00002531      0x157 /home/acer-b/Mrogram/atinom/TOOLCHAIN/bin/../lib/gcc/arm-elf/4.1.0/../../../../arm-elf/lib/thumb/interwork/libc.a(impure.o)
 .debug_abbrev  0x00002688       0x9f /home/acer-b/Mrogram/atinom/TOOLCHAIN/bin/../lib/gcc/arm-elf/4.1.0/../../../../arm-elf/lib/thumb/interwork/libc.a(iswspace.o)
 .debug_abbrev  0x00002727      0x20e /home/acer-b/Mrogram/atinom/TOOLCHAIN/bin/../lib/gcc/arm-elf/4.1.0/../../../../arm-elf/lib/thumb/interwork/libc.a(locale.o)
 .debug_abbrev  0x00002935      0x1a8 /home/acer-b/Mrogram/atinom/TOOLCHAIN/bin/../lib/gcc/arm-elf/4.1.0/../../../../arm-elf/lib/thumb/interwork/libc.a(makebuf.o)
 .debug_abbrev  0x00002add      0x216 /home/acer-b/Mrogram/atinom/TOOLCHAIN/bin/../lib/gcc/arm-elf/4.1.0/../../../../arm-elf/lib/thumb/interwork/libc.a(mallocr.o)
 .debug_abbrev  0x00002cf3      0x17f /home/acer-b/Mrogram/atinom/TOOLCHAIN/bin/../lib/gcc/arm-elf/4.1.0/../../../../arm-elf/lib/thumb/interwork/libc.a(mbrtowc.o)
 .debug_abbrev  0x00002e72      0x199 /home/acer-b/Mrogram/atinom/TOOLCHAIN/bin/../lib/gcc/arm-elf/4.1.0/../../../../arm-elf/lib/thumb/interwork/libc.a(mbtowc_r.o)
 .debug_abbrev  0x0000300b       0xb5 /home/acer-b/Mrogram/atinom/TOOLCHAIN/bin/../lib/gcc/arm-elf/4.1.0/../../../../arm-elf/lib/thumb/interwork/libc.a(memchr.o)
 .debug_abbrev  0x000030c0       0x99 /home/acer-b/Mrogram/atinom/TOOLCHAIN/bin/../lib/gcc/arm-elf/4.1.0/../../../../arm-elf/lib/thumb/interwork/libc.a(memmove.o)
 .debug_abbrev  0x00003159      0x16a /home/acer-b/Mrogram/atinom/TOOLCHAIN/bin/../lib/gcc/arm-elf/4.1.0/../../../../arm-elf/lib/thumb/interwork/libc.a(mlock.o)
 .debug_abbrev  0x000032c3      0x262 /home/acer-b/Mrogram/atinom/TOOLCHAIN/bin/../lib/gcc/arm-elf/4.1.0/../../../../arm-elf/lib/thumb/interwork/libc.a(mprec.o)
 .debug_abbrev  0x00003525      0x1c3 /home/acer-b/Mrogram/atinom/TOOLCHAIN/bin/../lib/gcc/arm-elf/4.1.0/../../../../arm-elf/lib/thumb/interwork/libc.a(reallocr.o)
 .debug_abbrev  0x000036e8      0x187 /home/acer-b/Mrogram/atinom/TOOLCHAIN/bin/../lib/gcc/arm-elf/4.1.0/../../../../arm-elf/lib/thumb/interwork/libc.a(refill.o)
 .debug_abbrev  0x0000386f       0x79 /home/acer-b/Mrogram/atinom/TOOLCHAIN/bin/../lib/gcc/arm-elf/4.1.0/../../../../arm-elf/lib/thumb/interwork/libc.a(s_isinf.o)
 .debug_abbrev  0x000038e8       0x79 /home/acer-b/Mrogram/atinom/TOOLCHAIN/bin/../lib/gcc/arm-elf/4.1.0/../../../../arm-elf/lib/thumb/interwork/libc.a(s_isnan.o)
 .debug_abbrev  0x00003961       0x84 /home/acer-b/Mrogram/atinom/TOOLCHAIN/bin/../lib/gcc/arm-elf/4.1.0/../../../../arm-elf/lib/thumb/interwork/libc.a(sccl.o)
 .debug_abbrev  0x000039e5       0x6d /home/acer-b/Mrogram/atinom/TOOLCHAIN/bin/../lib/gcc/arm-elf/4.1.0/../../../../arm-elf/lib/thumb/interwork/libc.a(sf_nan.o)
 .debug_abbrev  0x00003a52      0x1aa /home/acer-b/Mrogram/atinom/TOOLCHAIN/bin/../lib/gcc/arm-elf/4.1.0/../../../../arm-elf/lib/thumb/interwork/libc.a(stdio.o)
 .debug_abbrev  0x00003bfc      0x21a /home/acer-b/Mrogram/atinom/TOOLCHAIN/bin/../lib/gcc/arm-elf/4.1.0/../../../../arm-elf/lib/thumb/interwork/libc.a(strtod.o)
 .debug_abbrev  0x00003e16      0x1ae /home/acer-b/Mrogram/atinom/TOOLCHAIN/bin/../lib/gcc/arm-elf/4.1.0/../../../../arm-elf/lib/thumb/interwork/libc.a(strtol.o)
 .debug_abbrev  0x00003fc4      0x1ac /home/acer-b/Mrogram/atinom/TOOLCHAIN/bin/../lib/gcc/arm-elf/4.1.0/../../../../arm-elf/lib/thumb/interwork/libc.a(strtoul.o)
 .debug_abbrev  0x00004170      0x3e4 /home/acer-b/Mrogram/atinom/TOOLCHAIN/bin/../lib/gcc/arm-elf/4.1.0/../../../../arm-elf/lib/thumb/interwork/libc.a(syscalls.o)
 .debug_abbrev  0x00004554      0x18e /home/acer-b/Mrogram/atinom/TOOLCHAIN/bin/../lib/gcc/arm-elf/4.1.0/../../../../arm-elf/lib/thumb/interwork/libc.a(ungetc.o)
 .debug_abbrev  0x000046e2      0x1af /home/acer-b/Mrogram/atinom/TOOLCHAIN/bin/../lib/gcc/arm-elf/4.1.0/../../../../arm-elf/lib/thumb/interwork/libc.a(callocr.o)
 .debug_abbrev  0x00004891      0x15f /home/acer-b/Mrogram/atinom/TOOLCHAIN/bin/../lib/gcc/arm-elf/4.1.0/../../../../arm-elf/lib/thumb/interwork/libc.a(errno.o)
 .debug_abbrev  0x000049f0      0x18e /home/acer-b/Mrogram/atinom/TOOLCHAIN/bin/../lib/gcc/arm-elf/4.1.0/../../../../arm-elf/lib/thumb/interwork/libc.a(fclose.o)
 .debug_abbrev  0x00004b7e       0xd5 /home/acer-b/Mrogram/atinom/TOOLCHAIN/bin/../lib/gcc/arm-elf/4.1.0/../../../../arm-elf/lib/thumb/interwork/libc.a(s_nan.o)
 .debug_abbrev  0x00004c53       0x14 /home/acer-b/Mrogram/atinom/TOOLCHAIN/bin/../lib/gcc/arm-elf/4.1.0/thumb/interwork/libgcc.a(_udivsi3.o)
 .debug_abbrev  0x00004c67       0x14 /home/acer-b/Mrogram/atinom/TOOLCHAIN/bin/../lib/gcc/arm-elf/4.1.0/thumb/interwork/libgcc.a(_divsi3.o)
 .debug_abbrev  0x00004c7b       0x14 /home/acer-b/Mrogram/atinom/TOOLCHAIN/bin/../lib/gcc/arm-elf/4.1.0/thumb/interwork/libgcc.a(_umodsi3.o)
 .debug_abbrev  0x00004c8f       0x14 /home/acer-b/Mrogram/atinom/TOOLCHAIN/bin/../lib/gcc/arm-elf/4.1.0/thumb/interwork/libgcc.a(_modsi3.o)
 .debug_abbrev  0x00004ca3       0x14 /home/acer-b/Mrogram/atinom/TOOLCHAIN/bin/../lib/gcc/arm-elf/4.1.0/thumb/interwork/libgcc.a(_dvmd_tls.o)
 .debug_abbrev  0x00004cb7      0x1a8 /home/acer-b/Mrogram/atinom/TOOLCHAIN/bin/../lib/gcc/arm-elf/4.1.0/thumb/interwork/libgcc.a(_addsub_sf.o)
 .debug_abbrev  0x00004e5f      0x1e7 /home/acer-b/Mrogram/atinom/TOOLCHAIN/bin/../lib/gcc/arm-elf/4.1.0/thumb/interwork/libgcc.a(_mul_sf.o)
 .debug_abbrev  0x00005046      0x1d9 /home/acer-b/Mrogram/atinom/TOOLCHAIN/bin/../lib/gcc/arm-elf/4.1.0/thumb/interwork/libgcc.a(_div_sf.o)
 .debug_abbrev  0x0000521f       0xf1 /home/acer-b/Mrogram/atinom/TOOLCHAIN/bin/../lib/gcc/arm-elf/4.1.0/thumb/interwork/libgcc.a(_si_to_sf.o)
 .debug_abbrev  0x00005310      0x128 /home/acer-b/Mrogram/atinom/TOOLCHAIN/bin/../lib/gcc/arm-elf/4.1.0/thumb/interwork/libgcc.a(_sf_to_df.o)
 .debug_abbrev  0x00005438       0xba /home/acer-b/Mrogram/atinom/TOOLCHAIN/bin/../lib/gcc/arm-elf/4.1.0/thumb/interwork/libgcc.a(_thenan_sf.o)
 .debug_abbrev  0x000054f2      0x1a8 /home/acer-b/Mrogram/atinom/TOOLCHAIN/bin/../lib/gcc/arm-elf/4.1.0/thumb/interwork/libgcc.a(_addsub_df.o)
 .debug_abbrev  0x0000569a      0x1e7 /home/acer-b/Mrogram/atinom/TOOLCHAIN/bin/../lib/gcc/arm-elf/4.1.0/thumb/interwork/libgcc.a(_mul_df.o)
 .debug_abbrev  0x00005881      0x1d9 /home/acer-b/Mrogram/atinom/TOOLCHAIN/bin/../lib/gcc/arm-elf/4.1.0/thumb/interwork/libgcc.a(_div_df.o)
 .debug_abbrev  0x00005a5a      0x157 /home/acer-b/Mrogram/atinom/TOOLCHAIN/bin/../lib/gcc/arm-elf/4.1.0/thumb/interwork/libgcc.a(_eq_df.o)
 .debug_abbrev  0x00005bb1      0x157 /home/acer-b/Mrogram/atinom/TOOLCHAIN/bin/../lib/gcc/arm-elf/4.1.0/thumb/interwork/libgcc.a(_ne_df.o)
 .debug_abbrev  0x00005d08      0x157 /home/acer-b/Mrogram/atinom/TOOLCHAIN/bin/../lib/gcc/arm-elf/4.1.0/thumb/interwork/libgcc.a(_gt_df.o)
 .debug_abbrev  0x00005e5f      0x157 /home/acer-b/Mrogram/atinom/TOOLCHAIN/bin/../lib/gcc/arm-elf/4.1.0/thumb/interwork/libgcc.a(_ge_df.o)
 .debug_abbrev  0x00005fb6      0x157 /home/acer-b/Mrogram/atinom/TOOLCHAIN/bin/../lib/gcc/arm-elf/4.1.0/thumb/interwork/libgcc.a(_lt_df.o)
 .debug_abbrev  0x0000610d      0x157 /home/acer-b/Mrogram/atinom/TOOLCHAIN/bin/../lib/gcc/arm-elf/4.1.0/thumb/interwork/libgcc.a(_le_df.o)
 .debug_abbrev  0x00006264       0xf1 /home/acer-b/Mrogram/atinom/TOOLCHAIN/bin/../lib/gcc/arm-elf/4.1.0/thumb/interwork/libgcc.a(_si_to_df.o)
 .debug_abbrev  0x00006355      0x166 /home/acer-b/Mrogram/atinom/TOOLCHAIN/bin/../lib/gcc/arm-elf/4.1.0/thumb/interwork/libgcc.a(_df_to_si.o)
 .debug_abbrev  0x000064bb      0x10f /home/acer-b/Mrogram/atinom/TOOLCHAIN/bin/../lib/gcc/arm-elf/4.1.0/thumb/interwork/libgcc.a(_make_df.o)
 .debug_abbrev  0x000065ca      0x137 /home/acer-b/Mrogram/atinom/TOOLCHAIN/bin/../lib/gcc/arm-elf/4.1.0/thumb/interwork/libgcc.a(_df_to_sf.o)
 .debug_abbrev  0x00006701       0xba /home/acer-b/Mrogram/atinom/TOOLCHAIN/bin/../lib/gcc/arm-elf/4.1.0/thumb/interwork/libgcc.a(_thenan_df.o)
 .debug_abbrev  0x000067bb       0xec /home/acer-b/Mrogram/atinom/TOOLCHAIN/bin/../lib/gcc/arm-elf/4.1.0/thumb/interwork/libgcc.a(_muldi3.o)
 .debug_abbrev  0x000068a7      0x17a /home/acer-b/Mrogram/atinom/TOOLCHAIN/bin/../lib/gcc/arm-elf/4.1.0/thumb/interwork/libgcc.a(_pack_sf.o)
 .debug_abbrev  0x00006a21      0x158 /home/acer-b/Mrogram/atinom/TOOLCHAIN/bin/../lib/gcc/arm-elf/4.1.0/thumb/interwork/libgcc.a(_unpack_sf.o)
 .debug_abbrev  0x00006b79      0x100 /home/acer-b/Mrogram/atinom/TOOLCHAIN/bin/../lib/gcc/arm-elf/4.1.0/thumb/interwork/libgcc.a(_make_sf.o)
 .debug_abbrev  0x00006c79      0x192 /home/acer-b/Mrogram/atinom/TOOLCHAIN/bin/../lib/gcc/arm-elf/4.1.0/thumb/interwork/libgcc.a(_pack_df.o)
 .debug_abbrev  0x00006e0b      0x149 /home/acer-b/Mrogram/atinom/TOOLCHAIN/bin/../lib/gcc/arm-elf/4.1.0/thumb/interwork/libgcc.a(_unpack_df.o)
 .debug_abbrev  0x00006f54      0x111 /home/acer-b/Mrogram/atinom/TOOLCHAIN/bin/../lib/gcc/arm-elf/4.1.0/thumb/interwork/libgcc.a(_fpcmp_parts_df.o)

.debug_info     0x00000000    0x1f37b
 .debug_info    0x00000000      0x10e /home/acer-b/Mrogram/atinom/TOOLCHAIN/bin/../lib/gcc/arm-elf/4.1.0/../../../../arm-elf/lib/thumb/interwork/libc.a(memcpy.o)
 .debug_info    0x0000010e      0x112 /home/acer-b/Mrogram/atinom/TOOLCHAIN/bin/../lib/gcc/arm-elf/4.1.0/../../../../arm-elf/lib/thumb/interwork/libc.a(memset.o)
 .debug_info    0x00000220      0xa22 /home/acer-b/Mrogram/atinom/TOOLCHAIN/bin/../lib/gcc/arm-elf/4.1.0/../../../../arm-elf/lib/thumb/interwork/libc.a(snprintf.o)
 .debug_info    0x00000c42      0xa02 /home/acer-b/Mrogram/atinom/TOOLCHAIN/bin/../lib/gcc/arm-elf/4.1.0/../../../../arm-elf/lib/thumb/interwork/libc.a(sprintf.o)
 .debug_info    0x00001644      0xa4c /home/acer-b/Mrogram/atinom/TOOLCHAIN/bin/../lib/gcc/arm-elf/4.1.0/../../../../arm-elf/lib/thumb/interwork/libc.a(sscanf.o)
 .debug_info    0x00002090       0xe6 /home/acer-b/Mrogram/atinom/TOOLCHAIN/bin/../lib/gcc/arm-elf/4.1.0/../../../../arm-elf/lib/thumb/interwork/libc.a(strcat.o)
 .debug_info    0x00002176      0x111 /home/acer-b/Mrogram/atinom/TOOLCHAIN/bin/../lib/gcc/arm-elf/4.1.0/../../../../arm-elf/lib/thumb/interwork/libc.a(strchr.o)
 .debug_info    0x00002287       0xda /home/acer-b/Mrogram/atinom/TOOLCHAIN/bin/../lib/gcc/arm-elf/4.1.0/../../../../arm-elf/lib/thumb/interwork/libc.a(strcmp.o)
 .debug_info    0x00002361      0x10d /home/acer-b/Mrogram/atinom/TOOLCHAIN/bin/../lib/gcc/arm-elf/4.1.0/../../../../arm-elf/lib/thumb/interwork/libc.a(strcpy.o)
 .debug_info    0x0000246e       0xd6 /home/acer-b/Mrogram/atinom/TOOLCHAIN/bin/../lib/gcc/arm-elf/4.1.0/../../../../arm-elf/lib/thumb/interwork/libc.a(strlen.o)
 .debug_info    0x00002544       0xf2 /home/acer-b/Mrogram/atinom/TOOLCHAIN/bin/../lib/gcc/arm-elf/4.1.0/../../../../arm-elf/lib/thumb/interwork/libc.a(strncmp.o)
 .debug_info    0x00002636      0x127 /home/acer-b/Mrogram/atinom/TOOLCHAIN/bin/../lib/gcc/arm-elf/4.1.0/../../../../arm-elf/lib/thumb/interwork/libc.a(strncpy.o)
 .debug_info    0x0000275d       0xc7 /home/acer-b/Mrogram/atinom/TOOLCHAIN/bin/../lib/gcc/arm-elf/4.1.0/../../../../arm-elf/lib/thumb/interwork/libc.a(strrchr.o)
 .debug_info    0x00002824     0x10eb /home/acer-b/Mrogram/atinom/TOOLCHAIN/bin/../lib/gcc/arm-elf/4.1.0/../../../../arm-elf/lib/thumb/interwork/libc.a(vfprintf.o)
 .debug_info    0x0000390f      0xe13 /home/acer-b/Mrogram/atinom/TOOLCHAIN/bin/../lib/gcc/arm-elf/4.1.0/../../../../arm-elf/lib/thumb/interwork/libc.a(vfscanf.o)
 .debug_info    0x00004722      0x9f7 /home/acer-b/Mrogram/atinom/TOOLCHAIN/bin/../lib/gcc/arm-elf/4.1.0/../../../../arm-elf/lib/thumb/interwork/libc.a(vsprintf.o)
 .debug_info    0x00005119      0x9ef /home/acer-b/Mrogram/atinom/TOOLCHAIN/bin/../lib/gcc/arm-elf/4.1.0/../../../../arm-elf/lib/thumb/interwork/libc.a(wcrtomb.o)
 .debug_info    0x00005b08      0xa84 /home/acer-b/Mrogram/atinom/TOOLCHAIN/bin/../lib/gcc/arm-elf/4.1.0/../../../../arm-elf/lib/thumb/interwork/libc.a(wcsrtombs.o)
 .debug_info    0x0000658c      0x9f7 /home/acer-b/Mrogram/atinom/TOOLCHAIN/bin/../lib/gcc/arm-elf/4.1.0/../../../../arm-elf/lib/thumb/interwork/libc.a(wctomb_r.o)
 .debug_info    0x00006f83      0x93a /home/acer-b/Mrogram/atinom/TOOLCHAIN/bin/../lib/gcc/arm-elf/4.1.0/../../../../arm-elf/lib/thumb/interwork/libc.a(wsetup.o)
 .debug_info    0x000078bd       0x79 /home/acer-b/Mrogram/atinom/TOOLCHAIN/bin/../lib/gcc/arm-elf/4.1.0/../../../../arm-elf/lib/thumb/interwork/libc.a(ctype_.o)
 .debug_info    0x00007936      0xd65 /home/acer-b/Mrogram/atinom/TOOLCHAIN/bin/../lib/gcc/arm-elf/4.1.0/../../../../arm-elf/lib/thumb/interwork/libc.a(dtoa.o)
 .debug_info    0x0000869b      0x974 /home/acer-b/Mrogram/atinom/TOOLCHAIN/bin/../lib/gcc/arm-elf/4.1.0/../../../../arm-elf/lib/thumb/interwork/libc.a(fflush.o)
 .debug_info    0x0000900f      0xb67 /home/acer-b/Mrogram/atinom/TOOLCHAIN/bin/../lib/gcc/arm-elf/4.1.0/../../../../arm-elf/lib/thumb/interwork/libc.a(findfp.o)
 .debug_info    0x00009b76      0x9fc /home/acer-b/Mrogram/atinom/TOOLCHAIN/bin/../lib/gcc/arm-elf/4.1.0/../../../../arm-elf/lib/thumb/interwork/libc.a(fread.o)
 .debug_info    0x0000a572      0xbb5 /home/acer-b/Mrogram/atinom/TOOLCHAIN/bin/../lib/gcc/arm-elf/4.1.0/../../../../arm-elf/lib/thumb/interwork/libc.a(freer.o)
 .debug_info    0x0000b127      0xa5f /home/acer-b/Mrogram/atinom/TOOLCHAIN/bin/../lib/gcc/arm-elf/4.1.0/../../../../arm-elf/lib/thumb/interwork/libc.a(fvwrite.o)
 .debug_info    0x0000bb86      0xad9 /home/acer-b/Mrogram/atinom/TOOLCHAIN/bin/../lib/gcc/arm-elf/4.1.0/../../../../arm-elf/lib/thumb/interwork/libc.a(fwalk.o)
 .debug_info    0x0000c65f      0x922 /home/acer-b/Mrogram/atinom/TOOLCHAIN/bin/../lib/gcc/arm-elf/4.1.0/../../../../arm-elf/lib/thumb/interwork/libc.a(impure.o)
 .debug_info    0x0000cf81       0xe8 /home/acer-b/Mrogram/atinom/TOOLCHAIN/bin/../lib/gcc/arm-elf/4.1.0/../../../../arm-elf/lib/thumb/interwork/libc.a(iswspace.o)
 .debug_info    0x0000d069      0xb82 /home/acer-b/Mrogram/atinom/TOOLCHAIN/bin/../lib/gcc/arm-elf/4.1.0/../../../../arm-elf/lib/thumb/interwork/libc.a(locale.o)
 .debug_info    0x0000dbeb      0xad9 /home/acer-b/Mrogram/atinom/TOOLCHAIN/bin/../lib/gcc/arm-elf/4.1.0/../../../../arm-elf/lib/thumb/interwork/libc.a(makebuf.o)
 .debug_info    0x0000e6c4      0xcbc /home/acer-b/Mrogram/atinom/TOOLCHAIN/bin/../lib/gcc/arm-elf/4.1.0/../../../../arm-elf/lib/thumb/interwork/libc.a(mallocr.o)
 .debug_info    0x0000f380      0x9f3 /home/acer-b/Mrogram/atinom/TOOLCHAIN/bin/../lib/gcc/arm-elf/4.1.0/../../../../arm-elf/lib/thumb/interwork/libc.a(mbrtowc.o)
 .debug_info    0x0000fd73      0x98d /home/acer-b/Mrogram/atinom/TOOLCHAIN/bin/../lib/gcc/arm-elf/4.1.0/../../../../arm-elf/lib/thumb/interwork/libc.a(mbtowc_r.o)
 .debug_info    0x00010700      0x133 /home/acer-b/Mrogram/atinom/TOOLCHAIN/bin/../lib/gcc/arm-elf/4.1.0/../../../../arm-elf/lib/thumb/interwork/libc.a(memchr.o)
 .debug_info    0x00010833      0x13f /home/acer-b/Mrogram/atinom/TOOLCHAIN/bin/../lib/gcc/arm-elf/4.1.0/../../../../arm-elf/lib/thumb/interwork/libc.a(memmove.o)
 .debug_info    0x00010972      0x93c /home/acer-b/Mrogram/atinom/TOOLCHAIN/bin/../lib/gcc/arm-elf/4.1.0/../../../../arm-elf/lib/thumb/interwork/libc.a(mlock.o)
 .debug_info    0x000112ae     0x1336 /home/acer-b/Mrogram/atinom/TOOLCHAIN/bin/../lib/gcc/arm-elf/4.1.0/../../../../arm-elf/lib/thumb/interwork/libc.a(mprec.o)
 .debug_info    0x000125e4      0xbc7 /home/acer-b/Mrogram/atinom/TOOLCHAIN/bin/../lib/gcc/arm-elf/4.1.0/../../../../arm-elf/lib/thumb/interwork/libc.a(reallocr.o)
 .debug_info    0x000131ab      0x978 /home/acer-b/Mrogram/atinom/TOOLCHAIN/bin/../lib/gcc/arm-elf/4.1.0/../../../../arm-elf/lib/thumb/interwork/libc.a(refill.o)
 .debug_info    0x00013b23       0xd7 /home/acer-b/Mrogram/atinom/TOOLCHAIN/bin/../lib/gcc/arm-elf/4.1.0/../../../../arm-elf/lib/thumb/interwork/libc.a(s_isinf.o)
 .debug_info    0x00013bfa       0xd5 /home/acer-b/Mrogram/atinom/TOOLCHAIN/bin/../lib/gcc/arm-elf/4.1.0/../../../../arm-elf/lib/thumb/interwork/libc.a(s_isnan.o)
 .debug_info    0x00013ccf       0xff /home/acer-b/Mrogram/atinom/TOOLCHAIN/bin/../lib/gcc/arm-elf/4.1.0/../../../../arm-elf/lib/thumb/interwork/libc.a(sccl.o)
 .debug_info    0x00013dce       0xca /home/acer-b/Mrogram/atinom/TOOLCHAIN/bin/../lib/gcc/arm-elf/4.1.0/../../../../arm-elf/lib/thumb/interwork/libc.a(sf_nan.o)
 .debug_info    0x00013e98      0xa74 /home/acer-b/Mrogram/atinom/TOOLCHAIN/bin/../lib/gcc/arm-elf/4.1.0/../../../../arm-elf/lib/thumb/interwork/libc.a(stdio.o)
 .debug_info    0x0001490c      0xd28 /home/acer-b/Mrogram/atinom/TOOLCHAIN/bin/../lib/gcc/arm-elf/4.1.0/../../../../arm-elf/lib/thumb/interwork/libc.a(strtod.o)
 .debug_info    0x00015634      0xa11 /home/acer-b/Mrogram/atinom/TOOLCHAIN/bin/../lib/gcc/arm-elf/4.1.0/../../../../arm-elf/lib/thumb/interwork/libc.a(strtol.o)
 .debug_info    0x00016045      0xa09 /home/acer-b/Mrogram/atinom/TOOLCHAIN/bin/../lib/gcc/arm-elf/4.1.0/../../../../arm-elf/lib/thumb/interwork/libc.a(strtoul.o)
 .debug_info    0x00016a4e     0x15d2 /home/acer-b/Mrogram/atinom/TOOLCHAIN/bin/../lib/gcc/arm-elf/4.1.0/../../../../arm-elf/lib/thumb/interwork/libc.a(syscalls.o)
 .debug_info    0x00018020      0x9e4 /home/acer-b/Mrogram/atinom/TOOLCHAIN/bin/../lib/gcc/arm-elf/4.1.0/../../../../arm-elf/lib/thumb/interwork/libc.a(ungetc.o)
 .debug_info    0x00018a04      0xa03 /home/acer-b/Mrogram/atinom/TOOLCHAIN/bin/../lib/gcc/arm-elf/4.1.0/../../../../arm-elf/lib/thumb/interwork/libc.a(callocr.o)
 .debug_info    0x00019407      0x913 /home/acer-b/Mrogram/atinom/TOOLCHAIN/bin/../lib/gcc/arm-elf/4.1.0/../../../../arm-elf/lib/thumb/interwork/libc.a(errno.o)
 .debug_info    0x00019d1a      0x982 /home/acer-b/Mrogram/atinom/TOOLCHAIN/bin/../lib/gcc/arm-elf/4.1.0/../../../../arm-elf/lib/thumb/interwork/libc.a(fclose.o)
 .debug_info    0x0001a69c      0x146 /home/acer-b/Mrogram/atinom/TOOLCHAIN/bin/../lib/gcc/arm-elf/4.1.0/../../../../arm-elf/lib/thumb/interwork/libc.a(s_nan.o)
 .debug_info    0x0001a7e2       0x88 /home/acer-b/Mrogram/atinom/TOOLCHAIN/bin/../lib/gcc/arm-elf/4.1.0/thumb/interwork/libgcc.a(_udivsi3.o)
 .debug_info    0x0001a86a       0x88 /home/acer-b/Mrogram/atinom/TOOLCHAIN/bin/../lib/gcc/arm-elf/4.1.0/thumb/interwork/libgcc.a(_divsi3.o)
 .debug_info    0x0001a8f2       0x88 /home/acer-b/Mrogram/atinom/TOOLCHAIN/bin/../lib/gcc/arm-elf/4.1.0/thumb/interwork/libgcc.a(_umodsi3.o)
 .debug_info    0x0001a97a       0x88 /home/acer-b/Mrogram/atinom/TOOLCHAIN/bin/../lib/gcc/arm-elf/4.1.0/thumb/interwork/libgcc.a(_modsi3.o)
 .debug_info    0x0001aa02       0x88 /home/acer-b/Mrogram/atinom/TOOLCHAIN/bin/../lib/gcc/arm-elf/4.1.0/thumb/interwork/libgcc.a(_dvmd_tls.o)
 .debug_info    0x0001aa8a      0x46f /home/acer-b/Mrogram/atinom/TOOLCHAIN/bin/../lib/gcc/arm-elf/4.1.0/thumb/interwork/libgcc.a(_addsub_sf.o)
 .debug_info    0x0001aef9      0x3bf /home/acer-b/Mrogram/atinom/TOOLCHAIN/bin/../lib/gcc/arm-elf/4.1.0/thumb/interwork/libgcc.a(_mul_sf.o)
 .debug_info    0x0001b2b8      0x3a0 /home/acer-b/Mrogram/atinom/TOOLCHAIN/bin/../lib/gcc/arm-elf/4.1.0/thumb/interwork/libgcc.a(_div_sf.o)
 .debug_info    0x0001b658      0x1bd /home/acer-b/Mrogram/atinom/TOOLCHAIN/bin/../lib/gcc/arm-elf/4.1.0/thumb/interwork/libgcc.a(_si_to_sf.o)
 .debug_info    0x0001b815      0x245 /home/acer-b/Mrogram/atinom/TOOLCHAIN/bin/../lib/gcc/arm-elf/4.1.0/thumb/interwork/libgcc.a(_sf_to_df.o)
 .debug_info    0x0001ba5a      0x164 /home/acer-b/Mrogram/atinom/TOOLCHAIN/bin/../lib/gcc/arm-elf/4.1.0/thumb/interwork/libgcc.a(_thenan_sf.o)
 .debug_info    0x0001bbbe      0x47d /home/acer-b/Mrogram/atinom/TOOLCHAIN/bin/../lib/gcc/arm-elf/4.1.0/thumb/interwork/libgcc.a(_addsub_df.o)
 .debug_info    0x0001c03b      0x473 /home/acer-b/Mrogram/atinom/TOOLCHAIN/bin/../lib/gcc/arm-elf/4.1.0/thumb/interwork/libgcc.a(_mul_df.o)
 .debug_info    0x0001c4ae      0x3ad /home/acer-b/Mrogram/atinom/TOOLCHAIN/bin/../lib/gcc/arm-elf/4.1.0/thumb/interwork/libgcc.a(_div_df.o)