Archive member included because of file (symbol)

/home/acer-b/Mrogram/atinom/TOOLCHAIN/bin/../lib/gcc/arm-elf/4.1.0/../../../../arm-elf/lib/thumb/interwork/libc.a(memcpy.o)
                              ../FreeRTOS_Source/queue.o (memcpy)
/home/acer-b/Mrogram/atinom/TOOLCHAIN/bin/../lib/gcc/arm-elf/4.1.0/../../../../arm-elf/lib/thumb/interwork/libc.a(memset.o)
                              ../FreeRTOS_Source/tasks.o (memset)
/home/acer-b/Mrogram/atinom/TOOLCHAIN/bin/../lib/gcc/arm-elf/4.1.0/../../../../arm-elf/lib/thumb/interwork/libc.a(snprintf.o)
                              ../webserver/httpd-cgi.o (snprintf)
/home/acer-b/Mrogram/atinom/TOOLCHAIN/bin/../lib/gcc/arm-elf/4.1.0/../../../../arm-elf/lib/thumb/interwork/libc.a(sprintf.o)
                              ../monita/monita_uip.o (sprintf)
/home/acer-b/Mrogram/atinom/TOOLCHAIN/bin/../lib/gcc/arm-elf/4.1.0/../../../../arm-elf/lib/thumb/interwork/libc.a(sscanf.o)
                              ../tinysh/shell.o (sscanf)
/home/acer-b/Mrogram/atinom/TOOLCHAIN/bin/../lib/gcc/arm-elf/4.1.0/../../../../arm-elf/lib/thumb/interwork/libc.a(strcat.o)
                              ../webserver/httpd.o (strcat)
/home/acer-b/Mrogram/atinom/TOOLCHAIN/bin/../lib/gcc/arm-elf/4.1.0/../../../../arm-elf/lib/thumb/interwork/libc.a(strchr.o)
                              ../webserver/httpd.o (strchr)
/home/acer-b/Mrogram/atinom/TOOLCHAIN/bin/../lib/gcc/arm-elf/4.1.0/../../../../arm-elf/lib/thumb/interwork/libc.a(strcmp.o)
                              ../tinysh/shell.o (strcmp)
/home/acer-b/Mrogram/atinom/TOOLCHAIN/bin/../lib/gcc/arm-elf/4.1.0/../../../../arm-elf/lib/thumb/interwork/libc.a(strcpy.o)
                              ../tinysh/shell.o (strcpy)
/home/acer-b/Mrogram/atinom/TOOLCHAIN/bin/../lib/gcc/arm-elf/4.1.0/../../../../arm-elf/lib/thumb/interwork/libc.a(strlen.o)
                              ../tinysh/shell.o (strlen)
/home/acer-b/Mrogram/atinom/TOOLCHAIN/bin/../lib/gcc/arm-elf/4.1.0/../../../../arm-elf/lib/thumb/interwork/libc.a(strncmp.o)
                              ../monita/monita_uip.o (strncmp)
/home/acer-b/Mrogram/atinom/TOOLCHAIN/bin/../lib/gcc/arm-elf/4.1.0/../../../../arm-elf/lib/thumb/interwork/libc.a(strncpy.o)
                              ../FreeRTOS_Source/tasks.o (strncpy)
/home/acer-b/Mrogram/atinom/TOOLCHAIN/bin/../lib/gcc/arm-elf/4.1.0/../../../../arm-elf/lib/thumb/interwork/libc.a(strrchr.o)
                              ../webserver/httpd.o (strrchr)
/home/acer-b/Mrogram/atinom/TOOLCHAIN/bin/../lib/gcc/arm-elf/4.1.0/../../../../arm-elf/lib/thumb/interwork/libc.a(vfprintf.o)
                              /home/acer-b/Mrogram/atinom/TOOLCHAIN/bin/../lib/gcc/arm-elf/4.1.0/../../../../arm-elf/lib/thumb/interwork/libc.a(snprintf.o) (_vfprintf_r)
/home/acer-b/Mrogram/atinom/TOOLCHAIN/bin/../lib/gcc/arm-elf/4.1.0/../../../../arm-elf/lib/thumb/interwork/libc.a(vfscanf.o)
                              /home/acer-b/Mrogram/atinom/TOOLCHAIN/bin/../lib/gcc/arm-elf/4.1.0/../../../../arm-elf/lib/thumb/interwork/libc.a(sscanf.o) (__svfscanf_r)
/home/acer-b/Mrogram/atinom/TOOLCHAIN/bin/../lib/gcc/arm-elf/4.1.0/../../../../arm-elf/lib/thumb/interwork/libc.a(vsprintf.o)
                              ../serial/serial.o (vsprintf)
/home/acer-b/Mrogram/atinom/TOOLCHAIN/bin/../lib/gcc/arm-elf/4.1.0/../../../../arm-elf/lib/thumb/interwork/libc.a(wcrtomb.o)
                              /home/acer-b/Mrogram/atinom/TOOLCHAIN/bin/../lib/gcc/arm-elf/4.1.0/../../../../arm-elf/lib/thumb/interwork/libc.a(vfprintf.o) (_wcrtomb_r)
/home/acer-b/Mrogram/atinom/TOOLCHAIN/bin/../lib/gcc/arm-elf/4.1.0/../../../../arm-elf/lib/thumb/interwork/libc.a(wcsrtombs.o)
                              /home/acer-b/Mrogram/atinom/TOOLCHAIN/bin/../lib/gcc/arm-elf/4.1.0/../../../../arm-elf/lib/thumb/interwork/libc.a(vfprintf.o) (_wcsrtombs_r)
/home/acer-b/Mrogram/atinom/TOOLCHAIN/bin/../lib/gcc/arm-elf/4.1.0/../../../../arm-elf/lib/thumb/interwork/libc.a(wctomb_r.o)
                              /home/acer-b/Mrogram/atinom/TOOLCHAIN/bin/../lib/gcc/arm-elf/4.1.0/../../../../arm-elf/lib/thumb/interwork/libc.a(wcrtomb.o) (_wctomb_r)
/home/acer-b/Mrogram/atinom/TOOLCHAIN/bin/../lib/gcc/arm-elf/4.1.0/../../../../arm-elf/lib/thumb/interwork/libc.a(wsetup.o)
                              /home/acer-b/Mrogram/atinom/TOOLCHAIN/bin/../lib/gcc/arm-elf/4.1.0/../../../../arm-elf/lib/thumb/interwork/libc.a(vfprintf.o) (__swsetup)
/home/acer-b/Mrogram/atinom/TOOLCHAIN/bin/../lib/gcc/arm-elf/4.1.0/../../../../arm-elf/lib/thumb/interwork/libc.a(ctype_.o)
                              /home/acer-b/Mrogram/atinom/TOOLCHAIN/bin/../lib/gcc/arm-elf/4.1.0/../../../../arm-elf/lib/thumb/interwork/libc.a(vfscanf.o) (__ctype_ptr)
/home/acer-b/Mrogram/atinom/TOOLCHAIN/bin/../lib/gcc/arm-elf/4.1.0/../../../../arm-elf/lib/thumb/interwork/libc.a(dtoa.o)
[...]
Memory Configuration

Name             Origin             Length             Attributes
flash            0x00000000         0x0007d000
ram              0x40000000         0x00007fe0
usbram           0x7fd00400         0x00001c1c
ethram_0         0x7fe00000         0x00000800
ethram           0x7fe00000         0x00004000
*default*        0x00000000         0xffffffff

Linker script and memory map

LOAD ../FreeRTOS_Source/portable/GCC/ARM7_LPC23xx/portISR.o
LOAD ../serial/serialISR.o
LOAD ../GPIO/gpio_ISR.o
LOAD main.o
LOAD ../system/setup_cpu.o
LOAD ../system/syscall.o
LOAD ../system/reset_cpu.o
LOAD ../serial/serial.o
LOAD ../FreeRTOS_Source/queue.o
LOAD ../FreeRTOS_Source/tasks.o
LOAD ../FreeRTOS_Source/portable/GCC/ARM7_LPC23xx/port.o
LOAD ../FreeRTOS_Source/list.o
LOAD ../FreeRTOS_Source/portable/MemMang/heap_2.o
LOAD ../tinysh/tinysh.o
LOAD ../tinysh/shell.o
LOAD ../tinysh/enviro.o
LOAD ../GPIO/gpio.o
LOAD ../spi/spi.o
LOAD ../uip/hardware/enc28j60.o
LOAD ../uip/clock.o
LOAD ../uip/lib/memb.o
LOAD ../uip/uip/uip.o
LOAD ../uip/uip/uip_arch.o
LOAD ../uip/uip/uip_arp.o
LOAD ../uip/uip/uip_timer.o
LOAD ../uip/uip/uip-fw.o
LOAD ../uip/uip/psock.o
LOAD ../uip/uip/uiplib.o
LOAD ../uip/uip_task.o
LOAD ../monita/monita_uip.o
LOAD ../webserver/httpd.o
LOAD ../webserver/httpd-fs.o
LOAD ../webserver/http-strings.o
LOAD ../webserver/httpd-cgi.o
LOAD ../system/idle_hook.o
LOAD ../adc/ad7708.o
LOAD ../uip/apps/telnetd/telnetd.o
LOAD /home/acer-b/Mrogram/atinom/TOOLCHAIN/bin/../lib/gcc/arm-elf/4.1.0/../../../../arm-elf/lib/thumb/interwork/libc.a
LOAD /home/acer-b/Mrogram/atinom/TOOLCHAIN/bin/../lib/gcc/arm-elf/4.1.0/thumb/interwork/libgcc.a
LOAD /home/acer-b/Mrogram/atinom/TOOLCHAIN/bin/../lib/gcc/arm-elf/4.1.0/../../../../arm-elf/lib/thumb/interwork/libm.a
LOAD /tmp/ccMkTufv.o
START GROUP
LOAD /home/acer-b/Mrogram/atinom/TOOLCHAIN/bin/../lib/gcc/arm-elf/4.1.0/thumb/interwork/libgcc.a
LOAD /home/acer-b/Mrogram/atinom/TOOLCHAIN/bin/../lib/gcc/arm-elf/4.1.0/../../../../arm-elf/lib/thumb/interwork/libc.a
END GROUP
                0x40007ffc                __stack_end__ = 0x40007ffc
                0x00000000                . = 0x0

startup         0x00000000       0x44
 *(.startup)
 .startup       0x00000000       0x44 /tmp/ccMkTufv.o

prog            0x00000044    0x138a8
 *(.text)
 .text          0x00000044      0x254 ../FreeRTOS_Source/portable/GCC/ARM7_LPC23xx/portISR.o
                0x000000ec                vPortExitCritical
                0x000001ec                vPortYieldProcessor
                0x00000090                vPortDisableInterruptsFromThumb
                0x00000130                vNonPreemptiveTick
                0x00000044                vPortISRStartFirstTask
                0x000000a8                vPortEnableInterruptsFromThumb
                0x000000c0                vPortEnterCritical
 .text          0x00000298      0x210 ../serial/serialISR.o
                0x00000434                vSerialISRCreateQueues
                0x00000298                vUART_ISR_Handler
                0x00000394                vUART_ISR_Wrapper
 .text          0x000004a8      0x2ec ../GPIO/gpio_ISR.o
                0x000005f0                gpio_ISR_Handler
                0x000006ec                gpio_ISR_Wrapper
                0x000004a8                timer1_ISR_Handler
                0x0000057c                set_konter
                0x000004dc                timer1_ISR_Wrapper
 .text          0x00000794      0x120 main.o
                0x000007dc                togle_led_utama
                0x000007ac                init_led_utama
                0x00000860                main
                0x00000794                dele
 .text          0x000008b4      0x134 ../system/setup_cpu.o
                0x000008b4                sysInit
 .text          0x000009e8       0x9c ../system/syscall.o
                0x000009f0                _lseek_r
                0x000009f4                _fstat_r
                0x00000a04                _sbrk_r
                0x00000a24                _read_r
                0x00000a00                _isatty
                0x000009ec                _close_r
                0x000009e8                _write_r
 .text          0x00000a84       0x34 ../system/reset_cpu.o
                0x00000a84                reset_cpu
 .text          0x00000ab8      0x1bc ../serial/serial.o
                0x00000c48                printf2
                0x00000ab8                vSerialClose
                0x00000abc                uart0GetRxQueue
                0x00000b44                vSerialPutString
                0x00000ac8                xSerialPutChar
                0x00000b70                xSerialGetChar
                0x00000b90                xSerialPortInitMinimal
 .text          0x00000c74      0x4c8 ../FreeRTOS_Source/queue.o
                0x00000f4c                xQueueGenericSendFromISR
                0x000010d0                xQueueCreate
                0x00000c94                vQueueDelete
                0x00000f98                xQueueGenericSend
                0x00000cf0                xQueueReceiveFromISR
                0x00000c84                xQueueIsQueueFullFromISR
                0x00000cac                uxQueueMessagesWaiting
                0x00000dc0                xQueueGenericReceive
                0x00000c74                uxQueueMessagesWaitingFromISR
                0x00000c78                xQueueIsQueueEmptyFromISR
                0x00001088                xQueueCreateMutex
 .text          0x0000113c      0x734 ../FreeRTOS_Source/tasks.o
                0x0000168c                vTaskEndScheduler
                0x000015d0                vTaskPlaceOnEventList
                0x00001200                uxTaskGetStackHighWaterMark
                0x000014b8                xTaskGetTickCount
                0x000012d4                xTaskRemoveFromEventList
                0x00001448                xTaskCheckForTimeOut
                0x000015b4                vTaskSuspendAll
                0x00001218                vTaskPriorityDisinherit
                0x00001264                vTaskPriorityInherit
                0x0000113c                vTaskSwitchContext
                0x0000149c                uxTaskGetNumberOfTasks
                0x00001350                vTaskIncrementTick
                0x0000142c                xTaskGetCurrentTaskHandle
                0x000011e0                usTaskCheckFreeStackSpace
                0x000014d4                xTaskResumeAll
                0x0000182c                vTaskStartScheduler
                0x000011d4                vTaskMissedYield
                0x000016b0                xTaskCreate
                0x00001628                vTaskDelay
                0x000011bc                vTaskSetTimeOutState
 .text          0x00001870      0x114 ../FreeRTOS_Source/portable/GCC/ARM7_LPC23xx/port.o
                0x00001918                xPortStartScheduler
                0x00001914                vPortEndScheduler
                0x00001870                pxPortInitialiseStack
 .text          0x00001984       0x9c ../FreeRTOS_Source/list.o
                0x000019a4                vListInsertEnd
                0x00001a00                vListRemove
                0x0000199c                vListInitialiseItem
                0x00001984                vListInitialise
                0x000019c0                vListInsert
 .text          0x00001a20      0x124 ../FreeRTOS_Source/portable/MemMang/heap_2.o
                0x00001a20                pvPortMallocKU
                0x00001a60                vPortFree
                0x00001a90                pvPortMalloc
 .text          0x00001b44      0x928 ../tinysh/tinysh.o
                0x00001de8                tinysh_char_in
                0x00001c48                tinysh_add_command
                0x000023f0                tinysh_set_prompt
                0x00001c80                tinysh_get_arg
                0x00001c8c                tinysh_atoxi
                0x00001b5c                strstart
 .text          0x0000246c      0x9f8 ../tinysh/shell.o
                0x00002d24                hapus_flash
                0x00002528                cek_versi
                0x0000264c                garis_bawah
                0x00002570                status_adc
                0x0000265c                shell
                0x00002afc                cek_stack
                0x0000246c                char_to_bin
                0x00002d6c                prepare_flash
                0x00002478                dec_to_bin
                0x00002b58                set_kanal
                0x00002dac                tulis_flash
                0x000025e0                baca_ip
                0x000029cc                uptime
                0x00002500                display_args
                0x000024d0                init_shell
                0x00002484                baca_kanal
 .text          0x00002e64      0x414 ../tinysh/enviro.o
                0x00002e64                tulis_env_flash
                0x00003250                save_env
                0x00002f5c                baca_env
                0x00002e68                set_default_ip
                0x00002f38                getdef_env
                0x00003108                tulis_env
                0x000030fc                print_env
 .text          0x00003278       0xfc ../GPIO/gpio.o
                0x0000327c                init_gpio_adc
                0x000032ac                init_gpio
                0x00003278                init_gpio_keypad
 .text          0x00003374       0x74 ../spi/spi.o
                0x000033c4                spiPut
                0x00003374                spiInit
 .text          0x000033e8      0x640 ../uip/hardware/enc28j60.o
                0x000036b8                enc28j60Init
                0x00003620                enc28j60Send
                0x000033e8                enc28j60Deinit
                0x000033f8                enc28j60WaitForData
                0x000038f8                enc28j60Receive
                0x000033fc                cek_paket
 .text          0x00003a28        0xc ../uip/clock.o
                0x00003a28                clock_time
 .text          0x00003a34       0xb4 ../uip/lib/memb.o
                0x00003a34                memb_alloc
                0x00003a78                memb_free
                0x00003ac4                memb_init
 .text          0x00003ae8     0x10b4 ../uip/uip/uip.o
                0x00003b5c                uip_unlisten
                0x00003da4                uip_process
                0x00004ad0                uip_udp_new
                0x00003ba0                uip_listen
                0x00003bf4                uip_connect
                0x00003d00                htonl
                0x00003be4                htons
                0x00003af4                uip_init
                0x00003ae8                uip_setipid
                0x00003d20                uip_iszeroaddr
                0x00003d40                uip_send
 .text          0x00004b9c      0x27c ../uip/uip/uip_arch.o
                0x00004b9c                uip_add32
                0x00004e04                uip_ipchksum
                0x00004d20                uip_tcpchksum
                0x00004cac                uip_chksum
                0x00004c60                uip_udpchksum
 .text          0x00004e18      0x4cc ../uip/uip/uip_arp.o
                0x000050b8                uip_arp_out
                0x00004f44                uip_arp_arpin
                0x00005240                uip_arp_timer
                0x000052a8                uip_arp_init
                0x00005060                uip_arp_ipin
 .text          0x000052e4       0x50 ../uip/uip/uip_timer.o
                0x000052f0                timer_expired
                0x00005320                timer_set
                0x00005310                timer_restart
                0x000052e4                timer_reset
 .text          0x00005334      0x274 ../uip/uip/uip-fw.o
                0x00005360                uip_fw_output
                0x00005334                uip_fw_init
                0x00005444                uip_fw_periodic
                0x00005438                uip_fw_default
                0x00005428                uip_fw_register
                0x00005464                uip_fw_forward
 .text          0x000055a8      0x3b0 ../uip/uip/psock.o
                0x0000587c                psock_generator_send
                0x0000560c                psock_newdata
                0x000055fc                psock_datalen
                0x000058f8                psock_send
                0x00005738                psock_readbuf
                0x00005714                psock_init
                0x00005634                psock_readto
 .text          0x00005958       0x6c ../uip/uip/uiplib.o
                0x00005958                uiplib_ipaddrconv
 .text          0x000059c4      0x250 ../uip/uip_task.o
                0x00005a0c                start_ether
                0x000059c4                dispatch_udp_appcall
                0x000059c8                dispatch_tcp_appcall
 .text          0x00005c14      0x1b0 ../monita/monita_uip.o
                0x00005c14                monita_appcall
                0x00005da8                monita_init
 .text          0x00005dc4      0xa28 ../webserver/httpd.o
                0x000064d0                buat_file_index
                0x00005dc4                httpd_init
                0x00006400                httpd_appcall
 .text          0x000067ec       0x94 ../webserver/httpd-fs.o
                0x000067f4                httpd_fs_init
                0x000067ec                httpd_fs_open
                0x0000680c                httpd_fs_count
 .text          0x00006880      0x2e4 ../webserver/httpd-cgi.o
                0x00006890                httpd_cgi
 .text          0x00006b64       0x10 ../system/idle_hook.o
                0x00006b64                vApplicationIdleHook
 .text          0x00006b74      0x6a8 ../adc/ad7708.o
                0x0000700c                kalibrasi_adc1
                0x00006b98                set_calibrated
                0x00006e40                cek_adccon
                0x00006dfc                cek_mode
                0x00006ee8                cek_iocon
                0x00006c78                cek_status
                0x00006bb4                uncs_ad7708
                0x00006c18                baca_data
                0x00006fb0                reset_adc
                0x00006e84                start_adc_1
                0x00006ce0                set_mode
                0x00006cbc                cek_adc_rdy
                0x00006f6c                cek_adc_id
                0x00007160                proses_data_adc
                0x00006d30                set_adccon
                0x00006f2c                stop_ad7708
                0x00006bd4                set_iocon
                0x00006b74                spi_rx
                0x00006d74                set_filter
                0x00006d24                stop_adc
                0x00006db8                cek_filter
                0x00006b78                cs_ad7708
 .text          0x0000721c      0x3cc ../uip/apps/telnetd/telnetd.o
                0x0000759c                telnetd_init
                0x00007234                telnetdDisconnect
                0x000072dc                telnetdPutChar
                0x000073a4                telnetd_appcall
 .text          0x000075e8       0x64 /home/acer-b/Mrogram/atinom/TOOLCHAIN/bin/../lib/gcc/arm-elf/4.1.0/../../../../arm-elf/lib/thumb/interwork/libc.a(memcpy.o)
                0x000075e8                memcpy
 .text          0x0000764c       0x64 /home/acer-b/Mrogram/atinom/TOOLCHAIN/bin/../lib/gcc/arm-elf/4.1.0/../../../../arm-elf/lib/thumb/interwork/libc.a(memset.o)
                0x0000764c                memset
 .text          0x000076b0       0xbc /home/acer-b/Mrogram/atinom/TOOLCHAIN/bin/../lib/gcc/arm-elf/4.1.0/../../../../arm-elf/lib/thumb/interwork/libc.a(snprintf.o)
                0x000076b0                snprintf
                0x00007714                _snprintf_r
 .text          0x0000776c       0x84 /home/acer-b/Mrogram/atinom/TOOLCHAIN/bin/../lib/gcc/arm-elf/4.1.0/../../../../arm-elf/lib/thumb/interwork/libc.a(sprintf.o)
                0x000077b0                _sprintf_r
                0x0000776c                sprintf
 .text          0x000077f0       0xac /home/acer-b/Mrogram/atinom/TOOLCHAIN/bin/../lib/gcc/arm-elf/4.1.0/../../../../arm-elf/lib/thumb/interwork/libc.a(sscanf.o)
                0x0000784c                sscanf
                0x000077f4                _sscanf_r
 .text          0x0000789c       0x58 /home/acer-b/Mrogram/atinom/TOOLCHAIN/bin/../lib/gcc/arm-elf/4.1.0/../../../../arm-elf/lib/thumb/interwork/libc.a(strcat.o)
                0x0000789c                strcat
 .text          0x000078f4       0x7c /home/acer-b/Mrogram/atinom/TOOLCHAIN/bin/../lib/gcc/arm-elf/4.1.0/../../../../arm-elf/lib/thumb/interwork/libc.a(strchr.o)
                0x000078f4                strchr
 .text          0x00007970       0x68 /home/acer-b/Mrogram/atinom/TOOLCHAIN/bin/../lib/gcc/arm-elf/4.1.0/../../../../arm-elf/lib/thumb/interwork/libc.a(strcmp.o)
                0x00007970                strcmp
 .text          0x000079d8       0x50 /home/acer-b/Mrogram/atinom/TOOLCHAIN/bin/../lib/gcc/arm-elf/4.1.0/../../../../arm-elf/lib/thumb/interwork/libc.a(strcpy.o)
                0x000079d8                strcpy
 .text          0x00007a28       0x50 /home/acer-b/Mrogram/atinom/TOOLCHAIN/bin/../lib/gcc/arm-elf/4.1.0/../../../../arm-elf/lib/thumb/interwork/libc.a(strlen.o)
                0x00007a28                strlen
 .text          0x00007a78       0xb4 /home/acer-b/Mrogram/atinom/TOOLCHAIN/bin/../lib/gcc/arm-elf/4.1.0/../../../../arm-elf/lib/thumb/interwork/libc.a(strncmp.o)
                0x00007a78                strncmp
 .text          0x00007b2c       0x88 /home/acer-b/Mrogram/atinom/TOOLCHAIN/bin/../lib/gcc/arm-elf/4.1.0/../../../../arm-elf/lib/thumb/interwork/libc.a(strncpy.o)
                0x00007b2c                strncpy
 .text          0x00007bb4       0x30 /home/acer-b/Mrogram/atinom/TOOLCHAIN/bin/../lib/gcc/arm-elf/4.1.0/../../../../arm-elf/lib/thumb/interwork/libc.a(strrchr.o)
                0x00007bb4                strrchr
 .text          0x00007be4     0x1a60 /home/acer-b/Mrogram/atinom/TOOLCHAIN/bin/../lib/gcc/arm-elf/4.1.0/../../../../arm-elf/lib/thumb/interwork/libc.a(vfprintf.o)
                0x00007c04                _vfprintf_r
                0x00009624                vfprintf
 .text          0x00009644      0xc6c /home/acer-b/Mrogram/atinom/TOOLCHAIN/bin/../lib/gcc/arm-elf/4.1.0/../../../../arm-elf/lib/thumb/interwork/libc.a(vfscanf.o)
                0x0000a22c                __svfscanf
                0x0000a24c                _vfscanf_r
                0x0000a278                vfscanf
                0x00009644                __svfscanf_r
 .text          0x0000a2b0       0x74 /home/acer-b/Mrogram/atinom/TOOLCHAIN/bin/../lib/gcc/arm-elf/4.1.0/../../../../arm-elf/lib/thumb/interwork/libc.a(vsprintf.o)
                0x0000a2e4                vsprintf
                0x0000a2b0                _vsprintf_r
 .text          0x0000a324       0x54 /home/acer-b/Mrogram/atinom/TOOLCHAIN/bin/../lib/gcc/arm-elf/4.1.0/../../../../arm-elf/lib/thumb/interwork/libc.a(wcrtomb.o)
                0x0000a324                _wcrtomb_r
                0x0000a358                wcrtomb
 .text          0x0000a378      0x10c /home/acer-b/Mrogram/atinom/TOOLCHAIN/bin/../lib/gcc/arm-elf/4.1.0/../../../../arm-elf/lib/thumb/interwork/libc.a(wcsrtombs.o)
                0x0000a378                _wcsrtombs_r
                0x0000a45c                wcsrtombs
 .text          0x0000a484      0x2b8 /home/acer-b/Mrogram/atinom/TOOLCHAIN/bin/../lib/gcc/arm-elf/4.1.0/../../../../arm-elf/lib/thumb/interwork/libc.a(wctomb_r.o)
                0x0000a484                _wctomb_r
 .text          0x0000a73c       0xa0 /home/acer-b/Mrogram/atinom/TOOLCHAIN/bin/../lib/gcc/arm-elf/4.1.0/../../../../arm-elf/lib/thumb/interwork/libc.a(wsetup.o)
                0x0000a73c                __swsetup
 .text          0x0000a7dc      0xf28 /home/acer-b/Mrogram/atinom/TOOLCHAIN/bin/../lib/gcc/arm-elf/4.1.0/../../../../arm-elf/lib/thumb/interwork/libc.a(dtoa.o)
                0x0000a92c                _dtoa_r
 .text          0x0000b704       0x90 /home/acer-b/Mrogram/atinom/TOOLCHAIN/bin/../lib/gcc/arm-elf/4.1.0/../../../../arm-elf/lib/thumb/interwork/libc.a(fflush.o)
                0x0000b704                fflush
 .text          0x0000b794      0x1c4 /home/acer-b/Mrogram/atinom/TOOLCHAIN/bin/../lib/gcc/arm-elf/4.1.0/../../../../arm-elf/lib/thumb/interwork/libc.a(findfp.o)
                0x0000b7dc                __sinit
                0x0000b894                __sfmoreglue
                0x0000b880                _cleanup
                0x0000b870                _cleanup_r
                0x0000b858                __fp_lock_all
                0x0000b7cc                __sfp_lock_acquire
                0x0000b8cc                __sfp
                0x0000b7d8                __sinit_lock_release
                0x0000b840                __fp_unlock_all
                0x0000b7d0                __sfp_lock_release
                0x0000b7d4                __sinit_lock_acquire
 .text          0x0000b958      0x148 /home/acer-b/Mrogram/atinom/TOOLCHAIN/bin/../lib/gcc/arm-elf/4.1.0/../../../../arm-elf/lib/thumb/interwork/libc.a(fread.o)
                0x0000b958                fread
 .text          0x0000baa0      0x268 /home/acer-b/Mrogram/atinom/TOOLCHAIN/bin/../lib/gcc/arm-elf/4.1.0/../../../../arm-elf/lib/thumb/interwork/libc.a(freer.o)
                0x0000bb40                _free_r
                0x0000baa0                _malloc_trim_r
 .text          0x0000bd08      0x298 /home/acer-b/Mrogram/atinom/TOOLCHAIN/bin/../lib/gcc/arm-elf/4.1.0/../../../../arm-elf/lib/thumb/interwork/libc.a(fvwrite.o)
                0x0000bd08                __sfvwrite
 .text          0x0000bfa0       0xf0 /home/acer-b/Mrogram/atinom/TOOLCHAIN/bin/../lib/gcc/arm-elf/4.1.0/../../../../arm-elf/lib/thumb/interwork/libc.a(fwalk.o)
                0x0000c018                _fwalk
                0x0000bfa0                _fwalk_reent
 .text          0x0000c090       0x1c /home/acer-b/Mrogram/atinom/TOOLCHAIN/bin/../lib/gcc/arm-elf/4.1.0/../../../../arm-elf/lib/thumb/interwork/libc.a(iswspace.o)
                0x0000c090                iswspace
 .text          0x0000c0ac       0x88 /home/acer-b/Mrogram/atinom/TOOLCHAIN/bin/../lib/gcc/arm-elf/4.1.0/../../../../arm-elf/lib/thumb/interwork/libc.a(locale.o)
                0x0000c0d4                _setlocale_r
                0x0000c0ac                __locale_charset
                0x0000c0b8                _localeconv_r
                0x0000c118                setlocale
                0x0000c0c0                localeconv
 .text          0x0000c134       0xdc /home/acer-b/Mrogram/atinom/TOOLCHAIN/bin/../lib/gcc/arm-elf/4.1.0/../../../../arm-elf/lib/thumb/interwork/libc.a(makebuf.o)
                0x0000c134                __smakebuf
 .text          0x0000c210      0x538 /home/acer-b/Mrogram/atinom/TOOLCHAIN/bin/../lib/gcc/arm-elf/4.1.0/../../../../arm-elf/lib/thumb/interwork/libc.a(mallocr.o)
                0x0000c210                _malloc_r
 .text          0x0000c748       0x64 /home/acer-b/Mrogram/atinom/TOOLCHAIN/bin/../lib/gcc/arm-elf/4.1.0/../../../../arm-elf/lib/thumb/interwork/libc.a(mbrtowc.o)
                0x0000c784                mbrtowc
                0x0000c748                _mbrtowc_r
 .text          0x0000c7ac       0x38 /home/acer-b/Mrogram/atinom/TOOLCHAIN/bin/../lib/gcc/arm-elf/4.1.0/../../../../arm-elf/lib/thumb/interwork/libc.a(mbtowc_r.o)
                0x0000c7ac                _mbtowc_r
 .text          0x0000c7e4       0xbc /home/acer-b/Mrogram/atinom/TOOLCHAIN/bin/../lib/gcc/arm-elf/4.1.0/../../../../arm-elf/lib/thumb/interwork/libc.a(memchr.o)
                0x0000c7e4                memchr
 .text          0x0000c8a0       0x8c /home/acer-b/Mrogram/atinom/TOOLCHAIN/bin/../lib/gcc/arm-elf/4.1.0/../../../../arm-elf/lib/thumb/interwork/libc.a(memmove.o)
                0x0000c8a0                memmove
 .text          0x0000c92c        0x8 /home/acer-b/Mrogram/atinom/TOOLCHAIN/bin/../lib/gcc/arm-elf/4.1.0/../../../../arm-elf/lib/thumb/interwork/libc.a(mlock.o)
                0x0000c930                __malloc_unlock
                0x0000c92c                __malloc_lock
 .text          0x0000c934      0x8c0 /home/acer-b/Mrogram/atinom/TOOLCHAIN/bin/../lib/gcc/arm-elf/4.1.0/../../../../arm-elf/lib/thumb/interwork/libc.a(mprec.o)
                0x0000cbac                _mprec_log10
                0x0000c94c                _hi0bits
                0x0000cbec                _Balloc
                0x0000cc48                _d2b
                0x0000cec4                _multiply
                0x0000cb58                _ratio
                0x0000d164                _s2b
                0x0000d014                _i2b
                0x0000c994                _lo0bits
                0x0000ca00                __mcmp
                0x0000d0c8                _pow5mult
                0x0000ca40                _ulp
                0x0000ca90                _b2d
                0x0000d02c                _multadd
                0x0000cd30                __mdiff
                0x0000ce18                _lshift
                0x0000c934                _Bfree
 .text          0x0000d1f4      0x3d8 /home/acer-b/Mrogram/atinom/TOOLCHAIN/bin/../lib/gcc/arm-elf/4.1.0/../../../../arm-elf/lib/thumb/interwork/libc.a(reallocr.o)
                0x0000d1f4                _realloc_r
 .text          0x0000d5cc      0x114 /home/acer-b/Mrogram/atinom/TOOLCHAIN/bin/../lib/gcc/arm-elf/4.1.0/../../../../arm-elf/lib/thumb/interwork/libc.a(refill.o)
                0x0000d5e4                __srefill
 .text          0x0000d6e0       0x24 /home/acer-b/Mrogram/atinom/TOOLCHAIN/bin/../lib/gcc/arm-elf/4.1.0/../../../../arm-elf/lib/thumb/interwork/libc.a(s_isinf.o)
                0x0000d6e0                isinf
 .text          0x0000d704       0x1c /home/acer-b/Mrogram/atinom/TOOLCHAIN/bin/../lib/gcc/arm-elf/4.1.0/../../../../arm-elf/lib/thumb/interwork/libc.a(s_isnan.o)
                0x0000d704                isnan
 .text          0x0000d720       0x7c /home/acer-b/Mrogram/atinom/TOOLCHAIN/bin/../lib/gcc/arm-elf/4.1.0/../../../../arm-elf/lib/thumb/interwork/libc.a(sccl.o)
                0x0000d720                __sccl
 .text          0x0000d79c        0x8 /home/acer-b/Mrogram/atinom/TOOLCHAIN/bin/../lib/gcc/arm-elf/4.1.0/../../../../arm-elf/lib/thumb/interwork/libc.a(sf_nan.o)
                0x0000d79c                nanf
 .text          0x0000d7a4       0xd8 /home/acer-b/Mrogram/atinom/TOOLCHAIN/bin/../lib/gcc/arm-elf/4.1.0/../../../../arm-elf/lib/thumb/interwork/libc.a(stdio.o)
                0x0000d7bc                __sseek
                0x0000d844                __sread
                0x0000d7a4                __sclose
                0x0000d7fc                __swrite
 .text          0x0000d87c      0xbe8 /home/acer-b/Mrogram/atinom/TOOLCHAIN/bin/../lib/gcc/arm-elf/4.1.0/../../../../arm-elf/lib/thumb/interwork/libc.a(strtod.o)
                0x0000d87c                _strtod_r
                0x0000e448                strtod
                0x0000e410                strtof
 .text          0x0000e464      0x168 /home/acer-b/Mrogram/atinom/TOOLCHAIN/bin/../lib/gcc/arm-elf/4.1.0/../../../../arm-elf/lib/thumb/interwork/libc.a(strtol.o)
                0x0000e5ac                strtol
                0x0000e464                _strtol_r
 .text          0x0000e5cc      0x16c /home/acer-b/Mrogram/atinom/TOOLCHAIN/bin/../lib/gcc/arm-elf/4.1.0/../../../../arm-elf/lib/thumb/interwork/libc.a(strtoul.o)
                0x0000e718                strtoul
                0x0000e5cc                _strtoul_r
 .text          0x0000e738      0x504 /home/acer-b/Mrogram/atinom/TOOLCHAIN/bin/../lib/gcc/arm-elf/4.1.0/../../../../arm-elf/lib/thumb/interwork/libc.a(syscalls.o)
                0x0000e754                _getpid
                0x0000e848                initialise_monitor_handles
                0x0000e76c                isatty
                0x0000e7d4                _fstat
                0x0000eb68                _open
                0x0000e79c                _sbrk
                0x0000e768                _raise
                0x0000e8d0                _times
                0x0000eb7c                _stat
                0x0000ebb8                _lseek
                0x0000e758                _link
                0x0000e98c                _swiwrite
                0x0000e770                _rename
                0x0000e9b4                _swilseek
                0x0000e954                _swiclose
                0x0000ea68                _swiopen
                0x0000e760                _unlink
                0x0000eaf4                _write
                0x0000e920                _kill
                0x0000e8f4                _gettimeofday
                0x0000ebf0                _read
                0x0000e93c                _exit
                0x0000e784                _system
                0x0000ebc8                _swiread
                0x0000eb58                _close
 .text          0x0000ec3c      0x16c /home/acer-b/Mrogram/atinom/TOOLCHAIN/bin/../lib/gcc/arm-elf/4.1.0/../../../../arm-elf/lib/thumb/interwork/libc.a(ungetc.o)
                0x0000ed8c                ungetc
                0x0000ec3c                __submore
                0x0000ecb8                _ungetc_r
 .text          0x0000eda8       0x60 /home/acer-b/Mrogram/atinom/TOOLCHAIN/bin/../lib/gcc/arm-elf/4.1.0/../../../../arm-elf/lib/thumb/interwork/libc.a(callocr.o)
                0x0000eda8                _calloc_r
 .text          0x0000ee08        0xc /home/acer-b/Mrogram/atinom/TOOLCHAIN/bin/../lib/gcc/arm-elf/4.1.0/../../../../arm-elf/lib/thumb/interwork/libc.a(errno.o)
                0x0000ee08                __errno
 .text          0x0000ee14       0xbc /home/acer-b/Mrogram/atinom/TOOLCHAIN/bin/../lib/gcc/arm-elf/4.1.0/../../../../arm-elf/lib/thumb/interwork/libc.a(fclose.o)
                0x0000ee14                _fclose_r
                0x0000eeb8                fclose
 .text          0x0000eed0       0x14 /home/acer-b/Mrogram/atinom/TOOLCHAIN/bin/../lib/gcc/arm-elf/4.1.0/../../../../arm-elf/lib/thumb/interwork/libc.a(s_nan.o)
                0x0000eed0                nan
 .text          0x0000eee4       0x8c /home/acer-b/Mrogram/atinom/TOOLCHAIN/bin/../lib/gcc/arm-elf/4.1.0/thumb/interwork/libgcc.a(_udivsi3.o)
                0x0000eee4                __udivsi3
                0x0000eee4                __aeabi_uidiv
                0x0000ef60                __aeabi_uidivmod
 .text          0x0000ef70       0xa4 /home/acer-b/Mrogram/atinom/TOOLCHAIN/bin/../lib/gcc/arm-elf/4.1.0/thumb/interwork/libgcc.a(_divsi3.o)
                0x0000ef70                __aeabi_idiv
                0x0000ef70                __divsi3
                0x0000f004                __aeabi_idivmod
 .text          0x0000f014       0xc8 /home/acer-b/Mrogram/atinom/TOOLCHAIN/bin/../lib/gcc/arm-elf/4.1.0/thumb/interwork/libgcc.a(_umodsi3.o)
                0x0000f014                __umodsi3
 .text          0x0000f0dc       0xd8 /home/acer-b/Mrogram/atinom/TOOLCHAIN/bin/../lib/gcc/arm-elf/4.1.0/thumb/interwork/libgcc.a(_modsi3.o)
                0x0000f0dc                __modsi3
 .text          0x0000f1b4        0x4 /home/acer-b/Mrogram/atinom/TOOLCHAIN/bin/../lib/gcc/arm-elf/4.1.0/thumb/interwork/libgcc.a(_dvmd_tls.o)
                0x0000f1b4                __aeabi_ldiv0
                0x0000f1b4                __div0
                0x0000f1b4                __aeabi_idiv0
 .text          0x0000f1b8      0x234 /home/acer-b/Mrogram/atinom/TOOLCHAIN/bin/../lib/gcc/arm-elf/4.1.0/thumb/interwork/libgcc.a(_addsub_sf.o)
                0x0000f37c                __subsf3
                0x0000f3b8                __addsf3
 .text          0x0000f3ec      0x174 /home/acer-b/Mrogram/atinom/TOOLCHAIN/bin/../lib/gcc/arm-elf/4.1.0/thumb/interwork/libgcc.a(_mul_sf.o)
                0x0000f424                __mulsf3
 .text          0x0000f560       0x30 /home/acer-b/Mrogram/atinom/TOOLCHAIN/bin/../lib/gcc/arm-elf/4.1.0/thumb/interwork/libgcc.a(_sf_to_df.o)
                0x0000f560                __extendsfdf2
 .text          0x0000f590      0x328 /home/acer-b/Mrogram/atinom/TOOLCHAIN/bin/../lib/gcc/arm-elf/4.1.0/thumb/interwork/libgcc.a(_addsub_df.o)
                0x0000f880                __adddf3
                0x0000f840                __subdf3
 .text          0x0000f8b8      0x2ac /home/acer-b/Mrogram/atinom/TOOLCHAIN/bin/../lib/gcc/arm-elf/4.1.0/thumb/interwork/libgcc.a(_mul_df.o)
                0x0000f8f0                __muldf3
 .text          0x0000fb64      0x1ac /home/acer-b/Mrogram/atinom/TOOLCHAIN/bin/../lib/gcc/arm-elf/4.1.0/thumb/interwork/libgcc.a(_div_df.o)
                0x0000fb9c                __divdf3
 .text          0x0000fd10       0x58 /home/acer-b/Mrogram/atinom/TOOLCHAIN/bin/../lib/gcc/arm-elf/4.1.0/thumb/interwork/libgcc.a(_eq_df.o)
                0x0000fd20                __eqdf2
 .text          0x0000fd68       0x58 /home/acer-b/Mrogram/atinom/TOOLCHAIN/bin/../lib/gcc/arm-elf/4.1.0/thumb/interwork/libgcc.a(_ne_df.o)
                0x0000fd78                __nedf2
 .text          0x0000fdc0       0x58 /home/acer-b/Mrogram/atinom/TOOLCHAIN/bin/../lib/gcc/arm-elf/4.1.0/thumb/interwork/libgcc.a(_gt_df.o)
                0x0000fdd0                __gtdf2
 .text          0x0000fe18       0x58 /home/acer-b/Mrogram/atinom/TOOLCHAIN/bin/../lib/gcc/arm-elf/4.1.0/thumb/interwork/libgcc.a(_ge_df.o)
                0x0000fe28                __gedf2
 .text          0x0000fe70       0x58 /home/acer-b/Mrogram/atinom/TOOLCHAIN/bin/../lib/gcc/arm-elf/4.1.0/thumb/interwork/libgcc.a(_lt_df.o)
                0x0000fe80                __ltdf2
 .text          0x0000fec8       0x58 /home/acer-b/Mrogram/atinom/TOOLCHAIN/bin/../lib/gcc/arm-elf/4.1.0/thumb/interwork/libgcc.a(_le_df.o)
                0x0000fed8                __ledf2
 .text          0x0000ff20       0x8c /home/acer-b/Mrogram/atinom/TOOLCHAIN/bin/../lib/gcc/arm-elf/4.1.0/thumb/interwork/libgcc.a(_si_to_df.o)
                0x0000ff20                __floatsidf
 .text          0x0000ffac       0xb4 /home/acer-b/Mrogram/atinom/TOOLCHAIN/bin/../lib/gcc/arm-elf/4.1.0/thumb/interwork/libgcc.a(_df_to_si.o)
                0x0000ffdc                __fixdfsi
 .text          0x00010060       0x28 /home/acer-b/Mrogram/atinom/TOOLCHAIN/bin/../lib/gcc/arm-elf/4.1.0/thumb/interwork/libgcc.a(_make_df.o)
                0x00010060                __make_dp
 .text          0x00010088       0x44 /home/acer-b/Mrogram/atinom/TOOLCHAIN/bin/../lib/gcc/arm-elf/4.1.0/thumb/interwork/libgcc.a(_df_to_sf.o)
                0x00010088                __truncdfsf2
 .text          0x000100cc       0x84 /home/acer-b/Mrogram/atinom/TOOLCHAIN/bin/../lib/gcc/arm-elf/4.1.0/thumb/interwork/libgcc.a(_muldi3.o)
                0x000100cc                __muldi3
 .text          0x00010150      0x130 /home/acer-b/Mrogram/atinom/TOOLCHAIN/bin/../lib/gcc/arm-elf/4.1.0/thumb/interwork/libgcc.a(_pack_sf.o)
                0x00010180                __pack_f
 .text          0x00010280       0x80 /home/acer-b/Mrogram/atinom/TOOLCHAIN/bin/../lib/gcc/arm-elf/4.1.0/thumb/interwork/libgcc.a(_unpack_sf.o)
                0x00010280                __unpack_f
 .text          0x00010300       0x18 /home/acer-b/Mrogram/atinom/TOOLCHAIN/bin/../lib/gcc/arm-elf/4.1.0/thumb/interwork/libgcc.a(_make_sf.o)
                0x00010300                __make_fp
 .text          0x00010318      0x290 /home/acer-b/Mrogram/atinom/TOOLCHAIN/bin/../lib/gcc/arm-elf/4.1.0/thumb/interwork/libgcc.a(_pack_df.o)
                0x00010348                __pack_d
 .text          0x000105a8       0xc4 /home/acer-b/Mrogram/atinom/TOOLCHAIN/bin/../lib/gcc/arm-elf/4.1.0/thumb/interwork/libgcc.a(_unpack_df.o)
                0x000105a8                __unpack_d
 .text          0x0001066c       0xf0 /home/acer-b/Mrogram/atinom/TOOLCHAIN/bin/../lib/gcc/arm-elf/4.1.0/thumb/interwork/libgcc.a(_fpcmp_parts_df.o)
                0x0001069c                __fpcmp_parts_d
 .text          0x0001075c       0xb8 /tmp/ccMkTufv.o
                0x0001075c                start
                0x000107f8                endless_loop
 *(.rodata)
 .rodata        0x00010814        0x4 ../tinysh/tinysh.o
 .rodata        0x00010818       0x48 ../uip/uip/uip.o
 .rodata        0x00010860        0x6 ../uip/uip/uip_arp.o
 *fill*         0x00010866        0x2 00
 .rodata        0x00010868     0x117c ../webserver/httpd-fs.o
                0x0001087c                file_index_html
                0x000108b8                file_stats_shtml
                0x00010868                file_404_html
                0x000108a4                file_io_shtml
                0x000108cc                file_tcp_shtml
                0x00010890                file_index_shtml
 .rodata        0x000119e4      0x24a ../webserver/http-strings.o
                0x00011c04                http_shtml
                0x000119e4                http_http
                0x00011a00                http_10
                0x00011b7e                http_content_type_png
                0x00011b47                http_content_type_css
                0x00011a56                http_referer
                0x00011ab3                http_header_404
                0x000119f1                http_301
                0x00011b0e                http_content_type_plain
                0x00011c24                http_text
                0x00011b2b                http_content_type_html
                0x00011a21                http_texthtml
                0x00011a36                http_host
                0x00011b9a                http_content_type_gif
                0x00011a3d                http_crnl
                0x000119fb                http_get
                0x00011a2b                http_location
                0x00011c1f                http_jpg
                0x00011c10                http_css
                0x00011a09                http_11
                0x00011b62                http_content_type_text
                0x000119f6                http_302
                0x00011a12                http_content_type
                0x00011a5f                http_header_200
                0x00011c29                http_txt
                0x00011bb6                http_content_type_jpg
                0x00011bfe                http_html
                0x00011a40                http_index_html
                0x00011c15                http_png
                0x000119ec                http_200
                0x00011a4c                http_404_html
                0x00011c1a                http_gif
                0x00011bd3                http_content_type_binary
                0x00011c0b                http_htm
 *fill*         0x00011c2e        0x2 00
 .rodata        0x00011c30       0xa4 ../webserver/httpd-cgi.o
 .rodata        0x00011cd4       0x18 ../uip/apps/telnetd/telnetd.o
 .rodata        0x00011cec      0x184 /home/acer-b/Mrogram/atinom/TOOLCHAIN/bin/../lib/gcc/arm-elf/4.1.0/../../../../arm-elf/lib/thumb/interwork/libc.a(vfprintf.o)
 .rodata        0x00011e70      0x464 /home/acer-b/Mrogram/atinom/TOOLCHAIN/bin/../lib/gcc/arm-elf/4.1.0/../../../../arm-elf/lib/thumb/interwork/libc.a(vfscanf.o)
 .rodata        0x000122d4      0x101 /home/acer-b/Mrogram/atinom/TOOLCHAIN/bin/../lib/gcc/arm-elf/4.1.0/../../../../arm-elf/lib/thumb/interwork/libc.a(ctype_.o)
                0x000122d4                _ctype_
 *fill*         0x000123d5        0x3 00
 .rodata        0x000123d8       0x18 /home/acer-b/Mrogram/atinom/TOOLCHAIN/bin/../lib/gcc/arm-elf/4.1.0/../../../../arm-elf/lib/thumb/interwork/libc.a(dtoa.o)
 .rodata        0x000123f0        0x4 /home/acer-b/Mrogram/atinom/TOOLCHAIN/bin/../lib/gcc/arm-elf/4.1.0/../../../../arm-elf/lib/thumb/interwork/libc.a(impure.o)
                0x000123f0                _global_impure_ptr
 .rodata        0x000123f4       0x34 /home/acer-b/Mrogram/atinom/TOOLCHAIN/bin/../lib/gcc/arm-elf/4.1.0/../../../../arm-elf/lib/thumb/interwork/libc.a(locale.o)
 .rodata        0x00012428      0x124 /home/acer-b/Mrogram/atinom/TOOLCHAIN/bin/../lib/gcc/arm-elf/4.1.0/../../../../arm-elf/lib/thumb/interwork/libc.a(mprec.o)
                0x00012518                __mprec_tinytens
                0x00012428                __mprec_tens
                0x000124f0                __mprec_bigtens
 .rodata        0x0001254c       0xb8 /home/acer-b/Mrogram/atinom/TOOLCHAIN/bin/../lib/gcc/arm-elf/4.1.0/../../../../arm-elf/lib/thumb/interwork/libc.a(strtod.o)
 .rodata        0x00012604       0x10 /home/acer-b/Mrogram/atinom/TOOLCHAIN/bin/../lib/gcc/arm-elf/4.1.0/thumb/interwork/libgcc.a(_thenan_sf.o)
                0x00012604                __thenan_sf
 .rodata        0x00012614       0x14 /home/acer-b/Mrogram/atinom/TOOLCHAIN/bin/../lib/gcc/arm-elf/4.1.0/thumb/interwork/libgcc.a(_thenan_df.o)
                0x00012614                __thenan_df
 *(.rodata*)
 .rodata.str1.4
                0x00012628        0x5 main.o
                                  0x8 (size before relaxing)
 *fill*         0x0001262d        0x3 00
 .rodata.str1.4
                0x00012630       0x13 ../system/reset_cpu.o
                                 0x14 (size before relaxing)
 *fill*         0x00012643        0x1 00
 .rodata.str1.4
                0x00012644        0x5 ../FreeRTOS_Source/tasks.o
                                  0x8 (size before relaxing)
 *fill*         0x00012649        0x3 00
 .rodata.str1.4
                0x0001264c      0x161 ../tinysh/tinysh.o
                                0x170 (size before relaxing)
 *fill*         0x000127ad        0x3 00
 .rodata.str1.4
                0x000127b0      0x7e7 ../tinysh/shell.o
                                0x810 (size before relaxing)
 *fill*         0x00012f97        0x1 00
 .rodata.str1.4
                0x00012f98      0x1c3 ../tinysh/enviro.o
                                0x210 (size before relaxing)
 *fill*         0x0001315b        0x1 00
 .rodata.str1.4
                0x0001315c       0x52 ../uip/hardware/enc28j60.o
                                 0x54 (size before relaxing)
 *fill*         0x000131ae        0x2 00
 .rodata.str1.4
                0x000131b0       0x6e ../uip/uip_task.o
                                 0x70 (size before relaxing)
 *fill*         0x0001321e        0x2 00
 .rodata.str1.4
                0x00013220       0x51 ../monita/monita_uip.o
                                 0x54 (size before relaxing)
 *fill*         0x00013271        0x3 00
 .rodata.str1.4
                0x00013274      0x2da ../webserver/httpd.o
                                0x318 (size before relaxing)
 *fill*         0x0001354e        0x2 00
 .rodata.str1.4
                0x00013550      0x1a7 ../webserver/httpd-cgi.o
                                0x1a8 (size before relaxing)
 *fill*         0x000136f7        0x1 00
 .rodata.str1.4
                0x000136f8       0xe0 ../adc/ad7708.o
 .rodata.str1.4
                0x000137d8        0x0 ../uip/apps/telnetd/telnetd.o
                                  0xc (size before relaxing)
 .rodata.str1.4
                0x000137d8       0x5b /home/acer-b/Mrogram/atinom/TOOLCHAIN/bin/../lib/gcc/arm-elf/4.1.0/../../../../arm-elf/lib/thumb/interwork/libc.a(vfprintf.o)
                                 0x64 (size before relaxing)
 *fill*         0x00013833        0x1 00
 .rodata.str1.4
                0x00013834        0x5 /home/acer-b/Mrogram/atinom/TOOLCHAIN/bin/../lib/gcc/arm-elf/4.1.0/../../../../arm-elf/lib/thumb/interwork/libc.a(vfscanf.o)
                                  0x8 (size before relaxing)
 *fill*         0x00013839        0x3 00
 .rodata.str1.4
                0x0001383c       0x1e /home/acer-b/Mrogram/atinom/TOOLCHAIN/bin/../lib/gcc/arm-elf/4.1.0/../../../../arm-elf/lib/thumb/interwork/libc.a(wctomb_r.o)
                                 0x20 (size before relaxing)
 *fill*         0x0001385a        0x2 00
 .rodata.str1.4
                0x0001385c       0x10 /home/acer-b/Mrogram/atinom/TOOLCHAIN/bin/../lib/gcc/arm-elf/4.1.0/../../../../arm-elf/lib/thumb/interwork/libc.a(dtoa.o)
                                 0x14 (size before relaxing)
 .rodata.str1.4
                0x0001386c        0x0 /home/acer-b/Mrogram/atinom/TOOLCHAIN/bin/../lib/gcc/arm-elf/4.1.0/../../../../arm-elf/lib/thumb/interwork/libc.a(impure.o)
                                  0x4 (size before relaxing)
 .rodata.str1.4
                0x0001386c        0xb /home/acer-b/Mrogram/atinom/TOOLCHAIN/bin/../lib/gcc/arm-elf/4.1.0/../../../../arm-elf/lib/thumb/interwork/libc.a(locale.o)
                                 0x18 (size before relaxing)
 .rodata.str1.4
                0x00013877        0x0 /home/acer-b/Mrogram/atinom/TOOLCHAIN/bin/../lib/gcc/arm-elf/4.1.0/../../../../arm-elf/lib/thumb/interwork/libc.a(mbrtowc.o)
                                  0x4 (size before relaxing)
 *fill*         0x00013877        0x1 00
 .rodata.str1.4
                0x00013878        0x4 /home/acer-b/Mrogram/atinom/TOOLCHAIN/bin/../lib/gcc/arm-elf/4.1.0/../../../../arm-elf/lib/thumb/interwork/libc.a(syscalls.o)
 *(.glue_7)
 .glue_7        0x0001387c       0x48 /home/acer-b/Mrogram/atinom/TOOLCHAIN/bin/../lib/gcc/arm-elf/4.1.0/thumb/interwork/libgcc.a(_fpcmp_parts_df.o)
                0x000138b8                __main_from_arm
                0x000138a0                __xQueueGenericSendFromISR_from_arm
                0x000138ac                __xQueueCreate_from_arm
                0x0001387c                __vTaskIncrementTick_from_arm
                0x00013894                __xQueueReceiveFromISR_from_arm
                0x00013888                __vTaskSwitchContext_from_arm
 *(.glue_7t)
 .glue_7t       0x000138c4       0x28 /home/acer-b/Mrogram/atinom/TOOLCHAIN/bin/../lib/gcc/arm-elf/4.1.0/thumb/interwork/libgcc.a(_fpcmp_parts_df.o)
                0x000138d0                __vPortEnterCritical_change_to_arm
                0x000138c4                __vSerialISRCreateQueues_from_thumb
                0x000138c8                __vSerialISRCreateQueues_change_to_arm
                0x000138d8                __vPortExitCritical_change_to_arm
                0x000138e4                __vPortISRStartFirstTask_from_thumb
                0x000138dc                __vPortDisableInterruptsFromThumb_from_thumb
                0x000138d4                __vPortExitCritical_from_thumb
                0x000138cc                __vPortEnterCritical_from_thumb
                0x000138e8                __vPortISRStartFirstTask_change_to_arm
                0x000138e0                __vPortDisableInterruptsFromThumb_change_to_arm
 *(.lokasi_font)
                0x000138ec                __end_of_text__ = .
                0x000138ec                __exidx_start = .

.ARM.exidx
 *(.ARM.exidx* .gnu.linkonce.armexidx.*)
                0x000138ec                __exidx_end = .

.data           0x40000000      0x9bc load address 0x000138ec
                0x40000000                __data_beg__ = .
                0x000138ec                __data_beg_src__ = __end_of_text__
 *(.data)
 .data          0x40000000        0x4 ../FreeRTOS_Source/portable/GCC/ARM7_LPC23xx/portISR.o
                0x40000000                ulCriticalNesting
 .data          0x40000004       0x38 ../tinysh/tinysh.o
 .data          0x4000003c      0x140 ../tinysh/shell.o
 .data          0x4000017c       0x18 ../webserver/httpd-cgi.o
 .data          0x40000194        0x4 /home/acer-b/Mrogram/atinom/TOOLCHAIN/bin/../lib/gcc/arm-elf/4.1.0/../../../../arm-elf/lib/thumb/interwork/libc.a(ctype_.o)
                0x40000194                __ctype_ptr
 .data          0x40000198      0x404 /home/acer-b/Mrogram/atinom/TOOLCHAIN/bin/../lib/gcc/arm-elf/4.1.0/../../../../arm-elf/lib/thumb/interwork/libc.a(impure.o)
                0x40000198                _impure_ptr
 .data          0x4000059c       0x10 /home/acer-b/Mrogram/atinom/TOOLCHAIN/bin/../lib/gcc/arm-elf/4.1.0/../../../../arm-elf/lib/thumb/interwork/libc.a(locale.o)
                0x4000059c                __mb_cur_max
                0x400005a0                __lc_ctype
 .data          0x400005ac      0x410 /home/acer-b/Mrogram/atinom/TOOLCHAIN/bin/../lib/gcc/arm-elf/4.1.0/../../../../arm-elf/lib/thumb/interwork/libc.a(mallocr.o)
                0x400009b8                __malloc_sbrk_base
                0x400005ac                __malloc_av_
                0x400009b4                __malloc_trim_threshold
                0x400009bc                __data_end__ = .

.bss            0x400009bc     0x57fc
                0x400009bc                __bss_beg__ = .
 *(.bss)
 .bss           0x400009bc        0xc ../serial/serialISR.o
 .bss           0x400009c8        0x8 main.o
                0x400009c8                loop_idle
 .bss           0x400009d0        0x4 ../system/syscall.o
 .bss           0x400009d4        0xc ../serial/serial.o
 .bss           0x400009e0       0xc0 ../FreeRTOS_Source/tasks.o
                0x400009e4                pxCurrentTCB
                0x400009e0                tick_ku
 .bss           0x40000aa0     0x481c ../FreeRTOS_Source/portable/MemMang/heap_2.o
 .bss           0x400052bc      0x31c ../tinysh/tinysh.o
 .bss           0x400055d8        0x8 ../tinysh/shell.o
                0x400055dc                tik_lama
                0x400055d8                uptime_ovflow
 .bss           0x400055e0        0x8 ../uip/hardware/enc28j60.o
                0x400055e4                error_ENC
                0x400055e0                ethRxPointer
 .bss           0x400055e8       0x18 ../uip/uip/uip.o
                0x400055ec                uip_ethaddr
                0x400055e8                uip_timeoffset
 .bss           0x40005600       0x60 ../uip/uip/uip_arp.o
 .bss           0x40005660       0x28 ../uip/uip/uip-fw.o
 .bss           0x40005688       0x10 ../uip/uip_task.o
                0x40005688                paket_per_menit
                0x4000568c                paket_kita
 .bss           0x40005698        0xc ../webserver/httpd-fs.o
 .bss           0x400056a4       0x24 ../webserver/httpd-cgi.o
                0x400056a4                lRefreshCount
 .bss           0x400056c8        0x4 ../adc/ad7708.o
 .bss           0x400056cc      0x294 ../uip/apps/telnetd/telnetd.o
 .bss           0x40005960        0xc /home/acer-b/Mrogram/atinom/TOOLCHAIN/bin/../lib/gcc/arm-elf/4.1.0/../../../../arm-elf/lib/thumb/interwork/libc.a(locale.o)
                0x40005960                __nlocale_changed
                0x40005964                __mlocale_changed
                0x40005968                _PathLocale
 .bss           0x4000596c       0x34 /home/acer-b/Mrogram/atinom/TOOLCHAIN/bin/../lib/gcc/arm-elf/4.1.0/../../../../arm-elf/lib/thumb/interwork/libc.a(mallocr.o)
                0x4000596c                __malloc_top_pad
                0x40005970                __malloc_max_sbrked_mem
                0x40005978                __malloc_current_mallinfo
                0x40005974                __malloc_max_total_mem
 .bss           0x400059a0       0xb0 /home/acer-b/Mrogram/atinom/TOOLCHAIN/bin/../lib/gcc/arm-elf/4.1.0/../../../../arm-elf/lib/thumb/interwork/libc.a(syscalls.o)
 COMMON         0x40005a50       0x80 ../GPIO/gpio_ISR.o
                0x40005a50                konter
 COMMON         0x40005ad0       0x20 main.o
                0x40005ad0                hdl_lcd
                0x40005ad4                tot_idle
                0x40005ad8                hdl_ether
                0x40005adc                hdl_tampilan
                0x40005ae0                hdl_shell
                0x40005ae4                lcd_sem
                0x40005ae8                idle_lama
                0x40005aec                hdl_led
 COMMON         0x40005af0      0x5f0 ../tinysh/enviro.o
                0x40005af0                command
                0x40005b04                iap_entry
                0x40005b08                result
                0x40005b10                env2
 COMMON         0x400060e0       0x42 ../uip/uip/uip.o
                0x400060e0                uip_len
                0x400060e4                uip_sappdata
                0x400060e8                uip_acc32
                0x400060ec                uip_flags
                0x400060f0                uip_udp_conn
                0x400060f4                uip_appdata
                0x400060f8                uip_conn
                0x400060fc                uip_sntpaddr
                0x40006100                uip_listenports
                0x40006114                uip_draddr
                0x40006118                uip_netmask
                0x4000611c                uip_hostaddr
                0x40006120                uip_slen
 *fill*         0x40006122        0x2 00
 COMMON         0x40006124        0x4 ../monita/monita_uip.o
                0x40006124                loop_kirim
 COMMON         0x40006128       0x10 ../webserver/httpd-cgi.o
                0x40006128                ulString
                0x4000612c                pcStatus
 COMMON         0x40006138       0x80 ../adc/ad7708.o
                0x40006138                st_adc
                0x400061b8                . = ALIGN (0x4)
                0x400061b8                _bss_end__ = .
                0x400061b8                __bss_end__ = .
                0x400061b8                __end__ = .

.usbram         0x7fd00400      0x280
                0x7fd00400                __usbram_beg__ = .
 *(.usb_text)
 .usb_text      0x7fd00400      0x280 ../uip/uip/uip.o
                0x7fd00400                uip_conns
 *(.dmaram)
                0x7fd00680                __usbram_end__ = .

.ethram         0x7fe00000     0x20dc
                0x7fe00000                __ethram_beg__ = .
 *(.ethram)
 *(.eth_test_text)
 *(.eth_test)
 .eth_test      0x7fe00000       0x80 ../serial/serial.o
                0x7fe00000                printbuffer
 .eth_test      0x7fe00080      0x714 ../uip/uip/uip.o
                0x7fe00080                uip_buf
                0x7fe00664                uip_udp_conns
 .eth_test      0x7fe00794      0x148 ../monita/monita_uip.o
                0x7fe00794                xdata
                0x7fe0088c                data_float
 .eth_test      0x7fe008dc     0x1800 ../webserver/httpd.o
                0x7fe008dc                head_buf
                0x7fe018dc                tot_buf_siap
                0x7fe010dc                tot_buf
                0x7fe020dc                __ethram_end__ = .
                0x7fe020dc                . = ALIGN (0x4)
                0x7fe020dc                _end = .
                0x7fe020dc                PROVIDE (end, .)
OUTPUT(komon_A.elf elf32-littlearm)

.comment        0x00000000      0x83a
 .comment       0x00000000       0x12 ../FreeRTOS_Source/portable/GCC/ARM7_LPC23xx/portISR.o
 .comment       0x00000012       0x12 ../serial/serialISR.o
 .comment       0x00000024       0x12 ../GPIO/gpio_ISR.o
 .comment       0x00000036       0x12 main.o
 .comment       0x00000048       0x12 ../system/setup_cpu.o
 .comment       0x0000005a       0x12 ../system/syscall.o
 .comment       0x0000006c       0x12 ../system/reset_cpu.o
 .comment       0x0000007e       0x12 ../serial/serial.o
 .comment       0x00000090       0x12 ../FreeRTOS_Source/queue.o
 .comment       0x000000a2       0x12 ../FreeRTOS_Source/tasks.o
 .comment       0x000000b4       0x12 ../FreeRTOS_Source/portable/GCC/ARM7_LPC23xx/port.o
 .comment       0x000000c6       0x12 ../FreeRTOS_Source/list.o
 .comment       0x000000d8       0x12 ../FreeRTOS_Source/portable/MemMang/heap_2.o
 .comment       0x000000ea       0x12 ../tinysh/tinysh.o
 .comment       0x000000fc       0x12 ../tinysh/shell.o
 .comment       0x0000010e       0x12 ../tinysh/enviro.o
 .comment       0x00000120       0x12 ../GPIO/gpio.o
 .comment       0x00000132       0x12 ../spi/spi.o
 .comment       0x00000144       0x12 ../uip/hardware/enc28j60.o
 .comment       0x00000156       0x12 ../uip/clock.o
 .comment       0x00000168       0x12 ../uip/lib/memb.o
 .comment       0x0000017a       0x12 ../uip/uip/uip.o
 .comment       0x0000018c       0x12 ../uip/uip/uip_arch.o
 .comment       0x0000019e       0x12 ../uip/uip/uip_arp.o
 .comment       0x000001b0       0x12 ../uip/uip/uip_timer.o
 .comment       0x000001c2       0x12 ../uip/uip/uip-fw.o
 .comment       0x000001d4       0x12 ../uip/uip/psock.o
 .comment       0x000001e6       0x12 ../uip/uip/uiplib.o
 .comment       0x000001f8       0x12 ../uip/uip_task.o
 .comment       0x0000020a       0x12 ../monita/monita_uip.o
 .comment       0x0000021c       0x12 ../webserver/httpd.o
 .comment       0x0000022e       0x12 ../webserver/httpd-fs.o
 .comment       0x00000240       0x12 ../webserver/http-strings.o
 .comment       0x00000252       0x12 ../webserver/httpd-cgi.o
 .comment       0x00000264       0x12 ../system/idle_hook.o
 .comment       0x00000276       0x12 ../adc/ad7708.o
 .comment       0x00000288       0x12 ../uip/apps/telnetd/telnetd.o
 .comment       0x0000029a       0x12 /home/acer-b/Mrogram/atinom/TOOLCHAIN/bin/../lib/gcc/arm-elf/4.1.0/../../../../arm-elf/lib/thumb/interwork/libc.a(memcpy.o)
 .comment       0x000002ac       0x12 /home/acer-b/Mrogram/atinom/TOOLCHAIN/bin/../lib/gcc/arm-elf/4.1.0/../../../../arm-elf/lib/thumb/interwork/libc.a(memset.o)
 .comment       0x000002be       0x12 /home/acer-b/Mrogram/atinom/TOOLCHAIN/bin/../lib/gcc/arm-elf/4.1.0/../../../../arm-elf/lib/thumb/interwork/libc.a(snprintf.o)
 .comment       0x000002d0       0x12 /home/acer-b/Mrogram/atinom/TOOLCHAIN/bin/../lib/gcc/arm-elf/4.1.0/../../../../arm-elf/lib/thumb/interwork/libc.a(sprintf.o)
 .comment       0x000002e2       0x12 /home/acer-b/Mrogram/atinom/TOOLCHAIN/bin/../lib/gcc/arm-elf/4.1.0/../../../../arm-elf/lib/thumb/interwork/libc.a(sscanf.o)
 .comment       0x000002f4       0x12 /home/acer-b/Mrogram/atinom/TOOLCHAIN/bin/../lib/gcc/arm-elf/4.1.0/../../../../arm-elf/lib/thumb/interwork/libc.a(strcat.o)
 .comment       0x00000306       0x12 /home/acer-b/Mrogram/atinom/TOOLCHAIN/bin/../lib/gcc/arm-elf/4.1.0/../../../../arm-elf/lib/thumb/interwork/libc.a(strchr.o)
 .comment       0x00000318       0x12 /home/acer-b/Mrogram/atinom/TOOLCHAIN/bin/../lib/gcc/arm-elf/4.1.0/../../../../arm-elf/lib/thumb/interwork/libc.a(strcmp.o)
 .comment       0x0000032a       0x12 /home/acer-b/Mrogram/atinom/TOOLCHAIN/bin/../lib/gcc/arm-elf/4.1.0/../../../../arm-elf/lib/thumb/interwork/libc.a(strcpy.o)
 .comment       0x0000033c       0x12 /home/acer-b/Mrogram/atinom/TOOLCHAIN/bin/../lib/gcc/arm-elf/4.1.0/../../../../arm-elf/lib/thumb/interwork/libc.a(strlen.o)
 .comment       0x0000034e       0x12 /home/acer-b/Mrogram/atinom/TOOLCHAIN/bin/../lib/gcc/arm-elf/4.1.0/../../../../arm-elf/lib/thumb/interwork/libc.a(strncmp.o)
 .comment       0x00000360       0x12 /home/acer-b/Mrogram/atinom/TOOLCHAIN/bin/../lib/gcc/arm-elf/4.1.0/../../../../arm-elf/lib/thumb/interwork/libc.a(strncpy.o)
 .comment       0x00000372       0x12 /home/acer-b/Mrogram/atinom/TOOLCHAIN/bin/../lib/gcc/arm-elf/4.1.0/../../../../arm-elf/lib/thumb/interwork/libc.a(strrchr.o)
 .comment       0x00000384       0x12 /home/acer-b/Mrogram/atinom/TOOLCHAIN/bin/../lib/gcc/arm-elf/4.1.0/../../../../arm-elf/lib/thumb/interwork/libc.a(vfprintf.o)
 .comment       0x00000396       0x12 /home/acer-b/Mrogram/atinom/TOOLCHAIN/bin/../lib/gcc/arm-elf/4.1.0/../../../../arm-elf/lib/thumb/interwork/libc.a(vfscanf.o)
 .comment       0x000003a8       0x12 /home/acer-b/Mrogram/atinom/TOOLCHAIN/bin/../lib/gcc/arm-elf/4.1.0/../../../../arm-elf/lib/thumb/interwork/libc.a(vsprintf.o)
 .comment       0x000003ba       0x12 /home/acer-b/Mrogram/atinom/TOOLCHAIN/bin/../lib/gcc/arm-elf/4.1.0/../../../../arm-elf/lib/thumb/interwork/libc.a(wcrtomb.o)
 .comment       0x000003cc       0x12 /home/acer-b/Mrogram/atinom/TOOLCHAIN/bin/../lib/gcc/arm-elf/4.1.0/../../../../arm-elf/lib/thumb/interwork/libc.a(wcsrtombs.o)
 .comment       0x000003de       0x12 /home/acer-b/Mrogram/atinom/TOOLCHAIN/bin/../lib/gcc/arm-elf/4.1.0/../../../../arm-elf/lib/thumb/interwork/libc.a(wctomb_r.o)
 .comment       0x000003f0       0x12 /home/acer-b/Mrogram/atinom/TOOLCHAIN/bin/../lib/gcc/arm-elf/4.1.0/../../../../arm-elf/lib/thumb/interwork/libc.a(wsetup.o)
 .comment       0x00000402       0x12 /home/acer-b/Mrogram/atinom/TOOLCHAIN/bin/../lib/gcc/arm-elf/4.1.0/../../../../arm-elf/lib/thumb/interwork/libc.a(ctype_.o)
 .comment       0x00000414       0x12 /home/acer-b/Mrogram/atinom/TOOLCHAIN/bin/../lib/gcc/arm-elf/4.1.0/../../../../arm-elf/lib/thumb/interwork/libc.a(dtoa.o)
 .comment       0x00000426       0x12 /home/acer-b/Mrogram/atinom/TOOLCHAIN/bin/../lib/gcc/arm-elf/4.1.0/../../../../arm-elf/lib/thumb/interwork/libc.a(fflush.o)
 .comment       0x00000438       0x12 /home/acer-b/Mrogram/atinom/TOOLCHAIN/bin/../lib/gcc/arm-elf/4.1.0/../../../../arm-elf/lib/thumb/interwork/libc.a(findfp.o)
 .comment       0x0000044a       0x12 /home/acer-b/Mrogram/atinom/TOOLCHAIN/bin/../lib/gcc/arm-elf/4.1.0/../../../../arm-elf/lib/thumb/interwork/libc.a(fread.o)
 .comment       0x0000045c       0x12 /home/acer-b/Mrogram/atinom/TOOLCHAIN/bin/../lib/gcc/arm-elf/4.1.0/../../../../arm-elf/lib/thumb/interwork/libc.a(freer.o)
 .comment       0x0000046e       0x12 /home/acer-b/Mrogram/atinom/TOOLCHAIN/bin/../lib/gcc/arm-elf/4.1.0/../../../../arm-elf/lib/thumb/interwork/libc.a(fvwrite.o)
 .comment       0x00000480       0x12 /home/acer-b/Mrogram/atinom/TOOLCHAIN/bin/../lib/gcc/arm-elf/4.1.0/../../../../arm-elf/lib/thumb/interwork/libc.a(fwalk.o)
 .comment       0x00000492       0x12 /home/acer-b/Mrogram/atinom/TOOLCHAIN/bin/../lib/gcc/arm-elf/4.1.0/../../../../arm-elf/lib/thumb/interwork/libc.a(impure.o)
 .comment       0x000004a4       0x12 /home/acer-b/Mrogram/atinom/TOOLCHAIN/bin/../lib/gcc/arm-elf/4.1.0/../../../../arm-elf/lib/thumb/interwork/libc.a(iswspace.o)
 .comment       0x000004b6       0x12 /home/acer-b/Mrogram/atinom/TOOLCHAIN/bin/../lib/gcc/arm-elf/4.1.0/../../../../arm-elf/lib/thumb/interwork/libc.a(locale.o)
 .comment       0x000004c8       0x12 /home/acer-b/Mrogram/atinom/TOOLCHAIN/bin/../lib/gcc/arm-elf/4.1.0/../../../../arm-elf/lib/thumb/interwork/libc.a(makebuf.o)
 .comment       0x000004da       0x12 /home/acer-b/Mrogram/atinom/TOOLCHAIN/bin/../lib/gcc/arm-elf/4.1.0/../../../../arm-elf/lib/thumb/interwork/libc.a(mallocr.o)
 .comment       0x000004ec       0x12 /home/acer-b/Mrogram/atinom/TOOLCHAIN/bin/../lib/gcc/arm-elf/4.1.0/../../../../arm-elf/lib/thumb/interwork/libc.a(mbrtowc.o)
 .comment       0x000004fe       0x12 /home/acer-b/Mrogram/atinom/TOOLCHAIN/bin/../lib/gcc/arm-elf/4.1.0/../../../../arm-elf/lib/thumb/interwork/libc.a(mbtowc_r.o)
 .comment       0x00000510       0x12 /home/acer-b/Mrogram/atinom/TOOLCHAIN/bin/../lib/gcc/arm-elf/4.1.0/../../../../arm-elf/lib/thumb/interwork/libc.a(memchr.o)
 .comment       0x00000522       0x12 /home/acer-b/Mrogram/atinom/TOOLCHAIN/bin/../lib/gcc/arm-elf/4.1.0/../../../../arm-elf/lib/thumb/interwork/libc.a(memmove.o)
 .comment       0x00000534       0x12 /home/acer-b/Mrogram/atinom/TOOLCHAIN/bin/../lib/gcc/arm-elf/4.1.0/../../../../arm-elf/lib/thumb/interwork/libc.a(mlock.o)
 .comment       0x00000546       0x12 /home/acer-b/Mrogram/atinom/TOOLCHAIN/bin/../lib/gcc/arm-elf/4.1.0/../../../../arm-elf/lib/thumb/interwork/libc.a(mprec.o)
 .comment       0x00000558       0x12 /home/acer-b/Mrogram/atinom/TOOLCHAIN/bin/../lib/gcc/arm-elf/4.1.0/../../../../arm-elf/lib/thumb/interwork/libc.a(reallocr.o)
 .comment       0x0000056a       0x12 /home/acer-b/Mrogram/atinom/TOOLCHAIN/bin/../lib/gcc/arm-elf/4.1.0/../../../../arm-elf/lib/thumb/interwork/libc.a(refill.o)
 .comment       0x0000057c       0x12 /home/acer-b/Mrogram/atinom/TOOLCHAIN/bin/../lib/gcc/arm-elf/4.1.0/../../../../arm-elf/lib/thumb/interwork/libc.a(s_isinf.o)
 .comment       0x0000058e       0x12 /home/acer-b/Mrogram/atinom/TOOLCHAIN/bin/../lib/gcc/arm-elf/4.1.0/../../../../arm-elf/lib/thumb/interwork/libc.a(s_isnan.o)
 .comment       0x000005a0       0x12 /home/acer-b/Mrogram/atinom/TOOLCHAIN/bin/../lib/gcc/arm-elf/4.1.0/../../../../arm-elf/lib/thumb/interwork/libc.a(sccl.o)
 .comment       0x000005b2       0x12 /home/acer-b/Mrogram/atinom/TOOLCHAIN/bin/../lib/gcc/arm-elf/4.1.0/../../../../arm-elf/lib/thumb/interwork/libc.a(sf_nan.o)
 .comment       0x000005c4       0x12 /home/acer-b/Mrogram/atinom/TOOLCHAIN/bin/../lib/gcc/arm-elf/4.1.0/../../../../arm-elf/lib/thumb/interwork/libc.a(stdio.o)
 .comment       0x000005d6       0x12 /home/acer-b/Mrogram/atinom/TOOLCHAIN/bin/../lib/gcc/arm-elf/4.1.0/../../../../arm-elf/lib/thumb/interwork/libc.a(strtod.o)
 .comment       0x000005e8       0x12 /home/acer-b/Mrogram/atinom/TOOLCHAIN/bin/../lib/gcc/arm-elf/4.1.0/../../../../arm-elf/lib/thumb/interwork/libc.a(strtol.o)
 .comment       0x000005fa       0x12 /home/acer-b/Mrogram/atinom/TOOLCHAIN/bin/../lib/gcc/arm-elf/4.1.0/../../../../arm-elf/lib/thumb/interwork/libc.a(strtoul.o)
 .comment       0x0000060c       0x12 /home/acer-b/Mrogram/atinom/TOOLCHAIN/bin/../lib/gcc/arm-elf/4.1.0/../../../../arm-elf/lib/thumb/interwork/libc.a(syscalls.o)
 .comment       0x0000061e       0x12 /home/acer-b/Mrogram/atinom/TOOLCHAIN/bin/../lib/gcc/arm-elf/4.1.0/../../../../arm-elf/lib/thumb/interwork/libc.a(ungetc.o)
 .comment       0x00000630       0x12 /home/acer-b/Mrogram/atinom/TOOLCHAIN/bin/../lib/gcc/arm-elf/4.1.0/../../../../arm-elf/lib/thumb/interwork/libc.a(callocr.o)
 .comment       0x00000642       0x12 /home/acer-b/Mrogram/atinom/TOOLCHAIN/bin/../lib/gcc/arm-elf/4.1.0/../../../../arm-elf/lib/thumb/interwork/libc.a(errno.o)
 .comment       0x00000654       0x12 /home/acer-b/Mrogram/atinom/TOOLCHAIN/bin/../lib/gcc/arm-elf/4.1.0/../../../../arm-elf/lib/thumb/interwork/libc.a(fclose.o)
 .comment       0x00000666       0x12 /home/acer-b/Mrogram/atinom/TOOLCHAIN/bin/../lib/gcc/arm-elf/4.1.0/../../../../arm-elf/lib/thumb/interwork/libc.a(s_nan.o)
 .comment       0x00000678       0x12 /home/acer-b/Mrogram/atinom/TOOLCHAIN/bin/../lib/gcc/arm-elf/4.1.0/thumb/interwork/libgcc.a(_addsub_sf.o)
 .comment       0x0000068a       0x12 /home/acer-b/Mrogram/atinom/TOOLCHAIN/bin/../lib/gcc/arm-elf/4.1.0/thumb/interwork/libgcc.a(_mul_sf.o)
 .comment       0x0000069c       0x12 /home/acer-b/Mrogram/atinom/TOOLCHAIN/bin/../lib/gcc/arm-elf/4.1.0/thumb/interwork/libgcc.a(_sf_to_df.o)
 .comment       0x000006ae       0x12 /home/acer-b/Mrogram/atinom/TOOLCHAIN/bin/../lib/gcc/arm-elf/4.1.0/thumb/interwork/libgcc.a(_thenan_sf.o)
 .comment       0x000006c0       0x12 /home/acer-b/Mrogram/atinom/TOOLCHAIN/bin/../lib/gcc/arm-elf/4.1.0/thumb/interwork/libgcc.a(_addsub_df.o)
 .comment       0x000006d2       0x12 /home/acer-b/Mrogram/atinom/TOOLCHAIN/bin/../lib/gcc/arm-elf/4.1.0/thumb/interwork/libgcc.a(_mul_df.o)
 .comment       0x000006e4       0x12 /home/acer-b/Mrogram/atinom/TOOLCHAIN/bin/../lib/gcc/arm-elf/4.1.0/thumb/interwork/libgcc.a(_div_df.o)
 .comment       0x000006f6       0x12 /home/acer-b/Mrogram/atinom/TOOLCHAIN/bin/../lib/gcc/arm-elf/4.1.0/thumb/interwork/libgcc.a(_eq_df.o)
 .comment       0x00000708       0x12 /home/acer-b/Mrogram/atinom/TOOLCHAIN/bin/../lib/gcc/arm-elf/4.1.0/thumb/interwork/libgcc.a(_ne_df.o)
 .comment       0x0000071a       0x12 /home/acer-b/Mrogram/atinom/TOOLCHAIN/bin/../lib/gcc/arm-elf/4.1.0/thumb/interwork/libgcc.a(_gt_df.o)
 .comment       0x0000072c       0x12 /home/acer-b/Mrogram/atinom/TOOLCHAIN/bin/../lib/gcc/arm-elf/4.1.0/thumb/interwork/libgcc.a(_ge_df.o)
 .comment       0x0000073e       0x12 /home/acer-b/Mrogram/atinom/TOOLCHAIN/bin/../lib/gcc/arm-elf/4.1.0/thumb/interwork/libgcc.a(_lt_df.o)
 .comment       0x00000750       0x12 /home/acer-b/Mrogram/atinom/TOOLCHAIN/bin/../lib/gcc/arm-elf/4.1.0/thumb/interwork/libgcc.a(_le_df.o)
 .comment       0x00000762       0x12 /home/acer-b/Mrogram/atinom/TOOLCHAIN/bin/../lib/gcc/arm-elf/4.1.0/thumb/interwork/libgcc.a(_si_to_df.o)
 .comment       0x00000774       0x12 /home/acer-b/Mrogram/atinom/TOOLCHAIN/bin/../lib/gcc/arm-elf/4.1.0/thumb/interwork/libgcc.a(_df_to_si.o)
 .comment       0x00000786       0x12 /home/acer-b/Mrogram/atinom/TOOLCHAIN/bin/../lib/gcc/arm-elf/4.1.0/thumb/interwork/libgcc.a(_make_df.o)
 .comment       0x00000798       0x12 /home/acer-b/Mrogram/atinom/TOOLCHAIN/bin/../lib/gcc/arm-elf/4.1.0/thumb/interwork/libgcc.a(_df_to_sf.o)
 .comment       0x000007aa       0x12 /home/acer-b/Mrogram/atinom/TOOLCHAIN/bin/../lib/gcc/arm-elf/4.1.0/thumb/interwork/libgcc.a(_thenan_df.o)
 .comment       0x000007bc       0x12 /home/acer-b/Mrogram/atinom/TOOLCHAIN/bin/../lib/gcc/arm-elf/4.1.0/thumb/interwork/libgcc.a(_muldi3.o)
 .comment       0x000007ce       0x12 /home/acer-b/Mrogram/atinom/TOOLCHAIN/bin/../lib/gcc/arm-elf/4.1.0/thumb/interwork/libgcc.a(_pack_sf.o)
 .comment       0x000007e0       0x12 /home/acer-b/Mrogram/atinom/TOOLCHAIN/bin/../lib/gcc/arm-elf/4.1.0/thumb/interwork/libgcc.a(_unpack_sf.o)
 .comment       0x000007f2       0x12 /home/acer-b/Mrogram/atinom/TOOLCHAIN/bin/../lib/gcc/arm-elf/4.1.0/thumb/interwork/libgcc.a(_make_sf.o)
 .comment       0x00000804       0x12 /home/acer-b/Mrogram/atinom/TOOLCHAIN/bin/../lib/gcc/arm-elf/4.1.0/thumb/interwork/libgcc.a(_pack_df.o)
 .comment       0x00000816       0x12 /home/acer-b/Mrogram/atinom/TOOLCHAIN/bin/../lib/gcc/arm-elf/4.1.0/thumb/interwork/libgcc.a(_unpack_df.o)
 .comment       0x00000828       0x12 /home/acer-b/Mrogram/atinom/TOOLCHAIN/bin/../lib/gcc/arm-elf/4.1.0/thumb/interwork/libgcc.a(_fpcmp_parts_df.o)

.debug_abbrev   0x00000000     0x6d9b
 .debug_abbrev  0x00000000       0x99 /home/acer-b/Mrogram/atinom/TOOLCHAIN/bin/../lib/gcc/arm-elf/4.1.0/../../../../arm-elf/lib/thumb/interwork/libc.a(memcpy.o)
 .debug_abbrev  0x00000099       0x9a /home/acer-b/Mrogram/atinom/TOOLCHAIN/bin/../lib/gcc/arm-elf/4.1.0/../../../../arm-elf/lib/thumb/interwork/libc.a(memset.o)
 .debug_abbrev  0x00000133      0x1a2 /home/acer-b/Mrogram/atinom/TOOLCHAIN/bin/../lib/gcc/arm-elf/4.1.0/../../../../arm-elf/lib/thumb/interwork/libc.a(snprintf.o)
 .debug_abbrev  0x000002d5      0x193 /home/acer-b/Mrogram/atinom/TOOLCHAIN/bin/../lib/gcc/arm-elf/4.1.0/../../../../arm-elf/lib/thumb/interwork/libc.a(sprintf.o)
 .debug_abbrev  0x00000468      0x1c8 /home/acer-b/Mrogram/atinom/TOOLCHAIN/bin/../lib/gcc/arm-elf/4.1.0/../../../../arm-elf/lib/thumb/interwork/libc.a(sscanf.o)
 .debug_abbrev  0x00000630       0x87 /home/acer-b/Mrogram/atinom/TOOLCHAIN/bin/../lib/gcc/arm-elf/4.1.0/../../../../arm-elf/lib/thumb/interwork/libc.a(strcat.o)
 .debug_abbrev  0x000006b7       0x8f /home/acer-b/Mrogram/atinom/TOOLCHAIN/bin/../lib/gcc/arm-elf/4.1.0/../../../../arm-elf/lib/thumb/interwork/libc.a(strchr.o)
 .debug_abbrev  0x00000746       0x71 /home/acer-b/Mrogram/atinom/TOOLCHAIN/bin/../lib/gcc/arm-elf/4.1.0/../../../../arm-elf/lib/thumb/interwork/libc.a(strcmp.o)
 .debug_abbrev  0x000007b7       0x80 /home/acer-b/Mrogram/atinom/TOOLCHAIN/bin/../lib/gcc/arm-elf/4.1.0/../../../../arm-elf/lib/thumb/interwork/libc.a(strcpy.o)
 .debug_abbrev  0x00000837       0x8b /home/acer-b/Mrogram/atinom/TOOLCHAIN/bin/../lib/gcc/arm-elf/4.1.0/../../../../arm-elf/lib/thumb/interwork/libc.a(strlen.o)
 .debug_abbrev  0x000008c2       0x7e /home/acer-b/Mrogram/atinom/TOOLCHAIN/bin/../lib/gcc/arm-elf/4.1.0/../../../../arm-elf/lib/thumb/interwork/libc.a(strncmp.o)
 .debug_abbrev  0x00000940       0x8d /home/acer-b/Mrogram/atinom/TOOLCHAIN/bin/../lib/gcc/arm-elf/4.1.0/../../../../arm-elf/lib/thumb/interwork/libc.a(strncpy.o)
 .debug_abbrev  0x000009cd       0x6f /home/acer-b/Mrogram/atinom/TOOLCHAIN/bin/../lib/gcc/arm-elf/4.1.0/../../../../arm-elf/lib/thumb/interwork/libc.a(strrchr.o)
 .debug_abbrev  0x00000a3c      0x356 /home/acer-b/Mrogram/atinom/TOOLCHAIN/bin/../lib/gcc/arm-elf/4.1.0/../../../../arm-elf/lib/thumb/interwork/libc.a(vfprintf.o)
 .debug_abbrev  0x00000d92      0x26d /home/acer-b/Mrogram/atinom/TOOLCHAIN/bin/../lib/gcc/arm-elf/4.1.0/../../../../arm-elf/lib/thumb/interwork/libc.a(vfscanf.o)
 .debug_abbrev  0x00000fff      0x17f /home/acer-b/Mrogram/atinom/TOOLCHAIN/bin/../lib/gcc/arm-elf/4.1.0/../../../../arm-elf/lib/thumb/interwork/libc.a(vsprintf.o)
 .debug_abbrev  0x0000117e      0x18e /home/acer-b/Mrogram/atinom/TOOLCHAIN/bin/../lib/gcc/arm-elf/4.1.0/../../../../arm-elf/lib/thumb/interwork/libc.a(wcrtomb.o)
 .debug_abbrev  0x0000130c      0x1a4 /home/acer-b/Mrogram/atinom/TOOLCHAIN/bin/../lib/gcc/arm-elf/4.1.0/../../../../arm-elf/lib/thumb/interwork/libc.a(wcsrtombs.o)
 .debug_abbrev  0x000014b0      0x1ab /home/acer-b/Mrogram/atinom/TOOLCHAIN/bin/../lib/gcc/arm-elf/4.1.0/../../../../arm-elf/lib/thumb/interwork/libc.a(wctomb_r.o)
 .debug_abbrev  0x0000165b      0x170 /home/acer-b/Mrogram/atinom/TOOLCHAIN/bin/../lib/gcc/arm-elf/4.1.0/../../../../arm-elf/lib/thumb/interwork/libc.a(wsetup.o)
 .debug_abbrev  0x000017cb       0x52 /home/acer-b/Mrogram/atinom/TOOLCHAIN/bin/../lib/gcc/arm-elf/4.1.0/../../../../arm-elf/lib/thumb/interwork/libc.a(ctype_.o)
 .debug_abbrev  0x0000181d      0x214 /home/acer-b/Mrogram/atinom/TOOLCHAIN/bin/../lib/gcc/arm-elf/4.1.0/../../../../arm-elf/lib/thumb/interwork/libc.a(dtoa.o)
 .debug_abbrev  0x00001a31      0x17f /home/acer-b/Mrogram/atinom/TOOLCHAIN/bin/../lib/gcc/arm-elf/4.1.0/../../../../arm-elf/lib/thumb/interwork/libc.a(fflush.o)
 .debug_abbrev  0x00001bb0      0x24a /home/acer-b/Mrogram/atinom/TOOLCHAIN/bin/../lib/gcc/arm-elf/4.1.0/../../../../arm-elf/lib/thumb/interwork/libc.a(findfp.o)
 .debug_abbrev  0x00001dfa      0x1c7 /home/acer-b/Mrogram/atinom/TOOLCHAIN/bin/../lib/gcc/arm-elf/4.1.0/../../../../arm-elf/lib/thumb/interwork/libc.a(fread.o)
 .debug_abbrev  0x00001fc1      0x1d9 /home/acer-b/Mrogram/atinom/TOOLCHAIN/bin/../lib/gcc/arm-elf/4.1.0/../../../../arm-elf/lib/thumb/interwork/libc.a(freer.o)
 .debug_abbrev  0x0000219a      0x1b4 /home/acer-b/Mrogram/atinom/TOOLCHAIN/bin/../lib/gcc/arm-elf/4.1.0/../../../../arm-elf/lib/thumb/interwork/libc.a(fvwrite.o)
 .debug_abbrev  0x0000234e      0x1e3 /home/acer-b/Mrogram/atinom/TOOLCHAIN/bin/../lib/gcc/arm-elf/4.1.0/../../../../arm-elf/lib/thumb/interwork/libc.a(fwalk.o)
 .debug_abbrev  0x00002531      0x157 /home/acer-b/Mrogram/atinom/TOOLCHAIN/bin/../lib/gcc/arm-elf/4.1.0/../../../../arm-elf/lib/thumb/interwork/libc.a(impure.o)
 .debug_abbrev  0x00002688       0x9f /home/acer-b/Mrogram/atinom/TOOLCHAIN/bin/../lib/gcc/arm-elf/4.1.0/../../../../arm-elf/lib/thumb/interwork/libc.a(iswspace.o)
 .debug_abbrev  0x00002727      0x20e /home/acer-b/Mrogram/atinom/TOOLCHAIN/bin/../lib/gcc/arm-elf/4.1.0/../../../../arm-elf/lib/thumb/interwork/libc.a(locale.o)
 .debug_abbrev  0x00002935      0x1a8 /home/acer-b/Mrogram/atinom/TOOLCHAIN/bin/../lib/gcc/arm-elf/4.1.0/../../../../arm-elf/lib/thumb/interwork/libc.a(makebuf.o)
 .debug_abbrev  0x00002add      0x216 /home/acer-b/Mrogram/atinom/TOOLCHAIN/bin/../lib/gcc/arm-elf/4.1.0/../../../../arm-elf/lib/thumb/interwork/libc.a(mallocr.o)
 .debug_abbrev  0x00002cf3      0x17f /home/acer-b/Mrogram/atinom/TOOLCHAIN/bin/../lib/gcc/arm-elf/4.1.0/../../../../arm-elf/lib/thumb/interwork/libc.a(mbrtowc.o)
 .debug_abbrev  0x00002e72      0x199 /home/acer-b/Mrogram/atinom/TOOLCHAIN/bin/../lib/gcc/arm-elf/4.1.0/../../../../arm-elf/lib/thumb/interwork/libc.a(mbtowc_r.o)
 .debug_abbrev  0x0000300b       0xb5 /home/acer-b/Mrogram/atinom/TOOLCHAIN/bin/../lib/gcc/arm-elf/4.1.0/../../../../arm-elf/lib/thumb/interwork/libc.a(memchr.o)
 .debug_abbrev  0x000030c0       0x99 /home/acer-b/Mrogram/atinom/TOOLCHAIN/bin/../lib/gcc/arm-elf/4.1.0/../../../../arm-elf/lib/thumb/interwork/libc.a(memmove.o)
 .debug_abbrev  0x00003159      0x16a /home/acer-b/Mrogram/atinom/TOOLCHAIN/bin/../lib/gcc/arm-elf/4.1.0/../../../../arm-elf/lib/thumb/interwork/libc.a(mlock.o)
 .debug_abbrev  0x000032c3      0x262 /home/acer-b/Mrogram/atinom/TOOLCHAIN/bin/../lib/gcc/arm-elf/4.1.0/../../../../arm-elf/lib/thumb/interwork/libc.a(mprec.o)
 .debug_abbrev  0x00003525      0x1c3 /home/acer-b/Mrogram/atinom/TOOLCHAIN/bin/../lib/gcc/arm-elf/4.1.0/../../../../arm-elf/lib/thumb/interwork/libc.a(reallocr.o)
 .debug_abbrev  0x000036e8      0x187 /home/acer-b/Mrogram/atinom/TOOLCHAIN/bin/../lib/gcc/arm-elf/4.1.0/../../../../arm-elf/lib/thumb/interwork/libc.a(refill.o)
 .debug_abbrev  0x0000386f       0x79 /home/acer-b/Mrogram/atinom/TOOLCHAIN/bin/../lib/gcc/arm-elf/4.1.0/../../../../arm-elf/lib/thumb/interwork/libc.a(s_isinf.o)
 .debug_abbrev  0x000038e8       0x79 /home/acer-b/Mrogram/atinom/TOOLCHAIN/bin/../lib/gcc/arm-elf/4.1.0/../../../../arm-elf/lib/thumb/interwork/libc.a(s_isnan.o)
 .debug_abbrev  0x00003961       0x84 /home/acer-b/Mrogram/atinom/TOOLCHAIN/bin/../lib/gcc/arm-elf/4.1.0/../../../../arm-elf/lib/thumb/interwork/libc.a(sccl.o)
 .debug_abbrev  0x000039e5       0x6d /home/acer-b/Mrogram/atinom/TOOLCHAIN/bin/../lib/gcc/arm-elf/4.1.0/../../../../arm-elf/lib/thumb/interwork/libc.a(sf_nan.o)
 .debug_abbrev  0x00003a52      0x1aa /home/acer-b/Mrogram/atinom/TOOLCHAIN/bin/../lib/gcc/arm-elf/4.1.0/../../../../arm-elf/lib/thumb/interwork/libc.a(stdio.o)
 .debug_abbrev  0x00003bfc      0x21a /home/acer-b/Mrogram/atinom/TOOLCHAIN/bin/../lib/gcc/arm-elf/4.1.0/../../../../arm-elf/lib/thumb/interwork/libc.a(strtod.o)
 .debug_abbrev  0x00003e16      0x1ae /home/acer-b/Mrogram/atinom/TOOLCHAIN/bin/../lib/gcc/arm-elf/4.1.0/../../../../arm-elf/lib/thumb/interwork/libc.a(strtol.o)
 .debug_abbrev  0x00003fc4      0x1ac /home/acer-b/Mrogram/atinom/TOOLCHAIN/bin/../lib/gcc/arm-elf/4.1.0/../../../../arm-elf/lib/thumb/interwork/libc.a(strtoul.o)
 .debug_abbrev  0x00004170      0x3e4 /home/acer-b/Mrogram/atinom/TOOLCHAIN/bin/../lib/gcc/arm-elf/4.1.0/../../../../arm-elf/lib/thumb/interwork/libc.a(syscalls.o)
 .debug_abbrev  0x00004554      0x18e /home/acer-b/Mrogram/atinom/TOOLCHAIN/bin/../lib/gcc/arm-elf/4.1.0/../../../../arm-elf/lib/thumb/interwork/libc.a(ungetc.o)
 .debug_abbrev  0x000046e2      0x1af /home/acer-b/Mrogram/atinom/TOOLCHAIN/bin/../lib/gcc/arm-elf/4.1.0/../../../../arm-elf/lib/thumb/interwork/libc.a(callocr.o)
 .debug_abbrev  0x00004891      0x15f /home/acer-b/Mrogram/atinom/TOOLCHAIN/bin/../lib/gcc/arm-elf/4.1.0/../../../../arm-elf/lib/thumb/interwork/libc.a(errno.o)
 .debug_abbrev  0x000049f0      0x18e /home/acer-b/Mrogram/atinom/TOOLCHAIN/bin/../lib/gcc/arm-elf/4.1.0/../../../../arm-elf/lib/thumb/interwork/libc.a(fclose.o)
 .debug_abbrev  0x00004b7e       0xd5 /home/acer-b/Mrogram/atinom/TOOLCHAIN/bin/../lib/gcc/arm-elf/4.1.0/../../../../arm-elf/lib/thumb/interwork/libc.a(s_nan.o)
 .debug_abbrev  0x00004c53       0x14 /home/acer-b/Mrogram/atinom/TOOLCHAIN/bin/../lib/gcc/arm-elf/4.1.0/thumb/interwork/libgcc.a(_udivsi3.o)
 .debug_abbrev  0x00004c67       0x14 /home/acer-b/Mrogram/atinom/TOOLCHAIN/bin/../lib/gcc/arm-elf/4.1.0/thumb/interwork/libgcc.a(_divsi3.o)
 .debug_abbrev  0x00004c7b       0x14 /home/acer-b/Mrogram/atinom/TOOLCHAIN/bin/../lib/gcc/arm-elf/4.1.0/thumb/interwork/libgcc.a(_umodsi3.o)
 .debug_abbrev  0x00004c8f       0x14 /home/acer-b/Mrogram/atinom/TOOLCHAIN/bin/../lib/gcc/arm-elf/4.1.0/thumb/interwork/libgcc.a(_modsi3.o)
 .debug_abbrev  0x00004ca3       0x14 /home/acer-b/Mrogram/atinom/TOOLCHAIN/bin/../lib/gcc/arm-elf/4.1.0/thumb/interwork/libgcc.a(_dvmd_tls.o)
 .debug_abbrev  0x00004cb7      0x1a8 /home/acer-b/Mrogram/atinom/TOOLCHAIN/bin/../lib/gcc/arm-elf/4.1.0/thumb/interwork/libgcc.a(_addsub_sf.o)
 .debug_abbrev  0x00004e5f      0x1e7 /home/acer-b/Mrogram/atinom/TOOLCHAIN/bin/../lib/gcc/arm-elf/4.1.0/thumb/interwork/libgcc.a(_mul_sf.o)
 .debug_abbrev  0x00005046      0x128 /home/acer-b/Mrogram/atinom/TOOLCHAIN/bin/../lib/gcc/arm-elf/4.1.0/thumb/interwork/libgcc.a(_sf_to_df.o)
 .debug_abbrev  0x0000516e       0xba /home/acer-b/Mrogram/atinom/TOOLCHAIN/bin/../lib/gcc/arm-elf/4.1.0/thumb/interwork/libgcc.a(_thenan_sf.o)
 .debug_abbrev  0x00005228      0x1a8 /home/acer-b/Mrogram/atinom/TOOLCHAIN/bin/../lib/gcc/arm-elf/4.1.0/thumb/interwork/libgcc.a(_addsub_df.o)
 .debug_abbrev  0x000053d0      0x1e7 /home/acer-b/Mrogram/atinom/TOOLCHAIN/bin/../lib/gcc/arm-elf/4.1.0/thumb/interwork/libgcc.a(_mul_df.o)
 .debug_abbrev  0x000055b7      0x1d9 /home/acer-b/Mrogram/atinom/TOOLCHAIN/bin/../lib/gcc/arm-elf/4.1.0/thumb/interwork/libgcc.a(_div_df.o)
 .debug_abbrev  0x00005790      0x157 /home/acer-b/Mrogram/atinom/TOOLCHAIN/bin/../lib/gcc/arm-elf/4.1.0/thumb/interwork/libgcc.a(_eq_df.o)
 .debug_abbrev  0x000058e7      0x157 /home/acer-b/Mrogram/atinom/TOOLCHAIN/bin/../lib/gcc/arm-elf/4.1.0/thumb/interwork/libgcc.a(_ne_df.o)
 .debug_abbrev  0x00005a3e      0x157 /home/acer-b/Mrogram/atinom/TOOLCHAIN/bin/../lib/gcc/arm-elf/4.1.0/thumb/interwork/libgcc.a(_gt_df.o)
 .debug_abbrev  0x00005b95      0x157 /home/acer-b/Mrogram/atinom/TOOLCHAIN/bin/../lib/gcc/arm-elf/4.1.0/thumb/interwork/libgcc.a(_ge_df.o)
 .debug_abbrev  0x00005cec      0x157 /home/acer-b/Mrogram/atinom/TOOLCHAIN/bin/../lib/gcc/arm-elf/4.1.0/thumb/interwork/libgcc.a(_lt_df.o)
 .debug_abbrev  0x00005e43      0x157 /home/acer-b/Mrogram/atinom/TOOLCHAIN/bin/../lib/gcc/arm-elf/4.1.0/thumb/interwork/libgcc.a(_le_df.o)
 .debug_abbrev  0x00005f9a       0xf1 /home/acer-b/Mrogram/atinom/TOOLCHAIN/bin/../lib/gcc/arm-elf/4.1.0/thumb/interwork/libgcc.a(_si_to_df.o)
 .debug_abbrev  0x0000608b      0x166 /home/acer-b/Mrogram/atinom/TOOLCHAIN/bin/../lib/gcc/arm-elf/4.1.0/thumb/interwork/libgcc.a(_df_to_si.o)
 .debug_abbrev  0x000061f1      0x10f /home/acer-b/Mrogram/atinom/TOOLCHAIN/bin/../lib/gcc/arm-elf/4.1.0/thumb/interwork/libgcc.a(_make_df.o)
 .debug_abbrev  0x00006300      0x137 /home/acer-b/Mrogram/atinom/TOOLCHAIN/bin/../lib/gcc/arm-elf/4.1.0/thumb/interwork/libgcc.a(_df_to_sf.o)
 .debug_abbrev  0x00006437       0xba /home/acer-b/Mrogram/atinom/TOOLCHAIN/bin/../lib/gcc/arm-elf/4.1.0/thumb/interwork/libgcc.a(_thenan_df.o)
 .debug_abbrev  0x000064f1       0xec /home/acer-b/Mrogram/atinom/TOOLCHAIN/bin/../lib/gcc/arm-elf/4.1.0/thumb/interwork/libgcc.a(_muldi3.o)
 .debug_abbrev  0x000065dd      0x17a /home/acer-b/Mrogram/atinom/TOOLCHAIN/bin/../lib/gcc/arm-elf/4.1.0/thumb/interwork/libgcc.a(_pack_sf.o)
 .debug_abbrev  0x00006757      0x158 /home/acer-b/Mrogram/atinom/TOOLCHAIN/bin/../lib/gcc/arm-elf/4.1.0/thumb/interwork/libgcc.a(_unpack_sf.o)
 .debug_abbrev  0x000068af      0x100 /home/acer-b/Mrogram/atinom/TOOLCHAIN/bin/../lib/gcc/arm-elf/4.1.0/thumb/interwork/libgcc.a(_make_sf.o)
 .debug_abbrev  0x000069af      0x192 /home/acer-b/Mrogram/atinom/TOOLCHAIN/bin/../lib/gcc/arm-elf/4.1.0/thumb/interwork/libgcc.a(_pack_df.o)
 .debug_abbrev  0x00006b41      0x149 /home/acer-b/Mrogram/atinom/TOOLCHAIN/bin/../lib/gcc/arm-elf/4.1.0/thumb/interwork/libgcc.a(_unpack_df.o)
 .debug_abbrev  0x00006c8a      0x111 /home/acer-b/Mrogram/atinom/TOOLCHAIN/bin/../lib/gcc/arm-elf/4.1.0/thumb/interwork/libgcc.a(_fpcmp_parts_df.o)

.debug_info     0x00000000    0x1ee1e
 .debug_info    0x00000000      0x10e /home/acer-b/Mrogram/atinom/TOOLCHAIN/bin/../lib/gcc/arm-elf/4.1.0/../../../../arm-elf/lib/thumb/interwork/libc.a(memcpy.o)
 .debug_info    0x0000010e      0x112 /home/acer-b/Mrogram/atinom/TOOLCHAIN/bin/../lib/gcc/arm-elf/4.1.0/../../../../arm-elf/lib/thumb/interwork/libc.a(memset.o)
 .debug_info    0x00000220      0xa22 /home/acer-b/Mrogram/atinom/TOOLCHAIN/bin/../lib/gcc/arm-elf/4.1.0/../../../../arm-elf/lib/thumb/interwork/libc.a(snprintf.o)
 .debug_info    0x00000c42      0xa02 /home/acer-b/Mrogram/atinom/TOOLCHAIN/bin/../lib/gcc/arm-elf/4.1.0/../../../../arm-elf/lib/thumb/interwork/libc.a(sprintf.o)
 .debug_info    0x00001644      0xa4c /home/acer-b/Mrogram/atinom/TOOLCHAIN/bin/../lib/gcc/arm-elf/4.1.0/../../../../arm-elf/lib/thumb/interwork/libc.a(sscanf.o)
 .debug_info    0x00002090       0xe6 /home/acer-b/Mrogram/atinom/TOOLCHAIN/bin/../lib/gcc/arm-elf/4.1.0/../../../../arm-elf/lib/thumb/interwork/libc.a(strcat.o)
 .debug_info    0x00002176      0x111 /home/acer-b/Mrogram/atinom/TOOLCHAIN/bin/../lib/gcc/arm-elf/4.1.0/../../../../arm-elf/lib/thumb/interwork/libc.a(strchr.o)
 .debug_info    0x00002287       0xda /home/acer-b/Mrogram/atinom/TOOLCHAIN/bin/../lib/gcc/arm-elf/4.1.0/../../../../arm-elf/lib/thumb/interwork/libc.a(strcmp.o)
 .debug_info    0x00002361      0x10d /home/acer-b/Mrogram/atinom/TOOLCHAIN/bin/../lib/gcc/arm-elf/4.1.0/../../../../arm-elf/lib/thumb/interwork/libc.a(strcpy.o)
 .debug_info    0x0000246e       0xd6 /home/acer-b/Mrogram/atinom/TOOLCHAIN/bin/../lib/gcc/arm-elf/4.1.0/../../../../arm-elf/lib/thumb/interwork/libc.a(strlen.o)
 .debug_info    0x00002544       0xf2 /home/acer-b/Mrogram/atinom/TOOLCHAIN/bin/../lib/gcc/arm-elf/4.1.0/../../../../arm-elf/lib/thumb/interwork/libc.a(strncmp.o)
 .debug_info    0x00002636      0x127 /home/acer-b/Mrogram/atinom/TOOLCHAIN/bin/../lib/gcc/arm-elf/4.1.0/../../../../arm-elf/lib/thumb/interwork/libc.a(strncpy.o)
 .debug_info    0x0000275d       0xc7 /home/acer-b/Mrogram/atinom/TOOLCHAIN/bin/../lib/gcc/arm-elf/4.1.0/../../../../arm-elf/lib/thumb/interwork/libc.a(strrchr.o)
 .debug_info    0x00002824     0x10eb /home/acer-b/Mrogram/atinom/TOOLCHAIN/bin/../lib/gcc/arm-elf/4.1.0/../../../../arm-elf/lib/thumb/interwork/libc.a(vfprintf.o)
 .debug_info    0x0000390f      0xe13 /home/acer-b/Mrogram/atinom/TOOLCHAIN/bin/../lib/gcc/arm-elf/4.1.0/../../../../arm-elf/lib/thumb/interwork/libc.a(vfscanf.o)
 .debug_info    0x00004722      0x9f7 /home/acer-b/Mrogram/atinom/TOOLCHAIN/bin/../lib/gcc/arm-elf/4.1.0/../../../../arm-elf/lib/thumb/interwork/libc.a(vsprintf.o)
 .debug_info    0x00005119      0x9ef /home/acer-b/Mrogram/atinom/TOOLCHAIN/bin/../lib/gcc/arm-elf/4.1.0/../../../../arm-elf/lib/thumb/interwork/libc.a(wcrtomb.o)
 .debug_info    0x00005b08      0xa84 /home/acer-b/Mrogram/atinom/TOOLCHAIN/bin/../lib/gcc/arm-elf/4.1.0/../../../../arm-elf/lib/thumb/interwork/libc.a(wcsrtombs.o)
 .debug_info    0x0000658c      0x9f7 /home/acer-b/Mrogram/atinom/TOOLCHAIN/bin/../lib/gcc/arm-elf/4.1.0/../../../../arm-elf/lib/thumb/interwork/libc.a(wctomb_r.o)
 .debug_info    0x00006f83      0x93a /home/acer-b/Mrogram/atinom/TOOLCHAIN/bin/../lib/gcc/arm-elf/4.1.0/../../../../arm-elf/lib/thumb/interwork/libc.a(wsetup.o)
 .debug_info    0x000078bd       0x79 /home/acer-b/Mrogram/atinom/TOOLCHAIN/bin/../lib/gcc/arm-elf/4.1.0/../../../../arm-elf/lib/thumb/interwork/libc.a(ctype_.o)
 .debug_info    0x00007936      0xd65 /home/acer-b/Mrogram/atinom/TOOLCHAIN/bin/../lib/gcc/arm-elf/4.1.0/../../../../arm-elf/lib/thumb/interwork/libc.a(dtoa.o)
 .debug_info    0x0000869b      0x974 /home/acer-b/Mrogram/atinom/TOOLCHAIN/bin/../lib/gcc/arm-elf/4.1.0/../../../../arm-elf/lib/thumb/interwork/libc.a(fflush.o)
 .debug_info    0x0000900f      0xb67 /home/acer-b/Mrogram/atinom/TOOLCHAIN/bin/../lib/gcc/arm-elf/4.1.0/../../../../arm-elf/lib/thumb/interwork/libc.a(findfp.o)
 .debug_info    0x00009b76      0x9fc /home/acer-b/Mrogram/atinom/TOOLCHAIN/bin/../lib/gcc/arm-elf/4.1.0/../../../../arm-elf/lib/thumb/interwork/libc.a(fread.o)
 .debug_info    0x0000a572      0xbb5 /home/acer-b/Mrogram/atinom/TOOLCHAIN/bin/../lib/gcc/arm-elf/4.1.0/../../../../arm-elf/lib/thumb/interwork/libc.a(freer.o)
 .debug_info    0x0000b127      0xa5f /home/acer-b/Mrogram/atinom/TOOLCHAIN/bin/../lib/gcc/arm-elf/4.1.0/../../../../arm-elf/lib/thumb/interwork/libc.a(fvwrite.o)
 .debug_info    0x0000bb86      0xad9 /home/acer-b/Mrogram/atinom/TOOLCHAIN/bin/../lib/gcc/arm-elf/4.1.0/../../../../arm-elf/lib/thumb/interwork/libc.a(fwalk.o)
 .debug_info    0x0000c65f      0x922 /home/acer-b/Mrogram/atinom/TOOLCHAIN/bin/../lib/gcc/arm-elf/4.1.0/../../../../arm-elf/lib/thumb/interwork/libc.a(impure.o)
 .debug_info    0x0000cf81       0xe8 /home/acer-b/Mrogram/atinom/TOOLCHAIN/bin/../lib/gcc/arm-elf/4.1.0/../../../../arm-elf/lib/thumb/interwork/libc.a(iswspace.o)
 .debug_info    0x0000d069      0xb82 /home/acer-b/Mrogram/atinom/TOOLCHAIN/bin/../lib/gcc/arm-elf/4.1.0/../../../../arm-elf/lib/thumb/interwork/libc.a(locale.o)
 .debug_info    0x0000dbeb      0xad9 /home/acer-b/Mrogram/atinom/TOOLCHAIN/bin/../lib/gcc/arm-elf/4.1.0/../../../../arm-elf/lib/thumb/interwork/libc.a(makebuf.o)
 .debug_info    0x0000e6c4      0xcbc /home/acer-b/Mrogram/atinom/TOOLCHAIN/bin/../lib/gcc/arm-elf/4.1.0/../../../../arm-elf/lib/thumb/interwork/libc.a(mallocr.o)
 .debug_info    0x0000f380      0x9f3 /home/acer-b/Mrogram/atinom/TOOLCHAIN/bin/../lib/gcc/arm-elf/4.1.0/../../../../arm-elf/lib/thumb/interwork/libc.a(mbrtowc.o)
 .debug_info    0x0000fd73      0x98d /home/acer-b/Mrogram/atinom/TOOLCHAIN/bin/../lib/gcc/arm-elf/4.1.0/../../../../arm-elf/lib/thumb/interwork/libc.a(mbtowc_r.o)
 .debug_info    0x00010700      0x133 /home/acer-b/Mrogram/atinom/TOOLCHAIN/bin/../lib/gcc/arm-elf/4.1.0/../../../../arm-elf/lib/thumb/interwork/libc.a(memchr.o)
 .debug_info    0x00010833      0x13f /home/acer-b/Mrogram/atinom/TOOLCHAIN/bin/../lib/gcc/arm-elf/4.1.0/../../../../arm-elf/lib/thumb/interwork/libc.a(memmove.o)
 .debug_info    0x00010972      0x93c /home/acer-b/Mrogram/atinom/TOOLCHAIN/bin/../lib/gcc/arm-elf/4.1.0/../../../../arm-elf/lib/thumb/interwork/libc.a(mlock.o)
 .debug_info    0x000112ae     0x1336 /home/acer-b/Mrogram/atinom/TOOLCHAIN/bin/../lib/gcc/arm-elf/4.1.0/../../../../arm-elf/lib/thumb/interwork/libc.a(mprec.o)
 .debug_info    0x000125e4      0xbc7 /home/acer-b/Mrogram/atinom/TOOLCHAIN/bin/../lib/gcc/arm-elf/4.1.0/../../../../arm-elf/lib/thumb/interwork/libc.a(reallocr.o)
 .debug_info    0x000131ab      0x978 /home/acer-b/Mrogram/atinom/TOOLCHAIN/bin/../lib/gcc/arm-elf/4.1.0/../../../../arm-elf/lib/thumb/interwork/libc.a(refill.o)
 .debug_info    0x00013b23       0xd7 /home/acer-b/Mrogram/atinom/TOOLCHAIN/bin/../lib/gcc/arm-elf/4.1.0/../../../../arm-elf/lib/thumb/interwork/libc.a(s_isinf.o)
 .debug_info    0x00013bfa       0xd5 /home/acer-b/Mrogram/atinom/TOOLCHAIN/bin/../lib/gcc/arm-elf/4.1.0/../../../../arm-elf/lib/thumb/interwork/libc.a(s_isnan.o)
 .debug_info    0x00013ccf       0xff /home/acer-b/Mrogram/atinom/TOOLCHAIN/bin/../lib/gcc/arm-elf/4.1.0/../../../../arm-elf/lib/thumb/interwork/libc.a(sccl.o)
 .debug_info    0x00013dce       0xca /home/acer-b/Mrogram/atinom/TOOLCHAIN/bin/../lib/gcc/arm-elf/4.1.0/../../../../arm-elf/lib/thumb/interwork/libc.a(sf_nan.o)
 .debug_info    0x00013e98      0xa74 /home/acer-b/Mrogram/atinom/TOOLCHAIN/bin/../lib/gcc/arm-elf/4.1.0/../../../../arm-elf/lib/thumb/interwork/libc.a(stdio.o)
 .debug_info    0x0001490c      0xd28 /home/acer-b/Mrogram/atinom/TOOLCHAIN/bin/../lib/gcc/arm-elf/4.1.0/../../../../arm-elf/lib/thumb/interwork/libc.a(strtod.o)
 .debug_info    0x00015634      0xa11 /home/acer-b/Mrogram/atinom/TOOLCHAIN/bin/../lib/gcc/arm-elf/4.1.0/../../../../arm-elf/lib/thumb/interwork/libc.a(strtol.o)
 .debug_info    0x00016045      0xa09 /home/acer-b/Mrogram/atinom/TOOLCHAIN/bin/../lib/gcc/arm-elf/4.1.0/../../../../arm-elf/lib/thumb/interwork/libc.a(strtoul.o)
 .debug_info    0x00016a4e     0x15d2 /home/acer-b/Mrogram/atinom/TOOLCHAIN/bin/../lib/gcc/arm-elf/4.1.0/../../../../arm-elf/lib/thumb/interwork/libc.a(syscalls.o)
 .debug_info    0x00018020      0x9e4 /home/acer-b/Mrogram/atinom/TOOLCHAIN/bin/../lib/gcc/arm-elf/4.1.0/../../../../arm-elf/lib/thumb/interwork/libc.a(ungetc.o)
 .debug_info    0x00018a04      0xa03 /home/acer-b/Mrogram/atinom/TOOLCHAIN/bin/../lib/gcc/arm-elf/4.1.0/../../../../arm-elf/lib/thumb/interwork/libc.a(callocr.o)
 .debug_info    0x00019407      0x913 /home/acer-b/Mrogram/atinom/TOOLCHAIN/bin/../lib/gcc/arm-elf/4.1.0/../../../../arm-elf/lib/thumb/interwork/libc.a(errno.o)
 .debug_info    0x00019d1a      0x982 /home/acer-b/Mrogram/atinom/TOOLCHAIN/bin/../lib/gcc/arm-elf/4.1.0/../../../../arm-elf/lib/thumb/interwork/libc.a(fclose.o)
 .debug_info    0x0001a69c      0x146 /home/acer-b/Mrogram/atinom/TOOLCHAIN/bin/../lib/gcc/arm-elf/4.1.0/../../../../arm-elf/lib/thumb/interwork/libc.a(s_nan.o)
 .debug_info    0x0001a7e2       0x88 /home/acer-b/Mrogram/atinom/TOOLCHAIN/bin/../lib/gcc/arm-elf/4.1.0/thumb/interwork/libgcc.a(_udivsi3.o)
 .debug_info    0x0001a86a       0x88 /home/acer-b/Mrogram/atinom/TOOLCHAIN/bin/../lib/gcc/arm-elf/4.1.0/thumb/interwork/libgcc.a(_divsi3.o)
 .debug_info    0x0001a8f2       0x88 /home/acer-b/Mrogram/atinom/TOOLCHAIN/bin/../lib/gcc/arm-elf/4.1.0/thumb/interwork/libgcc.a(_umodsi3.o)
 .debug_info    0x0001a97a       0x88 /home/acer-b/Mrogram/atinom/TOOLCHAIN/bin/../lib/gcc/arm-elf/4.1.0/thumb/interwork/libgcc.a(_modsi3.o)
 .debug_info    0x0001aa02       0x88 /home/acer-b/Mrogram/atinom/TOOLCHAIN/bin/../lib/gcc/arm-elf/4.1.0/thumb/interwork/libgcc.a(_dvmd_tls.o)
 .debug_info    0x0001aa8a      0x46f /home/acer-b/Mrogram/atinom/TOOLCHAIN/bin/../lib/gcc/arm-elf/4.1.0/thumb/interwork/libgcc.a(_addsub_sf.o)
 .debug_info    0x0001aef9      0x3bf /home/acer-b/Mrogram/atinom/TOOLCHAIN/bin/../lib/gcc/arm-elf/4.1.0/thumb/interwork/libgcc.a(_mul_sf.o)
 .debug_info    0x0001b2b8      0x245 /home/acer-b/Mrogram/atinom/TOOLCHAIN/bin/../lib/gcc/arm-elf/4.1.0/thumb/interwork/libgcc.a(_sf_to_df.o)
 .debug_info    0x0001b4fd      0x164 /home/acer-b/Mrogram/atinom/TOOLCHAIN/bin/../lib/gcc/arm-elf/4.1.0/thumb/interwork/libgcc.a(_thenan_sf.o)
 .debug_info    0x0001b661      0x47d /home/acer-b/Mrogram/atinom/TOOLCHAIN/bin/../lib/gcc/arm-elf/4.1.0/thumb/interwork/libgcc.a(_addsub_df.o)
 .debug_info    0x0001bade      0x473 /home/acer-b/Mrogram/atinom/TOOLCHAIN/bin/../lib/gcc/arm-elf/4.1.0/thumb/interwork/libgcc.a(_mul_df.o)
 .debug_info    0x0001bf51      0x3ad /home/acer-b/Mrogram/atinom/TOOLCHAIN/bin/../lib/gcc/arm-elf/4.1.0/thumb/interwork/libgcc.a(_div_df.o)
 .debug_info    0x0001c2fe      0x2aa /home/acer-b/Mrogram/atinom/TOOLCHAIN/bin/../lib/gcc/arm-elf/4.1.0/thumb/interwork/libgcc.a(_eq_df.o)
 .debug_info    0x0001c5a8      0x2aa /home/acer-b/Mrogram/atinom/TOOLCHAIN/bin/../lib/gcc/arm-elf/4.1.0/thumb/interwork/libgcc.a(_ne_df.o)
 .debug_info    0x0001c852      0x2aa /home/acer-b/Mrogram/atinom/TOOLCHAIN/bin/../lib/gcc/arm-elf/4.1.0/thumb/interwork/libgcc.a(_gt_df.o)