Archive member included because of file (symbol)

/home/afrendy/projconto/atinom_lipi/atinom-lipi/TOOLCHAIN/bin/../lib/gcc/arm-elf/4.1.0/../../../../arm-elf/lib/thumb/interwork/libc.a(ctime.o)
                              ../fatfs/simpan_file.o (ctime)
/home/afrendy/projconto/atinom_lipi/atinom-lipi/TOOLCHAIN/bin/../lib/gcc/arm-elf/4.1.0/../../../../arm-elf/lib/thumb/interwork/libc.a(div.o)
                              LCD/lcd_320.o (div)
/home/afrendy/projconto/atinom_lipi/atinom-lipi/TOOLCHAIN/bin/../lib/gcc/arm-elf/4.1.0/../../../../arm-elf/lib/thumb/interwork/libc.a(lcltime.o)
                              /home/afrendy/projconto/atinom_lipi/atinom-lipi/TOOLCHAIN/bin/../lib/gcc/arm-elf/4.1.0/../../../../arm-elf/lib/thumb/interwork/libc.a(ctime.o) (localtime)
/home/afrendy/projconto/atinom_lipi/atinom-lipi/TOOLCHAIN/bin/../lib/gcc/arm-elf/4.1.0/../../../../arm-elf/lib/thumb/interwork/libc.a(lcltime_r.o)
                              /home/afrendy/projconto/atinom_lipi/atinom-lipi/TOOLCHAIN/bin/../lib/gcc/arm-elf/4.1.0/../../../../arm-elf/lib/thumb/interwork/libc.a(lcltime.o) (localtime_r)
/home/afrendy/projconto/atinom_lipi/atinom-lipi/TOOLCHAIN/bin/../lib/gcc/arm-elf/4.1.0/../../../../arm-elf/lib/thumb/interwork/libc.a(malloc.o)
                              ../tinysh/shell.o (free)
/home/afrendy/projconto/atinom_lipi/atinom-lipi/TOOLCHAIN/bin/../lib/gcc/arm-elf/4.1.0/../../../../arm-elf/lib/thumb/interwork/libc.a(mallocr.o)
                              /home/afrendy/projconto/atinom_lipi/atinom-lipi/TOOLCHAIN/bin/../lib/gcc/arm-elf/4.1.0/../../../../arm-elf/lib/thumb/interwork/libc.a(malloc.o) (_malloc_r)
/home/afrendy/projconto/atinom_lipi/atinom-lipi/TOOLCHAIN/bin/../lib/gcc/arm-elf/4.1.0/../../../../arm-elf/lib/thumb/interwork/libc.a(memcpy.o)
                              ../FreeRTOS_Source/queue.o (memcpy)
/home/afrendy/projconto/atinom_lipi/atinom-lipi/TOOLCHAIN/bin/../lib/gcc/arm-elf/4.1.0/../../../../arm-elf/lib/thumb/interwork/libc.a(memset.o)
                              ../FreeRTOS_Source/tasks.o (memset)
/home/afrendy/projconto/atinom_lipi/atinom-lipi/TOOLCHAIN/bin/../lib/gcc/arm-elf/4.1.0/../../../../arm-elf/lib/thumb/interwork/libc.a(mktime.o)
                              ../fatfs/simpan_file.o (mktime)
/home/afrendy/projconto/atinom_lipi/atinom-lipi/TOOLCHAIN/bin/../lib/gcc/arm-elf/4.1.0/../../../../arm-elf/lib/thumb/interwork/libc.a(mktm_r.o)
                              /home/afrendy/projconto/atinom_lipi/atinom-lipi/TOOLCHAIN/bin/../lib/gcc/arm-elf/4.1.0/../../../../arm-elf/lib/thumb/interwork/libc.a(mktime.o) (__tzcalc_limits)
/home/afrendy/projconto/atinom_lipi/atinom-lipi/TOOLCHAIN/bin/../lib/gcc/arm-elf/4.1.0/../../../../arm-elf/lib/thumb/interwork/libc.a(mlock.o)
                              /home/afrendy/projconto/atinom_lipi/atinom-lipi/TOOLCHAIN/bin/../lib/gcc/arm-elf/4.1.0/../../../../arm-elf/lib/thumb/interwork/libc.a(mallocr.o) (__malloc_lock)
/home/afrendy/projconto/atinom_lipi/atinom-lipi/TOOLCHAIN/bin/../lib/gcc/arm-elf/4.1.0/../../../../arm-elf/lib/thumb/interwork/libc.a(rand.o)
                              ../uip/hardware/enc28j60.o (srand)
/home/afrendy/projconto/atinom_lipi/atinom-lipi/TOOLCHAIN/bin/../lib/gcc/arm-elf/4.1.0/../../../../arm-elf/lib/thumb/interwork/libc.a(snprintf.o)
                              ../fatfs/simpan_file.o (snprintf)
/home/afrendy/projconto/atinom_lipi/atinom-lipi/TOOLCHAIN/bin/../lib/gcc/arm-elf/4.1.0/../../../../arm-elf/lib/thumb/interwork/libc.a(sprintf.o)
                              ../tinysh/shell.o (sprintf)
/home/afrendy/projconto/atinom_lipi/atinom-lipi/TOOLCHAIN/bin/../lib/gcc/arm-elf/4.1.0/../../../../arm-elf/lib/thumb/interwork/libc.a(sscanf.o)
                              ../tinysh/shell.o (sscanf)
/home/afrendy/projconto/atinom_lipi/atinom-lipi/TOOLCHAIN/bin/../lib/gcc/arm-elf/4.1.0/../../../../arm-elf/lib/thumb/interwork/libc.a(strcat.o)
                              ../tinysh/shell.o (strcat)
/home/afrendy/projconto/atinom_lipi/atinom-lipi/TOOLCHAIN/bin/../lib/gcc/arm-elf/4.1.0/../../../../arm-elf/lib/thumb/interwork/libc.a(strchr.o)
                              ../webserver/httpd.o (strchr)
/home/afrendy/projconto/atinom_lipi/atinom-lipi/TOOLCHAIN/bin/../lib/gcc/arm-elf/4.1.0/../../../../arm-elf/lib/thumb/interwork/libc.a(strcmp.o)
                              ../tinysh/shell.o (strcmp)
/home/afrendy/projconto/atinom_lipi/atinom-lipi/TOOLCHAIN/bin/../lib/gcc/arm-elf/4.1.0/../../../../arm-elf/lib/thumb/interwork/libc.a(strcpy.o)
                              ../tinysh/shell.o (strcpy)
/home/afrendy/projconto/atinom_lipi/atinom-lipi/TOOLCHAIN/bin/../lib/gcc/arm-elf/4.1.0/../../../../arm-elf/lib/thumb/interwork/libc.a(strlen.o)
                              ../tinysh/shell.o (strlen)
/home/afrendy/projconto/atinom_lipi/atinom-lipi/TOOLCHAIN/bin/../lib/gcc/arm-elf/4.1.0/../../../../arm-elf/lib/thumb/interwork/libc.a(strncmp.o)
                              ../tinysh/shell.o (strncmp)
[...]
Memory Configuration

Name             Origin             Length             Attributes
flash            0x00000000         0x0007d000
ram              0x40000000         0x0000ffe0
usbram           0x7fd00000         0x00002000
ethram           0x7fe00000         0x00004000
*default*        0x00000000         0xffffffff

Linker script and memory map

LOAD ../FreeRTOS_Source/portable/GCC/ARM7_LPC23xx/portISR.o
LOAD ../serial/serialISR.o
LOAD main.o
LOAD ../system/setup_cpu.o
LOAD ../system/syscall.o
LOAD ../system/reset_cpu.o
LOAD ../serial/serial.o
LOAD ../FreeRTOS_Source/queue.o
LOAD ../FreeRTOS_Source/tasks.o
LOAD ../FreeRTOS_Source/portable/GCC/ARM7_LPC23xx/port.o
LOAD ../FreeRTOS_Source/list.o
LOAD ../FreeRTOS_Source/portable/MemMang/heap_2.o
LOAD ../tinysh/tinysh.o
LOAD ../tinysh/shell.o
LOAD ../tinysh/enviro.o
LOAD LCD/lcd_320.o
LOAD LCD/printw.o
LOAD tampilan.o
LOAD ../spi/spi.o
LOAD ../system/idle_hook.o
LOAD ../system/rtc.o
LOAD ../GPIO/selenoid.o
LOAD ../fatfs/ff.o
LOAD ../fatfs/spi_mmc.o
LOAD ../fatfs/option/ccsbcs.o
LOAD ../spi/low_ss1.o
LOAD ../spi/gmmc.o
LOAD ../fatfs/simpan_file.o
LOAD ../monita/monita_uip.o
LOAD LCD/menu_monita.o
LOAD LCD/menu_popup.o
LOAD ../uip/hardware/enc28j60.o
LOAD ../uip/clock.o
LOAD ../uip/lib/memb.o
LOAD ../uip/uip/uip.o
LOAD ../uip/uip/uip_arch.o
LOAD ../uip/uip/uip_arp.o
LOAD ../uip/uip/uip_timer.o
LOAD ../uip/uip/uip-fw.o
LOAD ../uip/uip/psock.o
LOAD ../uip/uip/uiplib.o
LOAD ../uip/uip_task.o
LOAD ../uip/apps/telnetd/telnetd.o
LOAD ../webserver/httpd.o
LOAD ../webserver/httpd-fs.o
LOAD ../webserver/http-strings.o
LOAD ../webserver/httpd-cgi.o
LOAD ../gsm/system_ftp/kirim_file_ftp.o
LOAD ../webserver/webclient/webclient.o
LOAD ../webserver/webclient/webclient-strings.o
LOAD /home/afrendy/projconto/atinom_lipi/atinom-lipi/TOOLCHAIN/bin/../lib/gcc/arm-elf/4.1.0/../../../../arm-elf/lib/thumb/interwork/libc.a
LOAD /home/afrendy/projconto/atinom_lipi/atinom-lipi/TOOLCHAIN/bin/../lib/gcc/arm-elf/4.1.0/thumb/interwork/libgcc.a
LOAD /home/afrendy/projconto/atinom_lipi/atinom-lipi/TOOLCHAIN/bin/../lib/gcc/arm-elf/4.1.0/../../../../arm-elf/lib/thumb/interwork/libm.a
LOAD /tmp/ccoG0KeZ.o
START GROUP
LOAD /home/afrendy/projconto/atinom_lipi/atinom-lipi/TOOLCHAIN/bin/../lib/gcc/arm-elf/4.1.0/thumb/interwork/libgcc.a
LOAD /home/afrendy/projconto/atinom_lipi/atinom-lipi/TOOLCHAIN/bin/../lib/gcc/arm-elf/4.1.0/../../../../arm-elf/lib/thumb/interwork/libc.a
END GROUP
                0x40007ffc                __stack_end__ = 0x40007ffc
                0x00000000                . = 0x0

startup         0x00000000       0x44
 *(.startup)
 .startup       0x00000000       0x44 /tmp/ccoG0KeZ.o

prog            0x00000044    0x21e58
 *(.text)
 .text          0x00000044      0x254 ../FreeRTOS_Source/portable/GCC/ARM7_LPC23xx/portISR.o
                0x000000ec                vPortExitCritical
                0x000001ec                vPortYieldProcessor
                0x00000090                vPortDisableInterruptsFromThumb
                0x00000130                vNonPreemptiveTick
                0x00000044                vPortISRStartFirstTask
                0x000000a8                vPortEnableInterruptsFromThumb
                0x000000c0                vPortEnterCritical
 .text          0x00000298      0x210 ../serial/serialISR.o
                0x00000434                vSerialISRCreateQueues
                0x00000298                vUART_ISR_Handler
                0x00000394                vUART_ISR_Wrapper
 .text          0x000004a8      0x21c main.o
                0x00000564                togle_led_utama
                0x000004ec                init_led_utama
                0x000004c0                init_task_lcd
                0x00000518                LCD_task
                0x00000634                main
                0x000004a8                dele
 .text          0x000006c4      0x1d0 ../system/setup_cpu.o
                0x000006c4                ubah_clk
                0x0000075c                sysInit
 .text          0x00000894       0x9c ../system/syscall.o
                0x0000089c                _lseek_r
                0x000008a0                _fstat_r
                0x000008b0                _sbrk_r
                0x000008d0                _read_r
                0x000008ac                _isatty
                0x00000898                _close_r
                0x00000894                _write_r
 .text          0x00000930       0x6c ../system/reset_cpu.o
                0x00000930                tendang_wdog
                0x00000968                reset_cpu
                0x00000940                setup_wdog
 .text          0x0000099c      0x1bc ../serial/serial.o
                0x00000b2c                printf2
                0x0000099c                vSerialClose
                0x000009a0                uart0GetRxQueue
                0x00000a48                vSerialPutString
                0x000009cc                xSerialPutChar
                0x000009ac                xSerialGetChar
                0x00000a74                xSerialPortInitMinimal
 .text          0x00000b58      0x4c8 ../FreeRTOS_Source/queue.o
                0x00000e30                xQueueGenericSendFromISR
                0x00000fb4                xQueueCreate
                0x00000b78                vQueueDelete
                0x00000e7c                xQueueGenericSend
                0x00000bd4                xQueueReceiveFromISR
                0x00000b68                xQueueIsQueueFullFromISR
                0x00000b90                uxQueueMessagesWaiting
                0x00000ca4                xQueueGenericReceive
                0x00000b58                uxQueueMessagesWaitingFromISR
                0x00000b5c                xQueueIsQueueEmptyFromISR
                0x00000f6c                xQueueCreateMutex
 .text          0x00001020      0x734 ../FreeRTOS_Source/tasks.o
                0x00001570                vTaskEndScheduler
                0x000014b4                vTaskPlaceOnEventList
                0x000010e4                uxTaskGetStackHighWaterMark
                0x0000139c                xTaskGetTickCount
                0x000011b8                xTaskRemoveFromEventList
                0x0000132c                xTaskCheckForTimeOut
                0x00001498                vTaskSuspendAll
                0x000010fc                vTaskPriorityDisinherit
                0x00001148                vTaskPriorityInherit
                0x00001020                vTaskSwitchContext
                0x00001380                uxTaskGetNumberOfTasks
                0x00001234                vTaskIncrementTick
                0x00001310                xTaskGetCurrentTaskHandle
                0x000010c4                usTaskCheckFreeStackSpace
                0x000013b8                xTaskResumeAll
                0x00001710                vTaskStartScheduler
                0x000010b8                vTaskMissedYield
                0x00001594                xTaskCreate
                0x0000150c                vTaskDelay
                0x000010a0                vTaskSetTimeOutState
 .text          0x00001754      0x114 ../FreeRTOS_Source/portable/GCC/ARM7_LPC23xx/port.o
                0x000017fc                xPortStartScheduler
                0x000017f8                vPortEndScheduler
                0x00001754                pxPortInitialiseStack
 .text          0x00001868       0x9c ../FreeRTOS_Source/list.o
                0x00001888                vListInsertEnd
                0x000018e4                vListRemove
                0x00001880                vListInitialiseItem
                0x00001868                vListInitialise
                0x000018a4                vListInsert
 .text          0x00001904      0x128 ../FreeRTOS_Source/portable/MemMang/heap_2.o
                0x00001944                vPortFree
                0x00001904                pvPortMallocKU2
                0x00001974                pvPortMalloc
 .text          0x00001a2c      0x940 ../tinysh/tinysh.o
                0x00001d10                tinysh_char_in
                0x00001b30                tinysh_add_command
                0x00001b68                tinysh_set_prompt
                0x00001b90                tinysh_get_arg
                0x00001b9c                tinysh_atoxi
                0x00001a44                strstart
 .text          0x0000236c     0x2784 ../tinysh/shell.o
                0x00003de4                set_data
                0x0000383c                hapus_flash
                0x000025e0                cek_nomer_valid
                0x000024a8                cek_sumber
                0x00002428                cek_versi
                0x00003590                cek_fs_free
                0x00002598                garis_bawah
                0x00002acc                cek_data
                0x00002e30                proses_passwd
                0x0000366c                shell
                0x000041f8                set_sumber
                0x00003344                cek_stack
                0x0000236c                char_to_bin
                0x000033a0                set_date
                0x00002c60                cek_nomer_sumber
                0x00004634                set_group
                0x00003884                prepare_flash
                0x00002378                dec_to_bin
                0x00003638                set_fs_mount
                0x000038c4                tulis_flash
                0x00002624                baca_ip
                0x000031f0                uptime
                0x00004170                set_awal_sumber
                0x00002490                read_sumber
                0x000039f8                set_file
                0x000023d0                save_sumber
                0x00002570                garis_bawah2
                0x00002580                judul
                0x00002400                display_args
                0x000023d4                init_shell
                0x00002384                baca_kanal
 .text          0x00004af0      0x408 ../tinysh/enviro.o
                0x00004af0                tulis_env_flash
                0x00004ed0                save_env
                0x00004bdc                baca_env
                0x00004b3c                set_default_ip
                0x00004af4                set_dafault_kalib
                0x00004d88                tulis_env
                0x00004d7c                print_env
 .text          0x00004ef8      0xf3c LCD/lcd_320.o
                0x000057d4                update_lcd_layer2
                0x00005000                hapus
                0x00004fe4                fill_layar
                0x00005a94                line_ke
                0x00005de4                kotak
                0x00005800                update_hard_lcd
                0x00005708                update_lcd
                0x000057a8                update_lcd_layer3
                0x000054c4                teks_layar
                0x000050e4                teks_arial
                0x0000572c                teks_h
                0x00005070                teks_clear
                0x00005d80                msg_box
                0x00004f58                tulis_param
                0x00004fcc                cls_layar
                0x00004ef8                init_port_lcd
                0x000056c8                pixel
                0x000051bc                teks_h_hard
                0x00005774                printf_lcd
                0x00004fb0                move_ke
                0x00004f80                tulis_command
                0x000058e0                init_lcd
                0x00005400                teks_komik
                0x00005cd0                kotak3d
 .text          0x00005e34       0x70 LCD/printw.o
                0x00005e4c                printw
                0x00005e34                goto_xy
 .text          0x00005ea4      0x38c tampilan.o
                0x00005fb4                init_task_tampilan
                0x00005eb4                hitung_data_hitung
                0x00005ea4                cek_keypad
                0x00005fe4                tampilan_task
 .text          0x00006230       0x5c ../spi/spi.o
                0x00006268                spiPut
                0x00006230                spiInit
 .text          0x0000628c       0x10 ../system/idle_hook.o
                0x0000628c                vApplicationIdleHook
 .text          0x0000629c      0x2c0 ../system/rtc.o
                0x0000629c                rtc_init
                0x000063fc                p_rtc_get_time
                0x00006454                get_tm_time
                0x000062c4                rtc_reset
                0x000063a8                rtc_get_time
                0x000062d0                rtc_start
                0x0000635c                rtc_set_time_tm
                0x000064b8                get_fattime
                0x000064f8                rtcWrite
                0x00006450                get_rtc_time
                0x00006304                rtc_set_time
                0x000062e0                rtc_reset_waktu
 .text          0x0000655c     0x269c ../fatfs/ff.o
                0x00007100                f_gets
                0x000076f0                f_printf
                0x00008554                f_rename
                0x000083d0                f_truncate
                0x000065f0                gen_numname
                0x00008728                f_unlink
                0x00007680                f_putc
                0x000076bc                f_puts
                0x00008a68                f_close
                0x00006f44                f_read
                0x00007b38                f_readdir
                0x000086c4                f_chmod
                0x000089c4                f_sync
                0x000066a4                f_mount
                0x00008088                f_opendir
                0x000072a0                f_lseek
                0x00008038                f_stat
                0x00008664                f_utime
                0x0000748c                f_write
                0x00008a7c                f_open
                0x000087f0                f_mkdir
                0x00006e44                f_getfree
 .text          0x00008bf8      0x1e8 ../fatfs/spi_mmc.o
                0x00008bf8                diskShutdown
                0x00008d4c                disk_initialize
                0x00008c10                disk_status
                0x00008c20                disk_ioctl
                0x00008c1c                diskPresent
                0x00008c6c                disk_write
                0x00008cdc                disk_read
 .text          0x00008de0       0x4c ../fatfs/option/ccsbcs.o
                0x00008de0                ff_convert
 .text          0x00008e2c      0x118 ../spi/low_ss1.o
                0x00008e78                cs_mmc
                0x00008ee4                init_spi_mmc
                0x00008e84                uncs_mmc
                0x00008ec0                ambil_word_mmc
                0x00008e2c                init_gpio_mmc
                0x00008e90                kirim_word_mmc
 .text          0x00008f44      0x668 ../spi/gmmc.o
                0x00009114                init_mmc
                0x0000930c                copy_cid
                0x000091e0                mmc_crc_off
                0x00008fc4                komand_mmc
                0x00009334                get_cid_csd
                0x00008f60                getvalue
                0x00009014                baca_mmc_blok
                0x00008f9c                mmc_respon2
                0x000090a0                tulis_mmc_blok
                0x000092fc                mmc_error_out
                0x00009200                stop_mmc
                0x00009184                mmc_status
                0x00009320                copy_csd
                0x00008f50                getbit
                0x00008f44                get_sector_count
                0x00009230                tes_mmc_awal
 .text          0x000095ac      0x524 ../fatfs/simpan_file.o
                0x000097dc                proses_simpan_file
                0x000095ac                tulis_foto
                0x00009720                webclient_connected
 .text          0x00009ad0      0x798 LCD/menu_monita.o
                0x0000a0d4                menu_monita
                0x0000a138                tabel_data
                0x00009ad0                init_debug_layar
                0x00009cd4                cetak_data
                0x00009b1c                kotak_bolong
                0x00009c00                menu_setting
                0x00009ae4                init_scroll
                0x0000a18c                kotak_pesan
                0x0000a204                debug_out_h
                0x00009afc                print_scroll
                0x00009be0                menu_sumber
                0x00009e8c                menu_pilih
                0x0000a1a4                debug_out
                0x00009d04                menu_group
                0x00009b20                menu_titik
 .text          0x0000a268      0x280 LCD/menu_popup.o
                0x0000a268                kotak_pilih
                0x0000a34c                menu_OK
                0x0000a26c                data_sumber
 .text          0x0000a4e8      0x6fc ../uip/hardware/enc28j60.o
                0x0000a818                enc28j60Init
                0x0000a6b8                enc28j60Send
                0x0000a4e8                enc28j60Deinit
                0x0000a4f8                enc28j60WaitForData
                0x0000aadc                enc28j60Receive
                0x0000a4fc                cek_paket
 .text          0x0000abe4        0xc ../uip/clock.o
                0x0000abe4                clock_time
 .text          0x0000abf0       0xb4 ../uip/lib/memb.o
                0x0000abf0                memb_alloc
                0x0000ac34                memb_free
                0x0000ac80                memb_init
 .text          0x0000aca4      0xe3c ../uip/uip/uip.o
                0x0000ad10                uip_unlisten
                0x0000af64                uip_process
                0x0000ad54                uip_listen
                0x0000ada8                uip_connect
                0x0000aec0                htonl
                0x0000ad98                htons
                0x0000acb0                uip_init
                0x0000aca4                uip_setipid
                0x0000aee0                uip_iszeroaddr
                0x0000af00                uip_send
 .text          0x0000bae0      0x27c ../uip/uip/uip_arch.o
                0x0000bae0                uip_add32
                0x0000bd48                uip_ipchksum
                0x0000bc64                uip_tcpchksum
                0x0000bbf0                uip_chksum
                0x0000bba4                uip_udpchksum
 .text          0x0000bd5c      0x4cc ../uip/uip/uip_arp.o
                0x0000bffc                uip_arp_out
                0x0000be88                uip_arp_arpin
                0x0000c184                uip_arp_timer
                0x0000c1ec                uip_arp_init
                0x0000bfa4                uip_arp_ipin
 .text          0x0000c228       0x50 ../uip/uip/uip_timer.o
                0x0000c234                timer_expired
                0x0000c264                timer_set
                0x0000c254                timer_restart
                0x0000c228                timer_reset
 .text          0x0000c278      0x274 ../uip/uip/uip-fw.o
                0x0000c2a4                uip_fw_output
                0x0000c278                uip_fw_init
                0x0000c388                uip_fw_periodic
                0x0000c37c                uip_fw_default
                0x0000c36c                uip_fw_register
                0x0000c3a8                uip_fw_forward
 .text          0x0000c4ec      0x3b0 ../uip/uip/psock.o
                0x0000c7c0                psock_generator_send
                0x0000c550                psock_newdata
                0x0000c540                psock_datalen
                0x0000c83c                psock_send
                0x0000c67c                psock_readbuf
                0x0000c658                psock_init
                0x0000c578                psock_readto
 .text          0x0000c89c       0x6c ../uip/uip/uiplib.o
                0x0000c89c                uiplib_ipaddrconv
 .text          0x0000c908      0x26c ../uip/uip_task.o
                0x0000c93c                start_ether
                0x0000c908                dispatch_udp_appcall
                0x0000c90c                dispatch_tcp_appcall
 .text          0x0000cb74      0x524 ../uip/apps/telnetd/telnetd.o
                0x0000cd18                cek_passwd
                0x0000cccc                telnetd_init
                0x0000cb8c                telnetdDisconnect
                0x0000cc34                telnetdPutChar
                0x0000cde4                telnetd_appcall
 .text          0x0000d098      0x6c4 ../webserver/httpd.o
                0x0000d098                httpd_init
                0x0000d650                httpd_appcall
 .text          0x0000d75c      0x3bc ../webserver/httpd-fs.o
                0x0000d8cc                http_fs_baca_dir
                0x0000d75c                httpd_fs_init
                0x0000d7e8                httpd_fs_open
                0x0000d774                httpd_fs_count
 .text          0x0000db18      0x210 ../webserver/httpd-cgi.o
                0x0000db28                httpd_cgi
 .text          0x0000dd28      0x69c ../webserver/webclient/webclient.o
                0x0000dd4c                webclient_init
                0x0000dd28                webclient_mimetype
                0x0000dd38                webclient_hostname
                0x0000ddac                webclient_datahandler
                0x0000df54                webclient_appcall
                0x0000deb4                webclient_get
                0x0000dd40                webclient_port
                0x0000dd50                webclient_close
                0x0000dd30                webclient_filename
 .text          0x0000e3c4       0x10 /home/afrendy/projconto/atinom_lipi/atinom-lipi/TOOLCHAIN/bin/../lib/gcc/arm-elf/4.1.0/../../../../arm-elf/lib/thumb/interwork/libc.a(ctime.o)
                0x0000e3c4                ctime
 .text          0x0000e3d4       0x3c /home/afrendy/projconto/atinom_lipi/atinom-lipi/TOOLCHAIN/bin/../lib/gcc/arm-elf/4.1.0/../../../../arm-elf/lib/thumb/interwork/libc.a(div.o)
                0x0000e3d4                div
 .text          0x0000e410       0x14 /home/afrendy/projconto/atinom_lipi/atinom-lipi/TOOLCHAIN/bin/../lib/gcc/arm-elf/4.1.0/../../../../arm-elf/lib/thumb/interwork/libc.a(lcltime.o)
                0x0000e410                localtime
 .text          0x0000e424        0xc /home/afrendy/projconto/atinom_lipi/atinom-lipi/TOOLCHAIN/bin/../lib/gcc/arm-elf/4.1.0/../../../../arm-elf/lib/thumb/interwork/libc.a(lcltime_r.o)
                0x0000e424                localtime_r
 .text          0x0000e430       0x28 /home/afrendy/projconto/atinom_lipi/atinom-lipi/TOOLCHAIN/bin/../lib/gcc/arm-elf/4.1.0/../../../../arm-elf/lib/thumb/interwork/libc.a(malloc.o)
                0x0000e444                malloc
                0x0000e430                free
 .text          0x0000e458      0x538 /home/afrendy/projconto/atinom_lipi/atinom-lipi/TOOLCHAIN/bin/../lib/gcc/arm-elf/4.1.0/../../../../arm-elf/lib/thumb/interwork/libc.a(mallocr.o)
                0x0000e458                _malloc_r
 .text          0x0000e990       0x64 /home/afrendy/projconto/atinom_lipi/atinom-lipi/TOOLCHAIN/bin/../lib/gcc/arm-elf/4.1.0/../../../../arm-elf/lib/thumb/interwork/libc.a(memcpy.o)
                0x0000e990                memcpy
 .text          0x0000e9f4       0x64 /home/afrendy/projconto/atinom_lipi/atinom-lipi/TOOLCHAIN/bin/../lib/gcc/arm-elf/4.1.0/../../../../arm-elf/lib/thumb/interwork/libc.a(memset.o)
                0x0000e9f4                memset
 .text          0x0000ea58      0x434 /home/afrendy/projconto/atinom_lipi/atinom-lipi/TOOLCHAIN/bin/../lib/gcc/arm-elf/4.1.0/../../../../arm-elf/lib/thumb/interwork/libc.a(mktime.o)
                0x0000ec2c                mktime
 .text          0x0000ee8c      0x520 /home/afrendy/projconto/atinom_lipi/atinom-lipi/TOOLCHAIN/bin/../lib/gcc/arm-elf/4.1.0/../../../../arm-elf/lib/thumb/interwork/libc.a(mktm_r.o)
                0x0000ee8c                __tzcalc_limits
                0x0000f024                _mktm_r
 .text          0x0000f3ac        0x8 /home/afrendy/projconto/atinom_lipi/atinom-lipi/TOOLCHAIN/bin/../lib/gcc/arm-elf/4.1.0/../../../../arm-elf/lib/thumb/interwork/libc.a(mlock.o)
                0x0000f3b0                __malloc_unlock
                0x0000f3ac                __malloc_lock
 .text          0x0000f3b4       0x50 /home/afrendy/projconto/atinom_lipi/atinom-lipi/TOOLCHAIN/bin/../lib/gcc/arm-elf/4.1.0/../../../../arm-elf/lib/thumb/interwork/libc.a(rand.o)
                0x0000f3c8                rand
                0x0000f3b4                srand
 .text          0x0000f404       0xbc /home/afrendy/projconto/atinom_lipi/atinom-lipi/TOOLCHAIN/bin/../lib/gcc/arm-elf/4.1.0/../../../../arm-elf/lib/thumb/interwork/libc.a(snprintf.o)
                0x0000f404                snprintf
                0x0000f468                _snprintf_r
 .text          0x0000f4c0       0x84 /home/afrendy/projconto/atinom_lipi/atinom-lipi/TOOLCHAIN/bin/../lib/gcc/arm-elf/4.1.0/../../../../arm-elf/lib/thumb/interwork/libc.a(sprintf.o)
                0x0000f504                _sprintf_r
                0x0000f4c0                sprintf
 .text          0x0000f544       0xac /home/afrendy/projconto/atinom_lipi/atinom-lipi/TOOLCHAIN/bin/../lib/gcc/arm-elf/4.1.0/../../../../arm-elf/lib/thumb/interwork/libc.a(sscanf.o)
                0x0000f5a0                sscanf
                0x0000f548                _sscanf_r
 .text          0x0000f5f0       0x58 /home/afrendy/projconto/atinom_lipi/atinom-lipi/TOOLCHAIN/bin/../lib/gcc/arm-elf/4.1.0/../../../../arm-elf/lib/thumb/interwork/libc.a(strcat.o)
                0x0000f5f0                strcat
 .text          0x0000f648       0x7c /home/afrendy/projconto/atinom_lipi/atinom-lipi/TOOLCHAIN/bin/../lib/gcc/arm-elf/4.1.0/../../../../arm-elf/lib/thumb/interwork/libc.a(strchr.o)
                0x0000f648                strchr
 .text          0x0000f6c4       0x68 /home/afrendy/projconto/atinom_lipi/atinom-lipi/TOOLCHAIN/bin/../lib/gcc/arm-elf/4.1.0/../../../../arm-elf/lib/thumb/interwork/libc.a(strcmp.o)
                0x0000f6c4                strcmp
 .text          0x0000f72c       0x50 /home/afrendy/projconto/atinom_lipi/atinom-lipi/TOOLCHAIN/bin/../lib/gcc/arm-elf/4.1.0/../../../../arm-elf/lib/thumb/interwork/libc.a(strcpy.o)
                0x0000f72c                strcpy
 .text          0x0000f77c       0x50 /home/afrendy/projconto/atinom_lipi/atinom-lipi/TOOLCHAIN/bin/../lib/gcc/arm-elf/4.1.0/../../../../arm-elf/lib/thumb/interwork/libc.a(strlen.o)
                0x0000f77c                strlen
 .text          0x0000f7cc       0xb4 /home/afrendy/projconto/atinom_lipi/atinom-lipi/TOOLCHAIN/bin/../lib/gcc/arm-elf/4.1.0/../../../../arm-elf/lib/thumb/interwork/libc.a(strncmp.o)
                0x0000f7cc                strncmp
 .text          0x0000f880       0x88 /home/afrendy/projconto/atinom_lipi/atinom-lipi/TOOLCHAIN/bin/../lib/gcc/arm-elf/4.1.0/../../../../arm-elf/lib/thumb/interwork/libc.a(strncpy.o)
                0x0000f880                strncpy
 .text          0x0000f908       0x30 /home/afrendy/projconto/atinom_lipi/atinom-lipi/TOOLCHAIN/bin/../lib/gcc/arm-elf/4.1.0/../../../../arm-elf/lib/thumb/interwork/libc.a(strrchr.o)
                0x0000f908                strrchr
 .text          0x0000f938        0x8 /home/afrendy/projconto/atinom_lipi/atinom-lipi/TOOLCHAIN/bin/../lib/gcc/arm-elf/4.1.0/../../../../arm-elf/lib/thumb/interwork/libc.a(tzlock.o)
                0x0000f93c                __tz_unlock
                0x0000f938                __tz_lock
 .text          0x0000f940     0x1a60 /home/afrendy/projconto/atinom_lipi/atinom-lipi/TOOLCHAIN/bin/../lib/gcc/arm-elf/4.1.0/../../../../arm-elf/lib/thumb/interwork/libc.a(vfprintf.o)
                0x0000f960                _vfprintf_r
                0x00011380                vfprintf
 .text          0x000113a0      0xc6c /home/afrendy/projconto/atinom_lipi/atinom-lipi/TOOLCHAIN/bin/../lib/gcc/arm-elf/4.1.0/../../../../arm-elf/lib/thumb/interwork/libc.a(vfscanf.o)
                0x00011f88                __svfscanf
                0x00011fa8                _vfscanf_r
                0x00011fd4                vfscanf
                0x000113a0                __svfscanf_r
 .text          0x0001200c       0x74 /home/afrendy/projconto/atinom_lipi/atinom-lipi/TOOLCHAIN/bin/../lib/gcc/arm-elf/4.1.0/../../../../arm-elf/lib/thumb/interwork/libc.a(vsprintf.o)
                0x00012040                vsprintf
                0x0001200c                _vsprintf_r
 .text          0x00012080       0x54 /home/afrendy/projconto/atinom_lipi/atinom-lipi/TOOLCHAIN/bin/../lib/gcc/arm-elf/4.1.0/../../../../arm-elf/lib/thumb/interwork/libc.a(wcrtomb.o)
                0x00012080                _wcrtomb_r
                0x000120b4                wcrtomb
 .text          0x000120d4      0x10c /home/afrendy/projconto/atinom_lipi/atinom-lipi/TOOLCHAIN/bin/../lib/gcc/arm-elf/4.1.0/../../../../arm-elf/lib/thumb/interwork/libc.a(wcsrtombs.o)
                0x000120d4                _wcsrtombs_r
                0x000121b8                wcsrtombs
 .text          0x000121e0      0x2b8 /home/afrendy/projconto/atinom_lipi/atinom-lipi/TOOLCHAIN/bin/../lib/gcc/arm-elf/4.1.0/../../../../arm-elf/lib/thumb/interwork/libc.a(wctomb_r.o)
                0x000121e0                _wctomb_r
 .text          0x00012498       0xa0 /home/afrendy/projconto/atinom_lipi/atinom-lipi/TOOLCHAIN/bin/../lib/gcc/arm-elf/4.1.0/../../../../arm-elf/lib/thumb/interwork/libc.a(wsetup.o)
                0x00012498                __swsetup
 .text          0x00012538       0x14 /home/afrendy/projconto/atinom_lipi/atinom-lipi/TOOLCHAIN/bin/../lib/gcc/arm-elf/4.1.0/../../../../arm-elf/lib/thumb/interwork/libc.a(asctime.o)
                0x00012538                asctime
 .text          0x0001254c       0x54 /home/afrendy/projconto/atinom_lipi/atinom-lipi/TOOLCHAIN/bin/../lib/gcc/arm-elf/4.1.0/../../../../arm-elf/lib/thumb/interwork/libc.a(asctime_r.o)
                0x0001254c                asctime_r
 .text          0x000125a0      0xf28 /home/afrendy/projconto/atinom_lipi/atinom-lipi/TOOLCHAIN/bin/../lib/gcc/arm-elf/4.1.0/../../../../arm-elf/lib/thumb/interwork/libc.a(dtoa.o)
                0x000126f0                _dtoa_r
 .text          0x000134c8       0x90 /home/afrendy/projconto/atinom_lipi/atinom-lipi/TOOLCHAIN/bin/../lib/gcc/arm-elf/4.1.0/../../../../arm-elf/lib/thumb/interwork/libc.a(fflush.o)
                0x000134c8                fflush
 .text          0x00013558      0x1c4 /home/afrendy/projconto/atinom_lipi/atinom-lipi/TOOLCHAIN/bin/../lib/gcc/arm-elf/4.1.0/../../../../arm-elf/lib/thumb/interwork/libc.a(findfp.o)
                0x000135a0                __sinit
                0x00013658                __sfmoreglue
                0x00013644                _cleanup
                0x00013634                _cleanup_r
                0x0001361c                __fp_lock_all
                0x00013590                __sfp_lock_acquire
                0x00013690                __sfp
                0x0001359c                __sinit_lock_release
                0x00013604                __fp_unlock_all
                0x00013594                __sfp_lock_release
                0x00013598                __sinit_lock_acquire
 .text          0x0001371c      0x148 /home/afrendy/projconto/atinom_lipi/atinom-lipi/TOOLCHAIN/bin/../lib/gcc/arm-elf/4.1.0/../../../../arm-elf/lib/thumb/interwork/libc.a(fread.o)
                0x0001371c                fread
 .text          0x00013864      0x268 /home/afrendy/projconto/atinom_lipi/atinom-lipi/TOOLCHAIN/bin/../lib/gcc/arm-elf/4.1.0/../../../../arm-elf/lib/thumb/interwork/libc.a(freer.o)
                0x00013904                _free_r
                0x00013864                _malloc_trim_r
 .text          0x00013acc      0x298 /home/afrendy/projconto/atinom_lipi/atinom-lipi/TOOLCHAIN/bin/../lib/gcc/arm-elf/4.1.0/../../../../arm-elf/lib/thumb/interwork/libc.a(fvwrite.o)
                0x00013acc                __sfvwrite
 .text          0x00013d64       0xf0 /home/afrendy/projconto/atinom_lipi/atinom-lipi/TOOLCHAIN/bin/../lib/gcc/arm-elf/4.1.0/../../../../arm-elf/lib/thumb/interwork/libc.a(fwalk.o)
                0x00013ddc                _fwalk
                0x00013d64                _fwalk_reent
 .text          0x00013e54        0x8 /home/afrendy/projconto/atinom_lipi/atinom-lipi/TOOLCHAIN/bin/../lib/gcc/arm-elf/4.1.0/../../../../arm-elf/lib/thumb/interwork/libc.a(gettzinfo.o)
                0x00013e54                __gettzinfo
 .text          0x00013e5c       0x1c /home/afrendy/projconto/atinom_lipi/atinom-lipi/TOOLCHAIN/bin/../lib/gcc/arm-elf/4.1.0/../../../../arm-elf/lib/thumb/interwork/libc.a(iswspace.o)
                0x00013e5c                iswspace
 .text          0x00013e78       0x88 /home/afrendy/projconto/atinom_lipi/atinom-lipi/TOOLCHAIN/bin/../lib/gcc/arm-elf/4.1.0/../../../../arm-elf/lib/thumb/interwork/libc.a(locale.o)
                0x00013ea0                _setlocale_r
                0x00013e78                __locale_charset
                0x00013e84                _localeconv_r
                0x00013ee4                setlocale
                0x00013e8c                localeconv
 .text          0x00013f00       0xdc /home/afrendy/projconto/atinom_lipi/atinom-lipi/TOOLCHAIN/bin/../lib/gcc/arm-elf/4.1.0/../../../../arm-elf/lib/thumb/interwork/libc.a(makebuf.o)
                0x00013f00                __smakebuf
 .text          0x00013fdc       0x64 /home/afrendy/projconto/atinom_lipi/atinom-lipi/TOOLCHAIN/bin/../lib/gcc/arm-elf/4.1.0/../../../../arm-elf/lib/thumb/interwork/libc.a(mbrtowc.o)
                0x00014018                mbrtowc
                0x00013fdc                _mbrtowc_r
 .text          0x00014040       0x38 /home/afrendy/projconto/atinom_lipi/atinom-lipi/TOOLCHAIN/bin/../lib/gcc/arm-elf/4.1.0/../../../../arm-elf/lib/thumb/interwork/libc.a(mbtowc_r.o)
                0x00014040                _mbtowc_r
 .text          0x00014078       0xbc /home/afrendy/projconto/atinom_lipi/atinom-lipi/TOOLCHAIN/bin/../lib/gcc/arm-elf/4.1.0/../../../../arm-elf/lib/thumb/interwork/libc.a(memchr.o)
                0x00014078                memchr
 .text          0x00014134       0x8c /home/afrendy/projconto/atinom_lipi/atinom-lipi/TOOLCHAIN/bin/../lib/gcc/arm-elf/4.1.0/../../../../arm-elf/lib/thumb/interwork/libc.a(memmove.o)
                0x00014134                memmove
 .text          0x000141c0      0x8c0 /home/afrendy/projconto/atinom_lipi/atinom-lipi/TOOLCHAIN/bin/../lib/gcc/arm-elf/4.1.0/../../../../arm-elf/lib/thumb/interwork/libc.a(mprec.o)
                0x00014438                _mprec_log10
                0x000141d8                _hi0bits
                0x00014478                _Balloc
                0x000144d4                _d2b
                0x00014750                _multiply
                0x000143e4                _ratio
                0x000149f0                _s2b
                0x000148a0                _i2b
                0x00014220                _lo0bits
                0x0001428c                __mcmp
                0x00014954                _pow5mult
                0x000142cc                _ulp
                0x0001431c                _b2d
                0x000148b8                _multadd
                0x000145bc                __mdiff
                0x000146a4                _lshift
                0x000141c0                _Bfree
 .text          0x00014a80      0x3d8 /home/afrendy/projconto/atinom_lipi/atinom-lipi/TOOLCHAIN/bin/../lib/gcc/arm-elf/4.1.0/../../../../arm-elf/lib/thumb/interwork/libc.a(reallocr.o)
                0x00014a80                _realloc_r
 .text          0x00014e58      0x114 /home/afrendy/projconto/atinom_lipi/atinom-lipi/TOOLCHAIN/bin/../lib/gcc/arm-elf/4.1.0/../../../../arm-elf/lib/thumb/interwork/libc.a(refill.o)
                0x00014e70                __srefill
 .text          0x00014f6c       0x24 /home/afrendy/projconto/atinom_lipi/atinom-lipi/TOOLCHAIN/bin/../lib/gcc/arm-elf/4.1.0/../../../../arm-elf/lib/thumb/interwork/libc.a(s_isinf.o)
                0x00014f6c                isinf
 .text          0x00014f90       0x1c /home/afrendy/projconto/atinom_lipi/atinom-lipi/TOOLCHAIN/bin/../lib/gcc/arm-elf/4.1.0/../../../../arm-elf/lib/thumb/interwork/libc.a(s_isnan.o)
                0x00014f90                isnan
 .text          0x00014fac       0x7c /home/afrendy/projconto/atinom_lipi/atinom-lipi/TOOLCHAIN/bin/../lib/gcc/arm-elf/4.1.0/../../../../arm-elf/lib/thumb/interwork/libc.a(sccl.o)
                0x00014fac                __sccl
 .text          0x00015028        0x8 /home/afrendy/projconto/atinom_lipi/atinom-lipi/TOOLCHAIN/bin/../lib/gcc/arm-elf/4.1.0/../../../../arm-elf/lib/thumb/interwork/libc.a(sf_nan.o)
                0x00015028                nanf
 .text          0x00015030       0xd8 /home/afrendy/projconto/atinom_lipi/atinom-lipi/TOOLCHAIN/bin/../lib/gcc/arm-elf/4.1.0/../../../../arm-elf/lib/thumb/interwork/libc.a(stdio.o)
                0x00015048                __sseek
                0x000150d0                __sread
                0x00015030                __sclose
                0x00015088                __swrite
 .text          0x00015108      0xbe8 /home/afrendy/projconto/atinom_lipi/atinom-lipi/TOOLCHAIN/bin/../lib/gcc/arm-elf/4.1.0/../../../../arm-elf/lib/thumb/interwork/libc.a(strtod.o)
                0x00015108                _strtod_r
                0x00015cd4                strtod
                0x00015c9c                strtof
 .text          0x00015cf0      0x168 /home/afrendy/projconto/atinom_lipi/atinom-lipi/TOOLCHAIN/bin/../lib/gcc/arm-elf/4.1.0/../../../../arm-elf/lib/thumb/interwork/libc.a(strtol.o)
                0x00015e38                strtol
                0x00015cf0                _strtol_r
 .text          0x00015e58      0x16c /home/afrendy/projconto/atinom_lipi/atinom-lipi/TOOLCHAIN/bin/../lib/gcc/arm-elf/4.1.0/../../../../arm-elf/lib/thumb/interwork/libc.a(strtoul.o)
                0x00015fa4                strtoul
                0x00015e58                _strtoul_r
 .text          0x00015fc4      0x504 /home/afrendy/projconto/atinom_lipi/atinom-lipi/TOOLCHAIN/bin/../lib/gcc/arm-elf/4.1.0/../../../../arm-elf/lib/thumb/interwork/libc.a(syscalls.o)
                0x00015fe0                _getpid
                0x000160d4                initialise_monitor_handles
                0x00015ff8                isatty
                0x00016060                _fstat
                0x000163f4                _open
                0x00016028                _sbrk
                0x00015ff4                _raise
                0x0001615c                _times
                0x00016408                _stat
                0x00016444                _lseek
                0x00015fe4                _link
                0x00016218                _swiwrite
                0x00015ffc                _rename
                0x00016240                _swilseek
                0x000161e0                _swiclose
                0x000162f4                _swiopen
                0x00015fec                _unlink
                0x00016380                _write
                0x000161ac                _kill
                0x00016180                _gettimeofday
                0x0001647c                _read
                0x000161c8                _exit
                0x00016010                _system
                0x00016454                _swiread
                0x000163e4                _close
 .text          0x000164c8      0x16c /home/afrendy/projconto/atinom_lipi/atinom-lipi/TOOLCHAIN/bin/../lib/gcc/arm-elf/4.1.0/../../../../arm-elf/lib/thumb/interwork/libc.a(ungetc.o)
                0x00016618                ungetc
                0x000164c8                __submore
                0x00016544                _ungetc_r
 .text          0x00016634       0x60 /home/afrendy/projconto/atinom_lipi/atinom-lipi/TOOLCHAIN/bin/../lib/gcc/arm-elf/4.1.0/../../../../arm-elf/lib/thumb/interwork/libc.a(callocr.o)
                0x00016634                _calloc_r
 .text          0x00016694        0xc /home/afrendy/projconto/atinom_lipi/atinom-lipi/TOOLCHAIN/bin/../lib/gcc/arm-elf/4.1.0/../../../../arm-elf/lib/thumb/interwork/libc.a(errno.o)
                0x00016694                __errno
 .text          0x000166a0       0xbc /home/afrendy/projconto/atinom_lipi/atinom-lipi/TOOLCHAIN/bin/../lib/gcc/arm-elf/4.1.0/../../../../arm-elf/lib/thumb/interwork/libc.a(fclose.o)
                0x000166a0                _fclose_r
                0x00016744                fclose
 .text          0x0001675c       0x14 /home/afrendy/projconto/atinom_lipi/atinom-lipi/TOOLCHAIN/bin/../lib/gcc/arm-elf/4.1.0/../../../../arm-elf/lib/thumb/interwork/libc.a(s_nan.o)
                0x0001675c                nan
 .text          0x00016770       0x8c /home/afrendy/projconto/atinom_lipi/atinom-lipi/TOOLCHAIN/bin/../lib/gcc/arm-elf/4.1.0/thumb/interwork/libgcc.a(_udivsi3.o)
                0x00016770                __udivsi3
                0x00016770                __aeabi_uidiv
                0x000167ec                __aeabi_uidivmod
 .text          0x000167fc       0xa4 /home/afrendy/projconto/atinom_lipi/atinom-lipi/TOOLCHAIN/bin/../lib/gcc/arm-elf/4.1.0/thumb/interwork/libgcc.a(_divsi3.o)
                0x000167fc                __aeabi_idiv
                0x000167fc                __divsi3
                0x00016890                __aeabi_idivmod
 .text          0x000168a0       0xc8 /home/afrendy/projconto/atinom_lipi/atinom-lipi/TOOLCHAIN/bin/../lib/gcc/arm-elf/4.1.0/thumb/interwork/libgcc.a(_umodsi3.o)
                0x000168a0                __umodsi3
 .text          0x00016968       0xd8 /home/afrendy/projconto/atinom_lipi/atinom-lipi/TOOLCHAIN/bin/../lib/gcc/arm-elf/4.1.0/thumb/interwork/libgcc.a(_modsi3.o)
                0x00016968                __modsi3
 .text          0x00016a40        0x4 /home/afrendy/projconto/atinom_lipi/atinom-lipi/TOOLCHAIN/bin/../lib/gcc/arm-elf/4.1.0/thumb/interwork/libgcc.a(_dvmd_tls.o)
                0x00016a40                __aeabi_ldiv0
                0x00016a40                __div0
                0x00016a40                __aeabi_idiv0
 .text          0x00016a44       0x84 /home/afrendy/projconto/atinom_lipi/atinom-lipi/TOOLCHAIN/bin/../lib/gcc/arm-elf/4.1.0/thumb/interwork/libgcc.a(_muldi3.o)
                0x00016a44                __muldi3
 .text          0x00016ac8       0x40 /home/afrendy/projconto/atinom_lipi/atinom-lipi/TOOLCHAIN/bin/../lib/gcc/arm-elf/4.1.0/thumb/interwork/libgcc.a(_fixunsdfsi.o)
                0x00016ac8                __fixunsdfsi
 .text          0x00016b08      0x234 /home/afrendy/projconto/atinom_lipi/atinom-lipi/TOOLCHAIN/bin/../lib/gcc/arm-elf/4.1.0/thumb/interwork/libgcc.a(_addsub_sf.o)
                0x00016ccc                __subsf3
                0x00016d08                __addsf3
 .text          0x00016d3c      0x11c /home/afrendy/projconto/atinom_lipi/atinom-lipi/TOOLCHAIN/bin/../lib/gcc/arm-elf/4.1.0/thumb/interwork/libgcc.a(_div_sf.o)
                0x00016d74                __divsf3
 .text          0x00016e58       0x54 /home/afrendy/projconto/atinom_lipi/atinom-lipi/TOOLCHAIN/bin/../lib/gcc/arm-elf/4.1.0/thumb/interwork/libgcc.a(_gt_sf.o)
                0x00016e68                __gtsf2
 .text          0x00016eac       0x30 /home/afrendy/projconto/atinom_lipi/atinom-lipi/TOOLCHAIN/bin/../lib/gcc/arm-elf/4.1.0/thumb/interwork/libgcc.a(_sf_to_df.o)
                0x00016eac                __extendsfdf2
 .text          0x00016edc      0x328 /home/afrendy/projconto/atinom_lipi/atinom-lipi/TOOLCHAIN/bin/../lib/gcc/arm-elf/4.1.0/thumb/interwork/libgcc.a(_addsub_df.o)
                0x000171cc                __adddf3
                0x0001718c                __subdf3
 .text          0x00017204      0x2ac /home/afrendy/projconto/atinom_lipi/atinom-lipi/TOOLCHAIN/bin/../lib/gcc/arm-elf/4.1.0/thumb/interwork/libgcc.a(_mul_df.o)
                0x0001723c                __muldf3
 .text          0x000174b0      0x1ac /home/afrendy/projconto/atinom_lipi/atinom-lipi/TOOLCHAIN/bin/../lib/gcc/arm-elf/4.1.0/thumb/interwork/libgcc.a(_div_df.o)
                0x000174e8                __divdf3
 .text          0x0001765c       0x58 /home/afrendy/projconto/atinom_lipi/atinom-lipi/TOOLCHAIN/bin/../lib/gcc/arm-elf/4.1.0/thumb/interwork/libgcc.a(_eq_df.o)
                0x0001766c                __eqdf2
 .text          0x000176b4       0x58 /home/afrendy/projconto/atinom_lipi/atinom-lipi/TOOLCHAIN/bin/../lib/gcc/arm-elf/4.1.0/thumb/interwork/libgcc.a(_ne_df.o)
                0x000176c4                __nedf2
 .text          0x0001770c       0x58 /home/afrendy/projconto/atinom_lipi/atinom-lipi/TOOLCHAIN/bin/../lib/gcc/arm-elf/4.1.0/thumb/interwork/libgcc.a(_gt_df.o)
                0x0001771c                __gtdf2
 .text          0x00017764       0x58 /home/afrendy/projconto/atinom_lipi/atinom-lipi/TOOLCHAIN/bin/../lib/gcc/arm-elf/4.1.0/thumb/interwork/libgcc.a(_ge_df.o)
                0x00017774                __gedf2
 .text          0x000177bc       0x58 /home/afrendy/projconto/atinom_lipi/atinom-lipi/TOOLCHAIN/bin/../lib/gcc/arm-elf/4.1.0/thumb/interwork/libgcc.a(_lt_df.o)
                0x000177cc                __ltdf2
 .text          0x00017814       0x58 /home/afrendy/projconto/atinom_lipi/atinom-lipi/TOOLCHAIN/bin/../lib/gcc/arm-elf/4.1.0/thumb/interwork/libgcc.a(_le_df.o)
                0x00017824                __ledf2
 .text          0x0001786c       0x8c /home/afrendy/projconto/atinom_lipi/atinom-lipi/TOOLCHAIN/bin/../lib/gcc/arm-elf/4.1.0/thumb/interwork/libgcc.a(_si_to_df.o)
                0x0001786c                __floatsidf
 .text          0x000178f8       0xb4 /home/afrendy/projconto/atinom_lipi/atinom-lipi/TOOLCHAIN/bin/../lib/gcc/arm-elf/4.1.0/thumb/interwork/libgcc.a(_df_to_si.o)
                0x00017928                __fixdfsi
 .text          0x000179ac       0x28 /home/afrendy/projconto/atinom_lipi/atinom-lipi/TOOLCHAIN/bin/../lib/gcc/arm-elf/4.1.0/thumb/interwork/libgcc.a(_make_df.o)
                0x000179ac                __make_dp
 .text          0x000179d4       0x44 /home/afrendy/projconto/atinom_lipi/atinom-lipi/TOOLCHAIN/bin/../lib/gcc/arm-elf/4.1.0/thumb/interwork/libgcc.a(_df_to_sf.o)
                0x000179d4                __truncdfsf2
 .text          0x00017a18      0x130 /home/afrendy/projconto/atinom_lipi/atinom-lipi/TOOLCHAIN/bin/../lib/gcc/arm-elf/4.1.0/thumb/interwork/libgcc.a(_pack_sf.o)
                0x00017a48                __pack_f
 .text          0x00017b48       0x80 /home/afrendy/projconto/atinom_lipi/atinom-lipi/TOOLCHAIN/bin/../lib/gcc/arm-elf/4.1.0/thumb/interwork/libgcc.a(_unpack_sf.o)
                0x00017b48                __unpack_f
 .text          0x00017bc8       0xd8 /home/afrendy/projconto/atinom_lipi/atinom-lipi/TOOLCHAIN/bin/../lib/gcc/arm-elf/4.1.0/thumb/interwork/libgcc.a(_fpcmp_parts_sf.o)
                0x00017bf8                __fpcmp_parts_f
 .text          0x00017ca0       0x18 /home/afrendy/projconto/atinom_lipi/atinom-lipi/TOOLCHAIN/bin/../lib/gcc/arm-elf/4.1.0/thumb/interwork/libgcc.a(_make_sf.o)
                0x00017ca0                __make_fp
 .text          0x00017cb8      0x290 /home/afrendy/projconto/atinom_lipi/atinom-lipi/TOOLCHAIN/bin/../lib/gcc/arm-elf/4.1.0/thumb/interwork/libgcc.a(_pack_df.o)
                0x00017ce8                __pack_d
 .text          0x00017f48       0xc4 /home/afrendy/projconto/atinom_lipi/atinom-lipi/TOOLCHAIN/bin/../lib/gcc/arm-elf/4.1.0/thumb/interwork/libgcc.a(_unpack_df.o)
                0x00017f48                __unpack_d
 .text          0x0001800c       0xf0 /home/afrendy/projconto/atinom_lipi/atinom-lipi/TOOLCHAIN/bin/../lib/gcc/arm-elf/4.1.0/thumb/interwork/libgcc.a(_fpcmp_parts_df.o)
                0x0001803c                __fpcmp_parts_d
 .text          0x000180fc      0x388 /home/afrendy/projconto/atinom_lipi/atinom-lipi/TOOLCHAIN/bin/../lib/gcc/arm-elf/4.1.0/../../../../arm-elf/lib/thumb/interwork/libm.a(w_pow.o)
                0x000180fc                pow
 .text          0x00018484      0xbb4 /home/afrendy/projconto/atinom_lipi/atinom-lipi/TOOLCHAIN/bin/../lib/gcc/arm-elf/4.1.0/../../../../arm-elf/lib/thumb/interwork/libm.a(e_pow.o)
                0x00018484                __ieee754_pow
 .text          0x00019038      0x1d8 /home/afrendy/projconto/atinom_lipi/atinom-lipi/TOOLCHAIN/bin/../lib/gcc/arm-elf/4.1.0/../../../../arm-elf/lib/thumb/interwork/libm.a(e_sqrt.o)
                0x00019038                __ieee754_sqrt
 .text          0x00019210       0x18 /home/afrendy/projconto/atinom_lipi/atinom-lipi/TOOLCHAIN/bin/../lib/gcc/arm-elf/4.1.0/../../../../arm-elf/lib/thumb/interwork/libm.a(s_fabs.o)
                0x00019210                fabs
 .text          0x00019228       0x1c /home/afrendy/projconto/atinom_lipi/atinom-lipi/TOOLCHAIN/bin/../lib/gcc/arm-elf/4.1.0/../../../../arm-elf/lib/thumb/interwork/libm.a(s_finite.o)
                0x00019228                finite
 .text          0x00019244        0x4 /home/afrendy/projconto/atinom_lipi/atinom-lipi/TOOLCHAIN/bin/../lib/gcc/arm-elf/4.1.0/../../../../arm-elf/lib/thumb/interwork/libm.a(s_matherr.o)
                0x00019244                matherr
 .text          0x00019248      0x16c /home/afrendy/projconto/atinom_lipi/atinom-lipi/TOOLCHAIN/bin/../lib/gcc/arm-elf/4.1.0/../../../../arm-elf/lib/thumb/interwork/libm.a(s_rint.o)
                0x00019248                rint
 .text          0x000193b4      0x130 /home/afrendy/projconto/atinom_lipi/atinom-lipi/TOOLCHAIN/bin/../lib/gcc/arm-elf/4.1.0/../../../../arm-elf/lib/thumb/interwork/libm.a(s_scalbn.o)
                0x000193b4                scalbn
 .text          0x000194e4       0x24 /home/afrendy/projconto/atinom_lipi/atinom-lipi/TOOLCHAIN/bin/../lib/gcc/arm-elf/4.1.0/../../../../arm-elf/lib/thumb/interwork/libm.a(s_copysign.o)
                0x000194e4                copysign
 .text          0x00019508       0xb8 /tmp/ccoG0KeZ.o
                0x00019508                start
                0x000195a4                endless_loop
 *(.rodata)
 .rodata        0x000195c0        0x4 ../tinysh/tinysh.o
 .rodata        0x000195c4       0x98 ../tinysh/shell.o
 .rodata        0x0001965c        0xd ../fatfs/ff.o
 *fill*         0x00019669        0x3 00
 .rodata        0x0001966c       0x30 ../fatfs/spi_mmc.o
 .rodata        0x0001969c      0x100 ../fatfs/option/ccsbcs.o
 .rodata        0x0001979c       0x10 ../spi/gmmc.o
 .rodata        0x000197ac       0x34 ../fatfs/simpan_file.o
 .rodata        0x000197e0       0x48 ../uip/uip/uip.o
 .rodata        0x00019828        0x6 ../uip/uip/uip_arp.o
 *fill*         0x0001982e        0x2 00
 .rodata        0x00019830       0x18 ../uip/apps/telnetd/telnetd.o
 .rodata        0x00019848       0x10 ../webserver/httpd.o
 .rodata        0x00019858     0x1660 ../webserver/httpd-fs.o
                0x000198bc                file_index_html
                0x000198f8                file_fade_png
                0x0001990c                file_stats_shtml
                0x00019894                file_footer_html
                0x0001986c                file_404_html
                0x000198a8                file_header_html
                0x00019880                file_files_shtml
                0x000198e4                file_tcp_shtml
                0x000198d0                file_style_css
                0x00019858                file_processes_shtml
 .rodata        0x0001aeb8      0x24a ../webserver/http-strings.o
                0x0001b0d8                http_shtml
                0x0001aeb8                http_http
                0x0001aed4                http_10
                0x0001b052                http_content_type_png
                0x0001b01b                http_content_type_css
                0x0001af2a                http_referer
                0x0001af87                http_header_404
                0x0001aec5                http_301
                0x0001afe2                http_content_type_plain
                0x0001b0f8                http_text
                0x0001afff                http_content_type_html
                0x0001aef5                http_texthtml
                0x0001af0a                http_host
                0x0001b06e                http_content_type_gif
                0x0001af11                http_crnl
                0x0001aecf                http_get
                0x0001aeff                http_location
                0x0001b0f3                http_jpg
                0x0001b0e4                http_css
                0x0001aedd                http_11
                0x0001b036                http_content_type_text
                0x0001aeca                http_302
                0x0001aee6                http_content_type
                0x0001af33                http_header_200
                0x0001b0fd                http_txt
                0x0001b08a                http_content_type_jpg
                0x0001b0d2                http_html
                0x0001af14                http_index_html
                0x0001b0e9                http_png
                0x0001aec0                http_200
                0x0001af20                http_404_html
                0x0001b0ee                http_gif
                0x0001b0a7                http_content_type_binary
                0x0001b0df                http_htm
 *fill*         0x0001b102        0x2 00
 .rodata        0x0001b104       0x94 ../webserver/httpd-cgi.o
 .rodata        0x0001b198       0x28 ../webserver/webclient/webclient.o
 .rodata        0x0001b1c0       0x4d ../webserver/webclient/webclient-strings.o
                0x0001b1c0                http_user_agent_fields
 *fill*         0x0001b20d        0x3 00
 .rodata        0x0001b210       0x60 /home/afrendy/projconto/atinom_lipi/atinom-lipi/TOOLCHAIN/bin/../lib/gcc/arm-elf/4.1.0/../../../../arm-elf/lib/thumb/interwork/libc.a(mktime.o)
 .rodata        0x0001b270       0x68 /home/afrendy/projconto/atinom_lipi/atinom-lipi/TOOLCHAIN/bin/../lib/gcc/arm-elf/4.1.0/../../../../arm-elf/lib/thumb/interwork/libc.a(mktm_r.o)
 .rodata        0x0001b2d8      0x184 /home/afrendy/projconto/atinom_lipi/atinom-lipi/TOOLCHAIN/bin/../lib/gcc/arm-elf/4.1.0/../../../../arm-elf/lib/thumb/interwork/libc.a(vfprintf.o)
 .rodata        0x0001b45c      0x464 /home/afrendy/projconto/atinom_lipi/atinom-lipi/TOOLCHAIN/bin/../lib/gcc/arm-elf/4.1.0/../../../../arm-elf/lib/thumb/interwork/libc.a(vfscanf.o)
 .rodata        0x0001b8c0       0x39 /home/afrendy/projconto/atinom_lipi/atinom-lipi/TOOLCHAIN/bin/../lib/gcc/arm-elf/4.1.0/../../../../arm-elf/lib/thumb/interwork/libc.a(asctime_r.o)
 .rodata        0x0001b8f9      0x101 /home/afrendy/projconto/atinom_lipi/atinom-lipi/TOOLCHAIN/bin/../lib/gcc/arm-elf/4.1.0/../../../../arm-elf/lib/thumb/interwork/libc.a(ctype_.o)
                0x0001b8f9                _ctype_
 *fill*         0x0001b9fa        0x2 00
 .rodata        0x0001b9fc       0x18 /home/afrendy/projconto/atinom_lipi/atinom-lipi/TOOLCHAIN/bin/../lib/gcc/arm-elf/4.1.0/../../../../arm-elf/lib/thumb/interwork/libc.a(dtoa.o)
 .rodata        0x0001ba14        0x4 /home/afrendy/projconto/atinom_lipi/atinom-lipi/TOOLCHAIN/bin/../lib/gcc/arm-elf/4.1.0/../../../../arm-elf/lib/thumb/interwork/libc.a(impure.o)
                0x0001ba14                _global_impure_ptr
 .rodata        0x0001ba18       0x34 /home/afrendy/projconto/atinom_lipi/atinom-lipi/TOOLCHAIN/bin/../lib/gcc/arm-elf/4.1.0/../../../../arm-elf/lib/thumb/interwork/libc.a(locale.o)
 .rodata        0x0001ba4c      0x124 /home/afrendy/projconto/atinom_lipi/atinom-lipi/TOOLCHAIN/bin/../lib/gcc/arm-elf/4.1.0/../../../../arm-elf/lib/thumb/interwork/libc.a(mprec.o)
                0x0001bb3c                __mprec_tinytens
                0x0001ba4c                __mprec_tens
                0x0001bb14                __mprec_bigtens
 .rodata        0x0001bb70       0xb8 /home/afrendy/projconto/atinom_lipi/atinom-lipi/TOOLCHAIN/bin/../lib/gcc/arm-elf/4.1.0/../../../../arm-elf/lib/thumb/interwork/libc.a(strtod.o)
 .rodata        0x0001bc28       0x10 /home/afrendy/projconto/atinom_lipi/atinom-lipi/TOOLCHAIN/bin/../lib/gcc/arm-elf/4.1.0/thumb/interwork/libgcc.a(_thenan_sf.o)
                0x0001bc28                __thenan_sf
 .rodata        0x0001bc38       0x14 /home/afrendy/projconto/atinom_lipi/atinom-lipi/TOOLCHAIN/bin/../lib/gcc/arm-elf/4.1.0/thumb/interwork/libgcc.a(_thenan_df.o)
                0x0001bc38                __thenan_df
 .rodata        0x0001bc4c       0x30 /home/afrendy/projconto/atinom_lipi/atinom-lipi/TOOLCHAIN/bin/../lib/gcc/arm-elf/4.1.0/../../../../arm-elf/lib/thumb/interwork/libm.a(e_pow.o)
 .rodata        0x0001bc7c        0x4 /home/afrendy/projconto/atinom_lipi/atinom-lipi/TOOLCHAIN/bin/../lib/gcc/arm-elf/4.1.0/../../../../arm-elf/lib/thumb/interwork/libm.a(s_lib_ver.o)
                0x0001bc7c                __fdlib_version
 .rodata        0x0001bc80       0x10 /home/afrendy/projconto/atinom_lipi/atinom-lipi/TOOLCHAIN/bin/../lib/gcc/arm-elf/4.1.0/../../../../arm-elf/lib/thumb/interwork/libm.a(s_rint.o)
 *(.rodata*)
 .rodata.str1.4
                0x0001bc90        0x9 main.o
                                  0xc (size before relaxing)
 *fill*         0x0001bc99        0x3 00
 .rodata.str1.4
                0x0001bc9c       0x13 ../system/reset_cpu.o
                                 0x14 (size before relaxing)
 *fill*         0x0001bcaf        0x1 00
 .rodata.str1.4
                0x0001bcb0        0x5 ../FreeRTOS_Source/tasks.o
                                  0x8 (size before relaxing)
 *fill*         0x0001bcb5        0x3 00
 .rodata.str1.4
                0x0001bcb8      0x161 ../tinysh/tinysh.o
                                0x170 (size before relaxing)
 *fill*         0x0001be19        0x3 00
 .rodata.str1.4
                0x0001be1c     0x21e4 ../tinysh/shell.o
                               0x224c (size before relaxing)
 .rodata.str1.4
                0x0001e000      0x19b ../tinysh/enviro.o
                                0x1f8 (size before relaxing)
 *fill*         0x0001e19b        0x1 00
 .rodata.str1.4
                0x0001e19c       0xeb tampilan.o
                                0x114 (size before relaxing)
 *fill*         0x0001e287        0x1 00
 .rodata.str1.4
                0x0001e288       0x1f ../fatfs/ff.o
                                 0x20 (size before relaxing)
 *fill*         0x0001e2a7        0x1 00
 .rodata.str1.4
                0x0001e2a8       0x54 ../fatfs/spi_mmc.o
                                 0x58 (size before relaxing)
 .rodata.str1.4
                0x0001e2fc      0x103 ../spi/gmmc.o
                                0x108 (size before relaxing)
 *fill*         0x0001e3ff        0x1 00
 .rodata.str1.4
                0x0001e400       0xc8 ../fatfs/simpan_file.o
                                 0xd8 (size before relaxing)
 .rodata.str1.4
                0x0001e4c8      0x126 LCD/menu_monita.o
                                0x128 (size before relaxing)
 *fill*         0x0001e5ee        0x2 00
 .rodata.str1.4
                0x0001e5f0       0x16 LCD/menu_popup.o
                                 0x18 (size before relaxing)
 *fill*         0x0001e606        0x2 00
 .rodata.str1.4
                0x0001e608       0x8d ../uip/hardware/enc28j60.o
                                 0x90 (size before relaxing)
 *fill*         0x0001e695        0x3 00
 .rodata.str1.4
                0x0001e698       0xaf ../uip/uip_task.o
                                 0xb0 (size before relaxing)
 *fill*         0x0001e747        0x1 00
 .rodata.str1.4
                0x0001e748       0xa1 ../uip/apps/telnetd/telnetd.o
                                 0xd0 (size before relaxing)
 *fill*         0x0001e7e9        0x3 00
 .rodata.str1.4
                0x0001e7ec       0x24 ../webserver/httpd.o
 .rodata.str1.4
                0x0001e810      0x1f8 ../webserver/httpd-fs.o
                                0x21c (size before relaxing)
 .rodata.str1.4
                0x0001ea08       0x8a ../webserver/httpd-cgi.o
                                 0x8c (size before relaxing)
 *fill*         0x0001ea92        0x2 00
 .rodata.str1.4
                0x0001ea94       0x46 ../webserver/webclient/webclient.o
                                 0x48 (size before relaxing)
 *fill*         0x0001eada        0x2 00
 .rodata.str1.4
                0x0001eadc        0x4 /home/afrendy/projconto/atinom_lipi/atinom-lipi/TOOLCHAIN/bin/../lib/gcc/arm-elf/4.1.0/../../../../arm-elf/lib/thumb/interwork/libc.a(tzvars.o)
 .rodata.str1.4
                0x0001eae0       0x5b /home/afrendy/projconto/atinom_lipi/atinom-lipi/TOOLCHAIN/bin/../lib/gcc/arm-elf/4.1.0/../../../../arm-elf/lib/thumb/interwork/libc.a(vfprintf.o)
                                 0x64 (size before relaxing)
 *fill*         0x0001eb3b        0x1 00
 .rodata.str1.4
                0x0001eb3c        0x5 /home/afrendy/projconto/atinom_lipi/atinom-lipi/TOOLCHAIN/bin/../lib/gcc/arm-elf/4.1.0/../../../../arm-elf/lib/thumb/interwork/libc.a(vfscanf.o)
                                  0x8 (size before relaxing)
 *fill*         0x0001eb41        0x3 00
 .rodata.str1.4
                0x0001eb44       0x1e /home/afrendy/projconto/atinom_lipi/atinom-lipi/TOOLCHAIN/bin/../lib/gcc/arm-elf/4.1.0/../../../../arm-elf/lib/thumb/interwork/libc.a(wctomb_r.o)
                                 0x20 (size before relaxing)
 *fill*         0x0001eb62        0x2 00
 .rodata.str1.4
                0x0001eb64       0x20 /home/afrendy/projconto/atinom_lipi/atinom-lipi/TOOLCHAIN/bin/../lib/gcc/arm-elf/4.1.0/../../../../arm-elf/lib/thumb/interwork/libc.a(asctime_r.o)
 .rodata.str1.4
                0x0001eb84       0x10 /home/afrendy/projconto/atinom_lipi/atinom-lipi/TOOLCHAIN/bin/../lib/gcc/arm-elf/4.1.0/../../../../arm-elf/lib/thumb/interwork/libc.a(dtoa.o)
                                 0x14 (size before relaxing)
 .rodata.str1.4
                0x0001eb94        0x2 /home/afrendy/projconto/atinom_lipi/atinom-lipi/TOOLCHAIN/bin/../lib/gcc/arm-elf/4.1.0/../../../../arm-elf/lib/thumb/interwork/libc.a(impure.o)
                                  0x4 (size before relaxing)
 *fill*         0x0001eb96        0x2 00
 .rodata.str1.4
                0x0001eb98        0xb /home/afrendy/projconto/atinom_lipi/atinom-lipi/TOOLCHAIN/bin/../lib/gcc/arm-elf/4.1.0/../../../../arm-elf/lib/thumb/interwork/libc.a(locale.o)
                                 0x18 (size before relaxing)
 .rodata.str1.4
                0x0001eba3        0x0 /home/afrendy/projconto/atinom_lipi/atinom-lipi/TOOLCHAIN/bin/../lib/gcc/arm-elf/4.1.0/../../../../arm-elf/lib/thumb/interwork/libc.a(mbrtowc.o)
                                  0x4 (size before relaxing)
 *fill*         0x0001eba3        0x1 00
 .rodata.str1.4
                0x0001eba4        0x4 /home/afrendy/projconto/atinom_lipi/atinom-lipi/TOOLCHAIN/bin/../lib/gcc/arm-elf/4.1.0/../../../../arm-elf/lib/thumb/interwork/libc.a(syscalls.o)
 .rodata.str1.4
                0x0001eba8        0x4 /home/afrendy/projconto/atinom_lipi/atinom-lipi/TOOLCHAIN/bin/../lib/gcc/arm-elf/4.1.0/../../../../arm-elf/lib/thumb/interwork/libm.a(w_pow.o)
 *(.glue_7)
 .glue_7        0x0001ebac       0x48 /home/afrendy/projconto/atinom_lipi/atinom-lipi/TOOLCHAIN/bin/../lib/gcc/arm-elf/4.1.0/../../../../arm-elf/lib/thumb/interwork/libm.a(s_copysign.o)
                0x0001ebe8                __main_from_arm
                0x0001ebd0                __xQueueGenericSendFromISR_from_arm
                0x0001ebdc                __xQueueCreate_from_arm
                0x0001ebac                __vTaskIncrementTick_from_arm
                0x0001ebc4                __xQueueReceiveFromISR_from_arm
                0x0001ebb8                __vTaskSwitchContext_from_arm
 *(.glue_7t)
 .glue_7t       0x0001ebf4       0x28 /home/afrendy/projconto/atinom_lipi/atinom-lipi/TOOLCHAIN/bin/../lib/gcc/arm-elf/4.1.0/../../../../arm-elf/lib/thumb/interwork/libm.a(s_copysign.o)
                0x0001ebf8                __vPortEnterCritical_change_to_arm
                0x0001ec04                __vSerialISRCreateQueues_from_thumb
                0x0001ec08                __vSerialISRCreateQueues_change_to_arm
                0x0001ec00                __vPortExitCritical_change_to_arm
                0x0001ec14                __vPortISRStartFirstTask_from_thumb
                0x0001ec0c                __vPortDisableInterruptsFromThumb_from_thumb
                0x0001ebfc                __vPortExitCritical_from_thumb
                0x0001ebf4                __vPortEnterCritical_from_thumb
                0x0001ec18                __vPortISRStartFirstTask_change_to_arm
                0x0001ec10                __vPortDisableInterruptsFromThumb_change_to_arm
 *(.lokasi_font)
 .lokasi_font   0x0001ec1c     0x3280 LCD/lcd_320.o
                0x000206bc                arial
                0x0001edfc                big
                0x0001ec1c                font57
                0x00021e9c                __end_of_text__ = .
                0x00021e9c                __exidx_start = .

.ARM.exidx
 *(.ARM.exidx* .gnu.linkonce.armexidx.*)
                0x00021e9c                __exidx_end = .

.data           0x40000000      0xb80 load address 0x00021e9c
                0x40000000                __data_beg__ = .
                0x00021e9c                __data_beg_src__ = __end_of_text__
 *(.data)
 .data          0x40000000        0x4 ../FreeRTOS_Source/portable/GCC/ARM7_LPC23xx/portISR.o
                0x40000000                ulCriticalNesting
 .data          0x40000004       0x38 ../tinysh/tinysh.o
 .data          0x4000003c      0x2c0 ../tinysh/shell.o
 .data          0x400002fc        0x1 ../fatfs/spi_mmc.o
 *fill*         0x400002fd        0x3 00
 .data          0x40000300       0x10 ../webserver/httpd-cgi.o
 .data          0x40000310      0x410 /home/afrendy/projconto/atinom_lipi/atinom-lipi/TOOLCHAIN/bin/../lib/gcc/arm-elf/4.1.0/../../../../arm-elf/lib/thumb/interwork/libc.a(mallocr.o)
                0x4000071c                __malloc_sbrk_base
                0x40000310                __malloc_av_
                0x40000718                __malloc_trim_threshold
 .data          0x40000720        0x8 /home/afrendy/projconto/atinom_lipi/atinom-lipi/TOOLCHAIN/bin/../lib/gcc/arm-elf/4.1.0/../../../../arm-elf/lib/thumb/interwork/libc.a(tzvars.o)
                0x40000720                _tzname
 .data          0x40000728        0x4 /home/afrendy/projconto/atinom_lipi/atinom-lipi/TOOLCHAIN/bin/../lib/gcc/arm-elf/4.1.0/../../../../arm-elf/lib/thumb/interwork/libc.a(ctype_.o)
                0x40000728                __ctype_ptr
 .data          0x4000072c       0x40 /home/afrendy/projconto/atinom_lipi/atinom-lipi/TOOLCHAIN/bin/../lib/gcc/arm-elf/4.1.0/../../../../arm-elf/lib/thumb/interwork/libc.a(gettzinfo.o)
 .data          0x4000076c      0x404 /home/afrendy/projconto/atinom_lipi/atinom-lipi/TOOLCHAIN/bin/../lib/gcc/arm-elf/4.1.0/../../../../arm-elf/lib/thumb/interwork/libc.a(impure.o)
                0x4000076c                _impure_ptr
 .data          0x40000b70       0x10 /home/afrendy/projconto/atinom_lipi/atinom-lipi/TOOLCHAIN/bin/../lib/gcc/arm-elf/4.1.0/../../../../arm-elf/lib/thumb/interwork/libc.a(locale.o)
                0x40000b70                __mb_cur_max
                0x40000b74                __lc_ctype
                0x40000b80                __data_end__ = .

.bss            0x40000b80     0xb220
                0x40000b80                __bss_beg__ = .
 *(.bss)
 .bss           0x40000b80        0xc ../serial/serialISR.o
 .bss           0x40000b8c        0xc main.o
                0x40000b8c                loop_idle
                0x40000b90                waktu_buat_file
 .bss           0x40000b98        0x4 ../system/syscall.o
 .bss           0x40000b9c        0xc ../serial/serial.o
 .bss           0x40000ba8       0xc0 ../FreeRTOS_Source/tasks.o
                0x40000bac                pxCurrentTCB
                0x40000ba8                tick_ku
 .bss           0x40000c68     0x785c ../FreeRTOS_Source/portable/MemMang/heap_2.o
 .bss           0x400084c4      0x31c ../tinysh/tinysh.o
 .bss           0x400087e0       0x1c ../tinysh/shell.o
                0x400087e4                tik_lama
                0x400087e0                uptime_ovflow
 .bss           0x400087fc        0xc LCD/lcd_320.o
                0x400087fc                y_p
 .bss           0x40008808        0x8 LCD/printw.o
 .bss           0x40008810      0x208 ../fatfs/ff.o
 .bss           0x40008a18       0x10 ../fatfs/spi_mmc.o
 .bss           0x40008a28      0x454 ../fatfs/simpan_file.o
 .bss           0x40008e7c        0xc LCD/menu_monita.o
 .bss           0x40008e88        0x2 LCD/menu_popup.o
                0x40008e88                pos_cur
                0x40008e89                pos_lama
 *fill*         0x40008e8a        0x2 00
 .bss           0x40008e8c        0x8 ../uip/hardware/enc28j60.o
                0x40008e90                error_ENC
                0x40008e8c                ethRxPointer
 .bss           0x40008e94       0x18 ../uip/uip/uip.o
                0x40008e98                uip_ethaddr
                0x40008e94                uip_timeoffset
 .bss           0x40008eac       0x60 ../uip/uip/uip_arp.o
 .bss           0x40008f0c       0x28 ../uip/uip/uip-fw.o
 .bss           0x40008f34       0x10 ../uip/uip_task.o
                0x40008f34                paket_per_menit
                0x40008f38                paket_kita
 .bss           0x40008f44      0x2c0 ../uip/apps/telnetd/telnetd.o
 .bss           0x40009204       0xa0 ../webserver/httpd-fs.o
 .bss           0x400092a4      0x184 ../webserver/webclient/webclient.o
 .bss           0x40009428       0x34 /home/afrendy/projconto/atinom_lipi/atinom-lipi/TOOLCHAIN/bin/../lib/gcc/arm-elf/4.1.0/../../../../arm-elf/lib/thumb/interwork/libc.a(mallocr.o)
                0x40009428                __malloc_top_pad
                0x4000942c                __malloc_max_sbrked_mem
                0x40009434                __malloc_current_mallinfo
                0x40009430                __malloc_max_total_mem
 .bss           0x4000945c        0x8 /home/afrendy/projconto/atinom_lipi/atinom-lipi/TOOLCHAIN/bin/../lib/gcc/arm-elf/4.1.0/../../../../arm-elf/lib/thumb/interwork/libc.a(tzvars.o)
                0x4000945c                _daylight
                0x40009460                _timezone
 .bss           0x40009464        0xc /home/afrendy/projconto/atinom_lipi/atinom-lipi/TOOLCHAIN/bin/../lib/gcc/arm-elf/4.1.0/../../../../arm-elf/lib/thumb/interwork/libc.a(locale.o)
                0x40009464                __nlocale_changed
                0x40009468                __mlocale_changed
                0x4000946c                _PathLocale
 .bss           0x40009470       0xb0 /home/afrendy/projconto/atinom_lipi/atinom-lipi/TOOLCHAIN/bin/../lib/gcc/arm-elf/4.1.0/../../../../arm-elf/lib/thumb/interwork/libc.a(syscalls.o)
 COMMON         0x40009520       0x2c main.o
                0x40009520                hdl_lcd
                0x40009524                saat_gsm_ftp
                0x40009528                tot_idle
                0x4000952c                hdl_ether
                0x40009530                timer_saat_gsm
                0x40009534                mutex_lcd_sem
                0x40009538                hdl_tampilan
                0x4000953c                hdl_shell
                0x40009540                lcd_sem
                0x40009544                idle_lama
                0x40009548                hdl_led
 COMMON         0x4000954c      0x200 ../serial/serial.o
                0x4000954c                printbuffer
 COMMON         0x4000974c      0xaa0 ../tinysh/shell.o
                0x4000974c                Fatfs
                0x4000997c                fileInfo
                0x4000999c                dirs
                0x400099c0                abs_path
                0x40009a40                data_f
                0x4000a080                sumber
                0x4000a084                buf_lfn
                0x4000a183                buffer
                0x4000a1e8                res
 COMMON         0x4000a1ec      0x5f4 ../tinysh/enviro.o
                0x4000a1ec                command
                0x4000a200                iap_entry
                0x4000a204                result
                0x4000a20c                env2
 COMMON         0x4000a7e0      0x934 tampilan.o
                0x4000a7e0                tek
                0x4000a820                s_data
                0x4000ae60                daytime
                0x4000ae80                titik
                0x4000af80                data_hitung
                0x4000b098                keypad_sem
                0x4000b09c                mesin
 COMMON         0x4000b114       0x30 ../spi/gmmc.o
                0x4000b114                csd
                0x4000b12c                cid
 COMMON         0x4000b144      0x14c ../monita/monita_uip.o
                0x4000b144                loop_kirim
                0x4000b148                xdata
                0x4000b240                data_float
 COMMON         0x4000b290       0x18 LCD/menu_monita.o
                0x4000b290                x
                0x4000b292                y
                0x4000b294                isi_sumber
 COMMON         0x4000b2a8       0x3e ../uip/uip/uip.o
                0x4000b2a8                uip_len
                0x4000b2ac                uip_sappdata
                0x4000b2b0                uip_acc32
                0x4000b2b4                uip_flags
                0x4000b2b8                uip_appdata
                0x4000b2bc                uip_conn
                0x4000b2c0                uip_sntpaddr
                0x4000b2c4                uip_listenports
                0x4000b2d8                uip_draddr
                0x4000b2dc                uip_netmask
                0x4000b2e0                uip_hostaddr
                0x4000b2e4                uip_slen
 *fill*         0x4000b2e6        0x2 00
 COMMON         0x4000b2e8      0xab8 ../webserver/httpd-fs.o
                0x4000b2e8                fs
                0x4000b2ec                fweb
                0x4000bda0                . = ALIGN (0x4)
                0x4000bda0                _bss_end__ = .
                0x4000bda0                __bss_end__ = .
                0x4000bda0                __end__ = .

.usbram         0x7fd00000        0x0
                0x7fd00000                __usbram_beg__ = .
 *(.index_text)
                0x7fd00000                __usbram_end__ = .

.ethram         0x7fe00000     0x3914
                0x7fe00000                __ethram_beg__ = .
 *(.ethram)
 *(.eth_test_text)
 *(.eth_test)
 .eth_test      0x7fe00000     0x2688 LCD/lcd_320.o
                0x7fe00000                layar
 .eth_test      0x7fe02688     0x128c ../uip/uip/uip.o
                0x7fe02c6c                uip_conns
                0x7fe02688                uip_buf
                0x7fe03914                __ethram_end__ = .
                0x7fe03914                . = ALIGN (0x4)
                0x7fe03914                end = .
OUTPUT(tampilan_lipi.elf elf32-littlearm)

.comment        0x00000000      0xaf8
 .comment       0x00000000       0x12 ../FreeRTOS_Source/portable/GCC/ARM7_LPC23xx/portISR.o
 .comment       0x00000012       0x12 ../serial/serialISR.o
 .comment       0x00000024       0x12 main.o
 .comment       0x00000036       0x12 ../system/setup_cpu.o
 .comment       0x00000048       0x12 ../system/syscall.o
 .comment       0x0000005a       0x12 ../system/reset_cpu.o
 .comment       0x0000006c       0x12 ../serial/serial.o
 .comment       0x0000007e       0x12 ../FreeRTOS_Source/queue.o
 .comment       0x00000090       0x12 ../FreeRTOS_Source/tasks.o
 .comment       0x000000a2       0x12 ../FreeRTOS_Source/portable/GCC/ARM7_LPC23xx/port.o
 .comment       0x000000b4       0x12 ../FreeRTOS_Source/list.o
 .comment       0x000000c6       0x12 ../FreeRTOS_Source/portable/MemMang/heap_2.o
 .comment       0x000000d8       0x12 ../tinysh/tinysh.o
 .comment       0x000000ea       0x12 ../tinysh/shell.o
 .comment       0x000000fc       0x12 ../tinysh/enviro.o
 .comment       0x0000010e       0x12 LCD/lcd_320.o
 .comment       0x00000120       0x12 LCD/printw.o
 .comment       0x00000132       0x12 tampilan.o
 .comment       0x00000144       0x12 ../spi/spi.o
 .comment       0x00000156       0x12 ../system/idle_hook.o
 .comment       0x00000168       0x12 ../system/rtc.o
 .comment       0x0000017a       0x12 ../GPIO/selenoid.o
 .comment       0x0000018c       0x12 ../fatfs/ff.o
 .comment       0x0000019e       0x12 ../fatfs/spi_mmc.o
 .comment       0x000001b0       0x12 ../fatfs/option/ccsbcs.o
 .comment       0x000001c2       0x12 ../spi/low_ss1.o
 .comment       0x000001d4       0x12 ../spi/gmmc.o
 .comment       0x000001e6       0x12 ../fatfs/simpan_file.o
 .comment       0x000001f8       0x12 ../monita/monita_uip.o
 .comment       0x0000020a       0x12 LCD/menu_monita.o
 .comment       0x0000021c       0x12 LCD/menu_popup.o
 .comment       0x0000022e       0x12 ../uip/hardware/enc28j60.o
 .comment       0x00000240       0x12 ../uip/clock.o
 .comment       0x00000252       0x12 ../uip/lib/memb.o
 .comment       0x00000264       0x12 ../uip/uip/uip.o
 .comment       0x00000276       0x12 ../uip/uip/uip_arch.o
 .comment       0x00000288       0x12 ../uip/uip/uip_arp.o
 .comment       0x0000029a       0x12 ../uip/uip/uip_timer.o
 .comment       0x000002ac       0x12 ../uip/uip/uip-fw.o
 .comment       0x000002be       0x12 ../uip/uip/psock.o
 .comment       0x000002d0       0x12 ../uip/uip/uiplib.o
 .comment       0x000002e2       0x12 ../uip/uip_task.o
 .comment       0x000002f4       0x12 ../uip/apps/telnetd/telnetd.o
 .comment       0x00000306       0x12 ../webserver/httpd.o
 .comment       0x00000318       0x12 ../webserver/httpd-fs.o
 .comment       0x0000032a       0x12 ../webserver/http-strings.o
 .comment       0x0000033c       0x12 ../webserver/httpd-cgi.o
 .comment       0x0000034e       0x12 ../gsm/system_ftp/kirim_file_ftp.o
 .comment       0x00000360       0x12 ../webserver/webclient/webclient.o
 .comment       0x00000372       0x12 ../webserver/webclient/webclient-strings.o
 .comment       0x00000384       0x12 /home/afrendy/projconto/atinom_lipi/atinom-lipi/TOOLCHAIN/bin/../lib/gcc/arm-elf/4.1.0/../../../../arm-elf/lib/thumb/interwork/libc.a(ctime.o)
 .comment       0x00000396       0x12 /home/afrendy/projconto/atinom_lipi/atinom-lipi/TOOLCHAIN/bin/../lib/gcc/arm-elf/4.1.0/../../../../arm-elf/lib/thumb/interwork/libc.a(div.o)
 .comment       0x000003a8       0x12 /home/afrendy/projconto/atinom_lipi/atinom-lipi/TOOLCHAIN/bin/../lib/gcc/arm-elf/4.1.0/../../../../arm-elf/lib/thumb/interwork/libc.a(lcltime.o)
 .comment       0x000003ba       0x12 /home/afrendy/projconto/atinom_lipi/atinom-lipi/TOOLCHAIN/bin/../lib/gcc/arm-elf/4.1.0/../../../../arm-elf/lib/thumb/interwork/libc.a(lcltime_r.o)
 .comment       0x000003cc       0x12 /home/afrendy/projconto/atinom_lipi/atinom-lipi/TOOLCHAIN/bin/../lib/gcc/arm-elf/4.1.0/../../../../arm-elf/lib/thumb/interwork/libc.a(malloc.o)
 .comment       0x000003de       0x12 /home/afrendy/projconto/atinom_lipi/atinom-lipi/TOOLCHAIN/bin/../lib/gcc/arm-elf/4.1.0/../../../../arm-elf/lib/thumb/interwork/libc.a(mallocr.o)
 .comment       0x000003f0       0x12 /home/afrendy/projconto/atinom_lipi/atinom-lipi/TOOLCHAIN/bin/../lib/gcc/arm-elf/4.1.0/../../../../arm-elf/lib/thumb/interwork/libc.a(memcpy.o)
 .comment       0x00000402       0x12 /home/afrendy/projconto/atinom_lipi/atinom-lipi/TOOLCHAIN/bin/../lib/gcc/arm-elf/4.1.0/../../../../arm-elf/lib/thumb/interwork/libc.a(memset.o)
 .comment       0x00000414       0x12 /home/afrendy/projconto/atinom_lipi/atinom-lipi/TOOLCHAIN/bin/../lib/gcc/arm-elf/4.1.0/../../../../arm-elf/lib/thumb/interwork/libc.a(mktime.o)
 .comment       0x00000426       0x12 /home/afrendy/projconto/atinom_lipi/atinom-lipi/TOOLCHAIN/bin/../lib/gcc/arm-elf/4.1.0/../../../../arm-elf/lib/thumb/interwork/libc.a(mktm_r.o)
 .comment       0x00000438       0x12 /home/afrendy/projconto/atinom_lipi/atinom-lipi/TOOLCHAIN/bin/../lib/gcc/arm-elf/4.1.0/../../../../arm-elf/lib/thumb/interwork/libc.a(mlock.o)
 .comment       0x0000044a       0x12 /home/afrendy/projconto/atinom_lipi/atinom-lipi/TOOLCHAIN/bin/../lib/gcc/arm-elf/4.1.0/../../../../arm-elf/lib/thumb/interwork/libc.a(rand.o)
 .comment       0x0000045c       0x12 /home/afrendy/projconto/atinom_lipi/atinom-lipi/TOOLCHAIN/bin/../lib/gcc/arm-elf/4.1.0/../../../../arm-elf/lib/thumb/interwork/libc.a(snprintf.o)
 .comment       0x0000046e       0x12 /home/afrendy/projconto/atinom_lipi/atinom-lipi/TOOLCHAIN/bin/../lib/gcc/arm-elf/4.1.0/../../../../arm-elf/lib/thumb/interwork/libc.a(sprintf.o)
 .comment       0x00000480       0x12 /home/afrendy/projconto/atinom_lipi/atinom-lipi/TOOLCHAIN/bin/../lib/gcc/arm-elf/4.1.0/../../../../arm-elf/lib/thumb/interwork/libc.a(sscanf.o)
 .comment       0x00000492       0x12 /home/afrendy/projconto/atinom_lipi/atinom-lipi/TOOLCHAIN/bin/../lib/gcc/arm-elf/4.1.0/../../../../arm-elf/lib/thumb/interwork/libc.a(strcat.o)
 .comment       0x000004a4       0x12 /home/afrendy/projconto/atinom_lipi/atinom-lipi/TOOLCHAIN/bin/../lib/gcc/arm-elf/4.1.0/../../../../arm-elf/lib/thumb/interwork/libc.a(strchr.o)
 .comment       0x000004b6       0x12 /home/afrendy/projconto/atinom_lipi/atinom-lipi/TOOLCHAIN/bin/../lib/gcc/arm-elf/4.1.0/../../../../arm-elf/lib/thumb/interwork/libc.a(strcmp.o)
 .comment       0x000004c8       0x12 /home/afrendy/projconto/atinom_lipi/atinom-lipi/TOOLCHAIN/bin/../lib/gcc/arm-elf/4.1.0/../../../../arm-elf/lib/thumb/interwork/libc.a(strcpy.o)
 .comment       0x000004da       0x12 /home/afrendy/projconto/atinom_lipi/atinom-lipi/TOOLCHAIN/bin/../lib/gcc/arm-elf/4.1.0/../../../../arm-elf/lib/thumb/interwork/libc.a(strlen.o)
 .comment       0x000004ec       0x12 /home/afrendy/projconto/atinom_lipi/atinom-lipi/TOOLCHAIN/bin/../lib/gcc/arm-elf/4.1.0/../../../../arm-elf/lib/thumb/interwork/libc.a(strncmp.o)
 .comment       0x000004fe       0x12 /home/afrendy/projconto/atinom_lipi/atinom-lipi/TOOLCHAIN/bin/../lib/gcc/arm-elf/4.1.0/../../../../arm-elf/lib/thumb/interwork/libc.a(strncpy.o)
 .comment       0x00000510       0x12 /home/afrendy/projconto/atinom_lipi/atinom-lipi/TOOLCHAIN/bin/../lib/gcc/arm-elf/4.1.0/../../../../arm-elf/lib/thumb/interwork/libc.a(strrchr.o)
 .comment       0x00000522       0x12 /home/afrendy/projconto/atinom_lipi/atinom-lipi/TOOLCHAIN/bin/../lib/gcc/arm-elf/4.1.0/../../../../arm-elf/lib/thumb/interwork/libc.a(tzlock.o)
 .comment       0x00000534       0x12 /home/afrendy/projconto/atinom_lipi/atinom-lipi/TOOLCHAIN/bin/../lib/gcc/arm-elf/4.1.0/../../../../arm-elf/lib/thumb/interwork/libc.a(tzvars.o)
 .comment       0x00000546       0x12 /home/afrendy/projconto/atinom_lipi/atinom-lipi/TOOLCHAIN/bin/../lib/gcc/arm-elf/4.1.0/../../../../arm-elf/lib/thumb/interwork/libc.a(vfprintf.o)
 .comment       0x00000558       0x12 /home/afrendy/projconto/atinom_lipi/atinom-lipi/TOOLCHAIN/bin/../lib/gcc/arm-elf/4.1.0/../../../../arm-elf/lib/thumb/interwork/libc.a(vfscanf.o)
 .comment       0x0000056a       0x12 /home/afrendy/projconto/atinom_lipi/atinom-lipi/TOOLCHAIN/bin/../lib/gcc/arm-elf/4.1.0/../../../../arm-elf/lib/thumb/interwork/libc.a(vsprintf.o)
 .comment       0x0000057c       0x12 /home/afrendy/projconto/atinom_lipi/atinom-lipi/TOOLCHAIN/bin/../lib/gcc/arm-elf/4.1.0/../../../../arm-elf/lib/thumb/interwork/libc.a(wcrtomb.o)
 .comment       0x0000058e       0x12 /home/afrendy/projconto/atinom_lipi/atinom-lipi/TOOLCHAIN/bin/../lib/gcc/arm-elf/4.1.0/../../../../arm-elf/lib/thumb/interwork/libc.a(wcsrtombs.o)
 .comment       0x000005a0       0x12 /home/afrendy/projconto/atinom_lipi/atinom-lipi/TOOLCHAIN/bin/../lib/gcc/arm-elf/4.1.0/../../../../arm-elf/lib/thumb/interwork/libc.a(wctomb_r.o)
 .comment       0x000005b2       0x12 /home/afrendy/projconto/atinom_lipi/atinom-lipi/TOOLCHAIN/bin/../lib/gcc/arm-elf/4.1.0/../../../../arm-elf/lib/thumb/interwork/libc.a(wsetup.o)
 .comment       0x000005c4       0x12 /home/afrendy/projconto/atinom_lipi/atinom-lipi/TOOLCHAIN/bin/../lib/gcc/arm-elf/4.1.0/../../../../arm-elf/lib/thumb/interwork/libc.a(asctime.o)
 .comment       0x000005d6       0x12 /home/afrendy/projconto/atinom_lipi/atinom-lipi/TOOLCHAIN/bin/../lib/gcc/arm-elf/4.1.0/../../../../arm-elf/lib/thumb/interwork/libc.a(asctime_r.o)
 .comment       0x000005e8       0x12 /home/afrendy/projconto/atinom_lipi/atinom-lipi/TOOLCHAIN/bin/../lib/gcc/arm-elf/4.1.0/../../../../arm-elf/lib/thumb/interwork/libc.a(ctype_.o)
 .comment       0x000005fa       0x12 /home/afrendy/projconto/atinom_lipi/atinom-lipi/TOOLCHAIN/bin/../lib/gcc/arm-elf/4.1.0/../../../../arm-elf/lib/thumb/interwork/libc.a(dtoa.o)
 .comment       0x0000060c       0x12 /home/afrendy/projconto/atinom_lipi/atinom-lipi/TOOLCHAIN/bin/../lib/gcc/arm-elf/4.1.0/../../../../arm-elf/lib/thumb/interwork/libc.a(fflush.o)
 .comment       0x0000061e       0x12 /home/afrendy/projconto/atinom_lipi/atinom-lipi/TOOLCHAIN/bin/../lib/gcc/arm-elf/4.1.0/../../../../arm-elf/lib/thumb/interwork/libc.a(findfp.o)
 .comment       0x00000630       0x12 /home/afrendy/projconto/atinom_lipi/atinom-lipi/TOOLCHAIN/bin/../lib/gcc/arm-elf/4.1.0/../../../../arm-elf/lib/thumb/interwork/libc.a(fread.o)
 .comment       0x00000642       0x12 /home/afrendy/projconto/atinom_lipi/atinom-lipi/TOOLCHAIN/bin/../lib/gcc/arm-elf/4.1.0/../../../../arm-elf/lib/thumb/interwork/libc.a(freer.o)
 .comment       0x00000654       0x12 /home/afrendy/projconto/atinom_lipi/atinom-lipi/TOOLCHAIN/bin/../lib/gcc/arm-elf/4.1.0/../../../../arm-elf/lib/thumb/interwork/libc.a(fvwrite.o)
 .comment       0x00000666       0x12 /home/afrendy/projconto/atinom_lipi/atinom-lipi/TOOLCHAIN/bin/../lib/gcc/arm-elf/4.1.0/../../../../arm-elf/lib/thumb/interwork/libc.a(fwalk.o)
 .comment       0x00000678       0x12 /home/afrendy/projconto/atinom_lipi/atinom-lipi/TOOLCHAIN/bin/../lib/gcc/arm-elf/4.1.0/../../../../arm-elf/lib/thumb/interwork/libc.a(gettzinfo.o)
 .comment       0x0000068a       0x12 /home/afrendy/projconto/atinom_lipi/atinom-lipi/TOOLCHAIN/bin/../lib/gcc/arm-elf/4.1.0/../../../../arm-elf/lib/thumb/interwork/libc.a(impure.o)
 .comment       0x0000069c       0x12 /home/afrendy/projconto/atinom_lipi/atinom-lipi/TOOLCHAIN/bin/../lib/gcc/arm-elf/4.1.0/../../../../arm-elf/lib/thumb/interwork/libc.a(iswspace.o)
 .comment       0x000006ae       0x12 /home/afrendy/projconto/atinom_lipi/atinom-lipi/TOOLCHAIN/bin/../lib/gcc/arm-elf/4.1.0/../../../../arm-elf/lib/thumb/interwork/libc.a(locale.o)
 .comment       0x000006c0       0x12 /home/afrendy/projconto/atinom_lipi/atinom-lipi/TOOLCHAIN/bin/../lib/gcc/arm-elf/4.1.0/../../../../arm-elf/lib/thumb/interwork/libc.a(makebuf.o)
 .comment       0x000006d2       0x12 /home/afrendy/projconto/atinom_lipi/atinom-lipi/TOOLCHAIN/bin/../lib/gcc/arm-elf/4.1.0/../../../../arm-elf/lib/thumb/interwork/libc.a(mbrtowc.o)
 .comment       0x000006e4       0x12 /home/afrendy/projconto/atinom_lipi/atinom-lipi/TOOLCHAIN/bin/../lib/gcc/arm-elf/4.1.0/../../../../arm-elf/lib/thumb/interwork/libc.a(mbtowc_r.o)
 .comment       0x000006f6       0x12 /home/afrendy/projconto/atinom_lipi/atinom-lipi/TOOLCHAIN/bin/../lib/gcc/arm-elf/4.1.0/../../../../arm-elf/lib/thumb/interwork/libc.a(memchr.o)
 .comment       0x00000708       0x12 /home/afrendy/projconto/atinom_lipi/atinom-lipi/TOOLCHAIN/bin/../lib/gcc/arm-elf/4.1.0/../../../../arm-elf/lib/thumb/interwork/libc.a(memmove.o)
 .comment       0x0000071a       0x12 /home/afrendy/projconto/atinom_lipi/atinom-lipi/TOOLCHAIN/bin/../lib/gcc/arm-elf/4.1.0/../../../../arm-elf/lib/thumb/interwork/libc.a(mprec.o)
 .comment       0x0000072c       0x12 /home/afrendy/projconto/atinom_lipi/atinom-lipi/TOOLCHAIN/bin/../lib/gcc/arm-elf/4.1.0/../../../../arm-elf/lib/thumb/interwork/libc.a(reallocr.o)
 .comment       0x0000073e       0x12 /home/afrendy/projconto/atinom_lipi/atinom-lipi/TOOLCHAIN/bin/../lib/gcc/arm-elf/4.1.0/../../../../arm-elf/lib/thumb/interwork/libc.a(refill.o)
 .comment       0x00000750       0x12 /home/afrendy/projconto/atinom_lipi/atinom-lipi/TOOLCHAIN/bin/../lib/gcc/arm-elf/4.1.0/../../../../arm-elf/lib/thumb/interwork/libc.a(s_isinf.o)
 .comment       0x00000762       0x12 /home/afrendy/projconto/atinom_lipi/atinom-lipi/TOOLCHAIN/bin/../lib/gcc/arm-elf/4.1.0/../../../../arm-elf/lib/thumb/interwork/libc.a(s_isnan.o)
 .comment       0x00000774       0x12 /home/afrendy/projconto/atinom_lipi/atinom-lipi/TOOLCHAIN/bin/../lib/gcc/arm-elf/4.1.0/../../../../arm-elf/lib/thumb/interwork/libc.a(sccl.o)
 .comment       0x00000786       0x12 /home/afrendy/projconto/atinom_lipi/atinom-lipi/TOOLCHAIN/bin/../lib/gcc/arm-elf/4.1.0/../../../../arm-elf/lib/thumb/interwork/libc.a(sf_nan.o)
 .comment       0x00000798       0x12 /home/afrendy/projconto/atinom_lipi/atinom-lipi/TOOLCHAIN/bin/../lib/gcc/arm-elf/4.1.0/../../../../arm-elf/lib/thumb/interwork/libc.a(stdio.o)
 .comment       0x000007aa       0x12 /home/afrendy/projconto/atinom_lipi/atinom-lipi/TOOLCHAIN/bin/../lib/gcc/arm-elf/4.1.0/../../../../arm-elf/lib/thumb/interwork/libc.a(strtod.o)
 .comment       0x000007bc       0x12 /home/afrendy/projconto/atinom_lipi/atinom-lipi/TOOLCHAIN/bin/../lib/gcc/arm-elf/4.1.0/../../../../arm-elf/lib/thumb/interwork/libc.a(strtol.o)
 .comment       0x000007ce       0x12 /home/afrendy/projconto/atinom_lipi/atinom-lipi/TOOLCHAIN/bin/../lib/gcc/arm-elf/4.1.0/../../../../arm-elf/lib/thumb/interwork/libc.a(strtoul.o)
 .comment       0x000007e0       0x12 /home/afrendy/projconto/atinom_lipi/atinom-lipi/TOOLCHAIN/bin/../lib/gcc/arm-elf/4.1.0/../../../../arm-elf/lib/thumb/interwork/libc.a(syscalls.o)
 .comment       0x000007f2       0x12 /home/afrendy/projconto/atinom_lipi/atinom-lipi/TOOLCHAIN/bin/../lib/gcc/arm-elf/4.1.0/../../../../arm-elf/lib/thumb/interwork/libc.a(ungetc.o)
 .comment       0x00000804       0x12 /home/afrendy/projconto/atinom_lipi/atinom-lipi/TOOLCHAIN/bin/../lib/gcc/arm-elf/4.1.0/../../../../arm-elf/lib/thumb/interwork/libc.a(callocr.o)
 .comment       0x00000816       0x12 /home/afrendy/projconto/atinom_lipi/atinom-lipi/TOOLCHAIN/bin/../lib/gcc/arm-elf/4.1.0/../../../../arm-elf/lib/thumb/interwork/libc.a(errno.o)
 .comment       0x00000828       0x12 /home/afrendy/projconto/atinom_lipi/atinom-lipi/TOOLCHAIN/bin/../lib/gcc/arm-elf/4.1.0/../../../../arm-elf/lib/thumb/interwork/libc.a(fclose.o)
 .comment       0x0000083a       0x12 /home/afrendy/projconto/atinom_lipi/atinom-lipi/TOOLCHAIN/bin/../lib/gcc/arm-elf/4.1.0/../../../../arm-elf/lib/thumb/interwork/libc.a(s_nan.o)
 .comment       0x0000084c       0x12 /home/afrendy/projconto/atinom_lipi/atinom-lipi/TOOLCHAIN/bin/../lib/gcc/arm-elf/4.1.0/thumb/interwork/libgcc.a(_muldi3.o)
 .comment       0x0000085e       0x12 /home/afrendy/projconto/atinom_lipi/atinom-lipi/TOOLCHAIN/bin/../lib/gcc/arm-elf/4.1.0/thumb/interwork/libgcc.a(_fixunsdfsi.o)
 .comment       0x00000870       0x12 /home/afrendy/projconto/atinom_lipi/atinom-lipi/TOOLCHAIN/bin/../lib/gcc/arm-elf/4.1.0/thumb/interwork/libgcc.a(_addsub_sf.o)
 .comment       0x00000882       0x12 /home/afrendy/projconto/atinom_lipi/atinom-lipi/TOOLCHAIN/bin/../lib/gcc/arm-elf/4.1.0/thumb/interwork/libgcc.a(_div_sf.o)
 .comment       0x00000894       0x12 /home/afrendy/projconto/atinom_lipi/atinom-lipi/TOOLCHAIN/bin/../lib/gcc/arm-elf/4.1.0/thumb/interwork/libgcc.a(_gt_sf.o)
 .comment       0x000008a6       0x12 /home/afrendy/projconto/atinom_lipi/atinom-lipi/TOOLCHAIN/bin/../lib/gcc/arm-elf/4.1.0/thumb/interwork/libgcc.a(_sf_to_df.o)
 .comment       0x000008b8       0x12 /home/afrendy/projconto/atinom_lipi/atinom-lipi/TOOLCHAIN/bin/../lib/gcc/arm-elf/4.1.0/thumb/interwork/libgcc.a(_thenan_sf.o)
 .comment       0x000008ca       0x12 /home/afrendy/projconto/atinom_lipi/atinom-lipi/TOOLCHAIN/bin/../lib/gcc/arm-elf/4.1.0/thumb/interwork/libgcc.a(_addsub_df.o)
 .comment       0x000008dc       0x12 /home/afrendy/projconto/atinom_lipi/atinom-lipi/TOOLCHAIN/bin/../lib/gcc/arm-elf/4.1.0/thumb/interwork/libgcc.a(_mul_df.o)
 .comment       0x000008ee       0x12 /home/afrendy/projconto/atinom_lipi/atinom-lipi/TOOLCHAIN/bin/../lib/gcc/arm-elf/4.1.0/thumb/interwork/libgcc.a(_div_df.o)
 .comment       0x00000900       0x12 /home/afrendy/projconto/atinom_lipi/atinom-lipi/TOOLCHAIN/bin/../lib/gcc/arm-elf/4.1.0/thumb/interwork/libgcc.a(_eq_df.o)
 .comment       0x00000912       0x12 /home/afrendy/projconto/atinom_lipi/atinom-lipi/TOOLCHAIN/bin/../lib/gcc/arm-elf/4.1.0/thumb/interwork/libgcc.a(_ne_df.o)
 .comment       0x00000924       0x12 /home/afrendy/projconto/atinom_lipi/atinom-lipi/TOOLCHAIN/bin/../lib/gcc/arm-elf/4.1.0/thumb/interwork/libgcc.a(_gt_df.o)
 .comment       0x00000936       0x12 /home/afrendy/projconto/atinom_lipi/atinom-lipi/TOOLCHAIN/bin/../lib/gcc/arm-elf/4.1.0/thumb/interwork/libgcc.a(_ge_df.o)
 .comment       0x00000948       0x12 /home/afrendy/projconto/atinom_lipi/atinom-lipi/TOOLCHAIN/bin/../lib/gcc/arm-elf/4.1.0/thumb/interwork/libgcc.a(_lt_df.o)
 .comment       0x0000095a       0x12 /home/afrendy/projconto/atinom_lipi/atinom-lipi/TOOLCHAIN/bin/../lib/gcc/arm-elf/4.1.0/thumb/interwork/libgcc.a(_le_df.o)
 .comment       0x0000096c       0x12 /home/afrendy/projconto/atinom_lipi/atinom-lipi/TOOLCHAIN/bin/../lib/gcc/arm-elf/4.1.0/thumb/interwork/libgcc.a(_si_to_df.o)